BL51 BANKED LINKER/LOCATER V6.22                                                        09/07/2020  17:02:57  PAGE 1


BL51 BANKED LINKER/LOCATER V6.22, INVOKED BY:
C:\PROGRAM_LIST\KEIL\C51\BIN\BL51.EXE .\output\STARTUP.obj, .\output\main.obj, .\output\flash.obj, .\output\delay.obj, .
>> \output\ht1621b.obj, .\output\lcd_display.obj, .\output\uart.obj, .\output\key.obj, .\output\timer.obj, .\output\pwm.
>> obj, .\output\adc.obj, .\output\wdt.obj, .\output\PID.obj TO .\output\K9018 PRINT (.\Listings\K9018.m51) RAMSIZE (256
>> ) CODE (0X0000-0X3FFF) XDATA (0X0000-0X01FF)


MEMORY MODEL: LARGE WITH FLOATING POINT ARITHMETIC


INPUT MODULES INCLUDED:
  .\output\STARTUP.obj (?C_STARTUP)
  .\output\main.obj (MAIN)
  .\output\flash.obj (FLASH)
  .\output\delay.obj (DELAY)
  .\output\ht1621b.obj (HT1621B)
  .\output\lcd_display.obj (LCD_DISPLAY)
  .\output\uart.obj (UART)
  .\output\key.obj (KEY)
  .\output\timer.obj (TIMER)
  .\output\pwm.obj (PWM)
  .\output\adc.obj (ADC)
  .\output\wdt.obj (WDT)
  .\output\PID.obj (PID)
  C:\PROGRAM_LIST\KEIL\C51\LIB\C51FPL.LIB (?C?FPADD)
  C:\PROGRAM_LIST\KEIL\C51\LIB\C51FPL.LIB (?C?FPMUL)
  C:\PROGRAM_LIST\KEIL\C51\LIB\C51FPL.LIB (?C?FPDIV)
  C:\PROGRAM_LIST\KEIL\C51\LIB\C51FPL.LIB (?C?FPCMP)
  C:\PROGRAM_LIST\KEIL\C51\LIB\C51FPL.LIB (?C?FCAST)
  C:\PROGRAM_LIST\KEIL\C51\LIB\C51FPL.LIB (PRINTF)
  C:\PROGRAM_LIST\KEIL\C51\LIB\C51FPL.LIB (?C?FPGETOPN)
  C:\PROGRAM_LIST\KEIL\C51\LIB\C51FPL.LIB (?C?FPROUND)
  C:\PROGRAM_LIST\KEIL\C51\LIB\C51FPL.LIB (?C?FPCONVERT)
  C:\PROGRAM_LIST\KEIL\C51\LIB\C51FPL.LIB (?C?FTNPWR)
  C:\PROGRAM_LIST\KEIL\C51\LIB\C51L.LIB (?C_INIT)
  C:\PROGRAM_LIST\KEIL\C51\LIB\C51L.LIB (?C?COPY)
  C:\PROGRAM_LIST\KEIL\C51\LIB\C51L.LIB (?C?CLDPTR)
  C:\PROGRAM_LIST\KEIL\C51\LIB\C51L.LIB (?C?CLDOPTR)
  C:\PROGRAM_LIST\KEIL\C51\LIB\C51L.LIB (?C?CSTPTR)
  C:\PROGRAM_LIST\KEIL\C51\LIB\C51L.LIB (?C?UIDIV)
  C:\PROGRAM_LIST\KEIL\C51\LIB\C51L.LIB (?C?IILDX)
  C:\PROGRAM_LIST\KEIL\C51\LIB\C51L.LIB (?C?ILDIX)
  C:\PROGRAM_LIST\KEIL\C51\LIB\C51L.LIB (?C?ISTPTR)
  C:\PROGRAM_LIST\KEIL\C51\LIB\C51L.LIB (?C?LMUL)
  C:\PROGRAM_LIST\KEIL\C51\LIB\C51L.LIB (?C?ULDIV)
  C:\PROGRAM_LIST\KEIL\C51\LIB\C51L.LIB (?C?LNEG)
  C:\PROGRAM_LIST\KEIL\C51\LIB\C51L.LIB (?C?ULCMP)
  C:\PROGRAM_LIST\KEIL\C51\LIB\C51L.LIB (?C?LSTXDATA)
  C:\PROGRAM_LIST\KEIL\C51\LIB\C51L.LIB (?C?LSTKXDATA)
  C:\PROGRAM_LIST\KEIL\C51\LIB\C51L.LIB (?C?PLDIXDATA)
  C:\PROGRAM_LIST\KEIL\C51\LIB\C51L.LIB (?C?PSTXDATA)
  C:\PROGRAM_LIST\KEIL\C51\LIB\C51L.LIB (?C?CCASE)
  C:\PROGRAM_LIST\KEIL\C51\LIB\C51L.LIB (?C?ICASE)
  C:\PROGRAM_LIST\KEIL\C51\LIB\C51L.LIB (?C?LIMUL)


LINK MAP OF MODULE:  .\output\K9018 (?C_STARTUP)

BL51 BANKED LINKER/LOCATER V6.22                                                      09/07/2020  17:02:57  PAGE 2



            TYPE    BASE      LENGTH    RELOCATION   SEGMENT NAME
            -----------------------------------------------------

            * * * * * * *   D A T A   M E M O R Y   * * * * * * *
            REG     0000H     0008H     ABSOLUTE     "REG BANK 0"
            DATA    0008H     000AH     UNIT         _DATA_GROUP_
                    0012H     000EH                  *** GAP ***
            BIT     0020H.0   0002H.2   UNIT         _BIT_GROUP_
                    0022H.2   0000H.6                *** GAP ***
            IDATA   0023H     0001H     UNIT         ?STACK

            * * * * * * *  X D A T A   M E M O R Y  * * * * * * *
            XDATA   0000H     0071H     UNIT         _XDATA_GROUP_
            XDATA   0071H     0021H     UNIT         ?XD?UART
            XDATA   0092H     0019H     UNIT         ?XD?PID
            XDATA   00ABH     0014H     UNIT         ?XD?PID_OPERATION?PID
            XDATA   00BFH     0013H     UNIT         ?XD?TIMER
            XDATA   00D2H     000AH     UNIT         ?XD?FLASH
            XDATA   00DCH     000AH     UNIT         ?XD?KEY
            XDATA   00E6H     0005H     UNIT         ?XD?MAIN
            XDATA   00EBH     0002H     UNIT         ?XD?LCD_DISPLAY
            XDATA   00EDH     0001H     UNIT         ?XD?PWM
                    00EEH     FD86H                  *** GAP ***
            XDATA   FE74H     0001H     ABSOLUTE     
            XDATA   FE75H     0001H     ABSOLUTE     
            XDATA   FE76H     0001H     ABSOLUTE     
            XDATA   FE77H     0001H     ABSOLUTE     
                    FE78H     0008H                  *** GAP ***
            XDATA   FE80H     0001H     ABSOLUTE     
                    FE81H     0010H                  *** GAP ***
            XDATA   FE91H     0001H     ABSOLUTE     
            XDATA   FE92H     0001H     ABSOLUTE     
            XDATA   FE93H     0001H     ABSOLUTE     
                    FE94H     0001H                  *** GAP ***
            XDATA   FE95H     0001H     ABSOLUTE     
                    FE96H     0005H                  *** GAP ***
            XDATA   FE9BH     0001H     ABSOLUTE     
                    FE9CH     0004H                  *** GAP ***
            XDATA   FEA0H     0001H     ABSOLUTE     
                    FEA1H     0003H                  *** GAP ***
            XDATA   FEA4H     0001H     ABSOLUTE     
            XDATA   FEA5H     0001H     ABSOLUTE     
                    FEA6H     0004H                  *** GAP ***
            XDATA   FEAAH     0001H     ABSOLUTE     
                    FEABH     0005H                  *** GAP ***
            XDATA   FEB0H     0001H     ABSOLUTE     
                    FEB1H     0003H                  *** GAP ***
            XDATA   FEB4H     0001H     ABSOLUTE     
                    FEB5H     0005H                  *** GAP ***
            XDATA   FEBAH     0001H     ABSOLUTE     
                    FEBBH     0002H                  *** GAP ***
            XDATA   FEBDH     0001H     ABSOLUTE     
            XDATA   FEBEH     0001H     ABSOLUTE     
                    FEBFH     0041H                  *** GAP ***
            XDATA   FF00H     0001H     ABSOLUTE     
            XDATA   FF01H     0001H     ABSOLUTE     
BL51 BANKED LINKER/LOCATER V6.22                                                      09/07/2020  17:02:57  PAGE 3


            XDATA   FF02H     0001H     ABSOLUTE     
            XDATA   FF03H     0001H     ABSOLUTE     
            XDATA   FF04H     0001H     ABSOLUTE     
            XDATA   FF05H     0001H     ABSOLUTE     
            XDATA   FF06H     0001H     ABSOLUTE     
            XDATA   FF07H     0001H     ABSOLUTE     
            XDATA   FF08H     0001H     ABSOLUTE     
            XDATA   FF09H     0001H     ABSOLUTE     
            XDATA   FF0AH     0001H     ABSOLUTE     
            XDATA   FF0BH     0001H     ABSOLUTE     
            XDATA   FF0CH     0001H     ABSOLUTE     
            XDATA   FF0DH     0001H     ABSOLUTE     
            XDATA   FF0EH     0001H     ABSOLUTE     
            XDATA   FF0FH     0001H     ABSOLUTE     
            XDATA   FF10H     0001H     ABSOLUTE     
            XDATA   FF11H     0001H     ABSOLUTE     
            XDATA   FF12H     0001H     ABSOLUTE     
            XDATA   FF13H     0001H     ABSOLUTE     
            XDATA   FF14H     0001H     ABSOLUTE     
            XDATA   FF15H     0001H     ABSOLUTE     
            XDATA   FF16H     0001H     ABSOLUTE     
            XDATA   FF17H     0001H     ABSOLUTE     
                    FF18H     0004H                  *** GAP ***
            XDATA   FF1CH     0001H     ABSOLUTE     
            XDATA   FF1DH     0001H     ABSOLUTE     
                    FF1EH     0062H                  *** GAP ***
            XDATA   FF80H     0001H     ABSOLUTE     
            XDATA   FF81H     0001H     ABSOLUTE     
                    FF82H     0001H                  *** GAP ***
            XDATA   FF83H     0001H     ABSOLUTE     
            XDATA   FF84H     0001H     ABSOLUTE     
                    FF85H     000AH                  *** GAP ***
            XDATA   FF8FH     0001H     ABSOLUTE     
            XDATA   FF90H     0001H     ABSOLUTE     
            XDATA   FF91H     0001H     ABSOLUTE     
                    FF92H     000AH                  *** GAP ***
            XDATA   FF9CH     0001H     ABSOLUTE     
                    FF9DH     0003H                  *** GAP ***
            XDATA   FFA0H     0001H     ABSOLUTE     
            XDATA   FFA1H     0001H     ABSOLUTE     
            XDATA   FFA2H     0001H     ABSOLUTE     
            XDATA   FFA3H     0001H     ABSOLUTE     
            XDATA   FFA4H     0001H     ABSOLUTE     
            XDATA   FFA5H     0001H     ABSOLUTE     
            XDATA   FFA6H     0001H     ABSOLUTE     
            XDATA   FFA7H     0001H     ABSOLUTE     

            * * * * * * *   C O D E   M E M O R Y   * * * * * * *
            CODE    0000H     0003H     ABSOLUTE     
            CODE    0003H     0008H     UNIT         ?PR?_FLASH_READ_ADDR?FLASH
            CODE    000BH     0003H     ABSOLUTE     
            CODE    000EH     0013H     UNIT         ?PR?KEY_INIT?KEY
                    0021H     0002H                  *** GAP ***
            CODE    0023H     0003H     ABSOLUTE     
            CODE    0026H     0958H     UNIT         ?C?LIB_CODE
            CODE    097EH     0483H     UNIT         ?PR?PRINTF?PRINTF
            CODE    0E01H     0428H     UNIT         ?PR?PID_OPERATION?PID
BL51 BANKED LINKER/LOCATER V6.22                                                      09/07/2020  17:02:57  PAGE 4


            CODE    1229H     021DH     UNIT         ?PR?_TEMP_CALC?MAIN
            CODE    1446H     013FH     UNIT         ?PR?FLASH_INIT?FLASH
            CODE    1585H     0139H     UNIT         ?PR?TEMPERATURE_HANDLE?MAIN
            CODE    16BEH     0138H     UNIT         ?PR?TIMER0_RPT?TIMER
            CODE    17F6H     012CH     UNIT         ?PR?_GET_VOLTAGE?ADC
            CODE    1922H     0106H     UNIT         ?CO?FLASH
            CODE    1A28H     00FDH     UNIT         ?PR?_LCD_DISPLAY_GAP?LCD_DISPLAY
            CODE    1B25H     00F4H     UNIT         ?PR?KEY_HANDLE?MAIN
            CODE    1C19H     00DEH     UNIT         ?CO?TIMER
            CODE    1CF7H     00BDH     UNIT         ?PR?_SET_TEMP?MAIN
            CODE    1DB4H     00BBH     UNIT         ?PR?_CALIBRATION_TEMPERATURE?MAIN
            CODE    1E6FH     00B7H     UNIT         ?C_INITSEG
            CODE    1F26H     00B7H     UNIT         ?PR?KEY_DRIVER?KEY
            CODE    1FDDH     00B7H     UNIT         ?PR?CALIBRATION_KEY_DRIVER?KEY
            CODE    2094H     00B3H     UNIT         ?CO?MAIN
            CODE    2147H     00A5H     UNIT         ?PR?MAIN?MAIN
            CODE    21ECH     008DH     UNIT         ?PR?_SET_CORRECT_TIME?TIMER
            CODE    2279H     008CH     UNIT         ?C_C51STARTUP
            CODE    2305H     008AH     UNIT         ?PR?_LCD_DISPLAY_TIME?LCD_DISPLAY
            CODE    238FH     008AH     UNIT         ?PR?SET_TIME_SEC?TIMER
            CODE    2419H     007EH     UNIT         ?PR?KEY_SCAN?KEY
            CODE    2497H     006DH     UNIT         ?PR?_FLASH_WRITEARR?FLASH
            CODE    2504H     006AH     UNIT         ?PR?TIME_PRINT?TIMER
            CODE    256EH     0057H     UNIT         ?PR?SET_CORRECT_VALUE?TIMER
            CODE    25C5H     004DH     UNIT         ?PR?UART1_RPT?UART
            CODE    2612H     0040H     UNIT         ?PR?_FLASH_READARR?FLASH
            CODE    2652H     003FH     UNIT         ?PR?_HT1621_SENDBIT_HIGHT?HT1621B
            CODE    2691H     003FH     UNIT         ?PR?_HT1621_SENDBIT_LOW?HT1621B
            CODE    26D0H     003EH     UNIT         ?PR?_CONTROLL_HEAT?MAIN
            CODE    270EH     003CH     UNIT         ?PR?SET_HEAT_VAL?TIMER
            CODE    274AH     0033H     UNIT         ?PR?CHECK_FLASH?FLASH
            CODE    277DH     002DH     UNIT         ?PR?_PRODUCTE_COM_SEND_DATA?UART
            CODE    27AAH     002CH     UNIT         ?PR?_HT1621_WRITE_BYTE?HT1621B
            CODE    27D6H     0029H     UNIT         ?PR?UART_INIT?UART
            CODE    27FFH     0028H     UNIT         ?PR?_FLASH_WRITEDATA?FLASH
            CODE    2827H     0027H     UNIT         ?PR?INIT_LCD_HT1621B?LCD_DISPLAY
            CODE    284EH     0026H     UNIT         ?PR?FLAH_SAVE_DATA?FLASH
            CODE    2874H     0022H     UNIT         ?PR?_FLASH_ERASEBLOCK?FLASH
            CODE    2896H     0022H     UNIT         ?PR?_PWM_INIT?PWM
            CODE    28B8H     0020H     UNIT         ?PR?PROTECT?MAIN
            CODE    28D8H     0020H     UNIT         ?PR?PID_INIT?PID
            CODE    28F8H     001FH     UNIT         ?PR?_PRODUCTE_SEND_CMD?UART
            CODE    2917H     001EH     UNIT         ?PR?HT1621_ALL_DISPLAY?LCD_DISPLAY
            CODE    2935H     001EH     UNIT         ?PR?HT1621_ALL_CLEAR?LCD_DISPLAY
            CODE    2953H     001CH     UNIT         ?PR?_SET_TIME_SEC_VAL?TIMER
            CODE    296FH     001BH     UNIT         ?PR?HT1621_INIT_PIN?HT1621B
            CODE    298AH     001BH     UNIT         ?PR?_HT1621_SEND_CMD?HT1621B
            CODE    29A5H     001BH     UNIT         ?PR?ADC_INIT?ADC
            CODE    29C0H     0018H     UNIT         ?PR?_SET_PWM?PWM
            CODE    29D8H     0017H     UNIT         ?PR?_DELAY_MS?DELAY
            CODE    29EFH     0016H     UNIT         ?PR?TIME0_INIT?TIMER
            CODE    2A05H     0016H     UNIT         ?PR?GET_ADC_VAL?ADC
            CODE    2A1BH     0016H     UNIT         ?PR?GET_ADC_VAL_CH?ADC
            CODE    2A31H     0010H     UNIT         ?PR?DEVICE_INIT?MAIN
            CODE    2A41H     000EH     UNIT         ?PR?_DELAY_US?DELAY
            CODE    2A4FH     000EH     UNIT         ?PR?LCD_TURN_OFF_TIME?LCD_DISPLAY
            CODE    2A5DH     000DH     UNIT         ?PR?_WDT_INIT?WDT
BL51 BANKED LINKER/LOCATER V6.22                                                      09/07/2020  17:02:57  PAGE 5


            CODE    2A6AH     000CH     UNIT         ?PR?_HAL_UART_PUTCHAR?UART
            CODE    2A76H     000CH     UNIT         ?CO?PID
            CODE    2A82H     0009H     UNIT         ?PR?RELEASE_HT1621B_PIN?HT1621B
            CODE    2A8BH     0006H     UNIT         ?PR?GET_DEVICE_STATE?FLASH
            CODE    2A91H     0006H     UNIT         ?PR?_SET_DEVICE_STATE?FLASH
            CODE    2A97H     0006H     UNIT         ?PR?_PUTCHAR?UART
            CODE    2A9DH     0005H     UNIT         ?PR?LCD_HT1621B_ON?LCD_DISPLAY
            CODE    2AA2H     0005H     UNIT         ?PR?LCD_HT1621B_OFF?LCD_DISPLAY
            CODE    2AA7H     0004H     UNIT         ?PR?CLEAR_WDT?WDT
            CODE    2AABH     0003H     UNIT         ?PR?_LCD_DELAY_US?DELAY
            CODE    2AAEH     0003H     UNIT         ?PR?_PRODUCTE_COM_SEND_ONE_BIT?UART



OVERLAY MAP OF MODULE:   .\output\K9018 (?C_STARTUP)


SEGMENT                                        BIT_GROUP          DATA_GROUP          XDATA_GROUP
  +--> CALLED SEGMENT                       START    LENGTH     START    LENGTH     START    LENGTH
---------------------------------------------------------------------------------------------------
?C_C51STARTUP                               -----    -----      -----    -----      -----    -----
  +--> ?PR?MAIN?MAIN
  +--> ?C_INITSEG

?PR?MAIN?MAIN                               -----    -----      -----    -----      -----    -----
  +--> ?PR?DEVICE_INIT?MAIN
  +--> ?PR?UART_INIT?UART
  +--> ?PR?ADC_INIT?ADC
  +--> ?PR?KEY_INIT?KEY
  +--> ?PR?TIME0_INIT?TIMER
  +--> ?PR?FLASH_INIT?FLASH
  +--> ?PR?_PWM_INIT?PWM
  +--> ?PR?INIT_LCD_HT1621B?LCD_DISPLAY
  +--> ?PR?_DELAY_MS?DELAY
  +--> ?PR?_WDT_INIT?WDT
  +--> ?PR?PID_INIT?PID
  +--> ?PR?_SET_PWM?PWM
  +--> ?CO?MAIN
  +--> ?PR?PRINTF?PRINTF
  +--> ?PR?KEY_HANDLE?MAIN
  +--> ?PR?TEMPERATURE_HANDLE?MAIN
  +--> ?PR?CLEAR_WDT?WDT

?PR?ADC_INIT?ADC                            -----    -----      -----    -----      -----    -----
  +--> ?PR?_DELAY_US?DELAY

?PR?FLASH_INIT?FLASH                        -----    -----      -----    -----      0000H    0001H
  +--> ?PR?CHECK_FLASH?FLASH
  +--> ?CO?FLASH
  +--> ?PR?PRINTF?PRINTF
  +--> ?PR?_FLASH_READARR?FLASH
  +--> ?PR?_FLASH_ERASEBLOCK?FLASH
  +--> ?PR?_FLASH_WRITEARR?FLASH

?PR?CHECK_FLASH?FLASH                       -----    -----      -----    -----      -----    -----
  +--> ?PR?_FLASH_READ_ADDR?FLASH

BL51 BANKED LINKER/LOCATER V6.22                                                      09/07/2020  17:02:57  PAGE 6


?PR?PRINTF?PRINTF                           0021H.1  0001H.1    000DH    0005H      0041H    0030H
  +--> ?PR?_PUTCHAR?UART

?PR?_PUTCHAR?UART                           -----    -----      -----    -----      -----    -----
  +--> ?PR?_HAL_UART_PUTCHAR?UART

?PR?_FLASH_READARR?FLASH                    -----    -----      -----    -----      0008H    0005H

?PR?_FLASH_WRITEARR?FLASH                   -----    -----      -----    -----      0008H    0007H
  +--> ?PR?_FLASH_WRITEDATA?FLASH

?PR?INIT_LCD_HT1621B?LCD_DISPLAY            -----    -----      -----    -----      -----    -----
  +--> ?PR?HT1621_INIT_PIN?HT1621B
  +--> ?PR?_HT1621_SEND_CMD?HT1621B
  +--> ?PR?HT1621_ALL_CLEAR?LCD_DISPLAY
  +--> ?PR?HT1621_ALL_DISPLAY?LCD_DISPLAY

?PR?_HT1621_SEND_CMD?HT1621B                -----    -----      -----    -----      0007H    0001H
  +--> ?PR?_HT1621_SENDBIT_HIGHT?HT1621B

?PR?_HT1621_SENDBIT_HIGHT?HT1621B           -----    -----      -----    -----      0044H    0003H
  +--> ?PR?_LCD_DELAY_US?DELAY

?PR?_LCD_DELAY_US?DELAY                     -----    -----      -----    -----      -----    -----
  +--> ?PR?_DELAY_US?DELAY

?PR?HT1621_ALL_CLEAR?LCD_DISPLAY            -----    -----      -----    -----      0041H    0001H
  +--> ?PR?_HT1621_WRITE_BYTE?HT1621B

?PR?_HT1621_WRITE_BYTE?HT1621B              -----    -----      -----    -----      0042H    0002H
  +--> ?PR?_HT1621_SENDBIT_HIGHT?HT1621B
  +--> ?PR?_HT1621_SENDBIT_LOW?HT1621B

?PR?_HT1621_SENDBIT_LOW?HT1621B             -----    -----      -----    -----      0044H    0003H
  +--> ?PR?_LCD_DELAY_US?DELAY

?PR?HT1621_ALL_DISPLAY?LCD_DISPLAY          -----    -----      -----    -----      0000H    0001H
  +--> ?PR?_HT1621_WRITE_BYTE?HT1621B

?PR?KEY_HANDLE?MAIN                         -----    -----      -----    -----      0000H    0001H
  +--> ?PR?KEY_SCAN?KEY
  +--> ?CO?MAIN
  +--> ?PR?PRINTF?PRINTF
  +--> ?PR?GET_DEVICE_STATE?FLASH
  +--> ?PR?_SET_DEVICE_STATE?FLASH
  +--> ?PR?HT1621_ALL_CLEAR?LCD_DISPLAY
  +--> ?PR?_SET_PWM?PWM
  +--> ?PR?SET_TIME_SEC?TIMER
  +--> ?PR?_SET_CORRECT_TIME?TIMER
  +--> ?PR?_LCD_DISPLAY_GAP?LCD_DISPLAY
  +--> ?PR?_LCD_DISPLAY_TIME?LCD_DISPLAY
  +--> ?PR?FLAH_SAVE_DATA?FLASH

?PR?KEY_SCAN?KEY                            -----    -----      -----    -----      -----    -----
  +--> ?PR?KEY_DRIVER?KEY
  +--> ?PR?CALIBRATION_KEY_DRIVER?KEY
  +--> ?PR?GET_DEVICE_STATE?FLASH
BL51 BANKED LINKER/LOCATER V6.22                                                      09/07/2020  17:02:57  PAGE 7


  +--> ?PR?FLAH_SAVE_DATA?FLASH
  +--> ?PR?_DELAY_MS?DELAY

?PR?KEY_DRIVER?KEY                          -----    -----      -----    -----      0001H    0002H
  +--> ?PR?_DELAY_MS?DELAY

?PR?CALIBRATION_KEY_DRIVER?KEY              -----    -----      -----    -----      0001H    0002H
  +--> ?PR?_DELAY_MS?DELAY

?PR?FLAH_SAVE_DATA?FLASH                    -----    -----      -----    -----      -----    -----
  +--> ?PR?_FLASH_ERASEBLOCK?FLASH
  +--> ?PR?_FLASH_WRITEARR?FLASH
  +--> ?PR?_FLASH_READARR?FLASH

?PR?SET_TIME_SEC?TIMER                      -----    -----      -----    -----      -----    -----
  +--> ?CO?TIMER
  +--> ?PR?PRINTF?PRINTF

?PR?_LCD_DISPLAY_GAP?LCD_DISPLAY            -----    -----      -----    -----      0006H    0001H
  +--> ?PR?_HT1621_SEND_CMD?HT1621B
  +--> ?PR?_HT1621_WRITE_BYTE?HT1621B

?PR?_LCD_DISPLAY_TIME?LCD_DISPLAY           -----    -----      -----    -----      0006H    0001H
  +--> ?PR?_HT1621_SEND_CMD?HT1621B
  +--> ?PR?_HT1621_WRITE_BYTE?HT1621B

?PR?TEMPERATURE_HANDLE?MAIN                 -----    -----      -----    -----      0000H    0006H
  +--> ?PR?_GET_VOLTAGE?ADC
  +--> ?PR?_TEMP_CALC?MAIN
  +--> ?PR?_CALIBRATION_TEMPERATURE?MAIN
  +--> ?CO?MAIN
  +--> ?PR?PRINTF?PRINTF
  +--> ?PR?GET_DEVICE_STATE?FLASH
  +--> ?PR?_LCD_DISPLAY_TIME?LCD_DISPLAY
  +--> ?PR?_LCD_DISPLAY_GAP?LCD_DISPLAY
  +--> ?PR?_SET_TEMP?MAIN
  +--> ?PR?_SET_PWM?PWM
  +--> ?PR?HT1621_ALL_CLEAR?LCD_DISPLAY
  +--> ?PR?_HT1621_SEND_CMD?HT1621B

?PR?_GET_VOLTAGE?ADC                        -----    -----      -----    -----      0006H    000BH
  +--> ?PR?GET_ADC_VAL?ADC
  +--> ?PR?GET_ADC_VAL_CH?ADC

?PR?_TEMP_CALC?MAIN                         -----    -----      -----    -----      0006H    000BH
  +--> ?CO?MAIN
  +--> ?PR?PRINTF?PRINTF

?PR?_CALIBRATION_TEMPERATURE?MAIN           -----    -----      -----    -----      0006H    0002H
  +--> ?PR?_HAL_UART_PUTCHAR?UART
  +--> ?PR?FLAH_SAVE_DATA?FLASH
  +--> ?PR?_PRODUCTE_SEND_CMD?UART

?PR?_PRODUCTE_SEND_CMD?UART                 -----    -----      -----    -----      0008H    0005H
  +--> ?PR?_PRODUCTE_COM_SEND_DATA?UART

?PR?_PRODUCTE_COM_SEND_DATA?UART            -----    -----      -----    -----      000DH    0003H
BL51 BANKED LINKER/LOCATER V6.22                                                      09/07/2020  17:02:57  PAGE 8


  +--> ?PR?_PRODUCTE_COM_SEND_ONE_BIT?UART

?PR?_PRODUCTE_COM_SEND_ONE_BIT?UART         -----    -----      -----    -----      -----    -----
  +--> ?PR?_HAL_UART_PUTCHAR?UART

?PR?_SET_TEMP?MAIN                          -----    -----      -----    -----      0006H    0002H
  +--> ?PR?_CONTROLL_HEAT?MAIN

?PR?_CONTROLL_HEAT?MAIN                     -----    -----      -----    -----      0008H    0004H
  +--> ?PR?_SET_PWM?PWM

*** NEW ROOT ***************************************************

?PR?TIMER0_RPT?TIMER                        -----    -----      -----    -----      -----    -----
  +--> ?PR?GET_DEVICE_STATE?FLASH
  +--> ?PR?SET_HEAT_VAL?TIMER
  +--> ?CO?TIMER
  +--> ?PR?_SET_DEVICE_STATE?FLASH
  +--> ?PR?HT1621_ALL_CLEAR?LCD_DISPLAY
  +--> ?PR?PRINTF?PRINTF

?PR?SET_HEAT_VAL?TIMER                      -----    -----      -----    -----      -----    -----
  +--> ?CO?TIMER
  +--> ?PR?PRINTF?PRINTF
  +--> ?PR?SET_CORRECT_VALUE?TIMER



SYMBOL TABLE OF MODULE:  .\output\K9018 (?C_STARTUP)

  VALUE           TYPE          NAME
  ----------------------------------

  -------         MODULE        ?C_STARTUP
  C:2279H         SEGMENT       ?C_C51STARTUP
  I:0023H         SEGMENT       ?STACK
  C:0000H         PUBLIC        ?C_STARTUP
  D:00E0H         SYMBOL        ACC
  D:00F0H         SYMBOL        B
  D:0083H         SYMBOL        DPH
  D:0082H         SYMBOL        DPL
  N:0000H         SYMBOL        IBPSTACK
  N:0100H         SYMBOL        IBPSTACKTOP
  N:0080H         SYMBOL        IDATALEN
  C:227CH         SYMBOL        IDATALOOP
  N:0000H         SYMBOL        PBPSTACK
  N:0100H         SYMBOL        PBPSTACKTOP
  N:0000H         SYMBOL        PDATALEN
  N:0000H         SYMBOL        PDATASTART
  N:0000H         SYMBOL        PPAGE
  N:0000H         SYMBOL        PPAGEENABLE
  D:00A0H         SYMBOL        PPAGE_SFR
  D:0081H         SYMBOL        SP
  C:2279H         SYMBOL        STARTUP1
  N:0000H         SYMBOL        XBPSTACK
  N:0000H         SYMBOL        XBPSTACKTOP
  N:0000H         SYMBOL        XDATALEN
BL51 BANKED LINKER/LOCATER V6.22                                                      09/07/2020  17:02:57  PAGE 9


  N:0000H         SYMBOL        XDATASTART
  C:0000H         LINE#         126
  C:2279H         LINE#         133
  C:227BH         LINE#         134
  C:227CH         LINE#         135
  C:227DH         LINE#         136
  C:227FH         LINE#         185
  C:2282H         LINE#         196
  -------         ENDMOD        ?C_STARTUP

  -------         MODULE        MAIN
  C:0000H         SYMBOL        _ICE_DUMMY_
  X:FF08H         PUBLIC        P1M0
  X:FF01H         PUBLIC        P0M1
  X:FF10H         PUBLIC        P2M0
  X:FF09H         PUBLIC        P1M1
  X:FF02H         PUBLIC        P0M2
  D:0080H         PUBLIC        P0
  X:FF11H         PUBLIC        P2M1
  X:FF0AH         PUBLIC        P1M2
  X:FF03H         PUBLIC        P0M3
  D:0090H         PUBLIC        P1
  X:FF12H         PUBLIC        P2M2
  X:FF0BH         PUBLIC        P1M3
  X:FF04H         PUBLIC        P0M4
  D:00A0H         PUBLIC        P2
  X:FF13H         PUBLIC        P2M3
  X:FF0CH         PUBLIC        P1M4
  X:FF05H         PUBLIC        P0M5
  D:00B0H         PUBLIC        P3
  X:FF14H         PUBLIC        P2M4
  X:FF0DH         PUBLIC        P1M5
  X:FF06H         PUBLIC        P0M6
  X:FF1CH         PUBLIC        P3M4
  X:FF15H         PUBLIC        P2M5
  X:FF0EH         PUBLIC        P1M6
  X:FF07H         PUBLIC        P0M7
  X:FF1DH         PUBLIC        P3M5
  X:FF16H         PUBLIC        P2M6
  X:FF0FH         PUBLIC        P1M7
  B:00A8H.7       PUBLIC        EA
  C:1585H         PUBLIC        temperature_handle
  X:FF17H         PUBLIC        P2M7
  X:FEBDH         PUBLIC        TRMEN
  C:2A31H         PUBLIC        device_init
  X:FE75H         PUBLIC        CTKVS
  D:00A8H         PUBLIC        IE
  D:00F8H         PUBLIC        RSTFR
  X:FF91H         PUBLIC        PWM01_MAP
  X:FFA3H         PUBLIC        SDA_MAP
  C:1B25H         SYMBOL        key_handle
  X:FFA5H         PUBLIC        SCK_MAP
  X:FFA2H         PUBLIC        SCL_MAP
  C:1CF7H         PUBLIC        _Set_Temp
  C:2147H         PUBLIC        main
  C:1DB4H         PUBLIC        _calibration_temperature
  X:FEA4H         PUBLIC        BORC
BL51 BANKED LINKER/LOCATER V6.22                                                      09/07/2020  17:02:57  PAGE 10


  X:FE77H         PUBLIC        DSCR
  C:1229H         PUBLIC        _temp_calc
  X:FFA1H         PUBLIC        RXD_MAP
  X:FEA5H         PUBLIC        BORDBC
  X:FFA0H         PUBLIC        TXD_MAP
  X:FEBAH         PUBLIC        PINTE2
  D:0098H         PUBLIC        SCON
  D:0088H         PUBLIC        TCON
  C:26D0H         PUBLIC        _Controll_Heat
  X:FE95H         PUBLIC        SPOV_RSTEN
  X:FE74H         PUBLIC        RBCSEL
  X:FE9BH         PUBLIC        ADCC2
  X:FE76H         PUBLIC        CTKCLK
  X:FE91H         PUBLIC        CLKDIV
  D:00B8H         PUBLIC        IE1
  D:00D8H         PUBLIC        IE2
  X:FF80H         PUBLIC        T0_MAP
  X:FF81H         PUBLIC        T1_MAP
  X:FEAAH         PUBLIC        RSTDBC
  X:FF83H         PUBLIC        T3_MAP
  X:FF84H         PUBLIC        T4_MAP
  X:FEA0H         PUBLIC        WDTCCR
  X:FEBEH         PUBLIC        TRMV
  X:00E7H         PUBLIC        fault_std
  X:00E8H         PUBLIC        adc_cnt
  X:FE93H         PUBLIC        CLKOUT
  D:008EH         PUBLIC        CLKSWR
  X:00EAH         PUBLIC        first_heat_std
  X:FF90H         PUBLIC        PWM0_MAP
  C:28B8H         PUBLIC        Protect
  X:FFA4H         PUBLIC        SS_MAP
  X:FE80H         PUBLIC        TCON1
  X:FF9CH         PUBLIC        PWM3_MAP
  X:FF8FH         PUBLIC        CLKO_MAP
  X:FE92H         PUBLIC        FREQ_CLK
  X:FEB0H         PUBLIC        PITS0
  X:FEB4H         PUBLIC        PITS4
  X:FFA7H         PUBLIC        MISO_MAP
  X:FFA6H         PUBLIC        MOSI_MAP
  D:00D0H         PUBLIC        PSW
  X:FF00H         PUBLIC        P0M0
  -------         PROC          DEVICE_INIT
  C:2A31H         LINE#         25
  C:2A31H         LINE#         26
  C:2A31H         LINE#         29
  C:2A34H         LINE#         30
  C:2A3AH         LINE#         31
  C:2A40H         LINE#         32
  -------         ENDPROC       DEVICE_INIT
  -------         PROC          KEY_HANDLE
  -------         DO            
  X:0000H         SYMBOL        key_val
  -------         ENDDO         
  C:1B25H         LINE#         35
  C:1B25H         LINE#         36
  C:1B25H         LINE#         37
  C:1B2AH         LINE#         38
BL51 BANKED LINKER/LOCATER V6.22                                                      09/07/2020  17:02:57  PAGE 11


  C:1B30H         LINE#         39
  C:1B30H         LINE#         40
  C:1B38H         LINE#         41
  C:1B3AH         LINE#         43
  C:1B3AH         LINE#         44
  C:1B3FH         LINE#         45
  C:1B3FH         LINE#         46
  C:1B4DH         LINE#         47
  C:1B4DH         LINE#         48
  C:1B56H         LINE#         50
  C:1B5CH         LINE#         51
  C:1B5CH         LINE#         53
  C:1B61H         LINE#         54
  C:1B64H         LINE#         55
  C:1B69H         LINE#         56
  C:1B69H         LINE#         58
  C:1B69H         LINE#         59
  C:1B6EH         LINE#         60
  C:1B71H         LINE#         62
  C:1B77H         LINE#         63
  C:1B7FH         LINE#         64
  C:1B87H         LINE#         65
  C:1B8FH         LINE#         67
  C:1B8FH         LINE#         68
  C:1B8FH         LINE#         69
  C:1B98H         LINE#         70
  C:1B98H         LINE#         74
  C:1BA0H         LINE#         75
  C:1BA0H         LINE#         77
  C:1BA9H         LINE#         78
  C:1BB2H         LINE#         79
  C:1BB2H         LINE#         80
  C:1BB5H         LINE#         82
  C:1BB7H         LINE#         84
  C:1BB7H         LINE#         85
  C:1BBDH         LINE#         86
  C:1BBDH         LINE#         87
  C:1BC7H         LINE#         88
  C:1BC7H         LINE#         89
  C:1BCCH         LINE#         90
  C:1BCCH         LINE#         91
  C:1BCFH         LINE#         92
  C:1BD1H         LINE#         93
  C:1BD7H         LINE#         94
  C:1BD7H         LINE#         95
  C:1BDDH         LINE#         96
  C:1BDDH         LINE#         97
  C:1BDDH         LINE#         99
  C:1BE3H         LINE#         100
  C:1BE6H         LINE#         101
  C:1BEEH         LINE#         103
  C:1BEEH         LINE#         104
  C:1BF0H         LINE#         105
  C:1BF7H         LINE#         106
  C:1BF7H         LINE#         108
  C:1C00H         LINE#         109
  C:1C00H         LINE#         110
BL51 BANKED LINKER/LOCATER V6.22                                                      09/07/2020  17:02:57  PAGE 12


  C:1C03H         LINE#         111
  C:1C05H         LINE#         113
  C:1C05H         LINE#         114
  C:1C0AH         LINE#         115
  C:1C0AH         LINE#         118
  C:1C12H         LINE#         119
  C:1C15H         LINE#         120
  C:1C18H         LINE#         121
  C:1C18H         LINE#         122
  C:1C18H         LINE#         123
  -------         ENDPROC       KEY_HANDLE
  -------         PROC          _CALIBRATION_TEMPERATURE
  X:0006H         SYMBOL        temper
  -------         DO            
  D:0007H         SYMBOL        temp1
  -------         ENDDO         
  C:1DB4H         LINE#         126
  C:1DBCH         LINE#         127
  C:1DBCH         LINE#         128
  C:1DBCH         LINE#         129
  C:1DCCH         LINE#         130
  C:1DCCH         LINE#         131
  C:1DD2H         LINE#         132
  C:1DD7H         LINE#         133
  C:1DDCH         LINE#         135
  C:1DE6H         LINE#         136
  C:1DE6H         LINE#         137
  C:1DEBH         LINE#         138
  C:1DEBH         LINE#         139
  C:1DF1H         LINE#         140
  C:1DF5H         LINE#         141
  C:1DF7H         LINE#         143
  C:1DF7H         LINE#         144
  C:1E04H         LINE#         146
  C:1E07H         LINE#         147
  C:1E0DH         LINE#         148
  C:1E0DH         LINE#         149
  C:1E1DH         LINE#         150
  C:1E1DH         LINE#         151
  C:1E22H         LINE#         152
  C:1E24H         LINE#         153
  C:1E24H         LINE#         154
  C:1E27H         LINE#         155
  C:1E2EH         LINE#         156
  C:1E2EH         LINE#         157
  C:1E2EH         LINE#         158
  C:1E36H         LINE#         159
  C:1E36H         LINE#         160
  C:1E4AH         LINE#         161
  C:1E4AH         LINE#         162
  C:1E4EH         LINE#         163
  C:1E4EH         LINE#         164
  C:1E66H         LINE#         165
  C:1E66H         LINE#         166
  C:1E6EH         LINE#         168
  -------         ENDPROC       _CALIBRATION_TEMPERATURE
  -------         PROC          _TEMP_CALC
BL51 BANKED LINKER/LOCATER V6.22                                                      09/07/2020  17:02:57  PAGE 13


  X:0006H         SYMBOL        uR510
  X:0008H         SYMBOL        uRw
  -------         DO            
  X:000AH         SYMBOL        i
  X:000BH         SYMBOL        basi_tmp
  X:000CH         SYMBOL        k
  X:000DH         SYMBOL        u1
  -------         ENDDO         
  C:1229H         LINE#         172
  C:123BH         LINE#         173
  C:123BH         LINE#         174
  C:1240H         LINE#         175
  C:1244H         LINE#         176
  C:1248H         LINE#         177
  C:1250H         LINE#         179
  C:126FH         LINE#         180
  C:126FH         LINE#         181
  C:1272H         LINE#         182
  C:1272H         LINE#         185
  C:12EAH         LINE#         186
  C:1302H         LINE#         187
  C:1302H         LINE#         188
  C:1307H         LINE#         189
  C:1307H         LINE#         190
  C:1324H         LINE#         191
  C:1341H         LINE#         192
  C:135BH         LINE#         193
  C:135BH         LINE#         194
  C:135FH         LINE#         195
  C:135FH         LINE#         197
  C:137EH         LINE#         199
  C:13A4H         LINE#         200
  C:13A4H         LINE#         201
  C:13A4H         LINE#         202
  C:13A4H         LINE#         203
  C:13C3H         LINE#         204
  C:13C9H         LINE#         205
  C:13E5H         LINE#         206
  C:13E5H         LINE#         207
  C:13E5H         LINE#         208
  C:13E5H         LINE#         212
  C:13EEH         LINE#         214
  C:13F0H         LINE#         216
  C:13F0H         LINE#         217
  C:13F0H         LINE#         218
  C:13F0H         LINE#         219
  C:140FH         LINE#         220
  C:1415H         LINE#         221
  C:142FH         LINE#         222
  C:142FH         LINE#         223
  C:142FH         LINE#         224
  C:142FH         LINE#         229
  C:143EH         LINE#         232
  C:143EH         LINE#         235
  C:1445H         LINE#         236
  -------         ENDPROC       _TEMP_CALC
  -------         PROC          TEMPERATURE_HANDLE
BL51 BANKED LINKER/LOCATER V6.22                                                      09/07/2020  17:02:57  PAGE 14


  -------         DO            
  X:0000H         SYMBOL        temp
  X:0002H         SYMBOL        adc_val1
  X:0004H         SYMBOL        adc_val3
  X:00E6H         SYMBOL        error_std
  -------         ENDDO         
  C:1585H         LINE#         240
  C:1585H         LINE#         241
  C:1585H         LINE#         242
  C:158CH         LINE#         243
  C:1594H         LINE#         245
  C:15A2H         LINE#         247
  C:15B4H         LINE#         248
  C:15B4H         LINE#         249
  C:15B8H         LINE#         250
  C:15CEH         LINE#         253
  C:15E7H         LINE#         255
  C:15F2H         LINE#         256
  C:1603H         LINE#         258
  C:1615H         LINE#         259
  C:1615H         LINE#         260
  C:161BH         LINE#         261
  C:161BH         LINE#         262
  C:1622H         LINE#         263
  C:1622H         LINE#         264
  C:1624H         LINE#         265
  C:1638H         LINE#         266
  C:1638H         LINE#         267
  C:1639H         LINE#         268
  C:163FH         LINE#         269
  C:1641H         LINE#         271
  C:1641H         LINE#         272
  C:1642H         LINE#         273
  C:1647H         LINE#         274
  C:164BH         LINE#         275
  C:164BH         LINE#         276
  C:164BH         LINE#         278
  C:1653H         LINE#         279
  C:165BH         LINE#         280
  C:1666H         LINE#         281
  C:1668H         LINE#         283
  C:1668H         LINE#         284
  C:166FH         LINE#         285
  C:166FH         LINE#         286
  C:1674H         LINE#         287
  C:1677H         LINE#         288
  C:167FH         LINE#         289
  C:1685H         LINE#         290
  C:1687H         LINE#         292
  C:1687H         LINE#         293
  C:168CH         LINE#         294
  C:1691H         LINE#         295
  C:1696H         LINE#         296
  C:1696H         LINE#         297
  C:1696H         LINE#         298
  C:169BH         LINE#         299
  C:169CH         LINE#         301
BL51 BANKED LINKER/LOCATER V6.22                                                      09/07/2020  17:02:57  PAGE 15


  C:169CH         LINE#         302
  C:16A1H         LINE#         303
  C:16A5H         LINE#         304
  C:16A8H         LINE#         305
  C:16ADH         LINE#         306
  C:16B3H         LINE#         307
  C:16B7H         LINE#         308
  C:16BDH         LINE#         309
  C:16BDH         LINE#         311
  C:16BDH         LINE#         314
  -------         ENDPROC       TEMPERATURE_HANDLE
  -------         PROC          MAIN
  C:2147H         LINE#         319
  C:2147H         LINE#         320
  C:2147H         LINE#         321
  C:214AH         LINE#         323
  C:214DH         LINE#         324
  C:2150H         LINE#         325
  C:2152H         LINE#         326
  C:2155H         LINE#         327
  C:2158H         LINE#         328
  C:215BH         LINE#         329
  C:2162H         LINE#         330
  C:2165H         LINE#         331
  C:216CH         LINE#         332
  C:2171H         LINE#         333
  C:2174H         LINE#         334
  C:2179H         LINE#         335
  C:2182H         LINE#         336
  C:2195H         LINE#         337
  C:21ACH         LINE#         338
  C:21C2H         LINE#         339
  C:21D8H         LINE#         340
  C:21E1H         LINE#         342
  C:21E1H         LINE#         343
  C:21E1H         LINE#         344
  C:21E4H         LINE#         345
  C:21E7H         LINE#         348
  C:21EAH         LINE#         350
  -------         ENDPROC       MAIN
  -------         PROC          _CONTROLL_HEAT
  X:0008H         SYMBOL        temp_set
  X:000AH         SYMBOL        temp_now
  C:26D0H         LINE#         354
  C:26DEH         LINE#         355
  C:26DEH         LINE#         357
  C:26E4H         LINE#         358
  C:26E4H         LINE#         361
  C:26E6H         LINE#         362
  C:26E8H         LINE#         363
  C:2708H         LINE#         364
  C:2708H         LINE#         366
  C:270DH         LINE#         367
  C:270DH         LINE#         368
  -------         ENDPROC       _CONTROLL_HEAT
  -------         PROC          _SET_TEMP
  X:0006H         SYMBOL        temp
BL51 BANKED LINKER/LOCATER V6.22                                                      09/07/2020  17:02:57  PAGE 16


  C:1CF7H         LINE#         370
  C:1CFFH         LINE#         371
  C:1CFFH         LINE#         372
  C:1D06H         LINE#         373
  C:1D06H         LINE#         375
  C:1D10H         LINE#         376
  C:1D13H         LINE#         378
  C:1D13H         LINE#         380
  C:1D44H         LINE#         381
  C:1D44H         LINE#         382
  C:1D44H         LINE#         383
  C:1D4EH         LINE#         384
  C:1D50H         LINE#         385
  C:1D50H         LINE#         386
  C:1D5AH         LINE#         387
  C:1D5CH         LINE#         388
  C:1D5CH         LINE#         389
  C:1D66H         LINE#         390
  C:1D68H         LINE#         391
  C:1D68H         LINE#         392
  C:1D72H         LINE#         393
  C:1D74H         LINE#         394
  C:1D74H         LINE#         395
  C:1D7EH         LINE#         396
  C:1D80H         LINE#         397
  C:1D80H         LINE#         398
  C:1D8AH         LINE#         399
  C:1D8CH         LINE#         400
  C:1D8CH         LINE#         401
  C:1D96H         LINE#         402
  C:1D98H         LINE#         403
  C:1D98H         LINE#         404
  C:1DA2H         LINE#         405
  C:1DA4H         LINE#         406
  C:1DA4H         LINE#         409
  C:1DA4H         LINE#         410
  C:1DB3H         LINE#         411
  C:1DB3H         LINE#         413
  C:1DB3H         LINE#         414
  C:1DB3H         LINE#         415
  -------         ENDPROC       _SET_TEMP
  -------         PROC          PROTECT
  C:28B8H         LINE#         420
  C:28B8H         LINE#         421
  C:28B8H         LINE#         422
  C:28BFH         LINE#         423
  C:28BFH         LINE#         424
  C:28C8H         LINE#         425
  C:28C8H         LINE#         426
  C:28CBH         LINE#         427
  C:28CFH         LINE#         428
  C:28D2H         LINE#         429
  C:28D7H         LINE#         430
  C:28D7H         LINE#         431
  C:28D7H         LINE#         432
  -------         ENDPROC       PROTECT
  -------         ENDMOD        MAIN
BL51 BANKED LINKER/LOCATER V6.22                                                      09/07/2020  17:02:57  PAGE 17



  -------         MODULE        FLASH
  C:0000H         SYMBOL        _ICE_DUMMY_
  D:0080H         PUBLIC        P0
  D:0090H         PUBLIC        P1
  D:00A0H         PUBLIC        P2
  D:00B0H         PUBLIC        P3
  B:00A8H.7       PUBLIC        EA
  C:24A3H         PUBLIC        _Flash_WriteArr
  C:0003H         PUBLIC        _flash_read_addr
  D:00A8H         PUBLIC        IE
  D:00FCH         PUBLIC        IAP_CMD
  D:00F8H         PUBLIC        RSTFR
  C:2A8BH         PUBLIC        get_device_state
  X:00D2H         PUBLIC        flash_info
  C:2A91H         PUBLIC        _set_device_state
  C:1446H         PUBLIC        flash_init
  C:284EH         PUBLIC        flah_save_data
  C:2874H         PUBLIC        _Flash_EraseBlock
  D:0098H         PUBLIC        SCON
  D:0088H         PUBLIC        TCON
  D:00B8H         PUBLIC        IE1
  D:00D8H         PUBLIC        IE2
  D:00FBH         PUBLIC        IAP_DATA
  D:00F9H         PUBLIC        IAP_ADDR
  C:27FFH         PUBLIC        _FLASH_WriteData
  C:274AH         SYMBOL        check_flash
  X:00D7H         PUBLIC        flash_check
  C:2612H         PUBLIC        _Flash_ReadArr
  X:00DBH         PUBLIC        device_state
  D:00D0H         PUBLIC        PSW
  -------         PROC          GET_DEVICE_STATE
  C:2A8BH         LINE#         9
  C:2A8BH         LINE#         10
  C:2A8BH         LINE#         11
  C:2A90H         LINE#         12
  -------         ENDPROC       GET_DEVICE_STATE
  -------         PROC          _SET_DEVICE_STATE
  D:0007H         SYMBOL        state
  C:2A91H         LINE#         14
  C:2A91H         LINE#         15
  C:2A91H         LINE#         16
  C:2A96H         LINE#         17
  -------         ENDPROC       _SET_DEVICE_STATE
  -------         PROC          _FLASH_ERASEBLOCK
  D:0006H         SYMBOL        addr
  C:2874H         LINE#         27
  C:287BH         LINE#         28
  C:287BH         LINE#         29
  C:2881H         LINE#         30
  C:2885H         LINE#         31
  C:288BH         LINE#         32
  C:2891H         LINE#         33
  -------         ENDPROC       _FLASH_ERASEBLOCK
  -------         PROC          _FLASH_WRITEDATA
  D:0007H         SYMBOL        fuc_SaveData
  D:0004H         SYMBOL        addr
BL51 BANKED LINKER/LOCATER V6.22                                                      09/07/2020  17:02:57  PAGE 18


  C:27FFH         LINE#         43
  C:2806H         LINE#         44
  C:2806H         LINE#         45
  C:2808H         LINE#         46
  C:280EH         LINE#         47
  C:2816H         LINE#         48
  C:281CH         LINE#         49
  C:2822H         LINE#         50
  -------         ENDPROC       _FLASH_WRITEDATA
  -------         PROC          L?0030
  -------         ENDPROC       L?0030
  -------         PROC          _FLASH_WRITEARR
  X:0008H         SYMBOL        fui_Address
  X:000AH         SYMBOL        len
  X:000BH         SYMBOL        fucp_SaveArr
  -------         DO            
  X:000EH         SYMBOL        i
  -------         ENDDO         
  C:24A3H         LINE#         62
  C:24BEH         LINE#         63
  C:24BEH         LINE#         64
  C:24C1H         LINE#         66
  C:24C3H         LINE#         67
  C:24D1H         LINE#         68
  C:24D1H         LINE#         69
  C:24F5H         LINE#         70
  C:24FDH         LINE#         71
  C:24FFH         LINE#         72
  -------         ENDPROC       _FLASH_WRITEARR
  -------         PROC          _FLASH_READ_ADDR
  D:0082H         SYMBOL        address
  -------         DO            
  D:0007H         SYMBOL        val
  -------         ENDDO         
  C:0003H         LINE#         74
  C:0007H         LINE#         75
  C:0007H         LINE#         76
  C:0008H         LINE#         77
  C:000AH         LINE#         78
  C:000AH         LINE#         79
  -------         ENDPROC       _FLASH_READ_ADDR
  -------         PROC          _FLASH_READARR
  X:0008H         SYMBOL        fui_Address
  D:0005H         SYMBOL        fuc_Length
  X:000AH         SYMBOL        fucp_SaveArr
  C:2612H         LINE#         91
  C:2623H         LINE#         92
  C:2623H         LINE#         93
  C:2629H         LINE#         94
  C:2651H         LINE#         95
  -------         ENDPROC       _FLASH_READARR
  -------         PROC          CHECK_FLASH
  -------         DO            
  D:0005H         SYMBOL        i
  D:0004H         SYMBOL        cnt
  -------         ENDDO         
  C:274AH         LINE#         97
BL51 BANKED LINKER/LOCATER V6.22                                                      09/07/2020  17:02:57  PAGE 19


  C:274AH         LINE#         98
  C:274AH         LINE#         99
  C:274DH         LINE#         101
  C:274DH         LINE#         102
  C:274DH         LINE#         103
  C:2766H         LINE#         104
  C:2766H         LINE#         105
  C:2767H         LINE#         106
  C:2769H         LINE#         107
  C:276CH         LINE#         108
  C:2771H         LINE#         109
  C:2777H         LINE#         110
  C:277AH         LINE#         111
  C:277CH         LINE#         112
  -------         ENDPROC       CHECK_FLASH
  -------         PROC          FLASH_INIT
  -------         DO            
  X:0000H         SYMBOL        init_flag
  -------         ENDDO         
  C:1446H         LINE#         115
  C:1446H         LINE#         116
  C:1446H         LINE#         117
  C:144BH         LINE#         120
  C:1451H         LINE#         122
  C:1457H         LINE#         123
  C:1457H         LINE#         124
  C:145CH         LINE#         125
  C:145EH         LINE#         127
  C:145EH         LINE#         128
  C:1467H         LINE#         129
  C:1476H         LINE#         130
  C:1499H         LINE#         131
  C:14BCH         LINE#         132
  C:14C5H         LINE#         133
  C:14D4H         LINE#         134
  C:14DAH         LINE#         135
  C:14DAH         LINE#         136
  C:14E5H         LINE#         137
  C:14E5H         LINE#         138
  C:14EEH         LINE#         139
  C:14F4H         LINE#         140
  C:14F8H         LINE#         141
  C:14FFH         LINE#         142
  C:150AH         LINE#         143
  C:150DH         LINE#         144
  C:151CH         LINE#         145
  C:1559H         LINE#         146
  C:1562H         LINE#         147
  C:1562H         LINE#         148
  -------         ENDPROC       FLASH_INIT
  -------         PROC          FLAH_SAVE_DATA
  C:284EH         LINE#         152
  C:284EH         LINE#         153
  C:284EH         LINE#         155
  C:2855H         LINE#         156
  C:2862H         LINE#         157
  C:2865H         LINE#         158
BL51 BANKED LINKER/LOCATER V6.22                                                      09/07/2020  17:02:57  PAGE 20


  -------         ENDPROC       FLAH_SAVE_DATA
  -------         ENDMOD        FLASH

  -------         MODULE        DELAY
  C:0000H         SYMBOL        _ICE_DUMMY_
  D:0080H         PUBLIC        P0
  D:0090H         PUBLIC        P1
  D:00A0H         PUBLIC        P2
  D:00B0H         PUBLIC        P3
  D:00A8H         PUBLIC        IE
  D:00F8H         PUBLIC        RSTFR
  D:0098H         PUBLIC        SCON
  D:0088H         PUBLIC        TCON
  D:00B8H         PUBLIC        IE1
  D:00D8H         PUBLIC        IE2
  C:29D8H         PUBLIC        _delay_ms
  C:2A41H         PUBLIC        _delay_us
  C:2AABH         PUBLIC        _lcd_delay_us
  D:00D0H         PUBLIC        PSW
  -------         PROC          _DELAY_US
  D:0006H         SYMBOL        us
  C:2A41H         LINE#         4
  C:2A41H         LINE#         5
  C:2A41H         LINE#         6
  C:2A4AH         LINE#         7
  C:2A4AH         LINE#         8
  C:2A4CH         LINE#         9
  C:2A4EH         LINE#         10
  -------         ENDPROC       _DELAY_US
  -------         PROC          _DELAY_MS
  D:0006H         SYMBOL        ms
  -------         DO            
  D:0004H         SYMBOL        i
  -------         ENDDO         
  C:29D8H         LINE#         12
  C:29D8H         LINE#         13
  C:29D8H         LINE#         15
  C:29D8H         LINE#         16
  C:29DCH         LINE#         17
  C:29E5H         LINE#         18
  C:29EEH         LINE#         19
  -------         ENDPROC       _DELAY_MS
  -------         PROC          _LCD_DELAY_US
  D:0006H         SYMBOL        time
  C:2AABH         LINE#         21
  C:2AABH         LINE#         22
  C:2AABH         LINE#         23
  -------         ENDPROC       _LCD_DELAY_US
  -------         ENDMOD        DELAY

  -------         MODULE        HT1621B
  C:0000H         SYMBOL        _ICE_DUMMY_
  D:0080H         PUBLIC        P0
  D:0090H         PUBLIC        P1
  D:00A0H         PUBLIC        P2
  D:00B0H         PUBLIC        P3
  D:00A8H         PUBLIC        IE
BL51 BANKED LINKER/LOCATER V6.22                                                      09/07/2020  17:02:57  PAGE 21


  B:0090H.0       PUBLIC        P1_0
  B:0090H.1       PUBLIC        P1_1
  D:00F8H         PUBLIC        RSTFR
  B:0080H.6       PUBLIC        P0_6
  B:0080H.7       PUBLIC        P0_7
  C:2691H         PUBLIC        _ht1621_sendbit_low
  D:0098H         PUBLIC        SCON
  D:0088H         PUBLIC        TCON
  D:00B8H         PUBLIC        IE1
  D:00D8H         PUBLIC        IE2
  C:298AH         PUBLIC        _ht1621_send_cmd
  C:27AAH         PUBLIC        _ht1621_write_byte
  C:296FH         PUBLIC        ht1621_init_pin
  C:2652H         PUBLIC        _ht1621_sendbit_hight
  C:2A82H         PUBLIC        release_ht1621b_pin
  D:00D0H         PUBLIC        PSW
  -------         PROC          HT1621_INIT_PIN
  C:296FH         LINE#         6
  C:296FH         LINE#         7
  C:296FH         LINE#         8
  C:2975H         LINE#         9
  C:2979H         LINE#         10
  C:297DH         LINE#         11
  C:2981H         LINE#         13
  C:2983H         LINE#         14
  C:2985H         LINE#         15
  C:2987H         LINE#         16
  C:2989H         LINE#         17
  -------         ENDPROC       HT1621_INIT_PIN
  -------         PROC          _HT1621_SENDBIT_HIGHT
  X:0044H         SYMBOL        dat
  X:0045H         SYMBOL        cnt
  -------         DO            
  X:0046H         SYMBOL        i
  -------         ENDDO         
  C:2652H         LINE#         20
  C:265AH         LINE#         21
  C:265AH         LINE#         22
  C:265DH         LINE#         24
  C:2669H         LINE#         25
  C:2669H         LINE#         26
  C:266BH         LINE#         27
  C:2672H         LINE#         28
  C:2676H         LINE#         30
  C:2678H         LINE#         31
  C:267AH         LINE#         32
  C:2681H         LINE#         33
  C:2688H         LINE#         34
  C:2690H         LINE#         35
  -------         ENDPROC       _HT1621_SENDBIT_HIGHT
  -------         PROC          _HT1621_SENDBIT_LOW
  X:0044H         SYMBOL        dat
  X:0045H         SYMBOL        cnt
  -------         DO            
  X:0046H         SYMBOL        i
  -------         ENDDO         
  C:2691H         LINE#         37
BL51 BANKED LINKER/LOCATER V6.22                                                      09/07/2020  17:02:57  PAGE 22


  C:2699H         LINE#         38
  C:2699H         LINE#         39
  C:269CH         LINE#         41
  C:26A8H         LINE#         42
  C:26A8H         LINE#         43
  C:26AAH         LINE#         44
  C:26B1H         LINE#         45
  C:26B5H         LINE#         47
  C:26B7H         LINE#         48
  C:26B9H         LINE#         49
  C:26C0H         LINE#         50
  C:26C7H         LINE#         51
  C:26CFH         LINE#         52
  -------         ENDPROC       _HT1621_SENDBIT_LOW
  -------         PROC          _HT1621_SEND_CMD
  X:0007H         SYMBOL        command
  C:298AH         LINE#         55
  C:298FH         LINE#         56
  C:298FH         LINE#         57
  C:2991H         LINE#         58
  C:2998H         LINE#         59
  C:29A2H         LINE#         60
  C:29A4H         LINE#         61
  -------         ENDPROC       _HT1621_SEND_CMD
  -------         PROC          _HT1621_WRITE_BYTE
  X:0042H         SYMBOL        addr
  X:0043H         SYMBOL        dat
  C:27AAH         LINE#         63
  C:27B2H         LINE#         64
  C:27B2H         LINE#         65
  C:27B4H         LINE#         66
  C:27BBH         LINE#         67
  C:27C9H         LINE#         68
  C:27D3H         LINE#         69
  C:27D5H         LINE#         70
  -------         ENDPROC       _HT1621_WRITE_BYTE
  -------         PROC          RELEASE_HT1621B_PIN
  C:2A82H         LINE#         72
  C:2A82H         LINE#         73
  C:2A82H         LINE#         74
  C:2A84H         LINE#         75
  C:2A86H         LINE#         76
  C:2A88H         LINE#         77
  C:2A8AH         LINE#         78
  -------         ENDPROC       RELEASE_HT1621B_PIN
  -------         ENDMOD        HT1621B

  -------         MODULE        LCD_DISPLAY
  C:0000H         SYMBOL        _ICE_DUMMY_
  D:0080H         PUBLIC        P0
  D:0090H         PUBLIC        P1
  D:00A0H         PUBLIC        P2
  D:00B0H         PUBLIC        P3
  D:00A8H         PUBLIC        IE
  C:2A4FH         PUBLIC        lcd_turn_off_time
  D:00F8H         PUBLIC        RSTFR
  C:2917H         PUBLIC        ht1621_all_display
BL51 BANKED LINKER/LOCATER V6.22                                                      09/07/2020  17:02:57  PAGE 23


  X:00EBH         PUBLIC        Blink_std
  C:2305H         PUBLIC        _lcd_display_time
  X:00ECH         PUBLIC        cali_display_std
  C:1A28H         PUBLIC        _lcd_display_gap
  C:2935H         PUBLIC        ht1621_all_clear
  D:0098H         PUBLIC        SCON
  D:0088H         PUBLIC        TCON
  C:2827H         PUBLIC        init_lcd_ht1621b
  C:2AA2H         PUBLIC        lcd_ht1621b_off
  D:00B8H         PUBLIC        IE1
  D:00D8H         PUBLIC        IE2
  C:2A9DH         PUBLIC        lcd_ht1621b_on
  D:00D0H         PUBLIC        PSW
  -------         PROC          LCD_HT1621B_ON
  C:2A9DH         LINE#         15
  C:2A9DH         LINE#         16
  C:2A9DH         LINE#         17
  -------         ENDPROC       LCD_HT1621B_ON
  -------         PROC          LCD_HT1621B_OFF
  C:2AA2H         LINE#         20
  C:2AA2H         LINE#         21
  C:2AA2H         LINE#         22
  -------         ENDPROC       LCD_HT1621B_OFF
  -------         PROC          HT1621_ALL_DISPLAY
  -------         DO            
  X:0000H         SYMBOL        i
  -------         ENDDO         
  C:2917H         LINE#         25
  C:2917H         LINE#         26
  C:2917H         LINE#         27
  C:291CH         LINE#         29
  C:2927H         LINE#         30
  C:2927H         LINE#         31
  C:292CH         LINE#         32
  C:2934H         LINE#         34
  -------         ENDPROC       HT1621_ALL_DISPLAY
  -------         PROC          HT1621_ALL_CLEAR
  -------         DO            
  X:0041H         SYMBOL        i
  -------         ENDDO         
  C:2935H         LINE#         36
  C:2935H         LINE#         37
  C:2935H         LINE#         38
  C:293AH         LINE#         40
  C:2945H         LINE#         41
  C:2945H         LINE#         42
  C:294AH         LINE#         43
  C:2952H         LINE#         45
  -------         ENDPROC       HT1621_ALL_CLEAR
  -------         PROC          INIT_LCD_HT1621B
  C:2827H         LINE#         47
  C:2827H         LINE#         48
  C:2827H         LINE#         49
  C:282AH         LINE#         51
  C:282FH         LINE#         52
  C:2834H         LINE#         53
  C:2839H         LINE#         54
BL51 BANKED LINKER/LOCATER V6.22                                                      09/07/2020  17:02:57  PAGE 24


  C:283EH         LINE#         55
  C:2843H         LINE#         56
  C:2848H         LINE#         57
  C:284BH         LINE#         58
  -------         ENDPROC       INIT_LCD_HT1621B
  -------         PROC          LCD_TURN_OFF_TIME
  C:2A4FH         LINE#         61
  C:2A4FH         LINE#         62
  C:2A4FH         LINE#         63
  C:2A56H         LINE#         64
  -------         ENDPROC       LCD_TURN_OFF_TIME
  -------         PROC          _LCD_DISPLAY_TIME
  X:0006H         SYMBOL        time_type
  C:2305H         LINE#         110
  C:230AH         LINE#         111
  C:230AH         LINE#         112
  C:230FH         LINE#         113
  C:2316H         LINE#         114
  C:231DH         LINE#         115
  C:2334H         LINE#         116
  C:2334H         LINE#         117
  C:2334H         LINE#         118
  C:233BH         LINE#         119
  C:233DH         LINE#         120
  C:233DH         LINE#         121
  C:233FH         LINE#         122
  C:233FH         LINE#         123
  C:2346H         LINE#         124
  C:2348H         LINE#         125
  C:2348H         LINE#         126
  C:234AH         LINE#         127
  C:234AH         LINE#         128
  C:2351H         LINE#         129
  C:2353H         LINE#         130
  C:2353H         LINE#         131
  C:2355H         LINE#         132
  C:2355H         LINE#         133
  C:235CH         LINE#         134
  C:2363H         LINE#         135
  C:2365H         LINE#         136
  C:2367H         LINE#         137
  C:2367H         LINE#         138
  C:236EH         LINE#         139
  C:2375H         LINE#         140
  C:2377H         LINE#         141
  C:2379H         LINE#         142
  C:2379H         LINE#         143
  C:2380H         LINE#         144
  C:2387H         LINE#         145
  C:238EH         LINE#         146
  C:238EH         LINE#         147
  C:238EH         LINE#         148
  -------         ENDPROC       _LCD_DISPLAY_TIME
  -------         PROC          _LCD_DISPLAY_GAP
  X:0006H         SYMBOL        gap
  C:1A28H         LINE#         150
  C:1A2DH         LINE#         151
BL51 BANKED LINKER/LOCATER V6.22                                                      09/07/2020  17:02:57  PAGE 25


  C:1A2DH         LINE#         152
  C:1A32H         LINE#         153
  C:1A39H         LINE#         154
  C:1A40H         LINE#         155
  C:1A48H         LINE#         156
  C:1A48H         LINE#         157
  C:1A4EH         LINE#         158
  C:1A4EH         LINE#         159
  C:1A50H         LINE#         160
  C:1A50H         LINE#         161
  C:1A50H         LINE#         162
  C:1A53H         LINE#         164
  C:1A53H         LINE#         165
  C:1A53H         LINE#         166
  C:1A53H         LINE#         167
  C:1A53H         LINE#         168
  C:1A53H         LINE#         169
  C:1A56H         LINE#         170
  C:1A5DH         LINE#         171
  C:1A5DH         LINE#         172
  C:1A5FH         LINE#         173
  C:1A61H         LINE#         174
  C:1A68H         LINE#         175
  C:1A68H         LINE#         176
  C:1A6FH         LINE#         177
  C:1A71H         LINE#         178
  C:1A73H         LINE#         179
  C:1A7AH         LINE#         180
  C:1A7AH         LINE#         181
  C:1A81H         LINE#         182
  C:1A83H         LINE#         183
  C:1A85H         LINE#         184
  C:1A8CH         LINE#         185
  C:1A8CH         LINE#         186
  C:1A93H         LINE#         187
  C:1A95H         LINE#         188
  C:1A97H         LINE#         189
  C:1A9EH         LINE#         190
  C:1A9EH         LINE#         191
  C:1AA5H         LINE#         192
  C:1AA7H         LINE#         193
  C:1AA9H         LINE#         194
  C:1AB0H         LINE#         195
  C:1AB0H         LINE#         196
  C:1AB7H         LINE#         197
  C:1AB9H         LINE#         198
  C:1ABBH         LINE#         199
  C:1AC2H         LINE#         200
  C:1AC2H         LINE#         201
  C:1AC6H         LINE#         202
  C:1AC8H         LINE#         203
  C:1ACFH         LINE#         204
  C:1ACFH         LINE#         205
  C:1AD6H         LINE#         206
  C:1ADAH         LINE#         207
  C:1ADCH         LINE#         208
  C:1AE3H         LINE#         209
BL51 BANKED LINKER/LOCATER V6.22                                                      09/07/2020  17:02:57  PAGE 26


  C:1AE3H         LINE#         210
  C:1AEAH         LINE#         211
  C:1AEEH         LINE#         212
  C:1AF0H         LINE#         213
  C:1AF7H         LINE#         214
  C:1AF7H         LINE#         215
  C:1AFDH         LINE#         216
  C:1AFDH         LINE#         217
  C:1B04H         LINE#         218
  C:1B0BH         LINE#         219
  C:1B11H         LINE#         220
  C:1B12H         LINE#         222
  C:1B12H         LINE#         223
  C:1B17H         LINE#         224
  C:1B1DH         LINE#         225
  C:1B24H         LINE#         226
  C:1B24H         LINE#         227
  C:1B24H         LINE#         229
  -------         ENDPROC       _LCD_DISPLAY_GAP
  -------         ENDMOD        LCD_DISPLAY

  -------         MODULE        UART
  C:0000H         SYMBOL        _ICE_DUMMY_
  D:0080H         PUBLIC        P0
  D:0090H         PUBLIC        P1
  D:00A0H         PUBLIC        P2
  D:00B0H         PUBLIC        P3
  C:25C5H         PUBLIC        UART1_Rpt
  D:00A8H         PUBLIC        IE
  C:28F8H         PUBLIC        _producte_send_cmd
  D:00F8H         PUBLIC        RSTFR
  C:277DH         SYMBOL        _producte_com_send_data
  B:0098H.1       PUBLIC        TI
  X:0071H         PUBLIC        usart_rx_cnt
  D:0099H         PUBLIC        SBUF
  C:2A6AH         PUBLIC        _hal_uart_putchar
  D:0098H         PUBLIC        SCON
  D:0088H         PUBLIC        TCON
  X:0072H         PUBLIC        temper_val
  D:00B8H         PUBLIC        IE1
  D:00D8H         PUBLIC        IE2
  B:00A8H.4       PUBLIC        ES1
  D:00CEH         PUBLIC        TH4
  D:00CDH         PUBLIC        TL4
  C:27D6H         PUBLIC        uart_init
  X:0073H         PUBLIC        usart_rx_buffer
  C:2AAEH         SYMBOL        _producte_com_send_one_bit
  D:009EH         PUBLIC        SCON2
  D:00CCH         PUBLIC        T4CON
  X:0091H         PUBLIC        usart_rx_flag
  D:00D0H         PUBLIC        PSW
  C:2A97H         PUBLIC        _putchar
  -------         PROC          UART_INIT
  C:27D6H         LINE#         28
  C:27D6H         LINE#         29
  C:27D6H         LINE#         31
  C:27DCH         LINE#         32
BL51 BANKED LINKER/LOCATER V6.22                                                      09/07/2020  17:02:57  PAGE 27


  C:27E2H         LINE#         33
  C:27E8H         LINE#         34
  C:27EDH         LINE#         48
  C:27F0H         LINE#         49
  C:27F3H         LINE#         50
  C:27F6H         LINE#         51
  C:27F9H         LINE#         52
  C:27FCH         LINE#         53
  C:27FEH         LINE#         55
  -------         ENDPROC       UART_INIT
  -------         PROC          _HAL_UART_PUTCHAR
  D:0007H         SYMBOL        Char
  C:2A6AH         LINE#         59
  C:2A6AH         LINE#         60
  C:2A6AH         LINE#         61
  C:2A6CH         LINE#         62
  C:2A6EH         LINE#         63
  C:2A71H         LINE#         64
  C:2A73H         LINE#         65
  C:2A75H         LINE#         68
  -------         ENDPROC       _HAL_UART_PUTCHAR
  -------         PROC          _PRODUCTE_COM_SEND_ONE_BIT
  D:0007H         SYMBOL        Data
  C:2AAEH         LINE#         75
  C:2AAEH         LINE#         76
  C:2AAEH         LINE#         77
  -------         ENDPROC       _PRODUCTE_COM_SEND_ONE_BIT
  -------         PROC          _PRODUCTE_COM_SEND_DATA
  X:000DH         SYMBOL        Data
  D:0005H         SYMBOL        len
  -------         DO            
  D:0006H         SYMBOL        i
  -------         ENDDO         
  C:277DH         LINE#         84
  C:2788H         LINE#         85
  C:2788H         LINE#         87
  C:278FH         LINE#         88
  C:278FH         LINE#         89
  C:27A6H         LINE#         90
  C:27A9H         LINE#         91
  -------         ENDPROC       _PRODUCTE_COM_SEND_DATA
  -------         PROC          _PRODUCTE_SEND_CMD
  D:0007H         SYMBOL        funcode
  D:0005H         SYMBOL        Data
  -------         DO            
  X:0008H         SYMBOL        cmd_t
  -------         ENDDO         
  C:28F8H         LINE#         98
  C:28F8H         LINE#         99
  C:28F8H         LINE#         101
  C:28FEH         LINE#         102
  C:2901H         LINE#         103
  C:2904H         LINE#         104
  C:2908H         LINE#         105
  C:290CH         LINE#         106
  -------         ENDPROC       _PRODUCTE_SEND_CMD
  -------         PROC          _PUTCHAR
BL51 BANKED LINKER/LOCATER V6.22                                                      09/07/2020  17:02:57  PAGE 28


  D:0006H         SYMBOL        c
  C:2A97H         LINE#         111
  C:2A99H         LINE#         112
  C:2A99H         LINE#         113
  C:2A9CH         LINE#         114
  C:2A9CH         LINE#         115
  -------         ENDPROC       _PUTCHAR
  -------         PROC          UART1_RPT
  -------         DO            
  D:0007H         SYMBOL        Data
  -------         ENDDO         
  C:25C5H         LINE#         118
  C:25D2H         LINE#         120
  C:25D2H         LINE#         121
  C:25D7H         LINE#         122
  C:25D7H         LINE#         123
  C:25D9H         LINE#         125
  C:25DCH         LINE#         127
  C:25E6H         LINE#         128
  C:25E6H         LINE#         129
  C:25E6H         LINE#         130
  C:25EAH         LINE#         131
  C:25EAH         LINE#         132
  C:25EEH         LINE#         133
  C:25F4H         LINE#         135
  C:25FAH         LINE#         139
  C:25FAH         LINE#         140
  C:25FCH         LINE#         141
  C:25FCH         LINE#         143
  C:2601H         LINE#         145
  C:2607H         LINE#         147
  C:2607H         LINE#         149
  C:2607H         LINE#         152
  C:2607H         LINE#         153
  -------         ENDPROC       UART1_RPT
  -------         ENDMOD        UART

  -------         MODULE        KEY
  C:0000H         SYMBOL        _ICE_DUMMY_
  D:0080H         PUBLIC        P0
  D:0090H         PUBLIC        P1
  D:00A0H         PUBLIC        P2
  D:00B0H         PUBLIC        P3
  C:1FDDH         SYMBOL        Calibration_key_driver
  D:00A8H         PUBLIC        IE
  D:00F8H         PUBLIC        RSTFR
  B:00A0H.5       PUBLIC        P2_5
  B:00B0H.5       PUBLIC        P3_5
  B:00A0H.6       PUBLIC        P2_6
  D:0098H         PUBLIC        SCON
  D:0088H         PUBLIC        TCON
  C:1F26H         SYMBOL        key_driver
  X:00E5H         PUBLIC        calibration_std
  D:00B8H         PUBLIC        IE1
  D:00D8H         PUBLIC        IE2
  C:2419H         PUBLIC        key_scan
  C:000EH         PUBLIC        key_init
BL51 BANKED LINKER/LOCATER V6.22                                                      09/07/2020  17:02:57  PAGE 29


  D:00D0H         PUBLIC        PSW
  -------         PROC          KEY_INIT
  C:000EH         LINE#         7
  C:000EH         LINE#         8
  C:000EH         LINE#         9
  C:0014H         LINE#         10
  C:0018H         LINE#         11
  C:001CH         LINE#         12
  C:0020H         LINE#         13
  -------         ENDPROC       KEY_INIT
  -------         PROC          KEY_DRIVER
  -------         DO            
  X:00DCH         SYMBOL        key_state
  X:00DDH         SYMBOL        key_time
  X:0001H         SYMBOL        key_press
  X:0002H         SYMBOL        key_return
  -------         ENDDO         
  C:1F26H         LINE#         16
  C:1F26H         LINE#         17
  C:1F26H         LINE#         22
  C:1F2BH         LINE#         24
  C:1F32H         LINE#         25
  C:1F49H         LINE#         26
  C:1F49H         LINE#         27
  C:1F49H         LINE#         28
  C:1F52H         LINE#         29
  C:1F52H         LINE#         30
  C:1F58H         LINE#         31
  C:1F5DH         LINE#         32
  C:1F5DH         LINE#         33
  C:1F5FH         LINE#         35
  C:1F5FH         LINE#         36
  C:1F65H         LINE#         37
  C:1F65H         LINE#         38
  C:1F73H         LINE#         39
  C:1F82H         LINE#         40
  C:1F82H         LINE#         41
  C:1F88H         LINE#         42
  C:1F88H         LINE#         43
  C:1F88H         LINE#         44
  C:1F8AH         LINE#         48
  C:1F8AH         LINE#         49
  C:1F91H         LINE#         50
  C:1F91H         LINE#         51
  C:1F95H         LINE#         52
  C:1F95H         LINE#         53
  C:1F97H         LINE#         55
  C:1F97H         LINE#         56
  C:1FA5H         LINE#         58
  C:1FB4H         LINE#         59
  C:1FB4H         LINE#         60
  C:1FBAH         LINE#         61
  C:1FC0H         LINE#         62
  C:1FC0H         LINE#         63
  C:1FC7H         LINE#         64
  C:1FC7H         LINE#         65
  C:1FC9H         LINE#         67
BL51 BANKED LINKER/LOCATER V6.22                                                      09/07/2020  17:02:57  PAGE 30


  C:1FC9H         LINE#         68
  C:1FD0H         LINE#         69
  C:1FD0H         LINE#         70
  C:1FD0H         LINE#         71
  C:1FD0H         LINE#         72
  C:1FD2H         LINE#         74
  C:1FD2H         LINE#         75
  C:1FD7H         LINE#         76
  C:1FD7H         LINE#         77
  C:1FD7H         LINE#         79
  C:1FDCH         LINE#         81
  -------         ENDPROC       KEY_DRIVER
  -------         PROC          CALIBRATION_KEY_DRIVER
  -------         DO            
  X:00DFH         SYMBOL        key_state
  X:00E0H         SYMBOL        key_time
  X:0001H         SYMBOL        key_press
  X:0002H         SYMBOL        key_return
  -------         ENDDO         
  C:1FDDH         LINE#         82
  C:1FDDH         LINE#         83
  C:1FDDH         LINE#         88
  C:1FE2H         LINE#         90
  C:1FE9H         LINE#         91
  C:2000H         LINE#         92
  C:2000H         LINE#         93
  C:2000H         LINE#         94
  C:2009H         LINE#         95
  C:2009H         LINE#         96
  C:200FH         LINE#         97
  C:2014H         LINE#         98
  C:2014H         LINE#         99
  C:2016H         LINE#         101
  C:2016H         LINE#         102
  C:201CH         LINE#         103
  C:201CH         LINE#         104
  C:202AH         LINE#         105
  C:2039H         LINE#         106
  C:2039H         LINE#         107
  C:203FH         LINE#         108
  C:203FH         LINE#         109
  C:203FH         LINE#         110
  C:2041H         LINE#         114
  C:2041H         LINE#         115
  C:2048H         LINE#         116
  C:2048H         LINE#         117
  C:204CH         LINE#         118
  C:204CH         LINE#         119
  C:204EH         LINE#         121
  C:204EH         LINE#         122
  C:205CH         LINE#         124
  C:206BH         LINE#         125
  C:206BH         LINE#         126
  C:2071H         LINE#         127
  C:2077H         LINE#         128
  C:2077H         LINE#         129
  C:207EH         LINE#         130
BL51 BANKED LINKER/LOCATER V6.22                                                      09/07/2020  17:02:57  PAGE 31


  C:207EH         LINE#         131
  C:2080H         LINE#         133
  C:2080H         LINE#         134
  C:2087H         LINE#         135
  C:2087H         LINE#         136
  C:2087H         LINE#         137
  C:2087H         LINE#         138
  C:2089H         LINE#         140
  C:2089H         LINE#         141
  C:208EH         LINE#         142
  C:208EH         LINE#         143
  C:208EH         LINE#         145
  C:2093H         LINE#         147
  -------         ENDPROC       CALIBRATION_KEY_DRIVER
  -------         PROC          KEY_SCAN
  -------         DO            
  X:00E2H         SYMBOL        key_up
  X:00E3H         SYMBOL        key_pres_time
  -------         ENDDO         
  C:2419H         LINE#         149
  C:2419H         LINE#         150
  C:2419H         LINE#         155
  C:241FH         LINE#         156
  C:241FH         LINE#         157
  C:2422H         LINE#         158
  C:2422H         LINE#         159
  C:2428H         LINE#         160
  C:2428H         LINE#         161
  C:2434H         LINE#         162
  C:2434H         LINE#         163
  C:2439H         LINE#         164
  C:243DH         LINE#         165
  C:2440H         LINE#         166
  C:2442H         LINE#         168
  C:2442H         LINE#         169
  C:2447H         LINE#         170
  C:2447H         LINE#         171
  C:2449H         LINE#         172
  C:245BH         LINE#         173
  C:245BH         LINE#         174
  C:2461H         LINE#         175
  C:2466H         LINE#         176
  C:2469H         LINE#         177
  C:246CH         LINE#         178
  C:246FH         LINE#         179
  C:2472H         LINE#         180
  C:2478H         LINE#         181
  C:247EH         LINE#         183
  C:2490H         LINE#         184
  C:2494H         LINE#         185
  C:2496H         LINE#         186
  -------         ENDPROC       KEY_SCAN
  -------         ENDMOD        KEY

  -------         MODULE        TIMER
  C:0000H         SYMBOL        _ICE_DUMMY_
  D:0080H         PUBLIC        P0
BL51 BANKED LINKER/LOCATER V6.22                                                      09/07/2020  17:02:57  PAGE 32


  D:0090H         PUBLIC        P1
  D:00A0H         PUBLIC        P2
  D:00B0H         PUBLIC        P3
  C:256EH         SYMBOL        set_correct_Value
  B:00A8H.7       PUBLIC        EA
  X:00BFH         PUBLIC        correct_time
  X:00C1H         PUBLIC        over_rang_time_std
  D:00A8H         PUBLIC        IE
  D:00F8H         PUBLIC        RSTFR
  C:2504H         PUBLIC        time_Print
  C:2953H         PUBLIC        _set_time_sec_val
  X:00C2H         PUBLIC        Gap_protect_std
  D:0098H         PUBLIC        SCON
  D:0089H         PUBLIC        TMOD
  D:0088H         PUBLIC        TCON
  X:00C3H         PUBLIC        time_heat
  C:21ECH         PUBLIC        _set_correct_time
  D:00B8H         PUBLIC        IE1
  D:00D8H         PUBLIC        IE2
  X:00C5H         PUBLIC        Heat_start_std
  X:00C6H         PUBLIC        one_heat
  B:00A8H.1       PUBLIC        ET0
  X:00C7H         PUBLIC        temp_time
  B:0088H.5       PUBLIC        TF0
  C:16BEH         PUBLIC        TIMER0_Rpt
  D:008CH         PUBLIC        TH0
  X:00C9H         PUBLIC        time_sec
  D:008AH         PUBLIC        TL0
  B:0088H.4       PUBLIC        TR0
  X:00CBH         PUBLIC        time_cnt
  X:00CCH         PUBLIC        Open_Heat_Value
  X:00CDH         PUBLIC        cnt_heat_time
  X:00CFH         PUBLIC        exti_cail_cnt
  X:00D1H         PUBLIC        On_stay
  C:270EH         SYMBOL        set_heat_val
  C:29EFH         PUBLIC        time0_init
  D:00D0H         PUBLIC        PSW
  C:238FH         PUBLIC        set_time_sec
  -------         PROC          _SET_TIME_SEC_VAL
  D:0006H         SYMBOL        sec
  C:2953H         LINE#         21
  C:2953H         LINE#         22
  C:2953H         LINE#         23
  C:295BH         LINE#         24
  C:295EH         LINE#         25
  -------         ENDPROC       _SET_TIME_SEC_VAL
  -------         PROC          _SET_CORRECT_TIME
  D:0007H         SYMBOL        gap
  C:21ECH         LINE#         27
  C:21ECH         LINE#         28
  C:21ECH         LINE#         30
  C:221AH         LINE#         31
  C:221AH         LINE#         32
  C:221AH         LINE#         33
  C:2223H         LINE#         34
  C:2224H         LINE#         35
  C:2224H         LINE#         36
BL51 BANKED LINKER/LOCATER V6.22                                                      09/07/2020  17:02:57  PAGE 33


  C:222DH         LINE#         37
  C:222EH         LINE#         38
  C:222EH         LINE#         39
  C:2237H         LINE#         40
  C:2238H         LINE#         41
  C:2238H         LINE#         42
  C:2241H         LINE#         43
  C:2242H         LINE#         44
  C:2242H         LINE#         45
  C:224CH         LINE#         46
  C:224DH         LINE#         47
  C:224DH         LINE#         48
  C:2257H         LINE#         49
  C:2258H         LINE#         50
  C:2258H         LINE#         51
  C:2262H         LINE#         52
  C:2263H         LINE#         53
  C:2263H         LINE#         54
  C:2263H         LINE#         55
  C:2263H         LINE#         56
[...]
  C:16E4H         LINE#         201
  C:16E4H         LINE#         202
  C:16EAH         LINE#         203
  C:16F3H         LINE#         204
  C:16F3H         LINE#         205
  C:16F6H         LINE#         207
  C:16FDH         LINE#         208
  C:16FDH         LINE#         209
  C:170BH         LINE#         210
  C:171AH         LINE#         211
  C:171AH         LINE#         212
  C:171FH         LINE#         213
  C:1725H         LINE#         214
  C:172AH         LINE#         216
  C:172AH         LINE#         218
  C:172AH         LINE#         219
  C:1739H         LINE#         220
  C:1739H         LINE#         222
  C:1745H         LINE#         223
  C:174DH         LINE#         224
  C:174DH         LINE#         226
  C:175BH         LINE#         229
  C:176AH         LINE#         230
  C:176AH         LINE#         231
  C:1770H         LINE#         232
  C:1773H         LINE#         233
  C:1779H         LINE#         234
  C:177FH         LINE#         235
  C:177FH         LINE#         236
  C:177FH         LINE#         237
  C:1781H         LINE#         239
  C:1781H         LINE#         240
  C:1787H         LINE#         241
  C:1787H         LINE#         242
  C:178CH         LINE#         243
BL51 BANKED LINKER/LOCATER V6.22                                                      09/07/2020  17:02:57  PAGE 36


  C:1793H         LINE#         244
  C:1799H         LINE#         245
  C:179DH         LINE#         246
  C:17A1H         LINE#         247
  C:17A4H         LINE#         248
  C:17ADH         LINE#         249
  C:17ADH         LINE#         250
  C:17ADH         LINE#         252
  C:17B2H         LINE#         253
  C:17B2H         LINE#         254
  C:17B4H         LINE#         256
  C:17BBH         LINE#         257
  C:17BBH         LINE#         258
  C:17D0H         LINE#         259
  C:17D0H         LINE#         260
  C:17D5H         LINE#         261
  C:17DBH         LINE#         262
  C:17DBH         LINE#         263
  C:17DBH         LINE#         264
  -------         ENDPROC       TIMER0_RPT
  -------         PROC          TIME_PRINT
  C:2504H         LINE#         266
  C:2504H         LINE#         267
  C:2504H         LINE#         268
  C:252EH         LINE#         269
  C:252EH         LINE#         270
  C:252EH         LINE#         271
  C:2534H         LINE#         272
  C:2534H         LINE#         273
  C:2536H         LINE#         274
  C:2536H         LINE#         275
  C:253CH         LINE#         276
  C:253CH         LINE#         277
  C:253EH         LINE#         278
  C:253EH         LINE#         279
  C:2544H         LINE#         280
  C:2544H         LINE#         281
  C:2546H         LINE#         282
  C:2546H         LINE#         283
  C:254CH         LINE#         284
  C:254CH         LINE#         285
  C:254EH         LINE#         286
  C:254EH         LINE#         287
  C:2566H         LINE#         288
  C:256DH         LINE#         289
  C:256DH         LINE#         290
  C:256DH         LINE#         291
  -------         ENDPROC       TIME_PRINT
  -------         ENDMOD        TIMER

  -------         MODULE        PWM
  C:0000H         SYMBOL        _ICE_DUMMY_
  D:0080H         PUBLIC        P0
  D:0090H         PUBLIC        P1
  D:00A0H         PUBLIC        P2
  D:00B0H         PUBLIC        P3
  C:29C0H         PUBLIC        _set_pwm
BL51 BANKED LINKER/LOCATER V6.22                                                      09/07/2020  17:02:57  PAGE 37


  D:00A8H         PUBLIC        IE
  D:00F8H         PUBLIC        RSTFR
  D:0098H         PUBLIC        SCON
  D:0088H         PUBLIC        TCON
  X:00EDH         PUBLIC        pwm_period
  D:00B8H         PUBLIC        IE1
  D:00D8H         PUBLIC        IE2
  D:00DDH         PUBLIC        PWM3C
  C:2896H         PUBLIC        _pwm_init
  D:00DFH         PUBLIC        PWM3D
  D:00DEH         PUBLIC        PWM3P
  D:00D0H         PUBLIC        PSW
  -------         PROC          _SET_PWM
  D:0007H         SYMBOL        duty
  -------         DO            
  D:0004H         SYMBOL        tep
  -------         ENDDO         
  C:29C0H         LINE#         4
  C:29C0H         LINE#         5
  C:29C0H         LINE#         6
  C:29D5H         LINE#         7
  C:29D7H         LINE#         8
  -------         ENDPROC       _SET_PWM
  -------         PROC          _PWM_INIT
  D:0006H         SYMBOL        hz
  C:2896H         LINE#         10
  C:2896H         LINE#         11
  C:2896H         LINE#         12
  C:289CH         LINE#         13
  C:28A1H         LINE#         21
  C:28B2H         LINE#         22
  C:28B4H         LINE#         24
  C:28B7H         LINE#         25
  -------         ENDPROC       _PWM_INIT
  -------         ENDMOD        PWM

  -------         MODULE        ADC
  C:0000H         SYMBOL        _ICE_DUMMY_
  D:0080H         PUBLIC        P0
  D:0090H         PUBLIC        P1
  D:00A0H         PUBLIC        P2
  D:00B0H         PUBLIC        P3
  D:00A8H         PUBLIC        IE
  D:00F8H         PUBLIC        RSTFR
  C:17F6H         PUBLIC        _get_voltage
  D:00B6H         PUBLIC        ADCR
  C:2A1BH         PUBLIC        get_adc_val_ch
  D:0098H         PUBLIC        SCON
  D:0088H         PUBLIC        TCON
  D:00B4H         PUBLIC        ADCC0
  D:00B5H         PUBLIC        ADCC1
  D:00B8H         PUBLIC        IE1
  C:29A5H         PUBLIC        adc_init
  D:00D8H         PUBLIC        IE2
  C:2A05H         PUBLIC        get_adc_val
  D:00D0H         PUBLIC        PSW
  -------         PROC          ADC_INIT
BL51 BANKED LINKER/LOCATER V6.22                                                      09/07/2020  17:02:57  PAGE 38


  C:29A5H         LINE#         5
  C:29A5H         LINE#         6
  C:29A5H         LINE#         7
  C:29ABH         LINE#         8
  C:29AFH         LINE#         9
  C:29B2H         LINE#         17
  C:29B9H         LINE#         20
  C:29BFH         LINE#         21
  -------         ENDPROC       ADC_INIT
  -------         PROC          GET_ADC_VAL
  -------         DO            
  D:0006H         SYMBOL        adc_val
  -------         ENDDO         
  C:2A05H         LINE#         23
  C:2A05H         LINE#         24
  C:2A05H         LINE#         25
  C:2A08H         LINE#         26
  C:2A0BH         LINE#         28
  C:2A0EH         LINE#         29
  C:2A13H         LINE#         30
  C:2A16H         LINE#         31
  C:2A1AH         LINE#         35
  C:2A1AH         LINE#         36
  -------         ENDPROC       GET_ADC_VAL
  -------         PROC          GET_ADC_VAL_CH
  -------         DO            
  D:0006H         SYMBOL        adc_val_ch
  -------         ENDDO         
  C:2A1BH         LINE#         38
  C:2A1BH         LINE#         39
  C:2A1BH         LINE#         40
  C:2A1EH         LINE#         41
  C:2A21H         LINE#         43
  C:2A24H         LINE#         44
  C:2A29H         LINE#         45
  C:2A2CH         LINE#         46
  C:2A30H         LINE#         49
  C:2A30H         LINE#         50
  -------         ENDPROC       GET_ADC_VAL_CH
  -------         PROC          _GET_VOLTAGE
  X:0006H         SYMBOL        u1_voltage
  X:0009H         SYMBOL        u3_voltage
  -------         DO            
  X:000CH         SYMBOL        temp
  X:0010H         SYMBOL        i
  -------         ENDDO         
  C:17F6H         LINE#         54
  C:1801H         LINE#         55
  C:1801H         LINE#         56
  C:180BH         LINE#         57
  C:1810H         LINE#         58
  C:1811H         LINE#         59
  C:1811H         LINE#         60
  C:1837H         LINE#         61
  C:1843H         LINE#         62
  C:1860H         LINE#         63
  C:1892H         LINE#         64
BL51 BANKED LINKER/LOCATER V6.22                                                      09/07/2020  17:02:57  PAGE 39


  C:189CH         LINE#         65
  C:18A1H         LINE#         66
  C:18A1H         LINE#         67
  C:18C7H         LINE#         68
  C:18D3H         LINE#         69
  C:18F0H         LINE#         70
  -------         ENDPROC       _GET_VOLTAGE
  -------         ENDMOD        ADC

  -------         MODULE        WDT
  C:0000H         SYMBOL        _ICE_DUMMY_
  D:0080H         PUBLIC        P0
  D:0090H         PUBLIC        P1
  D:00A0H         PUBLIC        P2
  D:00B0H         PUBLIC        P3
  D:00A8H         PUBLIC        IE
  D:00F8H         PUBLIC        RSTFR
  D:00BDH         PUBLIC        WDTC
  D:0098H         PUBLIC        SCON
  D:0088H         PUBLIC        TCON
  C:2AA7H         PUBLIC        clear_wdt
  D:00B8H         PUBLIC        IE1
  D:00D8H         PUBLIC        IE2
  C:2A5DH         PUBLIC        _wdt_init
  D:00D0H         PUBLIC        PSW
  -------         PROC          _WDT_INIT
  D:0007H         SYMBOL        time
  C:2A5DH         LINE#         4
  C:2A5DH         LINE#         5
  C:2A5DH         LINE#         6
  C:2A60H         LINE#         12
  C:2A69H         LINE#         14
  -------         ENDPROC       _WDT_INIT
  -------         PROC          CLEAR_WDT
  C:2AA7H         LINE#         16
  C:2AA7H         LINE#         17
  C:2AA7H         LINE#         18
  C:2AAAH         LINE#         19
  -------         ENDPROC       CLEAR_WDT
  -------         ENDMOD        WDT

  -------         MODULE        PID
  C:0000H         SYMBOL        _ICE_DUMMY_
  D:0080H         PUBLIC        P0
  D:0090H         PUBLIC        P1
  D:00A0H         PUBLIC        P2
  D:00B0H         PUBLIC        P3
  D:00A8H         PUBLIC        IE
  D:00F8H         PUBLIC        RSTFR
  X:0092H         PUBLIC        spid
  D:0098H         PUBLIC        SCON
  D:0088H         PUBLIC        TCON
  D:00B8H         PUBLIC        IE1
  D:00D8H         PUBLIC        IE2
  C:2A76H         SYMBOL        _?ix1000
  C:28D8H         PUBLIC        PID_Init
  X:00AAH         PUBLIC        PID_RunFlag
BL51 BANKED LINKER/LOCATER V6.22                                                      09/07/2020  17:02:57  PAGE 40


  C:0E01H         PUBLIC        PID_Operation
  D:00D0H         PUBLIC        PSW
  -------         PROC          PID_INIT
  C:28D8H         LINE#         14
  C:28D8H         LINE#         15
  C:28D8H         LINE#         16
  C:28DFH         LINE#         17
  C:28E5H         LINE#         18
  C:28E9H         LINE#         20
  C:28EEH         LINE#         21
  C:28F2H         LINE#         22
  C:28F7H         LINE#         23
  -------         ENDPROC       PID_INIT
  -------         PROC          PID_OPERATION
  -------         DO            
  X:00ABH         SYMBOL        temp
  X:00B7H         SYMBOL        PostSum
  X:00BBH         SYMBOL        NegSum
  -------         ENDDO         
  C:0E01H         LINE#         33
  C:0E01H         LINE#         34
  C:0E01H         LINE#         35
  C:0E14H         LINE#         36
  C:0E1EH         LINE#         37
  C:0E28H         LINE#         38
  C:0E41H         LINE#         39
  C:0E41H         LINE#         40
  C:0E50H         LINE#         41
  C:0E50H         LINE#         42
  C:0E50H         LINE#         43
  C:0E53H         LINE#         45
  C:0E53H         LINE#         46
  C:0E5CH         LINE#         47
  C:0E61H         LINE#         49
  C:0E73H         LINE#         50
  C:0E85H         LINE#         51
  C:0E99H         LINE#         53
  C:0EBBH         LINE#         54
  C:0EBBH         LINE#         55
  C:0EE7H         LINE#         56
  C:0EECH         LINE#         57
  C:0EEEH         LINE#         59
  C:0EEEH         LINE#         60
  C:0F19H         LINE#         61
  C:0F1FH         LINE#         62
  C:0F1FH         LINE#         64
  C:0F3CH         LINE#         65
  C:0F76H         LINE#         66
  C:0F76H         LINE#         67
  C:0FBAH         LINE#         68
  C:0FBFH         LINE#         69
  C:0FC1H         LINE#         71
  C:0FC1H         LINE#         72
  C:1018H         LINE#         73
  C:101EH         LINE#         74
  C:101EH         LINE#         76
  C:103EH         LINE#         77
BL51 BANKED LINKER/LOCATER V6.22                                                      09/07/2020  17:02:57  PAGE 41


  C:105EH         LINE#         78
  C:107EH         LINE#         81
  C:1084H         LINE#         82
  C:1084H         LINE#         83
  C:10AFH         LINE#         84
  C:10B1H         LINE#         86
  C:10B1H         LINE#         87
  C:10DFH         LINE#         88
  C:10DFH         LINE#         90
  C:10E5H         LINE#         91
  C:10E5H         LINE#         92
  C:1113H         LINE#         93
  C:1113H         LINE#         96
  C:1119H         LINE#         97
  C:1119H         LINE#         98
  C:1142H         LINE#         99
  C:1144H         LINE#         101
  C:1144H         LINE#         102
  C:1172H         LINE#         103
  C:1172H         LINE#         105
  C:119DH         LINE#         106
  C:11BFH         LINE#         107
  C:11BFH         LINE#         108
  C:11EBH         LINE#         109
  C:1205H         LINE#         110
  C:1205H         LINE#         111
  C:1216H         LINE#         112
  C:1217H         LINE#         114
  C:1217H         LINE#         115
  C:1220H         LINE#         116
  C:1220H         LINE#         117
  C:1221H         LINE#         126
  C:1221H         LINE#         127
  C:1228H         LINE#         128
  C:1228H         LINE#         129
  -------         ENDPROC       PID_OPERATION
  -------         ENDMOD        PID

  -------         MODULE        ?C?FPADD
  C:002DH         PUBLIC        ?C?FPADD
  C:0029H         PUBLIC        ?C?FPSUB
  -------         ENDMOD        ?C?FPADD

  -------         MODULE        ?C?FPMUL
  C:011EH         PUBLIC        ?C?FPMUL
  -------         ENDMOD        ?C?FPMUL

  -------         MODULE        ?C?FPDIV
  C:0227H         PUBLIC        ?C?FPDIV
  -------         ENDMOD        ?C?FPDIV

  -------         MODULE        ?C?FPCMP
  C:02C6H         PUBLIC        ?C?FPCMP
  C:02C4H         PUBLIC        ?C?FPCMP3
  -------         ENDMOD        ?C?FPCMP

  -------         MODULE        ?C?FCAST
BL51 BANKED LINKER/LOCATER V6.22                                                      09/07/2020  17:02:57  PAGE 42


  C:0347H         PUBLIC        ?C?FCASTC
  C:0342H         PUBLIC        ?C?FCASTI
  C:033DH         PUBLIC        ?C?FCASTL
  -------         ENDMOD        ?C?FCAST

  -------         MODULE        PRINTF
  X:0041H         PUBLIC        ?_PRINTF?BYTE
  X:0041H         PUBLIC        ?_SPRINTF?BYTE
  C:09E9H         PUBLIC        _PRINTF
  C:09E3H         PUBLIC        _SPRINTF
  -------         ENDMOD        PRINTF

  -------         MODULE        ?C?FPROUND
  C:03C5H         PUBLIC        ?C?FPROUND
  -------         ENDMOD        ?C?FPROUND

  -------         MODULE        ?C?FPCONVERT
  C:0402H         PUBLIC        ?C?FPCONVERT
  -------         ENDMOD        ?C?FPCONVERT

  -------         MODULE        ?C?FTNPWR
  C:0537H         PUBLIC        ?C?FTNPWR
  -------         ENDMOD        ?C?FTNPWR

  -------         MODULE        ?C?COPY
  C:0647H         PUBLIC        ?C?COPY
  -------         ENDMOD        ?C?COPY

  -------         MODULE        ?C?CLDPTR
  C:066DH         PUBLIC        ?C?CLDPTR
  -------         ENDMOD        ?C?CLDPTR

  -------         MODULE        ?C?CLDOPTR
  C:0686H         PUBLIC        ?C?CLDOPTR
  -------         ENDMOD        ?C?CLDOPTR

  -------         MODULE        ?C?CSTPTR
  C:06B3H         PUBLIC        ?C?CSTPTR
  -------         ENDMOD        ?C?CSTPTR

  -------         MODULE        ?C?UIDIV
  C:06C5H         PUBLIC        ?C?UIDIV
  -------         ENDMOD        ?C?UIDIV

  -------         MODULE        ?C?IILDX
  C:071AH         PUBLIC        ?C?IILDX
  -------         ENDMOD        ?C?IILDX

  -------         MODULE        ?C?ILDIX
  C:0730H         PUBLIC        ?C?ILDIX
  -------         ENDMOD        ?C?ILDIX

  -------         MODULE        ?C?ISTPTR
  C:0746H         PUBLIC        ?C?ISTPTR
  -------         ENDMOD        ?C?ISTPTR

  -------         MODULE        ?C?LMUL
BL51 BANKED LINKER/LOCATER V6.22                                                      09/07/2020  17:02:57  PAGE 43


  C:0765H         PUBLIC        ?C?LMUL
  -------         ENDMOD        ?C?LMUL

  -------         MODULE        ?C?ULDIV
  C:07F0H         PUBLIC        ?C?ULDIV
  -------         ENDMOD        ?C?ULDIV

  -------         MODULE        ?C?LNEG
  C:0882H         PUBLIC        ?C?LNEG
  -------         ENDMOD        ?C?LNEG

  -------         MODULE        ?C?ULCMP
  C:0890H         PUBLIC        ?C?ULCMP
  -------         ENDMOD        ?C?ULCMP

  -------         MODULE        ?C?LSTXDATA
  C:08A1H         PUBLIC        ?C?LSTXDATA
  -------         ENDMOD        ?C?LSTXDATA

  -------         MODULE        ?C?LSTKXDATA
  C:08ADH         PUBLIC        ?C?LSTKXDATA
  -------         ENDMOD        ?C?LSTKXDATA

  -------         MODULE        ?C?PLDIXDATA
  C:08DEH         PUBLIC        ?C?PLDIXDATA
  -------         ENDMOD        ?C?PLDIXDATA

  -------         MODULE        ?C?PSTXDATA
  C:08F5H         PUBLIC        ?C?PSTXDATA
  -------         ENDMOD        ?C?PSTXDATA

  -------         MODULE        ?C?CCASE
  C:08FEH         PUBLIC        ?C?CCASE
  -------         ENDMOD        ?C?CCASE

  -------         MODULE        ?C?ICASE
  C:0924H         PUBLIC        ?C?ICASE
  -------         ENDMOD        ?C?ICASE

  -------         MODULE        ?C?LIMUL
  C:0951H         PUBLIC        ?C?LIMUL
  -------         ENDMOD        ?C?LIMUL

*** WARNING L16: UNCALLED SEGMENT, IGNORED FOR OVERLAY PROCESS
    SEGMENT: ?PR?PROTECT?MAIN

*** WARNING L16: UNCALLED SEGMENT, IGNORED FOR OVERLAY PROCESS
    SEGMENT: ?PR?RELEASE_HT1621B_PIN?HT1621B

*** WARNING L16: UNCALLED SEGMENT, IGNORED FOR OVERLAY PROCESS
    SEGMENT: ?PR?LCD_HT1621B_ON?LCD_DISPLAY

*** WARNING L16: UNCALLED SEGMENT, IGNORED FOR OVERLAY PROCESS
    SEGMENT: ?PR?LCD_HT1621B_OFF?LCD_DISPLAY

*** WARNING L16: UNCALLED SEGMENT, IGNORED FOR OVERLAY PROCESS
    SEGMENT: ?PR?LCD_TURN_OFF_TIME?LCD_DISPLAY
BL51 BANKED LINKER/LOCATER V6.22                                                      09/07/2020  17:02:57  PAGE 44



*** WARNING L16: UNCALLED SEGMENT, IGNORED FOR OVERLAY PROCESS
    SEGMENT: ?PR?_SET_TIME_SEC_VAL?TIMER

*** WARNING L16: UNCALLED SEGMENT, IGNORED FOR OVERLAY PROCESS
    SEGMENT: ?PR?TIME_PRINT?TIMER

*** WARNING L16: UNCALLED SEGMENT, IGNORED FOR OVERLAY PROCESS
    SEGMENT: ?PR?PID_OPERATION?PID

*** WARNING L15: MULTIPLE CALL TO SEGMENT
    SEGMENT: ?PR?PRINTF?PRINTF
    CALLER1: ?C_C51STARTUP
    CALLER2: ?PR?TIMER0_RPT?TIMER

*** WARNING L15: MULTIPLE CALL TO SEGMENT
    SEGMENT: ?PR?HT1621_ALL_CLEAR?LCD_DISPLAY
    CALLER1: ?C_C51STARTUP
    CALLER2: ?PR?TIMER0_RPT?TIMER

*** WARNING L15: MULTIPLE CALL TO SEGMENT
    SEGMENT: ?PR?_HT1621_WRITE_BYTE?HT1621B
    CALLER1: ?C_C51STARTUP
    CALLER2: ?PR?TIMER0_RPT?TIMER

*** WARNING L15: MULTIPLE CALL TO SEGMENT
    SEGMENT: ?PR?_HT1621_SENDBIT_HIGHT?HT1621B
    CALLER1: ?C_C51STARTUP
    CALLER2: ?PR?TIMER0_RPT?TIMER

*** WARNING L15: MULTIPLE CALL TO SEGMENT
    SEGMENT: ?PR?_HT1621_SENDBIT_LOW?HT1621B
    CALLER1: ?C_C51STARTUP
    CALLER2: ?PR?TIMER0_RPT?TIMER

Program Size: data=21.2 xdata=299 code=10927
LINK/LOCATE RUN COMPLETE.  13 WARNING(S),  0 ERROR(S)
