BL51 BANKED LINKER/LOCATER V6.22                                                        09/04/2020  11:19:54  PAGE 1


BL51 BANKED LINKER/LOCATER V6.22, INVOKED BY:
C:\PROGRAM_LIST\KEIL\C51\BIN\BL51.EXE .\output\STARTUP.obj, .\output\main.obj, .\output\flash.obj, .\output\delay.obj, .
>> \output\ht1621b.obj, .\output\lcd_display.obj, .\output\uart.obj, .\output\key.obj, .\output\timer.obj, .\output\pwm.
>> obj, .\output\adc.obj, .\output\wdt.obj, .\output\PID.obj TO .\output\K9018 PRINT (.\Listings\K9018.m51) RAMSIZE (256
>> ) CODE (0X0000-0X3FFF) XDATA (0X0000-0X01FF)


MEMORY MODEL: LARGE WITH FLOATING POINT ARITHMETIC


INPUT MODULES INCLUDED:
  .\output\STARTUP.obj (?C_STARTUP)
  .\output\main.obj (MAIN)
  .\output\flash.obj (FLASH)
  .\output\delay.obj (DELAY)
  .\output\ht1621b.obj (HT1621B)
  .\output\lcd_display.obj (LCD_DISPLAY)
  .\output\uart.obj (UART)
  .\output\key.obj (KEY)
  .\output\timer.obj (TIMER)
  .\output\pwm.obj (PWM)
  .\output\adc.obj (ADC)
  .\output\wdt.obj (WDT)
  .\output\PID.obj (PID)
  C:\PROGRAM_LIST\KEIL\C51\LIB\C51FPL.LIB (?C?FPADD)
  C:\PROGRAM_LIST\KEIL\C51\LIB\C51FPL.LIB (?C?FPMUL)
  C:\PROGRAM_LIST\KEIL\C51\LIB\C51FPL.LIB (?C?FPDIV)
  C:\PROGRAM_LIST\KEIL\C51\LIB\C51FPL.LIB (?C?FPCMP)
  C:\PROGRAM_LIST\KEIL\C51\LIB\C51FPL.LIB (?C?FCAST)
  C:\PROGRAM_LIST\KEIL\C51\LIB\C51FPL.LIB (PRINTF)
  C:\PROGRAM_LIST\KEIL\C51\LIB\C51FPL.LIB (?C?FPGETOPN)
  C:\PROGRAM_LIST\KEIL\C51\LIB\C51FPL.LIB (?C?FPROUND)
  C:\PROGRAM_LIST\KEIL\C51\LIB\C51FPL.LIB (?C?FPCONVERT)
  C:\PROGRAM_LIST\KEIL\C51\LIB\C51FPL.LIB (?C?FTNPWR)
  C:\PROGRAM_LIST\KEIL\C51\LIB\C51L.LIB (?C_INIT)
  C:\PROGRAM_LIST\KEIL\C51\LIB\C51L.LIB (?C?COPY)
  C:\PROGRAM_LIST\KEIL\C51\LIB\C51L.LIB (?C?CLDPTR)
  C:\PROGRAM_LIST\KEIL\C51\LIB\C51L.LIB (?C?CLDOPTR)
  C:\PROGRAM_LIST\KEIL\C51\LIB\C51L.LIB (?C?CSTPTR)
  C:\PROGRAM_LIST\KEIL\C51\LIB\C51L.LIB (?C?UIDIV)
  C:\PROGRAM_LIST\KEIL\C51\LIB\C51L.LIB (?C?IILDX)
  C:\PROGRAM_LIST\KEIL\C51\LIB\C51L.LIB (?C?ILDIX)
  C:\PROGRAM_LIST\KEIL\C51\LIB\C51L.LIB (?C?ISTPTR)
  C:\PROGRAM_LIST\KEIL\C51\LIB\C51L.LIB (?C?LMUL)
  C:\PROGRAM_LIST\KEIL\C51\LIB\C51L.LIB (?C?ULDIV)
  C:\PROGRAM_LIST\KEIL\C51\LIB\C51L.LIB (?C?LNEG)
  C:\PROGRAM_LIST\KEIL\C51\LIB\C51L.LIB (?C?ULCMP)
  C:\PROGRAM_LIST\KEIL\C51\LIB\C51L.LIB (?C?LSTXDATA)
  C:\PROGRAM_LIST\KEIL\C51\LIB\C51L.LIB (?C?LSTKXDATA)
  C:\PROGRAM_LIST\KEIL\C51\LIB\C51L.LIB (?C?PLDIXDATA)
  C:\PROGRAM_LIST\KEIL\C51\LIB\C51L.LIB (?C?PSTXDATA)
  C:\PROGRAM_LIST\KEIL\C51\LIB\C51L.LIB (?C?CCASE)
  C:\PROGRAM_LIST\KEIL\C51\LIB\C51L.LIB (?C?ICASE)
  C:\PROGRAM_LIST\KEIL\C51\LIB\C51L.LIB (?C?LIMUL)


LINK MAP OF MODULE:  .\output\K9018 (?C_STARTUP)

BL51 BANKED LINKER/LOCATER V6.22                                                      09/04/2020  11:19:54  PAGE 2



            TYPE    BASE      LENGTH    RELOCATION   SEGMENT NAME
            -----------------------------------------------------

            * * * * * * *   D A T A   M E M O R Y   * * * * * * *
            REG     0000H     0008H     ABSOLUTE     "REG BANK 0"
            DATA    0008H     000AH     UNIT         _DATA_GROUP_
                    0012H     000EH                  *** GAP ***
            BIT     0020H.0   0002H.2   UNIT         _BIT_GROUP_
                    0022H.2   0000H.6                *** GAP ***
            IDATA   0023H     0001H     UNIT         ?STACK

            * * * * * * *  X D A T A   M E M O R Y  * * * * * * *
            XDATA   0000H     0071H     UNIT         _XDATA_GROUP_
            XDATA   0071H     0021H     UNIT         ?XD?UART
            XDATA   0092H     0019H     UNIT         ?XD?PID
            XDATA   00ABH     0014H     UNIT         ?XD?PID_OPERATION?PID
            XDATA   00BFH     0013H     UNIT         ?XD?TIMER
            XDATA   00D2H     000AH     UNIT         ?XD?FLASH
            XDATA   00DCH     000AH     UNIT         ?XD?KEY
            XDATA   00E6H     0005H     UNIT         ?XD?MAIN
            XDATA   00EBH     0002H     UNIT         ?XD?LCD_DISPLAY
            XDATA   00EDH     0001H     UNIT         ?XD?PWM
                    00EEH     FD86H                  *** GAP ***
            XDATA   FE74H     0001H     ABSOLUTE     
            XDATA   FE75H     0001H     ABSOLUTE     
            XDATA   FE76H     0001H     ABSOLUTE     
            XDATA   FE77H     0001H     ABSOLUTE     
                    FE78H     0008H                  *** GAP ***
            XDATA   FE80H     0001H     ABSOLUTE     
                    FE81H     0010H                  *** GAP ***
            XDATA   FE91H     0001H     ABSOLUTE     
            XDATA   FE92H     0001H     ABSOLUTE     
            XDATA   FE93H     0001H     ABSOLUTE     
                    FE94H     0001H                  *** GAP ***
            XDATA   FE95H     0001H     ABSOLUTE     
                    FE96H     0005H                  *** GAP ***
            XDATA   FE9BH     0001H     ABSOLUTE     
                    FE9CH     0004H                  *** GAP ***
            XDATA   FEA0H     0001H     ABSOLUTE     
                    FEA1H     0003H                  *** GAP ***
            XDATA   FEA4H     0001H     ABSOLUTE     
            XDATA   FEA5H     0001H     ABSOLUTE     
                    FEA6H     0004H                  *** GAP ***
            XDATA   FEAAH     0001H     ABSOLUTE     
                    FEABH     0005H                  *** GAP ***
            XDATA   FEB0H     0001H     ABSOLUTE     
                    FEB1H     0003H                  *** GAP ***
            XDATA   FEB4H     0001H     ABSOLUTE     
                    FEB5H     0005H                  *** GAP ***
            XDATA   FEBAH     0001H     ABSOLUTE     
                    FEBBH     0002H                  *** GAP ***
            XDATA   FEBDH     0001H     ABSOLUTE     
            XDATA   FEBEH     0001H     ABSOLUTE     
                    FEBFH     0041H                  *** GAP ***
            XDATA   FF00H     0001H     ABSOLUTE     
            XDATA   FF01H     0001H     ABSOLUTE     
BL51 BANKED LINKER/LOCATER V6.22                                                      09/04/2020  11:19:54  PAGE 3


            XDATA   FF02H     0001H     ABSOLUTE     
            XDATA   FF03H     0001H     ABSOLUTE     
            XDATA   FF04H     0001H     ABSOLUTE     
            XDATA   FF05H     0001H     ABSOLUTE     
            XDATA   FF06H     0001H     ABSOLUTE     
            XDATA   FF07H     0001H     ABSOLUTE     
            XDATA   FF08H     0001H     ABSOLUTE     
            XDATA   FF09H     0001H     ABSOLUTE     
            XDATA   FF0AH     0001H     ABSOLUTE     
            XDATA   FF0BH     0001H     ABSOLUTE     
            XDATA   FF0CH     0001H     ABSOLUTE     
            XDATA   FF0DH     0001H     ABSOLUTE     
            XDATA   FF0EH     0001H     ABSOLUTE     
            XDATA   FF0FH     0001H     ABSOLUTE     
            XDATA   FF10H     0001H     ABSOLUTE     
            XDATA   FF11H     0001H     ABSOLUTE     
            XDATA   FF12H     0001H     ABSOLUTE     
            XDATA   FF13H     0001H     ABSOLUTE     
            XDATA   FF14H     0001H     ABSOLUTE     
            XDATA   FF15H     0001H     ABSOLUTE     
            XDATA   FF16H     0001H     ABSOLUTE     
            XDATA   FF17H     0001H     ABSOLUTE     
                    FF18H     0004H                  *** GAP ***
            XDATA   FF1CH     0001H     ABSOLUTE     
            XDATA   FF1DH     0001H     ABSOLUTE     
                    FF1EH     0062H                  *** GAP ***
            XDATA   FF80H     0001H     ABSOLUTE     
            XDATA   FF81H     0001H     ABSOLUTE     
                    FF82H     0001H                  *** GAP ***
            XDATA   FF83H     0001H     ABSOLUTE     
            XDATA   FF84H     0001H     ABSOLUTE     
                    FF85H     000AH                  *** GAP ***
            XDATA   FF8FH     0001H     ABSOLUTE     
            XDATA   FF90H     0001H     ABSOLUTE     
            XDATA   FF91H     0001H     ABSOLUTE     
                    FF92H     000AH                  *** GAP ***
            XDATA   FF9CH     0001H     ABSOLUTE     
                    FF9DH     0003H                  *** GAP ***
            XDATA   FFA0H     0001H     ABSOLUTE     
            XDATA   FFA1H     0001H     ABSOLUTE     
            XDATA   FFA2H     0001H     ABSOLUTE     
            XDATA   FFA3H     0001H     ABSOLUTE     
            XDATA   FFA4H     0001H     ABSOLUTE     
            XDATA   FFA5H     0001H     ABSOLUTE     
            XDATA   FFA6H     0001H     ABSOLUTE     
            XDATA   FFA7H     0001H     ABSOLUTE     

            * * * * * * *   C O D E   M E M O R Y   * * * * * * *
            CODE    0000H     0003H     ABSOLUTE     
            CODE    0003H     0008H     UNIT         ?PR?_FLASH_READ_ADDR?FLASH
            CODE    000BH     0003H     ABSOLUTE     
            CODE    000EH     0013H     UNIT         ?PR?KEY_INIT?KEY
                    0021H     0002H                  *** GAP ***
            CODE    0023H     0003H     ABSOLUTE     
            CODE    0026H     0958H     UNIT         ?C?LIB_CODE
            CODE    097EH     0483H     UNIT         ?PR?PRINTF?PRINTF
            CODE    0E01H     0428H     UNIT         ?PR?PID_OPERATION?PID
BL51 BANKED LINKER/LOCATER V6.22                                                      09/04/2020  11:19:54  PAGE 4


            CODE    1229H     021DH     UNIT         ?PR?_TEMP_CALC?MAIN
            CODE    1446H     013FH     UNIT         ?PR?FLASH_INIT?FLASH
            CODE    1585H     0138H     UNIT         ?PR?TEMPERATURE_HANDLE?MAIN
            CODE    16BDH     0138H     UNIT         ?PR?TIMER0_RPT?TIMER
            CODE    17F5H     012CH     UNIT         ?PR?_GET_VOLTAGE?ADC
            CODE    1921H     0106H     UNIT         ?CO?FLASH
            CODE    1A27H     00FDH     UNIT         ?PR?_LCD_DISPLAY_GAP?LCD_DISPLAY
            CODE    1B24H     00F4H     UNIT         ?PR?KEY_HANDLE?MAIN
            CODE    1C18H     00DEH     UNIT         ?CO?TIMER
            CODE    1CF6H     00BDH     UNIT         ?PR?_SET_TEMP?MAIN
            CODE    1DB3H     00BBH     UNIT         ?PR?_CALIBRATION_TEMPERATURE?MAIN
            CODE    1E6EH     00B7H     UNIT         ?C_INITSEG
            CODE    1F25H     00B7H     UNIT         ?PR?KEY_DRIVER?KEY
            CODE    1FDCH     00B7H     UNIT         ?PR?CALIBRATION_KEY_DRIVER?KEY
            CODE    2093H     00B3H     UNIT         ?CO?MAIN
            CODE    2146H     00A5H     UNIT         ?PR?MAIN?MAIN
            CODE    21EBH     008CH     UNIT         ?C_C51STARTUP
            CODE    2277H     008AH     UNIT         ?PR?_LCD_DISPLAY_TIME?LCD_DISPLAY
            CODE    2301H     008AH     UNIT         ?PR?SET_TIME_SEC?TIMER
            CODE    238BH     007EH     UNIT         ?PR?KEY_SCAN?KEY
            CODE    2409H     0075H     UNIT         ?PR?_SET_CORRECT_TIME?TIMER
            CODE    247EH     006DH     UNIT         ?PR?_FLASH_WRITEARR?FLASH
            CODE    24EBH     006AH     UNIT         ?PR?TIME_PRINT?TIMER
            CODE    2555H     005BH     UNIT         ?PR?SET_CORRECT_VALUE?TIMER
            CODE    25B0H     004DH     UNIT         ?PR?UART1_RPT?UART
            CODE    25FDH     0040H     UNIT         ?PR?_FLASH_READARR?FLASH
            CODE    263DH     003FH     UNIT         ?PR?_HT1621_SENDBIT_HIGHT?HT1621B
            CODE    267CH     003FH     UNIT         ?PR?_HT1621_SENDBIT_LOW?HT1621B
            CODE    26BBH     003EH     UNIT         ?PR?_CONTROLL_HEAT?MAIN
            CODE    26F9H     003CH     UNIT         ?PR?SET_HEAT_VAL?TIMER
            CODE    2735H     0033H     UNIT         ?PR?CHECK_FLASH?FLASH
            CODE    2768H     002DH     UNIT         ?PR?_PRODUCTE_COM_SEND_DATA?UART
            CODE    2795H     002CH     UNIT         ?PR?_HT1621_WRITE_BYTE?HT1621B
            CODE    27C1H     0029H     UNIT         ?PR?UART_INIT?UART
            CODE    27EAH     0028H     UNIT         ?PR?_FLASH_WRITEDATA?FLASH
            CODE    2812H     0027H     UNIT         ?PR?INIT_LCD_HT1621B?LCD_DISPLAY
            CODE    2839H     0026H     UNIT         ?PR?FLAH_SAVE_DATA?FLASH
            CODE    285FH     0022H     UNIT         ?PR?_FLASH_ERASEBLOCK?FLASH
            CODE    2881H     0022H     UNIT         ?PR?_PWM_INIT?PWM
            CODE    28A3H     0020H     UNIT         ?PR?PROTECT?MAIN
            CODE    28C3H     0020H     UNIT         ?PR?PID_INIT?PID
            CODE    28E3H     001FH     UNIT         ?PR?_PRODUCTE_SEND_CMD?UART
            CODE    2902H     001EH     UNIT         ?PR?HT1621_ALL_DISPLAY?LCD_DISPLAY
            CODE    2920H     001EH     UNIT         ?PR?HT1621_ALL_CLEAR?LCD_DISPLAY
            CODE    293EH     001CH     UNIT         ?PR?_SET_TIME_SEC_VAL?TIMER
            CODE    295AH     001BH     UNIT         ?PR?HT1621_INIT_PIN?HT1621B
            CODE    2975H     001BH     UNIT         ?PR?_HT1621_SEND_CMD?HT1621B
            CODE    2990H     001BH     UNIT         ?PR?ADC_INIT?ADC
            CODE    29ABH     0018H     UNIT         ?PR?_SET_PWM?PWM
            CODE    29C3H     0017H     UNIT         ?PR?_DELAY_MS?DELAY
            CODE    29DAH     0016H     UNIT         ?PR?TIME0_INIT?TIMER
            CODE    29F0H     0016H     UNIT         ?PR?GET_ADC_VAL?ADC
            CODE    2A06H     0016H     UNIT         ?PR?GET_ADC_VAL_CH?ADC
            CODE    2A1CH     0010H     UNIT         ?PR?DEVICE_INIT?MAIN
            CODE    2A2CH     000EH     UNIT         ?PR?_DELAY_US?DELAY
            CODE    2A3AH     000EH     UNIT         ?PR?LCD_TURN_OFF_TIME?LCD_DISPLAY
            CODE    2A48H     000DH     UNIT         ?PR?_WDT_INIT?WDT
BL51 BANKED LINKER/LOCATER V6.22                                                      09/04/2020  11:19:54  PAGE 5


            CODE    2A55H     000CH     UNIT         ?PR?_HAL_UART_PUTCHAR?UART
            CODE    2A61H     000CH     UNIT         ?CO?PID
            CODE    2A6DH     0009H     UNIT         ?PR?RELEASE_HT1621B_PIN?HT1621B
            CODE    2A76H     0006H     UNIT         ?PR?GET_DEVICE_STATE?FLASH
            CODE    2A7CH     0006H     UNIT         ?PR?_SET_DEVICE_STATE?FLASH
            CODE    2A82H     0006H     UNIT         ?PR?_PUTCHAR?UART
            CODE    2A88H     0005H     UNIT         ?PR?LCD_HT1621B_ON?LCD_DISPLAY
            CODE    2A8DH     0005H     UNIT         ?PR?LCD_HT1621B_OFF?LCD_DISPLAY
            CODE    2A92H     0004H     UNIT         ?PR?CLEAR_WDT?WDT
            CODE    2A96H     0003H     UNIT         ?PR?_LCD_DELAY_US?DELAY
            CODE    2A99H     0003H     UNIT         ?PR?_PRODUCTE_COM_SEND_ONE_BIT?UART



OVERLAY MAP OF MODULE:   .\output\K9018 (?C_STARTUP)


SEGMENT                                        BIT_GROUP          DATA_GROUP          XDATA_GROUP
  +--> CALLED SEGMENT                       START    LENGTH     START    LENGTH     START    LENGTH
---------------------------------------------------------------------------------------------------
?C_C51STARTUP                               -----    -----      -----    -----      -----    -----
  +--> ?PR?MAIN?MAIN
  +--> ?C_INITSEG

?PR?MAIN?MAIN                               -----    -----      -----    -----      -----    -----
  +--> ?PR?DEVICE_INIT?MAIN
  +--> ?PR?UART_INIT?UART
  +--> ?PR?ADC_INIT?ADC
  +--> ?PR?KEY_INIT?KEY
  +--> ?PR?TIME0_INIT?TIMER
  +--> ?PR?FLASH_INIT?FLASH
  +--> ?PR?_PWM_INIT?PWM
  +--> ?PR?INIT_LCD_HT1621B?LCD_DISPLAY
  +--> ?PR?_DELAY_MS?DELAY
  +--> ?PR?_WDT_INIT?WDT
  +--> ?PR?PID_INIT?PID
  +--> ?PR?_SET_PWM?PWM
  +--> ?CO?MAIN
  +--> ?PR?PRINTF?PRINTF
  +--> ?PR?KEY_HANDLE?MAIN
  +--> ?PR?TEMPERATURE_HANDLE?MAIN
  +--> ?PR?CLEAR_WDT?WDT

?PR?ADC_INIT?ADC                            -----    -----      -----    -----      -----    -----
  +--> ?PR?_DELAY_US?DELAY

?PR?FLASH_INIT?FLASH                        -----    -----      -----    -----      0000H    0001H
  +--> ?PR?CHECK_FLASH?FLASH
  +--> ?CO?FLASH
  +--> ?PR?PRINTF?PRINTF
  +--> ?PR?_FLASH_READARR?FLASH
  +--> ?PR?_FLASH_ERASEBLOCK?FLASH
  +--> ?PR?_FLASH_WRITEARR?FLASH

?PR?CHECK_FLASH?FLASH                       -----    -----      -----    -----      -----    -----
  +--> ?PR?_FLASH_READ_ADDR?FLASH

BL51 BANKED LINKER/LOCATER V6.22                                                      09/04/2020  11:19:54  PAGE 6


?PR?PRINTF?PRINTF                           0021H.1  0001H.1    000DH    0005H      0041H    0030H
  +--> ?PR?_PUTCHAR?UART

?PR?_PUTCHAR?UART                           -----    -----      -----    -----      -----    -----
  +--> ?PR?_HAL_UART_PUTCHAR?UART

?PR?_FLASH_READARR?FLASH                    -----    -----      -----    -----      0008H    0005H

?PR?_FLASH_WRITEARR?FLASH                   -----    -----      -----    -----      0008H    0007H
  +--> ?PR?_FLASH_WRITEDATA?FLASH

?PR?INIT_LCD_HT1621B?LCD_DISPLAY            -----    -----      -----    -----      -----    -----
  +--> ?PR?HT1621_INIT_PIN?HT1621B
  +--> ?PR?_HT1621_SEND_CMD?HT1621B
  +--> ?PR?HT1621_ALL_CLEAR?LCD_DISPLAY
  +--> ?PR?HT1621_ALL_DISPLAY?LCD_DISPLAY

?PR?_HT1621_SEND_CMD?HT1621B                -----    -----      -----    -----      0007H    0001H
  +--> ?PR?_HT1621_SENDBIT_HIGHT?HT1621B

?PR?_HT1621_SENDBIT_HIGHT?HT1621B           -----    -----      -----    -----      0044H    0003H
  +--> ?PR?_LCD_DELAY_US?DELAY

?PR?_LCD_DELAY_US?DELAY                     -----    -----      -----    -----      -----    -----
  +--> ?PR?_DELAY_US?DELAY

?PR?HT1621_ALL_CLEAR?LCD_DISPLAY            -----    -----      -----    -----      0041H    0001H
  +--> ?PR?_HT1621_WRITE_BYTE?HT1621B

?PR?_HT1621_WRITE_BYTE?HT1621B              -----    -----      -----    -----      0042H    0002H
  +--> ?PR?_HT1621_SENDBIT_HIGHT?HT1621B
  +--> ?PR?_HT1621_SENDBIT_LOW?HT1621B

?PR?_HT1621_SENDBIT_LOW?HT1621B             -----    -----      -----    -----      0044H    0003H
  +--> ?PR?_LCD_DELAY_US?DELAY

?PR?HT1621_ALL_DISPLAY?LCD_DISPLAY          -----    -----      -----    -----      0000H    0001H
  +--> ?PR?_HT1621_WRITE_BYTE?HT1621B

?PR?KEY_HANDLE?MAIN                         -----    -----      -----    -----      0000H    0001H
  +--> ?PR?KEY_SCAN?KEY
  +--> ?CO?MAIN
  +--> ?PR?PRINTF?PRINTF
  +--> ?PR?GET_DEVICE_STATE?FLASH
  +--> ?PR?_SET_DEVICE_STATE?FLASH
  +--> ?PR?HT1621_ALL_CLEAR?LCD_DISPLAY
  +--> ?PR?_SET_PWM?PWM
  +--> ?PR?SET_TIME_SEC?TIMER
  +--> ?PR?_SET_CORRECT_TIME?TIMER
  +--> ?PR?_LCD_DISPLAY_GAP?LCD_DISPLAY
  +--> ?PR?_LCD_DISPLAY_TIME?LCD_DISPLAY
  +--> ?PR?FLAH_SAVE_DATA?FLASH

?PR?KEY_SCAN?KEY                            -----    -----      -----    -----      -----    -----
  +--> ?PR?KEY_DRIVER?KEY
  +--> ?PR?CALIBRATION_KEY_DRIVER?KEY
  +--> ?PR?GET_DEVICE_STATE?FLASH
BL51 BANKED LINKER/LOCATER V6.22                                                      09/04/2020  11:19:54  PAGE 7


  +--> ?PR?FLAH_SAVE_DATA?FLASH
  +--> ?PR?_DELAY_MS?DELAY

?PR?KEY_DRIVER?KEY                          -----    -----      -----    -----      0001H    0002H
  +--> ?PR?_DELAY_MS?DELAY

?PR?CALIBRATION_KEY_DRIVER?KEY              -----    -----      -----    -----      0001H    0002H
  +--> ?PR?_DELAY_MS?DELAY

?PR?FLAH_SAVE_DATA?FLASH                    -----    -----      -----    -----      -----    -----
  +--> ?PR?_FLASH_ERASEBLOCK?FLASH
  +--> ?PR?_FLASH_WRITEARR?FLASH
  +--> ?PR?_FLASH_READARR?FLASH

?PR?SET_TIME_SEC?TIMER                      -----    -----      -----    -----      -----    -----
  +--> ?CO?TIMER
  +--> ?PR?PRINTF?PRINTF

?PR?_LCD_DISPLAY_GAP?LCD_DISPLAY            -----    -----      -----    -----      0006H    0001H
  +--> ?PR?_HT1621_SEND_CMD?HT1621B
  +--> ?PR?_HT1621_WRITE_BYTE?HT1621B

?PR?_LCD_DISPLAY_TIME?LCD_DISPLAY           -----    -----      -----    -----      0006H    0001H
  +--> ?PR?_HT1621_SEND_CMD?HT1621B
  +--> ?PR?_HT1621_WRITE_BYTE?HT1621B

?PR?TEMPERATURE_HANDLE?MAIN                 -----    -----      -----    -----      0000H    0006H
  +--> ?PR?_GET_VOLTAGE?ADC
  +--> ?PR?_TEMP_CALC?MAIN
  +--> ?PR?_CALIBRATION_TEMPERATURE?MAIN
  +--> ?CO?MAIN
  +--> ?PR?PRINTF?PRINTF
  +--> ?PR?GET_DEVICE_STATE?FLASH
  +--> ?PR?_LCD_DISPLAY_TIME?LCD_DISPLAY
  +--> ?PR?_LCD_DISPLAY_GAP?LCD_DISPLAY
  +--> ?PR?_SET_TEMP?MAIN
  +--> ?PR?_SET_PWM?PWM
  +--> ?PR?HT1621_ALL_CLEAR?LCD_DISPLAY
  +--> ?PR?_HT1621_SEND_CMD?HT1621B

?PR?_GET_VOLTAGE?ADC                        -----    -----      -----    -----      0006H    000BH
  +--> ?PR?GET_ADC_VAL?ADC
  +--> ?PR?GET_ADC_VAL_CH?ADC

?PR?_TEMP_CALC?MAIN                         -----    -----      -----    -----      0006H    000BH
  +--> ?CO?MAIN
  +--> ?PR?PRINTF?PRINTF

?PR?_CALIBRATION_TEMPERATURE?MAIN           -----    -----      -----    -----      0006H    0002H
  +--> ?PR?_HAL_UART_PUTCHAR?UART
  +--> ?PR?FLAH_SAVE_DATA?FLASH
  +--> ?PR?_PRODUCTE_SEND_CMD?UART

?PR?_PRODUCTE_SEND_CMD?UART                 -----    -----      -----    -----      0008H    0005H
  +--> ?PR?_PRODUCTE_COM_SEND_DATA?UART

?PR?_PRODUCTE_COM_SEND_DATA?UART            -----    -----      -----    -----      000DH    0003H
BL51 BANKED LINKER/LOCATER V6.22                                                      09/04/2020  11:19:54  PAGE 8


  +--> ?PR?_PRODUCTE_COM_SEND_ONE_BIT?UART

?PR?_PRODUCTE_COM_SEND_ONE_BIT?UART         -----    -----      -----    -----      -----    -----
  +--> ?PR?_HAL_UART_PUTCHAR?UART

?PR?_SET_TEMP?MAIN                          -----    -----      -----    -----      0006H    0002H
  +--> ?PR?_CONTROLL_HEAT?MAIN

?PR?_CONTROLL_HEAT?MAIN                     -----    -----      -----    -----      0008H    0004H
  +--> ?PR?_SET_PWM?PWM

*** NEW ROOT ***************************************************

?PR?TIMER0_RPT?TIMER                        -----    -----      -----    -----      -----    -----
  +--> ?PR?GET_DEVICE_STATE?FLASH
  +--> ?PR?SET_HEAT_VAL?TIMER
  +--> ?CO?TIMER
  +--> ?PR?_SET_DEVICE_STATE?FLASH
  +--> ?PR?HT1621_ALL_CLEAR?LCD_DISPLAY
  +--> ?PR?PRINTF?PRINTF

?PR?SET_HEAT_VAL?TIMER                      -----    -----      -----    -----      -----    -----
  +--> ?CO?TIMER
  +--> ?PR?PRINTF?PRINTF
  +--> ?PR?SET_CORRECT_VALUE?TIMER



SYMBOL TABLE OF MODULE:  .\output\K9018 (?C_STARTUP)

  VALUE           TYPE          NAME
  ----------------------------------

  -------         MODULE        ?C_STARTUP
  C:21EBH         SEGMENT       ?C_C51STARTUP
  I:0023H         SEGMENT       ?STACK
  C:0000H         PUBLIC        ?C_STARTUP
  D:00E0H         SYMBOL        ACC
  D:00F0H         SYMBOL        B
  D:0083H         SYMBOL        DPH
  D:0082H         SYMBOL        DPL
  N:0000H         SYMBOL        IBPSTACK
  N:0100H         SYMBOL        IBPSTACKTOP
  N:0080H         SYMBOL        IDATALEN
  C:21EEH         SYMBOL        IDATALOOP
  N:0000H         SYMBOL        PBPSTACK
  N:0100H         SYMBOL        PBPSTACKTOP
  N:0000H         SYMBOL        PDATALEN
  N:0000H         SYMBOL        PDATASTART
  N:0000H         SYMBOL        PPAGE
  N:0000H         SYMBOL        PPAGEENABLE
  D:00A0H         SYMBOL        PPAGE_SFR
  D:0081H         SYMBOL        SP
  C:21EBH         SYMBOL        STARTUP1
  N:0000H         SYMBOL        XBPSTACK
  N:0000H         SYMBOL        XBPSTACKTOP
  N:0000H         SYMBOL        XDATALEN
BL51 BANKED LINKER/LOCATER V6.22                                                      09/04/2020  11:19:54  PAGE 9


  N:0000H         SYMBOL        XDATASTART
  C:0000H         LINE#         126
  C:21EBH         LINE#         133
  C:21EDH         LINE#         134
  C:21EEH         LINE#         135
  C:21EFH         LINE#         136
  C:21F1H         LINE#         185
  C:21F4H         LINE#         196
  -------         ENDMOD        ?C_STARTUP

  -------         MODULE        MAIN
  C:0000H         SYMBOL        _ICE_DUMMY_
  X:FF08H         PUBLIC        P1M0
  X:FF01H         PUBLIC        P0M1
  X:FF10H         PUBLIC        P2M0
  X:FF09H         PUBLIC        P1M1
  X:FF02H         PUBLIC        P0M2
  D:0080H         PUBLIC        P0
  X:FF11H         PUBLIC        P2M1
  X:FF0AH         PUBLIC        P1M2
  X:FF03H         PUBLIC        P0M3
  D:0090H         PUBLIC        P1
  X:FF12H         PUBLIC        P2M2
  X:FF0BH         PUBLIC        P1M3
  X:FF04H         PUBLIC        P0M4
  D:00A0H         PUBLIC        P2
  X:FF13H         PUBLIC        P2M3
  X:FF0CH         PUBLIC        P1M4
  X:FF05H         PUBLIC        P0M5
  D:00B0H         PUBLIC        P3
  X:FF14H         PUBLIC        P2M4
  X:FF0DH         PUBLIC        P1M5
  X:FF06H         PUBLIC        P0M6
  X:FF1CH         PUBLIC        P3M4
  X:FF15H         PUBLIC        P2M5
  X:FF0EH         PUBLIC        P1M6
  X:FF07H         PUBLIC        P0M7
  X:FF1DH         PUBLIC        P3M5
  X:FF16H         PUBLIC        P2M6
  X:FF0FH         PUBLIC        P1M7
  B:00A8H.7       PUBLIC        EA
  C:1585H         PUBLIC        temperature_handle
  X:FF17H         PUBLIC        P2M7
  X:FEBDH         PUBLIC        TRMEN
  C:2A1CH         PUBLIC        device_init
  X:FE75H         PUBLIC        CTKVS
  D:00A8H         PUBLIC        IE
  D:00F8H         PUBLIC        RSTFR
  X:FF91H         PUBLIC        PWM01_MAP
  X:FFA3H         PUBLIC        SDA_MAP
  C:1B24H         SYMBOL        key_handle
  X:FFA5H         PUBLIC        SCK_MAP
  X:FFA2H         PUBLIC        SCL_MAP
  C:1CF6H         PUBLIC        _Set_Temp
  C:2146H         PUBLIC        main
  C:1DB3H         PUBLIC        _calibration_temperature
  X:FEA4H         PUBLIC        BORC
BL51 BANKED LINKER/LOCATER V6.22                                                      09/04/2020  11:19:54  PAGE 10


  X:FE77H         PUBLIC        DSCR
  C:1229H         PUBLIC        _temp_calc
  X:FFA1H         PUBLIC        RXD_MAP
  X:FEA5H         PUBLIC        BORDBC
  X:FFA0H         PUBLIC        TXD_MAP
  X:FEBAH         PUBLIC        PINTE2
  D:0098H         PUBLIC        SCON
  D:0088H         PUBLIC        TCON
  C:26BBH         PUBLIC        _Controll_Heat
  X:FE95H         PUBLIC        SPOV_RSTEN
  X:FE74H         PUBLIC        RBCSEL
  X:FE9BH         PUBLIC        ADCC2
  X:FE76H         PUBLIC        CTKCLK
  X:FE91H         PUBLIC        CLKDIV
  D:00B8H         PUBLIC        IE1
  D:00D8H         PUBLIC        IE2
  X:FF80H         PUBLIC        T0_MAP
  X:FF81H         PUBLIC        T1_MAP
  X:FEAAH         PUBLIC        RSTDBC
  X:FF83H         PUBLIC        T3_MAP
  X:FF84H         PUBLIC        T4_MAP
  X:FEA0H         PUBLIC        WDTCCR
  X:FEBEH         PUBLIC        TRMV
  X:00E7H         PUBLIC        fault_std
  X:00E8H         PUBLIC        adc_cnt
  X:FE93H         PUBLIC        CLKOUT
  D:008EH         PUBLIC        CLKSWR
  X:00EAH         PUBLIC        first_heat_std
  X:FF90H         PUBLIC        PWM0_MAP
  C:28A3H         PUBLIC        Protect
  X:FFA4H         PUBLIC        SS_MAP
  X:FE80H         PUBLIC        TCON1
  X:FF9CH         PUBLIC        PWM3_MAP
  X:FF8FH         PUBLIC        CLKO_MAP
  X:FE92H         PUBLIC        FREQ_CLK
  X:FEB0H         PUBLIC        PITS0
  X:FEB4H         PUBLIC        PITS4
  X:FFA7H         PUBLIC        MISO_MAP
  X:FFA6H         PUBLIC        MOSI_MAP
  D:00D0H         PUBLIC        PSW
  X:FF00H         PUBLIC        P0M0
  -------         PROC          DEVICE_INIT
  C:2A1CH         LINE#         25
  C:2A1CH         LINE#         26
  C:2A1CH         LINE#         29
  C:2A1FH         LINE#         30
  C:2A25H         LINE#         31
  C:2A2BH         LINE#         32
  -------         ENDPROC       DEVICE_INIT
  -------         PROC          KEY_HANDLE
  -------         DO            
  X:0000H         SYMBOL        key_val
  -------         ENDDO         
  C:1B24H         LINE#         35
  C:1B24H         LINE#         36
  C:1B24H         LINE#         37
  C:1B29H         LINE#         38
BL51 BANKED LINKER/LOCATER V6.22                                                      09/04/2020  11:19:54  PAGE 11


  C:1B2FH         LINE#         39
  C:1B2FH         LINE#         40
  C:1B37H         LINE#         41
  C:1B39H         LINE#         43
  C:1B39H         LINE#         44
  C:1B3EH         LINE#         45
  C:1B3EH         LINE#         46
  C:1B4CH         LINE#         47
  C:1B4CH         LINE#         48
  C:1B55H         LINE#         50
  C:1B5BH         LINE#         51
  C:1B5BH         LINE#         53
  C:1B60H         LINE#         54
  C:1B63H         LINE#         55
  C:1B68H         LINE#         56
  C:1B68H         LINE#         58
  C:1B68H         LINE#         59
  C:1B6DH         LINE#         60
  C:1B70H         LINE#         62
  C:1B76H         LINE#         63
  C:1B7EH         LINE#         64
  C:1B86H         LINE#         65
  C:1B8EH         LINE#         67
  C:1B8EH         LINE#         68
  C:1B8EH         LINE#         69
  C:1B97H         LINE#         70
  C:1B97H         LINE#         74
  C:1B9FH         LINE#         75
  C:1B9FH         LINE#         77
  C:1BA8H         LINE#         78
  C:1BB1H         LINE#         79
  C:1BB1H         LINE#         80
  C:1BB4H         LINE#         82
  C:1BB6H         LINE#         84
  C:1BB6H         LINE#         85
  C:1BBCH         LINE#         86
  C:1BBCH         LINE#         87
  C:1BC6H         LINE#         88
  C:1BC6H         LINE#         89
  C:1BCBH         LINE#         90
  C:1BCBH         LINE#         91
  C:1BCEH         LINE#         92
  C:1BD0H         LINE#         93
  C:1BD6H         LINE#         94
  C:1BD6H         LINE#         95
  C:1BDCH         LINE#         96
  C:1BDCH         LINE#         97
  C:1BDCH         LINE#         99
  C:1BE2H         LINE#         100
  C:1BE5H         LINE#         101
  C:1BEDH         LINE#         103
  C:1BEDH         LINE#         104
  C:1BEFH         LINE#         105
  C:1BF6H         LINE#         106
  C:1BF6H         LINE#         108
  C:1BFFH         LINE#         109
  C:1BFFH         LINE#         110
BL51 BANKED LINKER/LOCATER V6.22                                                      09/04/2020  11:19:54  PAGE 12


  C:1C02H         LINE#         111
  C:1C04H         LINE#         113
  C:1C04H         LINE#         114
  C:1C09H         LINE#         115
  C:1C09H         LINE#         118
  C:1C11H         LINE#         119
  C:1C14H         LINE#         120
  C:1C17H         LINE#         121
  C:1C17H         LINE#         122
  C:1C17H         LINE#         123
  -------         ENDPROC       KEY_HANDLE
  -------         PROC          _CALIBRATION_TEMPERATURE
  X:0006H         SYMBOL        temper
  -------         DO            
  D:0007H         SYMBOL        temp1
  -------         ENDDO         
  C:1DB3H         LINE#         126
  C:1DBBH         LINE#         127
  C:1DBBH         LINE#         128
  C:1DBBH         LINE#         129
  C:1DCBH         LINE#         130
  C:1DCBH         LINE#         131
  C:1DD1H         LINE#         132
  C:1DD6H         LINE#         133
  C:1DDBH         LINE#         135
  C:1DE5H         LINE#         136
  C:1DE5H         LINE#         137
  C:1DEAH         LINE#         138
  C:1DEAH         LINE#         139
  C:1DF0H         LINE#         140
  C:1DF4H         LINE#         141
  C:1DF6H         LINE#         143
  C:1DF6H         LINE#         144
  C:1E03H         LINE#         146
  C:1E06H         LINE#         147
  C:1E0CH         LINE#         148
  C:1E0CH         LINE#         149
  C:1E1CH         LINE#         150
  C:1E1CH         LINE#         151
  C:1E21H         LINE#         152
  C:1E23H         LINE#         153
  C:1E23H         LINE#         154
  C:1E26H         LINE#         155
  C:1E2DH         LINE#         156
  C:1E2DH         LINE#         157
  C:1E2DH         LINE#         158
  C:1E35H         LINE#         159
  C:1E35H         LINE#         160
  C:1E49H         LINE#         161
  C:1E49H         LINE#         162
  C:1E4DH         LINE#         163
  C:1E4DH         LINE#         164
  C:1E65H         LINE#         165
  C:1E65H         LINE#         166
  C:1E6DH         LINE#         168
  -------         ENDPROC       _CALIBRATION_TEMPERATURE
  -------         PROC          _TEMP_CALC
BL51 BANKED LINKER/LOCATER V6.22                                                      09/04/2020  11:19:54  PAGE 13


  X:0006H         SYMBOL        uR510
  X:0008H         SYMBOL        uRw
  -------         DO            
  X:000AH         SYMBOL        i
  X:000BH         SYMBOL        basi_tmp
  X:000CH         SYMBOL        k
  X:000DH         SYMBOL        u1
  -------         ENDDO         
  C:1229H         LINE#         172
  C:123BH         LINE#         173
  C:123BH         LINE#         174
  C:1240H         LINE#         175
  C:1244H         LINE#         176
  C:1248H         LINE#         177
  C:1250H         LINE#         179
  C:126FH         LINE#         180
  C:126FH         LINE#         181
  C:1272H         LINE#         182
  C:1272H         LINE#         185
  C:12EAH         LINE#         186
  C:1302H         LINE#         187
  C:1302H         LINE#         188
  C:1307H         LINE#         189
  C:1307H         LINE#         190
  C:1324H         LINE#         191
  C:1341H         LINE#         192
  C:135BH         LINE#         193
  C:135BH         LINE#         194
  C:135FH         LINE#         195
  C:135FH         LINE#         197
  C:137EH         LINE#         199
  C:13A4H         LINE#         200
  C:13A4H         LINE#         201
  C:13A4H         LINE#         202
  C:13A4H         LINE#         203
  C:13C3H         LINE#         204
  C:13C9H         LINE#         205
  C:13E5H         LINE#         206
  C:13E5H         LINE#         207
  C:13E5H         LINE#         208
  C:13E5H         LINE#         212
  C:13EEH         LINE#         214
  C:13F0H         LINE#         216
  C:13F0H         LINE#         217
  C:13F0H         LINE#         218
  C:13F0H         LINE#         219
  C:140FH         LINE#         220
  C:1415H         LINE#         221
  C:142FH         LINE#         222
  C:142FH         LINE#         223
  C:142FH         LINE#         224
  C:142FH         LINE#         229
  C:143EH         LINE#         232
  C:143EH         LINE#         235
  C:1445H         LINE#         236
  -------         ENDPROC       _TEMP_CALC
  -------         PROC          TEMPERATURE_HANDLE
BL51 BANKED LINKER/LOCATER V6.22                                                      09/04/2020  11:19:54  PAGE 14


  -------         DO            
  X:0000H         SYMBOL        temp
  X:0002H         SYMBOL        adc_val1
  X:0004H         SYMBOL        adc_val3
  X:00E6H         SYMBOL        error_std
  -------         ENDDO         
  C:1585H         LINE#         240
  C:1585H         LINE#         241
  C:1585H         LINE#         242
  C:158CH         LINE#         243
  C:1594H         LINE#         245
  C:15A2H         LINE#         247
  C:15B4H         LINE#         248
  C:15B4H         LINE#         249
  C:15B8H         LINE#         250
  C:15CEH         LINE#         253
  C:15E7H         LINE#         255
  C:15F2H         LINE#         256
  C:1603H         LINE#         258
  C:1615H         LINE#         259
  C:1615H         LINE#         260
  C:161BH         LINE#         261
  C:161BH         LINE#         262
  C:1622H         LINE#         263
  C:1622H         LINE#         264
  C:1624H         LINE#         265
  C:1638H         LINE#         266
  C:1638H         LINE#         267
  C:1639H         LINE#         268
  C:163EH         LINE#         269
  C:1640H         LINE#         271
  C:1640H         LINE#         272
  C:1641H         LINE#         273
  C:1646H         LINE#         274
  C:164AH         LINE#         275
  C:164AH         LINE#         276
  C:164AH         LINE#         278
  C:1652H         LINE#         279
  C:165AH         LINE#         280
  C:1665H         LINE#         281
  C:1667H         LINE#         283
  C:1667H         LINE#         284
  C:166EH         LINE#         285
  C:166EH         LINE#         286
  C:1673H         LINE#         287
  C:1676H         LINE#         288
  C:167EH         LINE#         289
  C:1684H         LINE#         290
  C:1686H         LINE#         292
  C:1686H         LINE#         293
  C:168BH         LINE#         294
  C:1690H         LINE#         295
  C:1695H         LINE#         296
  C:1695H         LINE#         297
  C:1695H         LINE#         298
  C:169AH         LINE#         299
  C:169BH         LINE#         301
BL51 BANKED LINKER/LOCATER V6.22                                                      09/04/2020  11:19:54  PAGE 15


  C:169BH         LINE#         302
  C:16A0H         LINE#         303
  C:16A4H         LINE#         304
  C:16A7H         LINE#         305
  C:16ACH         LINE#         306
  C:16B2H         LINE#         307
  C:16B6H         LINE#         308
  C:16BCH         LINE#         309
  C:16BCH         LINE#         311
  C:16BCH         LINE#         314
  -------         ENDPROC       TEMPERATURE_HANDLE
  -------         PROC          MAIN
  C:2146H         LINE#         319
  C:2146H         LINE#         320
  C:2146H         LINE#         321
  C:2149H         LINE#         323
  C:214CH         LINE#         324
  C:214FH         LINE#         325
  C:2151H         LINE#         326
  C:2154H         LINE#         327
  C:2157H         LINE#         328
  C:215AH         LINE#         329
  C:2161H         LINE#         330
  C:2164H         LINE#         331
  C:216BH         LINE#         332
  C:2170H         LINE#         333
  C:2173H         LINE#         334
  C:2178H         LINE#         335
  C:2181H         LINE#         336
  C:2194H         LINE#         337
  C:21ABH         LINE#         338
  C:21C1H         LINE#         339
  C:21D7H         LINE#         340
  C:21E0H         LINE#         342
  C:21E0H         LINE#         343
  C:21E0H         LINE#         344
  C:21E3H         LINE#         345
  C:21E6H         LINE#         348
  C:21E9H         LINE#         350
  -------         ENDPROC       MAIN
  -------         PROC          _CONTROLL_HEAT
  X:0008H         SYMBOL        temp_set
  X:000AH         SYMBOL        temp_now
  C:26BBH         LINE#         354
  C:26C9H         LINE#         355
  C:26C9H         LINE#         357
  C:26CFH         LINE#         358
  C:26CFH         LINE#         361
  C:26D1H         LINE#         362
  C:26D3H         LINE#         363
  C:26F3H         LINE#         364
  C:26F3H         LINE#         366
  C:26F8H         LINE#         367
  C:26F8H         LINE#         368
  -------         ENDPROC       _CONTROLL_HEAT
  -------         PROC          _SET_TEMP
  X:0006H         SYMBOL        temp
BL51 BANKED LINKER/LOCATER V6.22                                                      09/04/2020  11:19:54  PAGE 16


  C:1CF6H         LINE#         370
  C:1CFEH         LINE#         371
  C:1CFEH         LINE#         372
  C:1D05H         LINE#         373
  C:1D05H         LINE#         375
  C:1D0FH         LINE#         376
  C:1D12H         LINE#         378
  C:1D12H         LINE#         380
  C:1D43H         LINE#         381
  C:1D43H         LINE#         382
  C:1D43H         LINE#         383
  C:1D4DH         LINE#         384
  C:1D4FH         LINE#         385
  C:1D4FH         LINE#         386
  C:1D59H         LINE#         387
  C:1D5BH         LINE#         388
  C:1D5BH         LINE#         389
  C:1D65H         LINE#         390
  C:1D67H         LINE#         391
  C:1D67H         LINE#         392
  C:1D71H         LINE#         393
  C:1D73H         LINE#         394
  C:1D73H         LINE#         395
  C:1D7DH         LINE#         396
  C:1D7FH         LINE#         397
  C:1D7FH         LINE#         398
  C:1D89H         LINE#         399
  C:1D8BH         LINE#         400
  C:1D8BH         LINE#         401
  C:1D95H         LINE#         402
  C:1D97H         LINE#         403
  C:1D97H         LINE#         404
  C:1DA1H         LINE#         405
  C:1DA3H         LINE#         406
  C:1DA3H         LINE#         409
  C:1DA3H         LINE#         410
  C:1DB2H         LINE#         411
  C:1DB2H         LINE#         413
  C:1DB2H         LINE#         414
  C:1DB2H         LINE#         415
  -------         ENDPROC       _SET_TEMP
  -------         PROC          PROTECT
  C:28A3H         LINE#         420
  C:28A3H         LINE#         421
  C:28A3H         LINE#         422
  C:28AAH         LINE#         423
  C:28AAH         LINE#         424
  C:28B3H         LINE#         425
  C:28B3H         LINE#         426
  C:28B6H         LINE#         427
  C:28BAH         LINE#         428
  C:28BDH         LINE#         429
  C:28C2H         LINE#         430
  C:28C2H         LINE#         431
  C:28C2H         LINE#         432
  -------         ENDPROC       PROTECT
  -------         ENDMOD        MAIN
BL51 BANKED LINKER/LOCATER V6.22                                                      09/04/2020  11:19:54  PAGE 17



  -------         MODULE        FLASH
  C:0000H         SYMBOL        _ICE_DUMMY_
  D:0080H         PUBLIC        P0
  D:0090H         PUBLIC        P1
  D:00A0H         PUBLIC        P2
  D:00B0H         PUBLIC        P3
  B:00A8H.7       PUBLIC        EA
  C:248AH         PUBLIC        _Flash_WriteArr
  C:0003H         PUBLIC        _flash_read_addr
  D:00A8H         PUBLIC        IE
  D:00FCH         PUBLIC        IAP_CMD
  D:00F8H         PUBLIC        RSTFR
  C:2A76H         PUBLIC        get_device_state
  X:00D2H         PUBLIC        flash_info
  C:2A7CH         PUBLIC        _set_device_state
  C:1446H         PUBLIC        flash_init
  C:2839H         PUBLIC        flah_save_data
  C:285FH         PUBLIC        _Flash_EraseBlock
  D:0098H         PUBLIC        SCON
  D:0088H         PUBLIC        TCON
  D:00B8H         PUBLIC        IE1
  D:00D8H         PUBLIC        IE2
  D:00FBH         PUBLIC        IAP_DATA
  D:00F9H         PUBLIC        IAP_ADDR
  C:27EAH         PUBLIC        _FLASH_WriteData
  C:2735H         SYMBOL        check_flash
  X:00D7H         PUBLIC        flash_check
  C:25FDH         PUBLIC        _Flash_ReadArr
  X:00DBH         PUBLIC        device_state
  D:00D0H         PUBLIC        PSW
  -------         PROC          GET_DEVICE_STATE
  C:2A76H         LINE#         9
  C:2A76H         LINE#         10
  C:2A76H         LINE#         11
  C:2A7BH         LINE#         12
  -------         ENDPROC       GET_DEVICE_STATE
  -------         PROC          _SET_DEVICE_STATE
  D:0007H         SYMBOL        state
  C:2A7CH         LINE#         14
  C:2A7CH         LINE#         15
  C:2A7CH         LINE#         16
  C:2A81H         LINE#         17
  -------         ENDPROC       _SET_DEVICE_STATE
  -------         PROC          _FLASH_ERASEBLOCK
  D:0006H         SYMBOL        addr
  C:285FH         LINE#         27
  C:2866H         LINE#         28
  C:2866H         LINE#         29
  C:286CH         LINE#         30
  C:2870H         LINE#         31
  C:2876H         LINE#         32
  C:287CH         LINE#         33
  -------         ENDPROC       _FLASH_ERASEBLOCK
  -------         PROC          _FLASH_WRITEDATA
  D:0007H         SYMBOL        fuc_SaveData
  D:0004H         SYMBOL        addr
BL51 BANKED LINKER/LOCATER V6.22                                                      09/04/2020  11:19:54  PAGE 18


  C:27EAH         LINE#         43
  C:27F1H         LINE#         44
  C:27F1H         LINE#         45
  C:27F3H         LINE#         46
  C:27F9H         LINE#         47
  C:2801H         LINE#         48
  C:2807H         LINE#         49
  C:280DH         LINE#         50
  -------         ENDPROC       _FLASH_WRITEDATA
  -------         PROC          L?0030
  -------         ENDPROC       L?0030
  -------         PROC          _FLASH_WRITEARR
  X:0008H         SYMBOL        fui_Address
  X:000AH         SYMBOL        len
  X:000BH         SYMBOL        fucp_SaveArr
  -------         DO            
  X:000EH         SYMBOL        i
  -------         ENDDO         
  C:248AH         LINE#         62
  C:24A5H         LINE#         63
  C:24A5H         LINE#         64
  C:24A8H         LINE#         66
  C:24AAH         LINE#         67
  C:24B8H         LINE#         68
  C:24B8H         LINE#         69
  C:24DCH         LINE#         70
  C:24E4H         LINE#         71
  C:24E6H         LINE#         72
  -------         ENDPROC       _FLASH_WRITEARR
  -------         PROC          _FLASH_READ_ADDR
  D:0082H         SYMBOL        address
  -------         DO            
  D:0007H         SYMBOL        val
  -------         ENDDO         
  C:0003H         LINE#         74
  C:0007H         LINE#         75
  C:0007H         LINE#         76
  C:0008H         LINE#         77
  C:000AH         LINE#         78
  C:000AH         LINE#         79
  -------         ENDPROC       _FLASH_READ_ADDR
  -------         PROC          _FLASH_READARR
  X:0008H         SYMBOL        fui_Address
  D:0005H         SYMBOL        fuc_Length
  X:000AH         SYMBOL        fucp_SaveArr
  C:25FDH         LINE#         91
  C:260EH         LINE#         92
  C:260EH         LINE#         93
  C:2614H         LINE#         94
  C:263CH         LINE#         95
  -------         ENDPROC       _FLASH_READARR
  -------         PROC          CHECK_FLASH
  -------         DO            
  D:0005H         SYMBOL        i
  D:0004H         SYMBOL        cnt
  -------         ENDDO         
  C:2735H         LINE#         97
BL51 BANKED LINKER/LOCATER V6.22                                                      09/04/2020  11:19:54  PAGE 19


  C:2735H         LINE#         98
  C:2735H         LINE#         99
  C:2738H         LINE#         101
  C:2738H         LINE#         102
  C:2738H         LINE#         103
  C:2751H         LINE#         104
  C:2751H         LINE#         105
  C:2752H         LINE#         106
  C:2754H         LINE#         107
  C:2757H         LINE#         108
  C:275CH         LINE#         109
  C:2762H         LINE#         110
  C:2765H         LINE#         111
  C:2767H         LINE#         112
  -------         ENDPROC       CHECK_FLASH
  -------         PROC          FLASH_INIT
  -------         DO            
  X:0000H         SYMBOL        init_flag
  -------         ENDDO         
  C:1446H         LINE#         115
  C:1446H         LINE#         116
  C:1446H         LINE#         117
  C:144BH         LINE#         120
  C:1451H         LINE#         122
  C:1457H         LINE#         123
  C:1457H         LINE#         124
  C:145CH         LINE#         125
  C:145EH         LINE#         127
  C:145EH         LINE#         128
  C:1467H         LINE#         129
  C:1476H         LINE#         130
  C:1499H         LINE#         131
  C:14BCH         LINE#         132
  C:14C5H         LINE#         133
  C:14D4H         LINE#         134
  C:14DAH         LINE#         135
  C:14DAH         LINE#         136
  C:14E5H         LINE#         137
  C:14E5H         LINE#         138
  C:14EEH         LINE#         139
  C:14F4H         LINE#         140
  C:14F8H         LINE#         141
  C:14FFH         LINE#         142
  C:150AH         LINE#         143
  C:150DH         LINE#         144
  C:151CH         LINE#         145
  C:1559H         LINE#         146
  C:1562H         LINE#         147
  C:1562H         LINE#         148
  -------         ENDPROC       FLASH_INIT
  -------         PROC          FLAH_SAVE_DATA
  C:2839H         LINE#         152
  C:2839H         LINE#         153
  C:2839H         LINE#         155
  C:2840H         LINE#         156
  C:284DH         LINE#         157
  C:2850H         LINE#         158
BL51 BANKED LINKER/LOCATER V6.22                                                      09/04/2020  11:19:54  PAGE 20


  -------         ENDPROC       FLAH_SAVE_DATA
  -------         ENDMOD        FLASH

  -------         MODULE        DELAY
  C:0000H         SYMBOL        _ICE_DUMMY_
  D:0080H         PUBLIC        P0
  D:0090H         PUBLIC        P1
  D:00A0H         PUBLIC        P2
  D:00B0H         PUBLIC        P3
  D:00A8H         PUBLIC        IE
  D:00F8H         PUBLIC        RSTFR
  D:0098H         PUBLIC        SCON
  D:0088H         PUBLIC        TCON
  D:00B8H         PUBLIC        IE1
  D:00D8H         PUBLIC        IE2
  C:29C3H         PUBLIC        _delay_ms
  C:2A2CH         PUBLIC        _delay_us
  C:2A96H         PUBLIC        _lcd_delay_us
  D:00D0H         PUBLIC        PSW
  -------         PROC          _DELAY_US
  D:0006H         SYMBOL        us
  C:2A2CH         LINE#         4
  C:2A2CH         LINE#         5
  C:2A2CH         LINE#         6
  C:2A35H         LINE#         7
  C:2A35H         LINE#         8
  C:2A37H         LINE#         9
  C:2A39H         LINE#         10
  -------         ENDPROC       _DELAY_US
  -------         PROC          _DELAY_MS
  D:0006H         SYMBOL        ms
  -------         DO            
  D:0004H         SYMBOL        i
  -------         ENDDO         
  C:29C3H         LINE#         12
  C:29C3H         LINE#         13
  C:29C3H         LINE#         15
  C:29C3H         LINE#         16
  C:29C7H         LINE#         17
  C:29D0H         LINE#         18
  C:29D9H         LINE#         19
  -------         ENDPROC       _DELAY_MS
  -------         PROC          _LCD_DELAY_US
  D:0006H         SYMBOL        time
  C:2A96H         LINE#         21
  C:2A96H         LINE#         22
  C:2A96H         LINE#         23
  -------         ENDPROC       _LCD_DELAY_US
  -------         ENDMOD        DELAY

  -------         MODULE        HT1621B
  C:0000H         SYMBOL        _ICE_DUMMY_
  D:0080H         PUBLIC        P0
  D:0090H         PUBLIC        P1
  D:00A0H         PUBLIC        P2
  D:00B0H         PUBLIC        P3
  D:00A8H         PUBLIC        IE
BL51 BANKED LINKER/LOCATER V6.22                                                      09/04/2020  11:19:54  PAGE 21


  B:0090H.0       PUBLIC        P1_0
  B:0090H.1       PUBLIC        P1_1
  D:00F8H         PUBLIC        RSTFR
  B:0080H.6       PUBLIC        P0_6
  B:0080H.7       PUBLIC        P0_7
  C:267CH         PUBLIC        _ht1621_sendbit_low
  D:0098H         PUBLIC        SCON
  D:0088H         PUBLIC        TCON
  D:00B8H         PUBLIC        IE1
  D:00D8H         PUBLIC        IE2
  C:2975H         PUBLIC        _ht1621_send_cmd
  C:2795H         PUBLIC        _ht1621_write_byte
  C:295AH         PUBLIC        ht1621_init_pin
  C:263DH         PUBLIC        _ht1621_sendbit_hight
  C:2A6DH         PUBLIC        release_ht1621b_pin
  D:00D0H         PUBLIC        PSW
  -------         PROC          HT1621_INIT_PIN
  C:295AH         LINE#         6
  C:295AH         LINE#         7
  C:295AH         LINE#         8
  C:2960H         LINE#         9
  C:2964H         LINE#         10
  C:2968H         LINE#         11
  C:296CH         LINE#         13
  C:296EH         LINE#         14
  C:2970H         LINE#         15
  C:2972H         LINE#         16
  C:2974H         LINE#         17
  -------         ENDPROC       HT1621_INIT_PIN
  -------         PROC          _HT1621_SENDBIT_HIGHT
  X:0044H         SYMBOL        dat
  X:0045H         SYMBOL        cnt
  -------         DO            
  X:0046H         SYMBOL        i
  -------         ENDDO         
  C:263DH         LINE#         20
  C:2645H         LINE#         21
  C:2645H         LINE#         22
  C:2648H         LINE#         24
  C:2654H         LINE#         25
  C:2654H         LINE#         26
  C:2656H         LINE#         27
  C:265DH         LINE#         28
  C:2661H         LINE#         30
  C:2663H         LINE#         31
  C:2665H         LINE#         32
  C:266CH         LINE#         33
  C:2673H         LINE#         34
  C:267BH         LINE#         35
  -------         ENDPROC       _HT1621_SENDBIT_HIGHT
  -------         PROC          _HT1621_SENDBIT_LOW
  X:0044H         SYMBOL        dat
  X:0045H         SYMBOL        cnt
  -------         DO            
  X:0046H         SYMBOL        i
  -------         ENDDO         
  C:267CH         LINE#         37
BL51 BANKED LINKER/LOCATER V6.22                                                      09/04/2020  11:19:54  PAGE 22


  C:2684H         LINE#         38
  C:2684H         LINE#         39
  C:2687H         LINE#         41
  C:2693H         LINE#         42
  C:2693H         LINE#         43
  C:2695H         LINE#         44
  C:269CH         LINE#         45
  C:26A0H         LINE#         47
  C:26A2H         LINE#         48
  C:26A4H         LINE#         49
  C:26ABH         LINE#         50
  C:26B2H         LINE#         51
  C:26BAH         LINE#         52
  -------         ENDPROC       _HT1621_SENDBIT_LOW
  -------         PROC          _HT1621_SEND_CMD
  X:0007H         SYMBOL        command
  C:2975H         LINE#         55
  C:297AH         LINE#         56
  C:297AH         LINE#         57
  C:297CH         LINE#         58
  C:2983H         LINE#         59
  C:298DH         LINE#         60
  C:298FH         LINE#         61
  -------         ENDPROC       _HT1621_SEND_CMD
  -------         PROC          _HT1621_WRITE_BYTE
  X:0042H         SYMBOL        addr
  X:0043H         SYMBOL        dat
  C:2795H         LINE#         63
  C:279DH         LINE#         64
  C:279DH         LINE#         65
  C:279FH         LINE#         66
  C:27A6H         LINE#         67
  C:27B4H         LINE#         68
  C:27BEH         LINE#         69
  C:27C0H         LINE#         70
  -------         ENDPROC       _HT1621_WRITE_BYTE
  -------         PROC          RELEASE_HT1621B_PIN
  C:2A6DH         LINE#         72
  C:2A6DH         LINE#         73
  C:2A6DH         LINE#         74
  C:2A6FH         LINE#         75
  C:2A71H         LINE#         76
  C:2A73H         LINE#         77
  C:2A75H         LINE#         78
  -------         ENDPROC       RELEASE_HT1621B_PIN
  -------         ENDMOD        HT1621B

  -------         MODULE        LCD_DISPLAY
  C:0000H         SYMBOL        _ICE_DUMMY_
  D:0080H         PUBLIC        P0
  D:0090H         PUBLIC        P1
  D:00A0H         PUBLIC        P2
  D:00B0H         PUBLIC        P3
  D:00A8H         PUBLIC        IE
  C:2A3AH         PUBLIC        lcd_turn_off_time
  D:00F8H         PUBLIC        RSTFR
  C:2902H         PUBLIC        ht1621_all_display
BL51 BANKED LINKER/LOCATER V6.22                                                      09/04/2020  11:19:54  PAGE 23


  X:00EBH         PUBLIC        Blink_std
  C:2277H         PUBLIC        _lcd_display_time
  X:00ECH         PUBLIC        cali_display_std
  C:1A27H         PUBLIC        _lcd_display_gap
  C:2920H         PUBLIC        ht1621_all_clear
  D:0098H         PUBLIC        SCON
  D:0088H         PUBLIC        TCON
  C:2812H         PUBLIC        init_lcd_ht1621b
  C:2A8DH         PUBLIC        lcd_ht1621b_off
  D:00B8H         PUBLIC        IE1
  D:00D8H         PUBLIC        IE2
  C:2A88H         PUBLIC        lcd_ht1621b_on
  D:00D0H         PUBLIC        PSW
  -------         PROC          LCD_HT1621B_ON
  C:2A88H         LINE#         15
  C:2A88H         LINE#         16
  C:2A88H         LINE#         17
  -------         ENDPROC       LCD_HT1621B_ON
  -------         PROC          LCD_HT1621B_OFF
  C:2A8DH         LINE#         20
  C:2A8DH         LINE#         21
  C:2A8DH         LINE#         22
  -------         ENDPROC       LCD_HT1621B_OFF
  -------         PROC          HT1621_ALL_DISPLAY
  -------         DO            
  X:0000H         SYMBOL        i
  -------         ENDDO         
  C:2902H         LINE#         25
  C:2902H         LINE#         26
  C:2902H         LINE#         27
  C:2907H         LINE#         29
  C:2912H         LINE#         30
  C:2912H         LINE#         31
  C:2917H         LINE#         32
  C:291FH         LINE#         34
  -------         ENDPROC       HT1621_ALL_DISPLAY
  -------         PROC          HT1621_ALL_CLEAR
  -------         DO            
  X:0041H         SYMBOL        i
  -------         ENDDO         
  C:2920H         LINE#         36
  C:2920H         LINE#         37
  C:2920H         LINE#         38
  C:2925H         LINE#         40
  C:2930H         LINE#         41
  C:2930H         LINE#         42
  C:2935H         LINE#         43
  C:293DH         LINE#         45
  -------         ENDPROC       HT1621_ALL_CLEAR
  -------         PROC          INIT_LCD_HT1621B
  C:2812H         LINE#         47
  C:2812H         LINE#         48
  C:2812H         LINE#         49
  C:2815H         LINE#         51
  C:281AH         LINE#         52
  C:281FH         LINE#         53
  C:2824H         LINE#         54
BL51 BANKED LINKER/LOCATER V6.22                                                      09/04/2020  11:19:54  PAGE 24


  C:2829H         LINE#         55
  C:282EH         LINE#         56
  C:2833H         LINE#         57
  C:2836H         LINE#         58
  -------         ENDPROC       INIT_LCD_HT1621B
  -------         PROC          LCD_TURN_OFF_TIME
  C:2A3AH         LINE#         61
  C:2A3AH         LINE#         62
  C:2A3AH         LINE#         63
  C:2A41H         LINE#         64
  -------         ENDPROC       LCD_TURN_OFF_TIME
  -------         PROC          _LCD_DISPLAY_TIME
  X:0006H         SYMBOL        time_type
  C:2277H         LINE#         110
  C:227CH         LINE#         111
  C:227CH         LINE#         112
  C:2281H         LINE#         113
  C:2288H         LINE#         114
  C:228FH         LINE#         115
  C:22A6H         LINE#         116
  C:22A6H         LINE#         117
  C:22A6H         LINE#         118
  C:22ADH         LINE#         119
  C:22AFH         LINE#         120
  C:22AFH         LINE#         121
  C:22B1H         LINE#         122
  C:22B1H         LINE#         123
  C:22B8H         LINE#         124
  C:22BAH         LINE#         125
  C:22BAH         LINE#         126
  C:22BCH         LINE#         127
  C:22BCH         LINE#         128
  C:22C3H         LINE#         129
  C:22C5H         LINE#         130
  C:22C5H         LINE#         131
  C:22C7H         LINE#         132
  C:22C7H         LINE#         133
  C:22CEH         LINE#         134
  C:22D5H         LINE#         135
  C:22D7H         LINE#         136
  C:22D9H         LINE#         137
  C:22D9H         LINE#         138
  C:22E0H         LINE#         139
  C:22E7H         LINE#         140
  C:22E9H         LINE#         141
  C:22EBH         LINE#         142
  C:22EBH         LINE#         143
  C:22F2H         LINE#         144
  C:22F9H         LINE#         145
  C:2300H         LINE#         146
  C:2300H         LINE#         147
  C:2300H         LINE#         148
  -------         ENDPROC       _LCD_DISPLAY_TIME
  -------         PROC          _LCD_DISPLAY_GAP
  X:0006H         SYMBOL        gap
  C:1A27H         LINE#         150
  C:1A2CH         LINE#         151
BL51 BANKED LINKER/LOCATER V6.22                                                      09/04/2020  11:19:54  PAGE 25


  C:1A2CH         LINE#         152
  C:1A31H         LINE#         153
  C:1A38H         LINE#         154
  C:1A3FH         LINE#         155
  C:1A47H         LINE#         156
  C:1A47H         LINE#         157
  C:1A4DH         LINE#         158
  C:1A4DH         LINE#         159
  C:1A4FH         LINE#         160
  C:1A4FH         LINE#         161
  C:1A4FH         LINE#         162
  C:1A52H         LINE#         164
  C:1A52H         LINE#         165
  C:1A52H         LINE#         166
  C:1A52H         LINE#         167
  C:1A52H         LINE#         168
  C:1A52H         LINE#         169
  C:1A55H         LINE#         170
  C:1A5CH         LINE#         171
  C:1A5CH         LINE#         172
  C:1A5EH         LINE#         173
  C:1A60H         LINE#         174
  C:1A67H         LINE#         175
  C:1A67H         LINE#         176
  C:1A6EH         LINE#         177
  C:1A70H         LINE#         178
  C:1A72H         LINE#         179
  C:1A79H         LINE#         180
  C:1A79H         LINE#         181
  C:1A80H         LINE#         182
  C:1A82H         LINE#         183
  C:1A84H         LINE#         184
  C:1A8BH         LINE#         185
  C:1A8BH         LINE#         186
  C:1A92H         LINE#         187
  C:1A94H         LINE#         188
  C:1A96H         LINE#         189
  C:1A9DH         LINE#         190
  C:1A9DH         LINE#         191
  C:1AA4H         LINE#         192
  C:1AA6H         LINE#         193
  C:1AA8H         LINE#         194
  C:1AAFH         LINE#         195
  C:1AAFH         LINE#         196
  C:1AB6H         LINE#         197
  C:1AB8H         LINE#         198
  C:1ABAH         LINE#         199
  C:1AC1H         LINE#         200
  C:1AC1H         LINE#         201
  C:1AC5H         LINE#         202
  C:1AC7H         LINE#         203
  C:1ACEH         LINE#         204
  C:1ACEH         LINE#         205
  C:1AD5H         LINE#         206
  C:1AD9H         LINE#         207
  C:1ADBH         LINE#         208
  C:1AE2H         LINE#         209
BL51 BANKED LINKER/LOCATER V6.22                                                      09/04/2020  11:19:54  PAGE 26


  C:1AE2H         LINE#         210
  C:1AE9H         LINE#         211
  C:1AEDH         LINE#         212
  C:1AEFH         LINE#         213
  C:1AF6H         LINE#         214
  C:1AF6H         LINE#         215
  C:1AFCH         LINE#         216
  C:1AFCH         LINE#         217
  C:1B03H         LINE#         218
  C:1B0AH         LINE#         219
  C:1B10H         LINE#         220
  C:1B11H         LINE#         222
  C:1B11H         LINE#         223
  C:1B16H         LINE#         224
  C:1B1CH         LINE#         225
  C:1B23H         LINE#         226
  C:1B23H         LINE#         227
  C:1B23H         LINE#         229
  -------         ENDPROC       _LCD_DISPLAY_GAP
  -------         ENDMOD        LCD_DISPLAY

  -------         MODULE        UART
  C:0000H         SYMBOL        _ICE_DUMMY_
  D:0080H         PUBLIC        P0
  D:0090H         PUBLIC        P1
  D:00A0H         PUBLIC        P2
  D:00B0H         PUBLIC        P3
  C:25B0H         PUBLIC        UART1_Rpt
  D:00A8H         PUBLIC        IE
  C:28E3H         PUBLIC        _producte_send_cmd
  D:00F8H         PUBLIC        RSTFR
  C:2768H         SYMBOL        _producte_com_send_data
  B:0098H.1       PUBLIC        TI
  X:0071H         PUBLIC        usart_rx_cnt
  D:0099H         PUBLIC        SBUF
  C:2A55H         PUBLIC        _hal_uart_putchar
  D:0098H         PUBLIC        SCON
  D:0088H         PUBLIC        TCON
  X:0072H         PUBLIC        temper_val
  D:00B8H         PUBLIC        IE1
  D:00D8H         PUBLIC        IE2
  B:00A8H.4       PUBLIC        ES1
  D:00CEH         PUBLIC        TH4
  D:00CDH         PUBLIC        TL4
  C:27C1H         PUBLIC        uart_init
  X:0073H         PUBLIC        usart_rx_buffer
  C:2A99H         SYMBOL        _producte_com_send_one_bit
  D:009EH         PUBLIC        SCON2
  D:00CCH         PUBLIC        T4CON
  X:0091H         PUBLIC        usart_rx_flag
  D:00D0H         PUBLIC        PSW
  C:2A82H         PUBLIC        _putchar
  -------         PROC          UART_INIT
  C:27C1H         LINE#         28
  C:27C1H         LINE#         29
  C:27C1H         LINE#         31
  C:27C7H         LINE#         32
BL51 BANKED LINKER/LOCATER V6.22                                                      09/04/2020  11:19:54  PAGE 27


  C:27CDH         LINE#         33
  C:27D3H         LINE#         34
  C:27D8H         LINE#         48
  C:27DBH         LINE#         49
  C:27DEH         LINE#         50
  C:27E1H         LINE#         51
  C:27E4H         LINE#         52
  C:27E7H         LINE#         53
  C:27E9H         LINE#         55
  -------         ENDPROC       UART_INIT
  -------         PROC          _HAL_UART_PUTCHAR
  D:0007H         SYMBOL        Char
  C:2A55H         LINE#         59
  C:2A55H         LINE#         60
  C:2A55H         LINE#         61
  C:2A57H         LINE#         62
  C:2A59H         LINE#         63
  C:2A5CH         LINE#         64
  C:2A5EH         LINE#         65
  C:2A60H         LINE#         68
  -------         ENDPROC       _HAL_UART_PUTCHAR
  -------         PROC          _PRODUCTE_COM_SEND_ONE_BIT
  D:0007H         SYMBOL        Data
  C:2A99H         LINE#         75
  C:2A99H         LINE#         76
  C:2A99H         LINE#         77
  -------         ENDPROC       _PRODUCTE_COM_SEND_ONE_BIT
  -------         PROC          _PRODUCTE_COM_SEND_DATA
  X:000DH         SYMBOL        Data
  D:0005H         SYMBOL        len
  -------         DO            
  D:0006H         SYMBOL        i
  -------         ENDDO         
  C:2768H         LINE#         84
  C:2773H         LINE#         85
  C:2773H         LINE#         87
  C:277AH         LINE#         88
  C:277AH         LINE#         89
  C:2791H         LINE#         90
  C:2794H         LINE#         91
  -------         ENDPROC       _PRODUCTE_COM_SEND_DATA
  -------         PROC          _PRODUCTE_SEND_CMD
  D:0007H         SYMBOL        funcode
  D:0005H         SYMBOL        Data
  -------         DO            
  X:0008H         SYMBOL        cmd_t
  -------         ENDDO         
  C:28E3H         LINE#         98
  C:28E3H         LINE#         99
  C:28E3H         LINE#         101
  C:28E9H         LINE#         102
  C:28ECH         LINE#         103
  C:28EFH         LINE#         104
  C:28F3H         LINE#         105
  C:28F7H         LINE#         106
  -------         ENDPROC       _PRODUCTE_SEND_CMD
  -------         PROC          _PUTCHAR
BL51 BANKED LINKER/LOCATER V6.22                                                      09/04/2020  11:19:54  PAGE 28


  D:0006H         SYMBOL        c
  C:2A82H         LINE#         111
  C:2A84H         LINE#         112
  C:2A84H         LINE#         113
  C:2A87H         LINE#         114
  C:2A87H         LINE#         115
  -------         ENDPROC       _PUTCHAR
  -------         PROC          UART1_RPT
  -------         DO            
  D:0007H         SYMBOL        Data
  -------         ENDDO         
  C:25B0H         LINE#         118
  C:25BDH         LINE#         120
  C:25BDH         LINE#         121
  C:25C2H         LINE#         122
  C:25C2H         LINE#         123
  C:25C4H         LINE#         125
  C:25C7H         LINE#         127
  C:25D1H         LINE#         128
  C:25D1H         LINE#         129
  C:25D1H         LINE#         130
  C:25D5H         LINE#         131
  C:25D5H         LINE#         132
  C:25D9H         LINE#         133
  C:25DFH         LINE#         135
  C:25E5H         LINE#         139
  C:25E5H         LINE#         140
  C:25E7H         LINE#         141
  C:25E7H         LINE#         143
  C:25ECH         LINE#         145
  C:25F2H         LINE#         147
  C:25F2H         LINE#         149
  C:25F2H         LINE#         152
  C:25F2H         LINE#         153
  -------         ENDPROC       UART1_RPT
  -------         ENDMOD        UART

  -------         MODULE        KEY
  C:0000H         SYMBOL        _ICE_DUMMY_
  D:0080H         PUBLIC        P0
  D:0090H         PUBLIC        P1
  D:00A0H         PUBLIC        P2
  D:00B0H         PUBLIC        P3
  C:1FDCH         SYMBOL        Calibration_key_driver
  D:00A8H         PUBLIC        IE
  D:00F8H         PUBLIC        RSTFR
  B:00A0H.5       PUBLIC        P2_5
  B:00B0H.5       PUBLIC        P3_5
  B:00A0H.6       PUBLIC        P2_6
  D:0098H         PUBLIC        SCON
  D:0088H         PUBLIC        TCON
  C:1F25H         SYMBOL        key_driver
  X:00E5H         PUBLIC        calibration_std
  D:00B8H         PUBLIC        IE1
  D:00D8H         PUBLIC        IE2
  C:238BH         PUBLIC        key_scan
  C:000EH         PUBLIC        key_init
BL51 BANKED LINKER/LOCATER V6.22                                                      09/04/2020  11:19:54  PAGE 29


  D:00D0H         PUBLIC        PSW
  -------         PROC          KEY_INIT
  C:000EH         LINE#         7
  C:000EH         LINE#         8
  C:000EH         LINE#         9
  C:0014H         LINE#         10
  C:0018H         LINE#         11
  C:001CH         LINE#         12
  C:0020H         LINE#         13
  -------         ENDPROC       KEY_INIT
  -------         PROC          KEY_DRIVER
  -------         DO            
  X:00DCH         SYMBOL        key_state
  X:00DDH         SYMBOL        key_time
  X:0001H         SYMBOL        key_press
  X:0002H         SYMBOL        key_return
  -------         ENDDO         
  C:1F25H         LINE#         16
  C:1F25H         LINE#         17
  C:1F25H         LINE#         22
  C:1F2AH         LINE#         24
  C:1F31H         LINE#         25
  C:1F48H         LINE#         26
  C:1F48H         LINE#         27
  C:1F48H         LINE#         28
  C:1F51H         LINE#         29
  C:1F51H         LINE#         30
  C:1F57H         LINE#         31
  C:1F5CH         LINE#         32
  C:1F5CH         LINE#         33
  C:1F5EH         LINE#         35
  C:1F5EH         LINE#         36
  C:1F64H         LINE#         37
  C:1F64H         LINE#         38
  C:1F72H         LINE#         39
  C:1F81H         LINE#         40
  C:1F81H         LINE#         41
  C:1F87H         LINE#         42
  C:1F87H         LINE#         43
  C:1F87H         LINE#         44
  C:1F89H         LINE#         48
  C:1F89H         LINE#         49
  C:1F90H         LINE#         50
  C:1F90H         LINE#         51
  C:1F94H         LINE#         52
  C:1F94H         LINE#         53
  C:1F96H         LINE#         55
  C:1F96H         LINE#         56
  C:1FA4H         LINE#         58
  C:1FB3H         LINE#         59
  C:1FB3H         LINE#         60
  C:1FB9H         LINE#         61
  C:1FBFH         LINE#         62
  C:1FBFH         LINE#         63
  C:1FC6H         LINE#         64
  C:1FC6H         LINE#         65
  C:1FC8H         LINE#         67
BL51 BANKED LINKER/LOCATER V6.22                                                      09/04/2020  11:19:54  PAGE 30


  C:1FC8H         LINE#         68
  C:1FCFH         LINE#         69
  C:1FCFH         LINE#         70
  C:1FCFH         LINE#         71
  C:1FCFH         LINE#         72
  C:1FD1H         LINE#         74
  C:1FD1H         LINE#         75
  C:1FD6H         LINE#         76
  C:1FD6H         LINE#         77
  C:1FD6H         LINE#         79
  C:1FDBH         LINE#         81
  -------         ENDPROC       KEY_DRIVER
  -------         PROC          CALIBRATION_KEY_DRIVER
  -------         DO            
  X:00DFH         SYMBOL        key_state
  X:00E0H         SYMBOL        key_time
  X:0001H         SYMBOL        key_press
  X:0002H         SYMBOL        key_return
  -------         ENDDO         
  C:1FDCH         LINE#         82
  C:1FDCH         LINE#         83
  C:1FDCH         LINE#         88
  C:1FE1H         LINE#         90
  C:1FE8H         LINE#         91
  C:1FFFH         LINE#         92
  C:1FFFH         LINE#         93
  C:1FFFH         LINE#         94
  C:2008H         LINE#         95
  C:2008H         LINE#         96
  C:200EH         LINE#         97
  C:2013H         LINE#         98
  C:2013H         LINE#         99
  C:2015H         LINE#         101
  C:2015H         LINE#         102
  C:201BH         LINE#         103
  C:201BH         LINE#         104
  C:2029H         LINE#         105
  C:2038H         LINE#         106
  C:2038H         LINE#         107
  C:203EH         LINE#         108
  C:203EH         LINE#         109
  C:203EH         LINE#         110
  C:2040H         LINE#         114
  C:2040H         LINE#         115
  C:2047H         LINE#         116
  C:2047H         LINE#         117
  C:204BH         LINE#         118
  C:204BH         LINE#         119
  C:204DH         LINE#         121
  C:204DH         LINE#         122
  C:205BH         LINE#         124
  C:206AH         LINE#         125
  C:206AH         LINE#         126
  C:2070H         LINE#         127
  C:2076H         LINE#         128
  C:2076H         LINE#         129
  C:207DH         LINE#         130
BL51 BANKED LINKER/LOCATER V6.22                                                      09/04/2020  11:19:54  PAGE 31


  C:207DH         LINE#         131
  C:207FH         LINE#         133
  C:207FH         LINE#         134
  C:2086H         LINE#         135
  C:2086H         LINE#         136
  C:2086H         LINE#         137
  C:2086H         LINE#         138
  C:2088H         LINE#         140
  C:2088H         LINE#         141
  C:208DH         LINE#         142
  C:208DH         LINE#         143
  C:208DH         LINE#         145
  C:2092H         LINE#         147
  -------         ENDPROC       CALIBRATION_KEY_DRIVER
  -------         PROC          KEY_SCAN
  -------         DO            
  X:00E2H         SYMBOL        key_up
  X:00E3H         SYMBOL        key_pres_time
  -------         ENDDO         
  C:238BH         LINE#         149
  C:238BH         LINE#         150
  C:238BH         LINE#         155
  C:2391H         LINE#         156
  C:2391H         LINE#         157
  C:2394H         LINE#         158
  C:2394H         LINE#         159
  C:239AH         LINE#         160
  C:239AH         LINE#         161
  C:23A6H         LINE#         162
  C:23A6H         LINE#         163
  C:23ABH         LINE#         164
  C:23AFH         LINE#         165
  C:23B2H         LINE#         166
  C:23B4H         LINE#         168
  C:23B4H         LINE#         169
  C:23B9H         LINE#         170
  C:23B9H         LINE#         171
  C:23BBH         LINE#         172
  C:23CDH         LINE#         173
  C:23CDH         LINE#         174
  C:23D3H         LINE#         175
  C:23D8H         LINE#         176
  C:23DBH         LINE#         177
  C:23DEH         LINE#         178
  C:23E1H         LINE#         179
  C:23E4H         LINE#         180
  C:23EAH         LINE#         181
  C:23F0H         LINE#         183
  C:2402H         LINE#         184
  C:2406H         LINE#         185
  C:2408H         LINE#         186
  -------         ENDPROC       KEY_SCAN
  -------         ENDMOD        KEY

  -------         MODULE        TIMER
  C:0000H         SYMBOL        _ICE_DUMMY_
  D:0080H         PUBLIC        P0
BL51 BANKED LINKER/LOCATER V6.22                                                      09/04/2020  11:19:54  PAGE 32


  D:0090H         PUBLIC        P1
  D:00A0H         PUBLIC        P2
  D:00B0H         PUBLIC        P3
  C:2555H         SYMBOL        set_correct_Value
  B:00A8H.7       PUBLIC        EA
  X:00BFH         PUBLIC        correct_time
  X:00C1H         PUBLIC        over_rang_time_std
  D:00A8H         PUBLIC        IE
  D:00F8H         PUBLIC        RSTFR
  C:24EBH         PUBLIC        time_Print
  C:293EH         PUBLIC        _set_time_sec_val
  X:00C2H         PUBLIC        Gap_protect_std
  D:0098H         PUBLIC        SCON
  D:0089H         PUBLIC        TMOD
  D:0088H         PUBLIC        TCON
  X:00C3H         PUBLIC        time_heat
  C:2409H         PUBLIC        _set_correct_time
  D:00B8H         PUBLIC        IE1
  D:00D8H         PUBLIC        IE2
  X:00C5H         PUBLIC        Heat_start_std
  X:00C6H         PUBLIC        one_heat
  B:00A8H.1       PUBLIC        ET0
  X:00C7H         PUBLIC        temp_time
  B:0088H.5       PUBLIC        TF0
  C:16BDH         PUBLIC        TIMER0_Rpt
  D:008CH         PUBLIC        TH0
  X:00C9H         PUBLIC        time_sec
  D:008AH         PUBLIC        TL0
  B:0088H.4       PUBLIC        TR0
  X:00CBH         PUBLIC        time_cnt
  X:00CCH         PUBLIC        Open_Heat_Value
  X:00CDH         PUBLIC        cnt_heat_time
  X:00CFH         PUBLIC        exti_cail_cnt
  X:00D1H         PUBLIC        On_stay
  C:26F9H         SYMBOL        set_heat_val
  C:29DAH         PUBLIC        time0_init
  D:00D0H         PUBLIC        PSW
  C:2301H         PUBLIC        set_time_sec
  -------         PROC          _SET_TIME_SEC_VAL
  D:0006H         SYMBOL        sec
  C:293EH         LINE#         21
  C:293EH         LINE#         22
  C:293EH         LINE#         23
  C:2946H         LINE#         24
  C:2949H         LINE#         25
  -------         ENDPROC       _SET_TIME_SEC_VAL
  -------         PROC          _SET_CORRECT_TIME
  D:0007H         SYMBOL        gap
  C:2409H         LINE#         27
  C:2409H         LINE#         28
  C:2409H         LINE#         30
  C:2434H         LINE#         31
  C:2434H         LINE#         32
  C:2434H         LINE#         33
  C:243DH         LINE#         34
  C:243EH         LINE#         35
  C:243EH         LINE#         36
BL51 BANKED LINKER/LOCATER V6.22                                                      09/04/2020  11:19:54  PAGE 33


  C:243EH         LINE#         37
  C:2440H         LINE#         38
  C:2440H         LINE#         39
  C:2440H         LINE#         40
  C:2442H         LINE#         41
  C:2442H         LINE#         42
  C:244BH         LINE#         43
  C:244CH         LINE#         44
  C:244CH         LINE#         45
  C:2455H         LINE#         46
  C:2456H         LINE#         47
  C:2456H         LINE#         48
  C:245FH         LINE#         49
  C:2460H         LINE#         50
  C:2460H         LINE#         51
  C:2469H         LINE#         52
  C:246AH         LINE#         53
  C:246AH         LINE#         54
  C:2473H         LINE#         55
  C:2474H         LINE#         56
[...]
  C:16E3H         LINE#         201
  C:16E3H         LINE#         202
  C:16E9H         LINE#         203
  C:16F2H         LINE#         204
  C:16F2H         LINE#         205
  C:16F5H         LINE#         207
  C:16FCH         LINE#         208
  C:16FCH         LINE#         209
  C:170AH         LINE#         210
  C:1719H         LINE#         211
  C:1719H         LINE#         212
  C:171EH         LINE#         213
  C:1724H         LINE#         214
  C:1729H         LINE#         216
  C:1729H         LINE#         218
  C:1729H         LINE#         219
  C:1738H         LINE#         220
  C:1738H         LINE#         222
  C:1744H         LINE#         223
  C:174CH         LINE#         224
  C:174CH         LINE#         226
  C:175AH         LINE#         229
  C:1769H         LINE#         230
  C:1769H         LINE#         231
  C:176FH         LINE#         232
  C:1772H         LINE#         233
  C:1778H         LINE#         234
  C:177EH         LINE#         235
  C:177EH         LINE#         236
  C:177EH         LINE#         237
  C:1780H         LINE#         239
  C:1780H         LINE#         240
  C:1786H         LINE#         241
BL51 BANKED LINKER/LOCATER V6.22                                                      09/04/2020  11:19:54  PAGE 36


  C:1786H         LINE#         242
  C:178BH         LINE#         243
  C:1792H         LINE#         244
  C:1798H         LINE#         245
  C:179CH         LINE#         246
  C:17A0H         LINE#         247
  C:17A3H         LINE#         248
  C:17ACH         LINE#         249
  C:17ACH         LINE#         250
  C:17ACH         LINE#         252
  C:17B1H         LINE#         253
  C:17B1H         LINE#         254
  C:17B3H         LINE#         256
  C:17BAH         LINE#         257
  C:17BAH         LINE#         258
  C:17CFH         LINE#         259
  C:17CFH         LINE#         260
  C:17D4H         LINE#         261
  C:17DAH         LINE#         262
  C:17DAH         LINE#         263
  C:17DAH         LINE#         264
  -------         ENDPROC       TIMER0_RPT
  -------         PROC          TIME_PRINT
  C:24EBH         LINE#         266
  C:24EBH         LINE#         267
  C:24EBH         LINE#         268
  C:2515H         LINE#         269
  C:2515H         LINE#         270
  C:2515H         LINE#         271
  C:251BH         LINE#         272
  C:251BH         LINE#         273
  C:251DH         LINE#         274
  C:251DH         LINE#         275
  C:2523H         LINE#         276
  C:2523H         LINE#         277
  C:2525H         LINE#         278
  C:2525H         LINE#         279
  C:252BH         LINE#         280
  C:252BH         LINE#         281
  C:252DH         LINE#         282
  C:252DH         LINE#         283
  C:2533H         LINE#         284
  C:2533H         LINE#         285
  C:2535H         LINE#         286
  C:2535H         LINE#         287
  C:254DH         LINE#         288
  C:2554H         LINE#         289
  C:2554H         LINE#         290
  C:2554H         LINE#         291
  -------         ENDPROC       TIME_PRINT
  -------         ENDMOD        TIMER

  -------         MODULE        PWM
  C:0000H         SYMBOL        _ICE_DUMMY_
  D:0080H         PUBLIC        P0
  D:0090H         PUBLIC        P1
  D:00A0H         PUBLIC        P2
BL51 BANKED LINKER/LOCATER V6.22                                                      09/04/2020  11:19:54  PAGE 37


  D:00B0H         PUBLIC        P3
  C:29ABH         PUBLIC        _set_pwm
  D:00A8H         PUBLIC        IE
  D:00F8H         PUBLIC        RSTFR
  D:0098H         PUBLIC        SCON
  D:0088H         PUBLIC        TCON
  X:00EDH         PUBLIC        pwm_period
  D:00B8H         PUBLIC        IE1
  D:00D8H         PUBLIC        IE2
  D:00DDH         PUBLIC        PWM3C
  C:2881H         PUBLIC        _pwm_init
  D:00DFH         PUBLIC        PWM3D
  D:00DEH         PUBLIC        PWM3P
  D:00D0H         PUBLIC        PSW
  -------         PROC          _SET_PWM
  D:0007H         SYMBOL        duty
  -------         DO            
  D:0004H         SYMBOL        tep
  -------         ENDDO         
  C:29ABH         LINE#         4
  C:29ABH         LINE#         5
  C:29ABH         LINE#         6
  C:29C0H         LINE#         7
  C:29C2H         LINE#         8
  -------         ENDPROC       _SET_PWM
  -------         PROC          _PWM_INIT
  D:0006H         SYMBOL        hz
  C:2881H         LINE#         10
  C:2881H         LINE#         11
  C:2881H         LINE#         12
  C:2887H         LINE#         13
  C:288CH         LINE#         21
  C:289DH         LINE#         22
  C:289FH         LINE#         24
  C:28A2H         LINE#         25
  -------         ENDPROC       _PWM_INIT
  -------         ENDMOD        PWM

  -------         MODULE        ADC
  C:0000H         SYMBOL        _ICE_DUMMY_
  D:0080H         PUBLIC        P0
  D:0090H         PUBLIC        P1
  D:00A0H         PUBLIC        P2
  D:00B0H         PUBLIC        P3
  D:00A8H         PUBLIC        IE
  D:00F8H         PUBLIC        RSTFR
  C:17F5H         PUBLIC        _get_voltage
  D:00B6H         PUBLIC        ADCR
  C:2A06H         PUBLIC        get_adc_val_ch
  D:0098H         PUBLIC        SCON
  D:0088H         PUBLIC        TCON
  D:00B4H         PUBLIC        ADCC0
  D:00B5H         PUBLIC        ADCC1
  D:00B8H         PUBLIC        IE1
  C:2990H         PUBLIC        adc_init
  D:00D8H         PUBLIC        IE2
  C:29F0H         PUBLIC        get_adc_val
BL51 BANKED LINKER/LOCATER V6.22                                                      09/04/2020  11:19:54  PAGE 38


  D:00D0H         PUBLIC        PSW
  -------         PROC          ADC_INIT
  C:2990H         LINE#         5
  C:2990H         LINE#         6
  C:2990H         LINE#         7
  C:2996H         LINE#         8
  C:299AH         LINE#         9
  C:299DH         LINE#         17
  C:29A4H         LINE#         20
  C:29AAH         LINE#         21
  -------         ENDPROC       ADC_INIT
  -------         PROC          GET_ADC_VAL
  -------         DO            
  D:0006H         SYMBOL        adc_val
  -------         ENDDO         
  C:29F0H         LINE#         23
  C:29F0H         LINE#         24
  C:29F0H         LINE#         25
  C:29F3H         LINE#         26
  C:29F6H         LINE#         28
  C:29F9H         LINE#         29
  C:29FEH         LINE#         30
  C:2A01H         LINE#         31
  C:2A05H         LINE#         35
  C:2A05H         LINE#         36
  -------         ENDPROC       GET_ADC_VAL
  -------         PROC          GET_ADC_VAL_CH
  -------         DO            
  D:0006H         SYMBOL        adc_val_ch
  -------         ENDDO         
  C:2A06H         LINE#         38
  C:2A06H         LINE#         39
  C:2A06H         LINE#         40
  C:2A09H         LINE#         41
  C:2A0CH         LINE#         43
  C:2A0FH         LINE#         44
  C:2A14H         LINE#         45
  C:2A17H         LINE#         46
  C:2A1BH         LINE#         49
  C:2A1BH         LINE#         50
  -------         ENDPROC       GET_ADC_VAL_CH
  -------         PROC          _GET_VOLTAGE
  X:0006H         SYMBOL        u1_voltage
  X:0009H         SYMBOL        u3_voltage
  -------         DO            
  X:000CH         SYMBOL        temp
  X:0010H         SYMBOL        i
  -------         ENDDO         
  C:17F5H         LINE#         54
  C:1800H         LINE#         55
  C:1800H         LINE#         56
  C:180AH         LINE#         57
  C:180FH         LINE#         58
  C:1810H         LINE#         59
  C:1810H         LINE#         60
  C:1836H         LINE#         61
  C:1842H         LINE#         62
BL51 BANKED LINKER/LOCATER V6.22                                                      09/04/2020  11:19:54  PAGE 39


  C:185FH         LINE#         63
  C:1891H         LINE#         64
  C:189BH         LINE#         65
  C:18A0H         LINE#         66
  C:18A0H         LINE#         67
  C:18C6H         LINE#         68
  C:18D2H         LINE#         69
  C:18EFH         LINE#         70
  -------         ENDPROC       _GET_VOLTAGE
  -------         ENDMOD        ADC

  -------         MODULE        WDT
  C:0000H         SYMBOL        _ICE_DUMMY_
  D:0080H         PUBLIC        P0
  D:0090H         PUBLIC        P1
  D:00A0H         PUBLIC        P2
  D:00B0H         PUBLIC        P3
  D:00A8H         PUBLIC        IE
  D:00F8H         PUBLIC        RSTFR
  D:00BDH         PUBLIC        WDTC
  D:0098H         PUBLIC        SCON
  D:0088H         PUBLIC        TCON
  C:2A92H         PUBLIC        clear_wdt
  D:00B8H         PUBLIC        IE1
  D:00D8H         PUBLIC        IE2
  C:2A48H         PUBLIC        _wdt_init
  D:00D0H         PUBLIC        PSW
  -------         PROC          _WDT_INIT
  D:0007H         SYMBOL        time
  C:2A48H         LINE#         4
  C:2A48H         LINE#         5
  C:2A48H         LINE#         6
  C:2A4BH         LINE#         12
  C:2A54H         LINE#         14
  -------         ENDPROC       _WDT_INIT
  -------         PROC          CLEAR_WDT
  C:2A92H         LINE#         16
  C:2A92H         LINE#         17
  C:2A92H         LINE#         18
  C:2A95H         LINE#         19
  -------         ENDPROC       CLEAR_WDT
  -------         ENDMOD        WDT

  -------         MODULE        PID
  C:0000H         SYMBOL        _ICE_DUMMY_
  D:0080H         PUBLIC        P0
  D:0090H         PUBLIC        P1
  D:00A0H         PUBLIC        P2
  D:00B0H         PUBLIC        P3
  D:00A8H         PUBLIC        IE
  D:00F8H         PUBLIC        RSTFR
  X:0092H         PUBLIC        spid
  D:0098H         PUBLIC        SCON
  D:0088H         PUBLIC        TCON
  D:00B8H         PUBLIC        IE1
  D:00D8H         PUBLIC        IE2
  C:2A61H         SYMBOL        _?ix1000
BL51 BANKED LINKER/LOCATER V6.22                                                      09/04/2020  11:19:54  PAGE 40


  C:28C3H         PUBLIC        PID_Init
  X:00AAH         PUBLIC        PID_RunFlag
  C:0E01H         PUBLIC        PID_Operation
  D:00D0H         PUBLIC        PSW
  -------         PROC          PID_INIT
  C:28C3H         LINE#         14
  C:28C3H         LINE#         15
  C:28C3H         LINE#         16
  C:28CAH         LINE#         17
  C:28D0H         LINE#         18
  C:28D4H         LINE#         20
  C:28D9H         LINE#         21
  C:28DDH         LINE#         22
  C:28E2H         LINE#         23
  -------         ENDPROC       PID_INIT
  -------         PROC          PID_OPERATION
  -------         DO            
  X:00ABH         SYMBOL        temp
  X:00B7H         SYMBOL        PostSum
  X:00BBH         SYMBOL        NegSum
  -------         ENDDO         
  C:0E01H         LINE#         33
  C:0E01H         LINE#         34
  C:0E01H         LINE#         35
  C:0E14H         LINE#         36
  C:0E1EH         LINE#         37
  C:0E28H         LINE#         38
  C:0E41H         LINE#         39
  C:0E41H         LINE#         40
  C:0E50H         LINE#         41
  C:0E50H         LINE#         42
  C:0E50H         LINE#         43
  C:0E53H         LINE#         45
  C:0E53H         LINE#         46
  C:0E5CH         LINE#         47
  C:0E61H         LINE#         49
  C:0E73H         LINE#         50
  C:0E85H         LINE#         51
  C:0E99H         LINE#         53
  C:0EBBH         LINE#         54
  C:0EBBH         LINE#         55
  C:0EE7H         LINE#         56
  C:0EECH         LINE#         57
  C:0EEEH         LINE#         59
  C:0EEEH         LINE#         60
  C:0F19H         LINE#         61
  C:0F1FH         LINE#         62
  C:0F1FH         LINE#         64
  C:0F3CH         LINE#         65
  C:0F76H         LINE#         66
  C:0F76H         LINE#         67
  C:0FBAH         LINE#         68
  C:0FBFH         LINE#         69
  C:0FC1H         LINE#         71
  C:0FC1H         LINE#         72
  C:1018H         LINE#         73
  C:101EH         LINE#         74
BL51 BANKED LINKER/LOCATER V6.22                                                      09/04/2020  11:19:54  PAGE 41


  C:101EH         LINE#         76
  C:103EH         LINE#         77
  C:105EH         LINE#         78
  C:107EH         LINE#         81
  C:1084H         LINE#         82
  C:1084H         LINE#         83
  C:10AFH         LINE#         84
  C:10B1H         LINE#         86
  C:10B1H         LINE#         87
  C:10DFH         LINE#         88
  C:10DFH         LINE#         90
  C:10E5H         LINE#         91
  C:10E5H         LINE#         92
  C:1113H         LINE#         93
  C:1113H         LINE#         96
  C:1119H         LINE#         97
  C:1119H         LINE#         98
  C:1142H         LINE#         99
  C:1144H         LINE#         101
  C:1144H         LINE#         102
  C:1172H         LINE#         103
  C:1172H         LINE#         105
  C:119DH         LINE#         106
  C:11BFH         LINE#         107
  C:11BFH         LINE#         108
  C:11EBH         LINE#         109
  C:1205H         LINE#         110
  C:1205H         LINE#         111
  C:1216H         LINE#         112
  C:1217H         LINE#         114
  C:1217H         LINE#         115
  C:1220H         LINE#         116
  C:1220H         LINE#         117
  C:1221H         LINE#         126
  C:1221H         LINE#         127
  C:1228H         LINE#         128
  C:1228H         LINE#         129
  -------         ENDPROC       PID_OPERATION
  -------         ENDMOD        PID

  -------         MODULE        ?C?FPADD
  C:002DH         PUBLIC        ?C?FPADD
  C:0029H         PUBLIC        ?C?FPSUB
  -------         ENDMOD        ?C?FPADD

  -------         MODULE        ?C?FPMUL
  C:011EH         PUBLIC        ?C?FPMUL
  -------         ENDMOD        ?C?FPMUL

  -------         MODULE        ?C?FPDIV
  C:0227H         PUBLIC        ?C?FPDIV
  -------         ENDMOD        ?C?FPDIV

  -------         MODULE        ?C?FPCMP
  C:02C6H         PUBLIC        ?C?FPCMP
  C:02C4H         PUBLIC        ?C?FPCMP3
  -------         ENDMOD        ?C?FPCMP
BL51 BANKED LINKER/LOCATER V6.22                                                      09/04/2020  11:19:54  PAGE 42



  -------         MODULE        ?C?FCAST
  C:0347H         PUBLIC        ?C?FCASTC
  C:0342H         PUBLIC        ?C?FCASTI
  C:033DH         PUBLIC        ?C?FCASTL
  -------         ENDMOD        ?C?FCAST

  -------         MODULE        PRINTF
  X:0041H         PUBLIC        ?_PRINTF?BYTE
  X:0041H         PUBLIC        ?_SPRINTF?BYTE
  C:09E9H         PUBLIC        _PRINTF
  C:09E3H         PUBLIC        _SPRINTF
  -------         ENDMOD        PRINTF

  -------         MODULE        ?C?FPROUND
  C:03C5H         PUBLIC        ?C?FPROUND
  -------         ENDMOD        ?C?FPROUND

  -------         MODULE        ?C?FPCONVERT
  C:0402H         PUBLIC        ?C?FPCONVERT
  -------         ENDMOD        ?C?FPCONVERT

  -------         MODULE        ?C?FTNPWR
  C:0537H         PUBLIC        ?C?FTNPWR
  -------         ENDMOD        ?C?FTNPWR

  -------         MODULE        ?C?COPY
  C:0647H         PUBLIC        ?C?COPY
  -------         ENDMOD        ?C?COPY

  -------         MODULE        ?C?CLDPTR
  C:066DH         PUBLIC        ?C?CLDPTR
  -------         ENDMOD        ?C?CLDPTR

  -------         MODULE        ?C?CLDOPTR
  C:0686H         PUBLIC        ?C?CLDOPTR
  -------         ENDMOD        ?C?CLDOPTR

  -------         MODULE        ?C?CSTPTR
  C:06B3H         PUBLIC        ?C?CSTPTR
  -------         ENDMOD        ?C?CSTPTR

  -------         MODULE        ?C?UIDIV
  C:06C5H         PUBLIC        ?C?UIDIV
  -------         ENDMOD        ?C?UIDIV

  -------         MODULE        ?C?IILDX
  C:071AH         PUBLIC        ?C?IILDX
  -------         ENDMOD        ?C?IILDX

  -------         MODULE        ?C?ILDIX
  C:0730H         PUBLIC        ?C?ILDIX
  -------         ENDMOD        ?C?ILDIX

  -------         MODULE        ?C?ISTPTR
  C:0746H         PUBLIC        ?C?ISTPTR
  -------         ENDMOD        ?C?ISTPTR
BL51 BANKED LINKER/LOCATER V6.22                                                      09/04/2020  11:19:54  PAGE 43



  -------         MODULE        ?C?LMUL
  C:0765H         PUBLIC        ?C?LMUL
  -------         ENDMOD        ?C?LMUL

  -------         MODULE        ?C?ULDIV
  C:07F0H         PUBLIC        ?C?ULDIV
  -------         ENDMOD        ?C?ULDIV

  -------         MODULE        ?C?LNEG
  C:0882H         PUBLIC        ?C?LNEG
  -------         ENDMOD        ?C?LNEG

  -------         MODULE        ?C?ULCMP
  C:0890H         PUBLIC        ?C?ULCMP
  -------         ENDMOD        ?C?ULCMP

  -------         MODULE        ?C?LSTXDATA
  C:08A1H         PUBLIC        ?C?LSTXDATA
  -------         ENDMOD        ?C?LSTXDATA

  -------         MODULE        ?C?LSTKXDATA
  C:08ADH         PUBLIC        ?C?LSTKXDATA
  -------         ENDMOD        ?C?LSTKXDATA

  -------         MODULE        ?C?PLDIXDATA
  C:08DEH         PUBLIC        ?C?PLDIXDATA
  -------         ENDMOD        ?C?PLDIXDATA

  -------         MODULE        ?C?PSTXDATA
  C:08F5H         PUBLIC        ?C?PSTXDATA
  -------         ENDMOD        ?C?PSTXDATA

  -------         MODULE        ?C?CCASE
  C:08FEH         PUBLIC        ?C?CCASE
  -------         ENDMOD        ?C?CCASE

  -------         MODULE        ?C?ICASE
  C:0924H         PUBLIC        ?C?ICASE
  -------         ENDMOD        ?C?ICASE

  -------         MODULE        ?C?LIMUL
  C:0951H         PUBLIC        ?C?LIMUL
  -------         ENDMOD        ?C?LIMUL

*** WARNING L16: UNCALLED SEGMENT, IGNORED FOR OVERLAY PROCESS
    SEGMENT: ?PR?PROTECT?MAIN

*** WARNING L16: UNCALLED SEGMENT, IGNORED FOR OVERLAY PROCESS
    SEGMENT: ?PR?RELEASE_HT1621B_PIN?HT1621B

*** WARNING L16: UNCALLED SEGMENT, IGNORED FOR OVERLAY PROCESS
    SEGMENT: ?PR?LCD_HT1621B_ON?LCD_DISPLAY

*** WARNING L16: UNCALLED SEGMENT, IGNORED FOR OVERLAY PROCESS
    SEGMENT: ?PR?LCD_HT1621B_OFF?LCD_DISPLAY

BL51 BANKED LINKER/LOCATER V6.22                                                      09/04/2020  11:19:54  PAGE 44


*** WARNING L16: UNCALLED SEGMENT, IGNORED FOR OVERLAY PROCESS
    SEGMENT: ?PR?LCD_TURN_OFF_TIME?LCD_DISPLAY

*** WARNING L16: UNCALLED SEGMENT, IGNORED FOR OVERLAY PROCESS
    SEGMENT: ?PR?_SET_TIME_SEC_VAL?TIMER

*** WARNING L16: UNCALLED SEGMENT, IGNORED FOR OVERLAY PROCESS
    SEGMENT: ?PR?TIME_PRINT?TIMER

*** WARNING L16: UNCALLED SEGMENT, IGNORED FOR OVERLAY PROCESS
    SEGMENT: ?PR?PID_OPERATION?PID

*** WARNING L15: MULTIPLE CALL TO SEGMENT
    SEGMENT: ?PR?PRINTF?PRINTF
    CALLER1: ?C_C51STARTUP
    CALLER2: ?PR?TIMER0_RPT?TIMER

*** WARNING L15: MULTIPLE CALL TO SEGMENT
    SEGMENT: ?PR?HT1621_ALL_CLEAR?LCD_DISPLAY
    CALLER1: ?C_C51STARTUP
    CALLER2: ?PR?TIMER0_RPT?TIMER

*** WARNING L15: MULTIPLE CALL TO SEGMENT
    SEGMENT: ?PR?_HT1621_WRITE_BYTE?HT1621B
    CALLER1: ?C_C51STARTUP
    CALLER2: ?PR?TIMER0_RPT?TIMER

*** WARNING L15: MULTIPLE CALL TO SEGMENT
    SEGMENT: ?PR?_HT1621_SENDBIT_HIGHT?HT1621B
    CALLER1: ?C_C51STARTUP
    CALLER2: ?PR?TIMER0_RPT?TIMER

*** WARNING L15: MULTIPLE CALL TO SEGMENT
    SEGMENT: ?PR?_HT1621_SENDBIT_LOW?HT1621B
    CALLER1: ?C_C51STARTUP
    CALLER2: ?PR?TIMER0_RPT?TIMER

Program Size: data=21.2 xdata=299 code=10906
LINK/LOCATE RUN COMPLETE.  13 WARNING(S),  0 ERROR(S)
