BL51 BANKED LINKER/LOCATER V6.22                                                        08/31/2020  19:31:42  PAGE 1


BL51 BANKED LINKER/LOCATER V6.22, INVOKED BY:
C:\PROGRAM_LIST\KEIL\C51\BIN\BL51.EXE .\output\STARTUP.obj, .\output\main.obj, .\output\flash.obj, .\output\delay.obj, .
>> \output\ht1621b.obj, .\output\lcd_display.obj, .\output\uart.obj, .\output\key.obj, .\output\timer.obj, .\output\pwm.
>> obj, .\output\adc.obj, .\output\wdt.obj, .\output\PID.obj TO .\output\K9018 PRINT (.\Listings\K9018.m51) RAMSIZE (256
>> ) CODE (0X0000-0X3FFF) XDATA (0X0000-0X01FF)


MEMORY MODEL: LARGE WITH FLOATING POINT ARITHMETIC


INPUT MODULES INCLUDED:
  .\output\STARTUP.obj (?C_STARTUP)
  .\output\main.obj (MAIN)
  .\output\flash.obj (FLASH)
  .\output\delay.obj (DELAY)
  .\output\ht1621b.obj (HT1621B)
  .\output\lcd_display.obj (LCD_DISPLAY)
  .\output\uart.obj (UART)
  .\output\key.obj (KEY)
  .\output\timer.obj (TIMER)
  .\output\pwm.obj (PWM)
  .\output\adc.obj (ADC)
  .\output\wdt.obj (WDT)
  .\output\PID.obj (PID)
  C:\PROGRAM_LIST\KEIL\C51\LIB\C51FPL.LIB (?C?FPADD)
  C:\PROGRAM_LIST\KEIL\C51\LIB\C51FPL.LIB (?C?FPMUL)
  C:\PROGRAM_LIST\KEIL\C51\LIB\C51FPL.LIB (?C?FPDIV)
  C:\PROGRAM_LIST\KEIL\C51\LIB\C51FPL.LIB (?C?FPCMP)
  C:\PROGRAM_LIST\KEIL\C51\LIB\C51FPL.LIB (?C?FCAST)
  C:\PROGRAM_LIST\KEIL\C51\LIB\C51FPL.LIB (PRINTF)
  C:\PROGRAM_LIST\KEIL\C51\LIB\C51FPL.LIB (?C?FPGETOPN)
  C:\PROGRAM_LIST\KEIL\C51\LIB\C51FPL.LIB (?C?FPROUND)
  C:\PROGRAM_LIST\KEIL\C51\LIB\C51FPL.LIB (?C?FPCONVERT)
  C:\PROGRAM_LIST\KEIL\C51\LIB\C51FPL.LIB (?C?FTNPWR)
  C:\PROGRAM_LIST\KEIL\C51\LIB\C51L.LIB (?C_INIT)
  C:\PROGRAM_LIST\KEIL\C51\LIB\C51L.LIB (?C?COPY)
  C:\PROGRAM_LIST\KEIL\C51\LIB\C51L.LIB (?C?CLDPTR)
  C:\PROGRAM_LIST\KEIL\C51\LIB\C51L.LIB (?C?CLDOPTR)
  C:\PROGRAM_LIST\KEIL\C51\LIB\C51L.LIB (?C?CSTPTR)
  C:\PROGRAM_LIST\KEIL\C51\LIB\C51L.LIB (?C?UIDIV)
  C:\PROGRAM_LIST\KEIL\C51\LIB\C51L.LIB (?C?IILDX)
  C:\PROGRAM_LIST\KEIL\C51\LIB\C51L.LIB (?C?ILDIX)
  C:\PROGRAM_LIST\KEIL\C51\LIB\C51L.LIB (?C?ISTPTR)
  C:\PROGRAM_LIST\KEIL\C51\LIB\C51L.LIB (?C?LMUL)
  C:\PROGRAM_LIST\KEIL\C51\LIB\C51L.LIB (?C?ULDIV)
  C:\PROGRAM_LIST\KEIL\C51\LIB\C51L.LIB (?C?LNEG)
  C:\PROGRAM_LIST\KEIL\C51\LIB\C51L.LIB (?C?ULCMP)
  C:\PROGRAM_LIST\KEIL\C51\LIB\C51L.LIB (?C?LSTXDATA)
  C:\PROGRAM_LIST\KEIL\C51\LIB\C51L.LIB (?C?LSTKXDATA)
  C:\PROGRAM_LIST\KEIL\C51\LIB\C51L.LIB (?C?PLDIXDATA)
  C:\PROGRAM_LIST\KEIL\C51\LIB\C51L.LIB (?C?PSTXDATA)
  C:\PROGRAM_LIST\KEIL\C51\LIB\C51L.LIB (?C?CCASE)
  C:\PROGRAM_LIST\KEIL\C51\LIB\C51L.LIB (?C?ICASE)
  C:\PROGRAM_LIST\KEIL\C51\LIB\C51L.LIB (?C?LIMUL)


LINK MAP OF MODULE:  .\output\K9018 (?C_STARTUP)

BL51 BANKED LINKER/LOCATER V6.22                                                      08/31/2020  19:31:42  PAGE 2



            TYPE    BASE      LENGTH    RELOCATION   SEGMENT NAME
            -----------------------------------------------------

            * * * * * * *   D A T A   M E M O R Y   * * * * * * *
            REG     0000H     0008H     ABSOLUTE     "REG BANK 0"
            DATA    0008H     000AH     UNIT         _DATA_GROUP_
                    0012H     000EH                  *** GAP ***
            BIT     0020H.0   0002H.2   UNIT         _BIT_GROUP_
                    0022H.2   0000H.6                *** GAP ***
            IDATA   0023H     0001H     UNIT         ?STACK

            * * * * * * *  X D A T A   M E M O R Y  * * * * * * *
            XDATA   0000H     0071H     UNIT         _XDATA_GROUP_
            XDATA   0071H     0021H     UNIT         ?XD?UART
            XDATA   0092H     0019H     UNIT         ?XD?PID
            XDATA   00ABH     0014H     UNIT         ?XD?PID_OPERATION?PID
            XDATA   00BFH     0011H     UNIT         ?XD?TIMER
            XDATA   00D0H     000AH     UNIT         ?XD?FLASH
            XDATA   00DAH     000AH     UNIT         ?XD?KEY
            XDATA   00E4H     0005H     UNIT         ?XD?MAIN
            XDATA   00E9H     0002H     UNIT         ?XD?LCD_DISPLAY
            XDATA   00EBH     0001H     UNIT         ?XD?PWM
                    00ECH     FD88H                  *** GAP ***
            XDATA   FE74H     0001H     ABSOLUTE     
            XDATA   FE75H     0001H     ABSOLUTE     
            XDATA   FE76H     0001H     ABSOLUTE     
            XDATA   FE77H     0001H     ABSOLUTE     
                    FE78H     0008H                  *** GAP ***
            XDATA   FE80H     0001H     ABSOLUTE     
                    FE81H     0010H                  *** GAP ***
            XDATA   FE91H     0001H     ABSOLUTE     
            XDATA   FE92H     0001H     ABSOLUTE     
            XDATA   FE93H     0001H     ABSOLUTE     
                    FE94H     0001H                  *** GAP ***
            XDATA   FE95H     0001H     ABSOLUTE     
                    FE96H     0005H                  *** GAP ***
            XDATA   FE9BH     0001H     ABSOLUTE     
                    FE9CH     0004H                  *** GAP ***
            XDATA   FEA0H     0001H     ABSOLUTE     
                    FEA1H     0003H                  *** GAP ***
            XDATA   FEA4H     0001H     ABSOLUTE     
            XDATA   FEA5H     0001H     ABSOLUTE     
                    FEA6H     0004H                  *** GAP ***
            XDATA   FEAAH     0001H     ABSOLUTE     
                    FEABH     0005H                  *** GAP ***
            XDATA   FEB0H     0001H     ABSOLUTE     
                    FEB1H     0003H                  *** GAP ***
            XDATA   FEB4H     0001H     ABSOLUTE     
                    FEB5H     0005H                  *** GAP ***
            XDATA   FEBAH     0001H     ABSOLUTE     
                    FEBBH     0002H                  *** GAP ***
            XDATA   FEBDH     0001H     ABSOLUTE     
            XDATA   FEBEH     0001H     ABSOLUTE     
                    FEBFH     0041H                  *** GAP ***
            XDATA   FF00H     0001H     ABSOLUTE     
            XDATA   FF01H     0001H     ABSOLUTE     
BL51 BANKED LINKER/LOCATER V6.22                                                      08/31/2020  19:31:42  PAGE 3


            XDATA   FF02H     0001H     ABSOLUTE     
            XDATA   FF03H     0001H     ABSOLUTE     
            XDATA   FF04H     0001H     ABSOLUTE     
            XDATA   FF05H     0001H     ABSOLUTE     
            XDATA   FF06H     0001H     ABSOLUTE     
            XDATA   FF07H     0001H     ABSOLUTE     
            XDATA   FF08H     0001H     ABSOLUTE     
            XDATA   FF09H     0001H     ABSOLUTE     
            XDATA   FF0AH     0001H     ABSOLUTE     
            XDATA   FF0BH     0001H     ABSOLUTE     
            XDATA   FF0CH     0001H     ABSOLUTE     
            XDATA   FF0DH     0001H     ABSOLUTE     
            XDATA   FF0EH     0001H     ABSOLUTE     
            XDATA   FF0FH     0001H     ABSOLUTE     
            XDATA   FF10H     0001H     ABSOLUTE     
            XDATA   FF11H     0001H     ABSOLUTE     
            XDATA   FF12H     0001H     ABSOLUTE     
            XDATA   FF13H     0001H     ABSOLUTE     
            XDATA   FF14H     0001H     ABSOLUTE     
            XDATA   FF15H     0001H     ABSOLUTE     
            XDATA   FF16H     0001H     ABSOLUTE     
            XDATA   FF17H     0001H     ABSOLUTE     
                    FF18H     0004H                  *** GAP ***
            XDATA   FF1CH     0001H     ABSOLUTE     
            XDATA   FF1DH     0001H     ABSOLUTE     
                    FF1EH     0062H                  *** GAP ***
            XDATA   FF80H     0001H     ABSOLUTE     
            XDATA   FF81H     0001H     ABSOLUTE     
                    FF82H     0001H                  *** GAP ***
            XDATA   FF83H     0001H     ABSOLUTE     
            XDATA   FF84H     0001H     ABSOLUTE     
                    FF85H     000AH                  *** GAP ***
            XDATA   FF8FH     0001H     ABSOLUTE     
            XDATA   FF90H     0001H     ABSOLUTE     
            XDATA   FF91H     0001H     ABSOLUTE     
                    FF92H     000AH                  *** GAP ***
            XDATA   FF9CH     0001H     ABSOLUTE     
                    FF9DH     0003H                  *** GAP ***
            XDATA   FFA0H     0001H     ABSOLUTE     
            XDATA   FFA1H     0001H     ABSOLUTE     
            XDATA   FFA2H     0001H     ABSOLUTE     
            XDATA   FFA3H     0001H     ABSOLUTE     
            XDATA   FFA4H     0001H     ABSOLUTE     
            XDATA   FFA5H     0001H     ABSOLUTE     
            XDATA   FFA6H     0001H     ABSOLUTE     
            XDATA   FFA7H     0001H     ABSOLUTE     

            * * * * * * *   C O D E   M E M O R Y   * * * * * * *
            CODE    0000H     0003H     ABSOLUTE     
            CODE    0003H     0008H     UNIT         ?PR?_FLASH_READ_ADDR?FLASH
            CODE    000BH     0003H     ABSOLUTE     
            CODE    000EH     0013H     UNIT         ?PR?KEY_INIT?KEY
                    0021H     0002H                  *** GAP ***
            CODE    0023H     0003H     ABSOLUTE     
            CODE    0026H     0958H     UNIT         ?C?LIB_CODE
            CODE    097EH     0483H     UNIT         ?PR?PRINTF?PRINTF
            CODE    0E01H     0428H     UNIT         ?PR?PID_OPERATION?PID
BL51 BANKED LINKER/LOCATER V6.22                                                      08/31/2020  19:31:42  PAGE 4


            CODE    1229H     021DH     UNIT         ?PR?_TEMP_CALC?MAIN
            CODE    1446H     014DH     UNIT         ?PR?TEMPERATURE_HANDLE?MAIN
            CODE    1593H     013FH     UNIT         ?PR?FLASH_INIT?FLASH
            CODE    16D2H     012CH     UNIT         ?PR?_GET_VOLTAGE?ADC
            CODE    17FEH     010FH     UNIT         ?PR?TIMER0_RPT?TIMER
            CODE    190DH     0106H     UNIT         ?CO?FLASH
            CODE    1A13H     00FDH     UNIT         ?PR?_LCD_DISPLAY_GAP?LCD_DISPLAY
            CODE    1B10H     00F4H     UNIT         ?PR?KEY_HANDLE?MAIN
            CODE    1C04H     00DEH     UNIT         ?CO?TIMER
            CODE    1CE2H     00D0H     UNIT         ?CO?MAIN
            CODE    1DB2H     00BDH     UNIT         ?PR?_SET_TEMP?MAIN
            CODE    1E6FH     00BBH     UNIT         ?PR?_CALIBRATION_TEMPERATURE?MAIN
            CODE    1F2AH     00B7H     UNIT         ?PR?KEY_DRIVER?KEY
            CODE    1FE1H     00B7H     UNIT         ?PR?CALIBRATION_KEY_DRIVER?KEY
            CODE    2098H     00B2H     UNIT         ?C_INITSEG
            CODE    214AH     00A5H     UNIT         ?PR?MAIN?MAIN
            CODE    21EFH     008CH     UNIT         ?C_C51STARTUP
            CODE    227BH     008AH     UNIT         ?PR?_LCD_DISPLAY_TIME?LCD_DISPLAY
            CODE    2305H     008AH     UNIT         ?PR?SET_TIME_SEC?TIMER
            CODE    238FH     007EH     UNIT         ?PR?KEY_SCAN?KEY
            CODE    240DH     0075H     UNIT         ?PR?_SET_CORRECT_TIME?TIMER
            CODE    2482H     006DH     UNIT         ?PR?_FLASH_WRITEARR?FLASH
            CODE    24EFH     006AH     UNIT         ?PR?TIME_PRINT?TIMER
            CODE    2559H     0057H     UNIT         ?PR?SET_CORRECT_VALUE?TIMER
            CODE    25B0H     004DH     UNIT         ?PR?UART1_RPT?UART
            CODE    25FDH     0040H     UNIT         ?PR?_FLASH_READARR?FLASH
            CODE    263DH     003FH     UNIT         ?PR?_HT1621_SENDBIT_HIGHT?HT1621B
            CODE    267CH     003FH     UNIT         ?PR?_HT1621_SENDBIT_LOW?HT1621B
            CODE    26BBH     003EH     UNIT         ?PR?_CONTROLL_HEAT?MAIN
            CODE    26F9H     003CH     UNIT         ?PR?SET_HEAT_VAL?TIMER
            CODE    2735H     0033H     UNIT         ?PR?CHECK_FLASH?FLASH
            CODE    2768H     002DH     UNIT         ?PR?_PRODUCTE_COM_SEND_DATA?UART
            CODE    2795H     002CH     UNIT         ?PR?_HT1621_WRITE_BYTE?HT1621B
            CODE    27C1H     0029H     UNIT         ?PR?UART_INIT?UART
            CODE    27EAH     0028H     UNIT         ?PR?_FLASH_WRITEDATA?FLASH
            CODE    2812H     0027H     UNIT         ?PR?INIT_LCD_HT1621B?LCD_DISPLAY
            CODE    2839H     0026H     UNIT         ?PR?FLAH_SAVE_DATA?FLASH
            CODE    285FH     0022H     UNIT         ?PR?_FLASH_ERASEBLOCK?FLASH
            CODE    2881H     0022H     UNIT         ?PR?_PWM_INIT?PWM
            CODE    28A3H     0020H     UNIT         ?PR?PROTECT?MAIN
            CODE    28C3H     0020H     UNIT         ?PR?PID_INIT?PID
            CODE    28E3H     001FH     UNIT         ?PR?_PRODUCTE_SEND_CMD?UART
            CODE    2902H     001EH     UNIT         ?PR?HT1621_ALL_DISPLAY?LCD_DISPLAY
            CODE    2920H     001EH     UNIT         ?PR?HT1621_ALL_CLEAR?LCD_DISPLAY
            CODE    293EH     001CH     UNIT         ?PR?_SET_TIME_SEC_VAL?TIMER
            CODE    295AH     001BH     UNIT         ?PR?HT1621_INIT_PIN?HT1621B
            CODE    2975H     001BH     UNIT         ?PR?_HT1621_SEND_CMD?HT1621B
            CODE    2990H     001BH     UNIT         ?PR?ADC_INIT?ADC
            CODE    29ABH     0018H     UNIT         ?PR?_SET_PWM?PWM
            CODE    29C3H     0017H     UNIT         ?PR?_DELAY_MS?DELAY
            CODE    29DAH     0016H     UNIT         ?PR?TIME0_INIT?TIMER
            CODE    29F0H     0016H     UNIT         ?PR?GET_ADC_VAL?ADC
            CODE    2A06H     0016H     UNIT         ?PR?GET_ADC_VAL_CH?ADC
            CODE    2A1CH     0010H     UNIT         ?PR?DEVICE_INIT?MAIN
            CODE    2A2CH     000EH     UNIT         ?PR?_DELAY_US?DELAY
            CODE    2A3AH     000EH     UNIT         ?PR?LCD_TURN_OFF_TIME?LCD_DISPLAY
            CODE    2A48H     000DH     UNIT         ?PR?_WDT_INIT?WDT
BL51 BANKED LINKER/LOCATER V6.22                                                      08/31/2020  19:31:42  PAGE 5


            CODE    2A55H     000CH     UNIT         ?PR?_HAL_UART_PUTCHAR?UART
            CODE    2A61H     000CH     UNIT         ?CO?PID
            CODE    2A6DH     0009H     UNIT         ?PR?RELEASE_HT1621B_PIN?HT1621B
            CODE    2A76H     0006H     UNIT         ?PR?GET_DEVICE_STATE?FLASH
            CODE    2A7CH     0006H     UNIT         ?PR?_SET_DEVICE_STATE?FLASH
            CODE    2A82H     0006H     UNIT         ?PR?_PUTCHAR?UART
            CODE    2A88H     0005H     UNIT         ?PR?LCD_HT1621B_ON?LCD_DISPLAY
            CODE    2A8DH     0005H     UNIT         ?PR?LCD_HT1621B_OFF?LCD_DISPLAY
            CODE    2A92H     0004H     UNIT         ?PR?CLEAR_WDT?WDT
            CODE    2A96H     0003H     UNIT         ?PR?_LCD_DELAY_US?DELAY
            CODE    2A99H     0003H     UNIT         ?PR?_PRODUCTE_COM_SEND_ONE_BIT?UART



OVERLAY MAP OF MODULE:   .\output\K9018 (?C_STARTUP)


SEGMENT                                        BIT_GROUP          DATA_GROUP          XDATA_GROUP
  +--> CALLED SEGMENT                       START    LENGTH     START    LENGTH     START    LENGTH
---------------------------------------------------------------------------------------------------
?C_C51STARTUP                               -----    -----      -----    -----      -----    -----
  +--> ?PR?MAIN?MAIN
  +--> ?C_INITSEG

?PR?MAIN?MAIN                               -----    -----      -----    -----      -----    -----
  +--> ?PR?DEVICE_INIT?MAIN
  +--> ?PR?UART_INIT?UART
  +--> ?PR?ADC_INIT?ADC
  +--> ?PR?KEY_INIT?KEY
  +--> ?PR?TIME0_INIT?TIMER
  +--> ?PR?FLASH_INIT?FLASH
  +--> ?PR?_PWM_INIT?PWM
  +--> ?PR?INIT_LCD_HT1621B?LCD_DISPLAY
  +--> ?PR?_DELAY_MS?DELAY
  +--> ?PR?_WDT_INIT?WDT
  +--> ?PR?PID_INIT?PID
  +--> ?PR?_SET_PWM?PWM
  +--> ?CO?MAIN
  +--> ?PR?PRINTF?PRINTF
  +--> ?PR?KEY_HANDLE?MAIN
  +--> ?PR?TEMPERATURE_HANDLE?MAIN
  +--> ?PR?CLEAR_WDT?WDT

?PR?ADC_INIT?ADC                            -----    -----      -----    -----      -----    -----
  +--> ?PR?_DELAY_US?DELAY

?PR?FLASH_INIT?FLASH                        -----    -----      -----    -----      0000H    0001H
  +--> ?PR?CHECK_FLASH?FLASH
  +--> ?CO?FLASH
  +--> ?PR?PRINTF?PRINTF
  +--> ?PR?_FLASH_READARR?FLASH
  +--> ?PR?_FLASH_ERASEBLOCK?FLASH
  +--> ?PR?_FLASH_WRITEARR?FLASH

?PR?CHECK_FLASH?FLASH                       -----    -----      -----    -----      -----    -----
  +--> ?PR?_FLASH_READ_ADDR?FLASH

BL51 BANKED LINKER/LOCATER V6.22                                                      08/31/2020  19:31:42  PAGE 6


?PR?PRINTF?PRINTF                           0021H.1  0001H.1    000DH    0005H      0041H    0030H
  +--> ?PR?_PUTCHAR?UART

?PR?_PUTCHAR?UART                           -----    -----      -----    -----      -----    -----
  +--> ?PR?_HAL_UART_PUTCHAR?UART

?PR?_FLASH_READARR?FLASH                    -----    -----      -----    -----      0008H    0005H

?PR?_FLASH_WRITEARR?FLASH                   -----    -----      -----    -----      0008H    0007H
  +--> ?PR?_FLASH_WRITEDATA?FLASH

?PR?INIT_LCD_HT1621B?LCD_DISPLAY            -----    -----      -----    -----      -----    -----
  +--> ?PR?HT1621_INIT_PIN?HT1621B
  +--> ?PR?_HT1621_SEND_CMD?HT1621B
  +--> ?PR?HT1621_ALL_CLEAR?LCD_DISPLAY
  +--> ?PR?HT1621_ALL_DISPLAY?LCD_DISPLAY

?PR?_HT1621_SEND_CMD?HT1621B                -----    -----      -----    -----      0007H    0001H
  +--> ?PR?_HT1621_SENDBIT_HIGHT?HT1621B

?PR?_HT1621_SENDBIT_HIGHT?HT1621B           -----    -----      -----    -----      0044H    0003H
  +--> ?PR?_LCD_DELAY_US?DELAY

?PR?_LCD_DELAY_US?DELAY                     -----    -----      -----    -----      -----    -----
  +--> ?PR?_DELAY_US?DELAY

?PR?HT1621_ALL_CLEAR?LCD_DISPLAY            -----    -----      -----    -----      0041H    0001H
  +--> ?PR?_HT1621_WRITE_BYTE?HT1621B

?PR?_HT1621_WRITE_BYTE?HT1621B              -----    -----      -----    -----      0042H    0002H
  +--> ?PR?_HT1621_SENDBIT_HIGHT?HT1621B
  +--> ?PR?_HT1621_SENDBIT_LOW?HT1621B

?PR?_HT1621_SENDBIT_LOW?HT1621B             -----    -----      -----    -----      0044H    0003H
  +--> ?PR?_LCD_DELAY_US?DELAY

?PR?HT1621_ALL_DISPLAY?LCD_DISPLAY          -----    -----      -----    -----      0000H    0001H
  +--> ?PR?_HT1621_WRITE_BYTE?HT1621B

?PR?KEY_HANDLE?MAIN                         -----    -----      -----    -----      0000H    0001H
  +--> ?PR?KEY_SCAN?KEY
  +--> ?CO?MAIN
  +--> ?PR?PRINTF?PRINTF
  +--> ?PR?GET_DEVICE_STATE?FLASH
  +--> ?PR?_SET_DEVICE_STATE?FLASH
  +--> ?PR?HT1621_ALL_CLEAR?LCD_DISPLAY
  +--> ?PR?_SET_PWM?PWM
  +--> ?PR?SET_TIME_SEC?TIMER
  +--> ?PR?_SET_CORRECT_TIME?TIMER
  +--> ?PR?_LCD_DISPLAY_GAP?LCD_DISPLAY
  +--> ?PR?_LCD_DISPLAY_TIME?LCD_DISPLAY
  +--> ?PR?FLAH_SAVE_DATA?FLASH

?PR?KEY_SCAN?KEY                            -----    -----      -----    -----      -----    -----
  +--> ?PR?KEY_DRIVER?KEY
  +--> ?PR?CALIBRATION_KEY_DRIVER?KEY
  +--> ?PR?GET_DEVICE_STATE?FLASH
BL51 BANKED LINKER/LOCATER V6.22                                                      08/31/2020  19:31:42  PAGE 7


  +--> ?PR?FLAH_SAVE_DATA?FLASH
  +--> ?PR?_DELAY_MS?DELAY

?PR?KEY_DRIVER?KEY                          -----    -----      -----    -----      0001H    0002H
  +--> ?PR?_DELAY_MS?DELAY

?PR?CALIBRATION_KEY_DRIVER?KEY              -----    -----      -----    -----      0001H    0002H
  +--> ?PR?_DELAY_MS?DELAY

?PR?FLAH_SAVE_DATA?FLASH                    -----    -----      -----    -----      -----    -----
  +--> ?PR?_FLASH_ERASEBLOCK?FLASH
  +--> ?PR?_FLASH_WRITEARR?FLASH
  +--> ?PR?_FLASH_READARR?FLASH

?PR?SET_TIME_SEC?TIMER                      -----    -----      -----    -----      -----    -----
  +--> ?CO?TIMER
  +--> ?PR?PRINTF?PRINTF

?PR?_LCD_DISPLAY_GAP?LCD_DISPLAY            -----    -----      -----    -----      0006H    0001H
  +--> ?PR?_HT1621_SEND_CMD?HT1621B
  +--> ?PR?_HT1621_WRITE_BYTE?HT1621B

?PR?_LCD_DISPLAY_TIME?LCD_DISPLAY           -----    -----      -----    -----      0006H    0001H
  +--> ?PR?_HT1621_SEND_CMD?HT1621B
  +--> ?PR?_HT1621_WRITE_BYTE?HT1621B

?PR?TEMPERATURE_HANDLE?MAIN                 -----    -----      -----    -----      0000H    0006H
  +--> ?PR?_GET_VOLTAGE?ADC
  +--> ?PR?_TEMP_CALC?MAIN
  +--> ?CO?MAIN
  +--> ?PR?PRINTF?PRINTF
  +--> ?PR?_CALIBRATION_TEMPERATURE?MAIN
  +--> ?PR?GET_DEVICE_STATE?FLASH
  +--> ?PR?_LCD_DISPLAY_TIME?LCD_DISPLAY
  +--> ?PR?_LCD_DISPLAY_GAP?LCD_DISPLAY
  +--> ?PR?_SET_TEMP?MAIN
  +--> ?PR?_SET_PWM?PWM
  +--> ?PR?HT1621_ALL_CLEAR?LCD_DISPLAY
  +--> ?PR?_HT1621_SEND_CMD?HT1621B

?PR?_GET_VOLTAGE?ADC                        -----    -----      -----    -----      0006H    000BH
  +--> ?PR?GET_ADC_VAL?ADC
  +--> ?PR?GET_ADC_VAL_CH?ADC

?PR?_TEMP_CALC?MAIN                         -----    -----      -----    -----      0006H    000BH
  +--> ?CO?MAIN
  +--> ?PR?PRINTF?PRINTF

?PR?_CALIBRATION_TEMPERATURE?MAIN           -----    -----      -----    -----      0006H    0002H
  +--> ?PR?_HAL_UART_PUTCHAR?UART
  +--> ?PR?FLAH_SAVE_DATA?FLASH
  +--> ?PR?_PRODUCTE_SEND_CMD?UART

?PR?_PRODUCTE_SEND_CMD?UART                 -----    -----      -----    -----      0008H    0005H
  +--> ?PR?_PRODUCTE_COM_SEND_DATA?UART

?PR?_PRODUCTE_COM_SEND_DATA?UART            -----    -----      -----    -----      000DH    0003H
BL51 BANKED LINKER/LOCATER V6.22                                                      08/31/2020  19:31:42  PAGE 8


  +--> ?PR?_PRODUCTE_COM_SEND_ONE_BIT?UART

?PR?_PRODUCTE_COM_SEND_ONE_BIT?UART         -----    -----      -----    -----      -----    -----
  +--> ?PR?_HAL_UART_PUTCHAR?UART

?PR?_SET_TEMP?MAIN                          -----    -----      -----    -----      0006H    0002H
  +--> ?PR?_CONTROLL_HEAT?MAIN

?PR?_CONTROLL_HEAT?MAIN                     -----    -----      -----    -----      0008H    0004H
  +--> ?PR?_SET_PWM?PWM

*** NEW ROOT ***************************************************

?PR?TIMER0_RPT?TIMER                        -----    -----      -----    -----      -----    -----
  +--> ?PR?GET_DEVICE_STATE?FLASH
  +--> ?PR?SET_HEAT_VAL?TIMER
  +--> ?CO?TIMER
  +--> ?PR?_SET_DEVICE_STATE?FLASH
  +--> ?PR?HT1621_ALL_CLEAR?LCD_DISPLAY
  +--> ?PR?PRINTF?PRINTF

?PR?SET_HEAT_VAL?TIMER                      -----    -----      -----    -----      -----    -----
  +--> ?CO?TIMER
  +--> ?PR?PRINTF?PRINTF
  +--> ?PR?SET_CORRECT_VALUE?TIMER



SYMBOL TABLE OF MODULE:  .\output\K9018 (?C_STARTUP)

  VALUE           TYPE          NAME
  ----------------------------------

  -------         MODULE        ?C_STARTUP
  C:21EFH         SEGMENT       ?C_C51STARTUP
  I:0023H         SEGMENT       ?STACK
  C:0000H         PUBLIC        ?C_STARTUP
  D:00E0H         SYMBOL        ACC
  D:00F0H         SYMBOL        B
  D:0083H         SYMBOL        DPH
  D:0082H         SYMBOL        DPL
  N:0000H         SYMBOL        IBPSTACK
  N:0100H         SYMBOL        IBPSTACKTOP
  N:0080H         SYMBOL        IDATALEN
  C:21F2H         SYMBOL        IDATALOOP
  N:0000H         SYMBOL        PBPSTACK
  N:0100H         SYMBOL        PBPSTACKTOP
  N:0000H         SYMBOL        PDATALEN
  N:0000H         SYMBOL        PDATASTART
  N:0000H         SYMBOL        PPAGE
  N:0000H         SYMBOL        PPAGEENABLE
  D:00A0H         SYMBOL        PPAGE_SFR
  D:0081H         SYMBOL        SP
  C:21EFH         SYMBOL        STARTUP1
  N:0000H         SYMBOL        XBPSTACK
  N:0000H         SYMBOL        XBPSTACKTOP
  N:0000H         SYMBOL        XDATALEN
BL51 BANKED LINKER/LOCATER V6.22                                                      08/31/2020  19:31:42  PAGE 9


  N:0000H         SYMBOL        XDATASTART
  C:0000H         LINE#         126
  C:21EFH         LINE#         133
  C:21F1H         LINE#         134
  C:21F2H         LINE#         135
  C:21F3H         LINE#         136
  C:21F5H         LINE#         185
  C:21F8H         LINE#         196
  -------         ENDMOD        ?C_STARTUP

  -------         MODULE        MAIN
  C:0000H         SYMBOL        _ICE_DUMMY_
  X:FF08H         PUBLIC        P1M0
  X:FF01H         PUBLIC        P0M1
  X:FF10H         PUBLIC        P2M0
  X:FF09H         PUBLIC        P1M1
  X:FF02H         PUBLIC        P0M2
  D:0080H         PUBLIC        P0
  X:FF11H         PUBLIC        P2M1
  X:FF0AH         PUBLIC        P1M2
  X:FF03H         PUBLIC        P0M3
  D:0090H         PUBLIC        P1
  X:FF12H         PUBLIC        P2M2
  X:FF0BH         PUBLIC        P1M3
  X:FF04H         PUBLIC        P0M4
  D:00A0H         PUBLIC        P2
  X:FF13H         PUBLIC        P2M3
  X:FF0CH         PUBLIC        P1M4
  X:FF05H         PUBLIC        P0M5
  D:00B0H         PUBLIC        P3
  X:FF14H         PUBLIC        P2M4
  X:FF0DH         PUBLIC        P1M5
  X:FF06H         PUBLIC        P0M6
  X:FF1CH         PUBLIC        P3M4
  X:FF15H         PUBLIC        P2M5
  X:FF0EH         PUBLIC        P1M6
  X:FF07H         PUBLIC        P0M7
  X:FF1DH         PUBLIC        P3M5
  X:FF16H         PUBLIC        P2M6
  X:FF0FH         PUBLIC        P1M7
  B:00A8H.7       PUBLIC        EA
  C:1446H         PUBLIC        temperature_handle
  X:FF17H         PUBLIC        P2M7
  X:FEBDH         PUBLIC        TRMEN
  C:2A1CH         PUBLIC        device_init
  X:FE75H         PUBLIC        CTKVS
  D:00A8H         PUBLIC        IE
  D:00F8H         PUBLIC        RSTFR
  X:FF91H         PUBLIC        PWM01_MAP
  X:FFA3H         PUBLIC        SDA_MAP
  C:1B10H         SYMBOL        key_handle
  X:FFA5H         PUBLIC        SCK_MAP
  X:FFA2H         PUBLIC        SCL_MAP
  C:1DB2H         PUBLIC        _Set_Temp
  C:214AH         PUBLIC        main
  C:1E6FH         PUBLIC        _calibration_temperature
  X:FEA4H         PUBLIC        BORC
BL51 BANKED LINKER/LOCATER V6.22                                                      08/31/2020  19:31:42  PAGE 10


  X:FE77H         PUBLIC        DSCR
  C:1229H         PUBLIC        _temp_calc
  X:FFA1H         PUBLIC        RXD_MAP
  X:FEA5H         PUBLIC        BORDBC
  X:FFA0H         PUBLIC        TXD_MAP
  X:FEBAH         PUBLIC        PINTE2
  D:0098H         PUBLIC        SCON
  D:0088H         PUBLIC        TCON
  C:26BBH         PUBLIC        _Controll_Heat
  X:FE95H         PUBLIC        SPOV_RSTEN
  X:FE74H         PUBLIC        RBCSEL
  X:FE9BH         PUBLIC        ADCC2
  X:FE76H         PUBLIC        CTKCLK
  X:FE91H         PUBLIC        CLKDIV
  D:00B8H         PUBLIC        IE1
  D:00D8H         PUBLIC        IE2
  X:FF80H         PUBLIC        T0_MAP
  X:FF81H         PUBLIC        T1_MAP
  X:FEAAH         PUBLIC        RSTDBC
  X:FF83H         PUBLIC        T3_MAP
  X:FF84H         PUBLIC        T4_MAP
  X:FEA0H         PUBLIC        WDTCCR
  X:FEBEH         PUBLIC        TRMV
  X:00E5H         PUBLIC        fault_std
  X:00E6H         PUBLIC        adc_cnt
  X:FE93H         PUBLIC        CLKOUT
  D:008EH         PUBLIC        CLKSWR
  X:00E8H         PUBLIC        first_heat_std
  X:FF90H         PUBLIC        PWM0_MAP
  C:28A3H         PUBLIC        Protect
  X:FFA4H         PUBLIC        SS_MAP
  X:FE80H         PUBLIC        TCON1
  X:FF9CH         PUBLIC        PWM3_MAP
  X:FF8FH         PUBLIC        CLKO_MAP
  X:FE92H         PUBLIC        FREQ_CLK
  X:FEB0H         PUBLIC        PITS0
  X:FEB4H         PUBLIC        PITS4
  X:FFA7H         PUBLIC        MISO_MAP
  X:FFA6H         PUBLIC        MOSI_MAP
  D:00D0H         PUBLIC        PSW
  X:FF00H         PUBLIC        P0M0
  -------         PROC          DEVICE_INIT
  C:2A1CH         LINE#         25
  C:2A1CH         LINE#         26
  C:2A1CH         LINE#         29
  C:2A1FH         LINE#         30
  C:2A25H         LINE#         31
  C:2A2BH         LINE#         32
  -------         ENDPROC       DEVICE_INIT
  -------         PROC          KEY_HANDLE
  -------         DO            
  X:0000H         SYMBOL        key_val
  -------         ENDDO         
  C:1B10H         LINE#         35
  C:1B10H         LINE#         36
  C:1B10H         LINE#         37
  C:1B15H         LINE#         38
BL51 BANKED LINKER/LOCATER V6.22                                                      08/31/2020  19:31:42  PAGE 11


  C:1B1BH         LINE#         39
  C:1B1BH         LINE#         40
  C:1B23H         LINE#         41
  C:1B25H         LINE#         43
  C:1B25H         LINE#         44
  C:1B2AH         LINE#         45
  C:1B2AH         LINE#         46
  C:1B38H         LINE#         47
  C:1B38H         LINE#         48
  C:1B41H         LINE#         50
  C:1B47H         LINE#         51
  C:1B47H         LINE#         53
  C:1B4CH         LINE#         54
  C:1B4FH         LINE#         55
  C:1B54H         LINE#         56
  C:1B54H         LINE#         58
  C:1B54H         LINE#         59
  C:1B59H         LINE#         60
  C:1B5CH         LINE#         62
  C:1B62H         LINE#         63
  C:1B6AH         LINE#         64
  C:1B72H         LINE#         65
  C:1B7AH         LINE#         67
  C:1B7AH         LINE#         68
  C:1B7AH         LINE#         69
  C:1B83H         LINE#         70
  C:1B83H         LINE#         74
  C:1B8BH         LINE#         75
  C:1B8BH         LINE#         77
  C:1B94H         LINE#         78
  C:1B9DH         LINE#         79
  C:1B9DH         LINE#         80
  C:1BA0H         LINE#         82
  C:1BA2H         LINE#         84
  C:1BA2H         LINE#         85
  C:1BA8H         LINE#         86
  C:1BA8H         LINE#         87
  C:1BB2H         LINE#         88
  C:1BB2H         LINE#         89
  C:1BB7H         LINE#         90
  C:1BB7H         LINE#         91
  C:1BBAH         LINE#         92
  C:1BBCH         LINE#         93
  C:1BC2H         LINE#         94
  C:1BC2H         LINE#         95
  C:1BC8H         LINE#         96
  C:1BC8H         LINE#         97
  C:1BC8H         LINE#         99
  C:1BCEH         LINE#         100
  C:1BD1H         LINE#         101
  C:1BD9H         LINE#         103
  C:1BD9H         LINE#         104
  C:1BDBH         LINE#         105
  C:1BE2H         LINE#         106
  C:1BE2H         LINE#         108
  C:1BEBH         LINE#         109
  C:1BEBH         LINE#         110
BL51 BANKED LINKER/LOCATER V6.22                                                      08/31/2020  19:31:42  PAGE 12


  C:1BEEH         LINE#         111
  C:1BF0H         LINE#         113
  C:1BF0H         LINE#         114
  C:1BF5H         LINE#         115
  C:1BF5H         LINE#         118
  C:1BFDH         LINE#         119
  C:1C00H         LINE#         120
  C:1C03H         LINE#         121
  C:1C03H         LINE#         122
  C:1C03H         LINE#         123
  -------         ENDPROC       KEY_HANDLE
  -------         PROC          _CALIBRATION_TEMPERATURE
  X:0006H         SYMBOL        temper
  -------         DO            
  D:0007H         SYMBOL        temp1
  -------         ENDDO         
  C:1E6FH         LINE#         126
  C:1E77H         LINE#         127
  C:1E77H         LINE#         128
  C:1E77H         LINE#         129
  C:1E87H         LINE#         130
  C:1E87H         LINE#         131
  C:1E8DH         LINE#         132
  C:1E92H         LINE#         133
  C:1E97H         LINE#         135
  C:1EA1H         LINE#         136
  C:1EA1H         LINE#         137
  C:1EA6H         LINE#         138
  C:1EA6H         LINE#         139
  C:1EACH         LINE#         140
  C:1EB0H         LINE#         141
  C:1EB2H         LINE#         143
  C:1EB2H         LINE#         144
  C:1EBFH         LINE#         146
  C:1EC2H         LINE#         147
  C:1EC8H         LINE#         148
  C:1EC8H         LINE#         149
  C:1ED8H         LINE#         150
  C:1ED8H         LINE#         151
  C:1EDDH         LINE#         152
  C:1EDFH         LINE#         153
  C:1EDFH         LINE#         154
  C:1EE2H         LINE#         155
  C:1EE9H         LINE#         156
  C:1EE9H         LINE#         157
  C:1EE9H         LINE#         158
  C:1EF1H         LINE#         159
  C:1EF1H         LINE#         160
  C:1F05H         LINE#         161
  C:1F05H         LINE#         162
  C:1F09H         LINE#         163
  C:1F09H         LINE#         164
  C:1F21H         LINE#         165
  C:1F21H         LINE#         166
  C:1F29H         LINE#         168
  -------         ENDPROC       _CALIBRATION_TEMPERATURE
  -------         PROC          _TEMP_CALC
BL51 BANKED LINKER/LOCATER V6.22                                                      08/31/2020  19:31:42  PAGE 13


  X:0006H         SYMBOL        uR510
  X:0008H         SYMBOL        uRw
  -------         DO            
  X:000AH         SYMBOL        i
  X:000BH         SYMBOL        basi_tmp
  X:000CH         SYMBOL        k
  X:000DH         SYMBOL        u1
  -------         ENDDO         
  C:1229H         LINE#         172
  C:123BH         LINE#         173
  C:123BH         LINE#         174
  C:1240H         LINE#         175
  C:1244H         LINE#         176
  C:1248H         LINE#         177
  C:1250H         LINE#         179
  C:126FH         LINE#         180
  C:126FH         LINE#         181
  C:1272H         LINE#         182
  C:1272H         LINE#         185
  C:12EAH         LINE#         186
  C:1307H         LINE#         187
  C:1324H         LINE#         188
  C:1341H         LINE#         189
  C:135FH         LINE#         191
  C:137EH         LINE#         193
  C:13A4H         LINE#         194
  C:13A4H         LINE#         195
  C:13A4H         LINE#         196
  C:13A4H         LINE#         197
  C:13C3H         LINE#         198
  C:13C9H         LINE#         199
  C:13E5H         LINE#         200
  C:13E5H         LINE#         201
  C:13E5H         LINE#         202
  C:13E5H         LINE#         206
  C:13EEH         LINE#         208
  C:13F0H         LINE#         210
  C:13F0H         LINE#         211
  C:13F0H         LINE#         212
  C:13F0H         LINE#         213
  C:140FH         LINE#         214
  C:1415H         LINE#         215
  C:142FH         LINE#         216
  C:142FH         LINE#         217
  C:142FH         LINE#         218
  C:142FH         LINE#         223
  C:143EH         LINE#         226
  C:143EH         LINE#         229
  C:1445H         LINE#         230
  -------         ENDPROC       _TEMP_CALC
  -------         PROC          TEMPERATURE_HANDLE
  -------         DO            
  X:0000H         SYMBOL        temp
  X:0002H         SYMBOL        adc_val1
  X:0004H         SYMBOL        adc_val3
  X:00E4H         SYMBOL        error_std
  -------         ENDDO         
BL51 BANKED LINKER/LOCATER V6.22                                                      08/31/2020  19:31:42  PAGE 14


  C:1446H         LINE#         234
  C:1446H         LINE#         235
  C:1446H         LINE#         236
  C:144DH         LINE#         237
  C:1455H         LINE#         239
  C:1463H         LINE#         241
  C:1475H         LINE#         242
  C:1475H         LINE#         243
  C:1479H         LINE#         244
  C:148FH         LINE#         247
  C:14A8H         LINE#         248
  C:14B9H         LINE#         249
  C:14CCH         LINE#         250
  C:14DDH         LINE#         252
  C:14EFH         LINE#         253
  C:14EFH         LINE#         254
  C:14F5H         LINE#         255
  C:14F5H         LINE#         256
  C:14FCH         LINE#         257
  C:14FCH         LINE#         258
  C:14FEH         LINE#         259
  C:1512H         LINE#         260
  C:1512H         LINE#         261
  C:1513H         LINE#         262
  C:1519H         LINE#         263
  C:151BH         LINE#         265
  C:151BH         LINE#         266
  C:1521H         LINE#         267
  C:1525H         LINE#         268
  C:1525H         LINE#         269
  C:1525H         LINE#         271
  C:152DH         LINE#         272
  C:1535H         LINE#         273
  C:1540H         LINE#         274
  C:1542H         LINE#         276
  C:1542H         LINE#         277
  C:1549H         LINE#         278
  C:1549H         LINE#         279
  C:154EH         LINE#         280
  C:1551H         LINE#         281
  C:1559H         LINE#         282
  C:155FH         LINE#         283
  C:1561H         LINE#         285
  C:1561H         LINE#         286
  C:1566H         LINE#         287
  C:156BH         LINE#         288
  C:156BH         LINE#         289
  C:156BH         LINE#         290
  C:1570H         LINE#         291
  C:1571H         LINE#         293
  C:1571H         LINE#         294
  C:1576H         LINE#         295
  C:157AH         LINE#         296
  C:157DH         LINE#         297
  C:1582H         LINE#         298
  C:1588H         LINE#         299
  C:158CH         LINE#         300
BL51 BANKED LINKER/LOCATER V6.22                                                      08/31/2020  19:31:42  PAGE 15


  C:1592H         LINE#         301
  C:1592H         LINE#         303
  C:1592H         LINE#         306
  -------         ENDPROC       TEMPERATURE_HANDLE
  -------         PROC          MAIN
  C:214AH         LINE#         311
  C:214AH         LINE#         312
  C:214AH         LINE#         313
  C:214DH         LINE#         315
  C:2150H         LINE#         316
  C:2153H         LINE#         317
  C:2155H         LINE#         318
  C:2158H         LINE#         319
  C:215BH         LINE#         320
  C:215EH         LINE#         321
  C:2165H         LINE#         322
  C:2168H         LINE#         323
  C:216FH         LINE#         324
  C:2174H         LINE#         325
  C:2177H         LINE#         326
  C:217CH         LINE#         327
  C:2185H         LINE#         328
  C:2198H         LINE#         329
  C:21AFH         LINE#         330
  C:21C5H         LINE#         331
  C:21DBH         LINE#         332
  C:21E4H         LINE#         334
  C:21E4H         LINE#         335
  C:21E4H         LINE#         336
  C:21E7H         LINE#         337
  C:21EAH         LINE#         340
  C:21EDH         LINE#         342
  -------         ENDPROC       MAIN
  -------         PROC          _CONTROLL_HEAT
  X:0008H         SYMBOL        temp_set
  X:000AH         SYMBOL        temp_now
  C:26BBH         LINE#         346
  C:26C9H         LINE#         347
  C:26C9H         LINE#         349
  C:26CFH         LINE#         350
  C:26CFH         LINE#         353
  C:26D1H         LINE#         354
  C:26D3H         LINE#         355
  C:26F3H         LINE#         356
  C:26F3H         LINE#         358
  C:26F8H         LINE#         359
  C:26F8H         LINE#         360
  -------         ENDPROC       _CONTROLL_HEAT
  -------         PROC          _SET_TEMP
  X:0006H         SYMBOL        temp
  C:1DB2H         LINE#         362
  C:1DBAH         LINE#         363
  C:1DBAH         LINE#         364
  C:1DC1H         LINE#         365
  C:1DC1H         LINE#         367
  C:1DCBH         LINE#         368
  C:1DCEH         LINE#         370
BL51 BANKED LINKER/LOCATER V6.22                                                      08/31/2020  19:31:42  PAGE 16


  C:1DCEH         LINE#         372
  C:1DFFH         LINE#         373
  C:1DFFH         LINE#         374
  C:1DFFH         LINE#         375
  C:1E09H         LINE#         376
  C:1E0BH         LINE#         377
  C:1E0BH         LINE#         378
  C:1E15H         LINE#         379
  C:1E17H         LINE#         380
  C:1E17H         LINE#         381
  C:1E21H         LINE#         382
  C:1E23H         LINE#         383
  C:1E23H         LINE#         384
  C:1E2DH         LINE#         385
  C:1E2FH         LINE#         386
  C:1E2FH         LINE#         387
  C:1E39H         LINE#         388
  C:1E3BH         LINE#         389
  C:1E3BH         LINE#         390
  C:1E45H         LINE#         391
  C:1E47H         LINE#         392
  C:1E47H         LINE#         393
  C:1E51H         LINE#         394
  C:1E53H         LINE#         395
  C:1E53H         LINE#         396
  C:1E5DH         LINE#         397
  C:1E5FH         LINE#         398
  C:1E5FH         LINE#         401
  C:1E5FH         LINE#         402
  C:1E6EH         LINE#         403
  C:1E6EH         LINE#         405
  C:1E6EH         LINE#         406
  C:1E6EH         LINE#         407
  -------         ENDPROC       _SET_TEMP
  -------         PROC          PROTECT
  C:28A3H         LINE#         412
  C:28A3H         LINE#         413
  C:28A3H         LINE#         414
  C:28AAH         LINE#         415
  C:28AAH         LINE#         416
  C:28B3H         LINE#         417
  C:28B3H         LINE#         418
  C:28B6H         LINE#         419
  C:28BAH         LINE#         420
  C:28BDH         LINE#         421
  C:28C2H         LINE#         422
  C:28C2H         LINE#         423
  C:28C2H         LINE#         424
  -------         ENDPROC       PROTECT
  -------         ENDMOD        MAIN

  -------         MODULE        FLASH
  C:0000H         SYMBOL        _ICE_DUMMY_
  D:0080H         PUBLIC        P0
  D:0090H         PUBLIC        P1
  D:00A0H         PUBLIC        P2
  D:00B0H         PUBLIC        P3
BL51 BANKED LINKER/LOCATER V6.22                                                      08/31/2020  19:31:42  PAGE 17


  B:00A8H.7       PUBLIC        EA
  C:248EH         PUBLIC        _Flash_WriteArr
  C:0003H         PUBLIC        _flash_read_addr
  D:00A8H         PUBLIC        IE
  D:00FCH         PUBLIC        IAP_CMD
  D:00F8H         PUBLIC        RSTFR
  C:2A76H         PUBLIC        get_device_state
  X:00D0H         PUBLIC        flash_info
  C:2A7CH         PUBLIC        _set_device_state
  C:1593H         PUBLIC        flash_init
  C:2839H         PUBLIC        flah_save_data
  C:285FH         PUBLIC        _Flash_EraseBlock
  D:0098H         PUBLIC        SCON
  D:0088H         PUBLIC        TCON
  D:00B8H         PUBLIC        IE1
  D:00D8H         PUBLIC        IE2
  D:00FBH         PUBLIC        IAP_DATA
  D:00F9H         PUBLIC        IAP_ADDR
  C:27EAH         PUBLIC        _FLASH_WriteData
  C:2735H         SYMBOL        check_flash
  X:00D5H         PUBLIC        flash_check
  C:25FDH         PUBLIC        _Flash_ReadArr
  X:00D9H         PUBLIC        device_state
  D:00D0H         PUBLIC        PSW
  -------         PROC          GET_DEVICE_STATE
  C:2A76H         LINE#         9
  C:2A76H         LINE#         10
  C:2A76H         LINE#         11
  C:2A7BH         LINE#         12
  -------         ENDPROC       GET_DEVICE_STATE
  -------         PROC          _SET_DEVICE_STATE
  D:0007H         SYMBOL        state
  C:2A7CH         LINE#         14
  C:2A7CH         LINE#         15
  C:2A7CH         LINE#         16
  C:2A81H         LINE#         17
  -------         ENDPROC       _SET_DEVICE_STATE
  -------         PROC          _FLASH_ERASEBLOCK
  D:0006H         SYMBOL        addr
  C:285FH         LINE#         27
  C:2866H         LINE#         28
  C:2866H         LINE#         29
  C:286CH         LINE#         30
  C:2870H         LINE#         31
  C:2876H         LINE#         32
  C:287CH         LINE#         33
  -------         ENDPROC       _FLASH_ERASEBLOCK
  -------         PROC          _FLASH_WRITEDATA
  D:0007H         SYMBOL        fuc_SaveData
  D:0004H         SYMBOL        addr
  C:27EAH         LINE#         43
  C:27F1H         LINE#         44
  C:27F1H         LINE#         45
  C:27F3H         LINE#         46
  C:27F9H         LINE#         47
  C:2801H         LINE#         48
  C:2807H         LINE#         49
BL51 BANKED LINKER/LOCATER V6.22                                                      08/31/2020  19:31:42  PAGE 18


  C:280DH         LINE#         50
  -------         ENDPROC       _FLASH_WRITEDATA
  -------         PROC          L?0030
  -------         ENDPROC       L?0030
  -------         PROC          _FLASH_WRITEARR
  X:0008H         SYMBOL        fui_Address
  X:000AH         SYMBOL        len
  X:000BH         SYMBOL        fucp_SaveArr
  -------         DO            
  X:000EH         SYMBOL        i
  -------         ENDDO         
  C:248EH         LINE#         62
  C:24A9H         LINE#         63
  C:24A9H         LINE#         64
  C:24ACH         LINE#         66
  C:24AEH         LINE#         67
  C:24BCH         LINE#         68
  C:24BCH         LINE#         69
  C:24E0H         LINE#         70
  C:24E8H         LINE#         71
  C:24EAH         LINE#         72
  -------         ENDPROC       _FLASH_WRITEARR
  -------         PROC          _FLASH_READ_ADDR
  D:0082H         SYMBOL        address
  -------         DO            
  D:0007H         SYMBOL        val
  -------         ENDDO         
  C:0003H         LINE#         74
  C:0007H         LINE#         75
  C:0007H         LINE#         76
  C:0008H         LINE#         77
  C:000AH         LINE#         78
  C:000AH         LINE#         79
  -------         ENDPROC       _FLASH_READ_ADDR
  -------         PROC          _FLASH_READARR
  X:0008H         SYMBOL        fui_Address
  D:0005H         SYMBOL        fuc_Length
  X:000AH         SYMBOL        fucp_SaveArr
  C:25FDH         LINE#         91
  C:260EH         LINE#         92
  C:260EH         LINE#         93
  C:2614H         LINE#         94
  C:263CH         LINE#         95
  -------         ENDPROC       _FLASH_READARR
  -------         PROC          CHECK_FLASH
  -------         DO            
  D:0005H         SYMBOL        i
  D:0004H         SYMBOL        cnt
  -------         ENDDO         
  C:2735H         LINE#         97
  C:2735H         LINE#         98
  C:2735H         LINE#         99
  C:2738H         LINE#         101
  C:2738H         LINE#         102
  C:2738H         LINE#         103
  C:2751H         LINE#         104
  C:2751H         LINE#         105
BL51 BANKED LINKER/LOCATER V6.22                                                      08/31/2020  19:31:42  PAGE 19


  C:2752H         LINE#         106
  C:2754H         LINE#         107
  C:2757H         LINE#         108
  C:275CH         LINE#         109
  C:2762H         LINE#         110
  C:2765H         LINE#         111
  C:2767H         LINE#         112
  -------         ENDPROC       CHECK_FLASH
  -------         PROC          FLASH_INIT
  -------         DO            
  X:0000H         SYMBOL        init_flag
  -------         ENDDO         
  C:1593H         LINE#         115
  C:1593H         LINE#         116
  C:1593H         LINE#         117
  C:1598H         LINE#         120
  C:159EH         LINE#         122
  C:15A4H         LINE#         123
  C:15A4H         LINE#         124
  C:15A9H         LINE#         125
  C:15ABH         LINE#         127
  C:15ABH         LINE#         128
  C:15B4H         LINE#         129
  C:15C3H         LINE#         130
  C:15E6H         LINE#         131
  C:1609H         LINE#         132
  C:1612H         LINE#         133
  C:1621H         LINE#         134
  C:1627H         LINE#         135
  C:1627H         LINE#         136
  C:1632H         LINE#         137
  C:1632H         LINE#         138
  C:163BH         LINE#         139
  C:1641H         LINE#         140
  C:1645H         LINE#         141
  C:164CH         LINE#         142
  C:1657H         LINE#         143
  C:165AH         LINE#         144
  C:1669H         LINE#         145
  C:16A6H         LINE#         146
  C:16AFH         LINE#         147
  C:16AFH         LINE#         148
  -------         ENDPROC       FLASH_INIT
  -------         PROC          FLAH_SAVE_DATA
  C:2839H         LINE#         152
  C:2839H         LINE#         153
  C:2839H         LINE#         155
  C:2840H         LINE#         156
  C:284DH         LINE#         157
  C:2850H         LINE#         158
  -------         ENDPROC       FLAH_SAVE_DATA
  -------         ENDMOD        FLASH

  -------         MODULE        DELAY
  C:0000H         SYMBOL        _ICE_DUMMY_
  D:0080H         PUBLIC        P0
  D:0090H         PUBLIC        P1
BL51 BANKED LINKER/LOCATER V6.22                                                      08/31/2020  19:31:42  PAGE 20


  D:00A0H         PUBLIC        P2
  D:00B0H         PUBLIC        P3
  D:00A8H         PUBLIC        IE
  D:00F8H         PUBLIC        RSTFR
  D:0098H         PUBLIC        SCON
  D:0088H         PUBLIC        TCON
  D:00B8H         PUBLIC        IE1
  D:00D8H         PUBLIC        IE2
  C:29C3H         PUBLIC        _delay_ms
  C:2A2CH         PUBLIC        _delay_us
  C:2A96H         PUBLIC        _lcd_delay_us
  D:00D0H         PUBLIC        PSW
  -------         PROC          _DELAY_US
  D:0006H         SYMBOL        us
  C:2A2CH         LINE#         4
  C:2A2CH         LINE#         5
  C:2A2CH         LINE#         6
  C:2A35H         LINE#         7
  C:2A35H         LINE#         8
  C:2A37H         LINE#         9
  C:2A39H         LINE#         10
  -------         ENDPROC       _DELAY_US
  -------         PROC          _DELAY_MS
  D:0006H         SYMBOL        ms
  -------         DO            
  D:0004H         SYMBOL        i
  -------         ENDDO         
  C:29C3H         LINE#         12
  C:29C3H         LINE#         13
  C:29C3H         LINE#         15
  C:29C3H         LINE#         16
  C:29C7H         LINE#         17
  C:29D0H         LINE#         18
  C:29D9H         LINE#         19
  -------         ENDPROC       _DELAY_MS
  -------         PROC          _LCD_DELAY_US
  D:0006H         SYMBOL        time
  C:2A96H         LINE#         21
  C:2A96H         LINE#         22
  C:2A96H         LINE#         23
  -------         ENDPROC       _LCD_DELAY_US
  -------         ENDMOD        DELAY

  -------         MODULE        HT1621B
  C:0000H         SYMBOL        _ICE_DUMMY_
  D:0080H         PUBLIC        P0
  D:0090H         PUBLIC        P1
  D:00A0H         PUBLIC        P2
  D:00B0H         PUBLIC        P3
  D:00A8H         PUBLIC        IE
  B:0090H.0       PUBLIC        P1_0
  B:0090H.1       PUBLIC        P1_1
  D:00F8H         PUBLIC        RSTFR
  B:0080H.6       PUBLIC        P0_6
  B:0080H.7       PUBLIC        P0_7
  C:267CH         PUBLIC        _ht1621_sendbit_low
  D:0098H         PUBLIC        SCON
BL51 BANKED LINKER/LOCATER V6.22                                                      08/31/2020  19:31:42  PAGE 21


  D:0088H         PUBLIC        TCON
  D:00B8H         PUBLIC        IE1
  D:00D8H         PUBLIC        IE2
  C:2975H         PUBLIC        _ht1621_send_cmd
  C:2795H         PUBLIC        _ht1621_write_byte
  C:295AH         PUBLIC        ht1621_init_pin
  C:263DH         PUBLIC        _ht1621_sendbit_hight
  C:2A6DH         PUBLIC        release_ht1621b_pin
  D:00D0H         PUBLIC        PSW
  -------         PROC          HT1621_INIT_PIN
  C:295AH         LINE#         6
  C:295AH         LINE#         7
  C:295AH         LINE#         8
  C:2960H         LINE#         9
  C:2964H         LINE#         10
  C:2968H         LINE#         11
  C:296CH         LINE#         13
  C:296EH         LINE#         14
  C:2970H         LINE#         15
  C:2972H         LINE#         16
  C:2974H         LINE#         17
  -------         ENDPROC       HT1621_INIT_PIN
  -------         PROC          _HT1621_SENDBIT_HIGHT
  X:0044H         SYMBOL        dat
  X:0045H         SYMBOL        cnt
  -------         DO            
  X:0046H         SYMBOL        i
  -------         ENDDO         
  C:263DH         LINE#         20
  C:2645H         LINE#         21
  C:2645H         LINE#         22
  C:2648H         LINE#         24
  C:2654H         LINE#         25
  C:2654H         LINE#         26
  C:2656H         LINE#         27
  C:265DH         LINE#         28
  C:2661H         LINE#         30
  C:2663H         LINE#         31
  C:2665H         LINE#         32
  C:266CH         LINE#         33
  C:2673H         LINE#         34
  C:267BH         LINE#         35
  -------         ENDPROC       _HT1621_SENDBIT_HIGHT
  -------         PROC          _HT1621_SENDBIT_LOW
  X:0044H         SYMBOL        dat
  X:0045H         SYMBOL        cnt
  -------         DO            
  X:0046H         SYMBOL        i
  -------         ENDDO         
  C:267CH         LINE#         37
  C:2684H         LINE#         38
  C:2684H         LINE#         39
  C:2687H         LINE#         41
  C:2693H         LINE#         42
  C:2693H         LINE#         43
  C:2695H         LINE#         44
  C:269CH         LINE#         45
BL51 BANKED LINKER/LOCATER V6.22                                                      08/31/2020  19:31:42  PAGE 22


  C:26A0H         LINE#         47
  C:26A2H         LINE#         48
  C:26A4H         LINE#         49
  C:26ABH         LINE#         50
  C:26B2H         LINE#         51
  C:26BAH         LINE#         52
  -------         ENDPROC       _HT1621_SENDBIT_LOW
  -------         PROC          _HT1621_SEND_CMD
  X:0007H         SYMBOL        command
  C:2975H         LINE#         55
  C:297AH         LINE#         56
  C:297AH         LINE#         57
  C:297CH         LINE#         58
  C:2983H         LINE#         59
  C:298DH         LINE#         60
  C:298FH         LINE#         61
  -------         ENDPROC       _HT1621_SEND_CMD
  -------         PROC          _HT1621_WRITE_BYTE
  X:0042H         SYMBOL        addr
  X:0043H         SYMBOL        dat
  C:2795H         LINE#         63
  C:279DH         LINE#         64
  C:279DH         LINE#         65
  C:279FH         LINE#         66
  C:27A6H         LINE#         67
  C:27B4H         LINE#         68
  C:27BEH         LINE#         69
  C:27C0H         LINE#         70
  -------         ENDPROC       _HT1621_WRITE_BYTE
  -------         PROC          RELEASE_HT1621B_PIN
  C:2A6DH         LINE#         72
  C:2A6DH         LINE#         73
  C:2A6DH         LINE#         74
  C:2A6FH         LINE#         75
  C:2A71H         LINE#         76
  C:2A73H         LINE#         77
  C:2A75H         LINE#         78
  -------         ENDPROC       RELEASE_HT1621B_PIN
  -------         ENDMOD        HT1621B

  -------         MODULE        LCD_DISPLAY
  C:0000H         SYMBOL        _ICE_DUMMY_
  D:0080H         PUBLIC        P0
  D:0090H         PUBLIC        P1
  D:00A0H         PUBLIC        P2
  D:00B0H         PUBLIC        P3
  D:00A8H         PUBLIC        IE
  C:2A3AH         PUBLIC        lcd_turn_off_time
  D:00F8H         PUBLIC        RSTFR
  C:2902H         PUBLIC        ht1621_all_display
  X:00E9H         PUBLIC        Blink_std
  C:227BH         PUBLIC        _lcd_display_time
  X:00EAH         PUBLIC        cali_display_std
  C:1A13H         PUBLIC        _lcd_display_gap
  C:2920H         PUBLIC        ht1621_all_clear
  D:0098H         PUBLIC        SCON
  D:0088H         PUBLIC        TCON
BL51 BANKED LINKER/LOCATER V6.22                                                      08/31/2020  19:31:42  PAGE 23


  C:2812H         PUBLIC        init_lcd_ht1621b
  C:2A8DH         PUBLIC        lcd_ht1621b_off
  D:00B8H         PUBLIC        IE1
  D:00D8H         PUBLIC        IE2
  C:2A88H         PUBLIC        lcd_ht1621b_on
  D:00D0H         PUBLIC        PSW
  -------         PROC          LCD_HT1621B_ON
  C:2A88H         LINE#         15
  C:2A88H         LINE#         16
  C:2A88H         LINE#         17
  -------         ENDPROC       LCD_HT1621B_ON
  -------         PROC          LCD_HT1621B_OFF
  C:2A8DH         LINE#         20
  C:2A8DH         LINE#         21
  C:2A8DH         LINE#         22
  -------         ENDPROC       LCD_HT1621B_OFF
  -------         PROC          HT1621_ALL_DISPLAY
  -------         DO            
  X:0000H         SYMBOL        i
  -------         ENDDO         
  C:2902H         LINE#         25
  C:2902H         LINE#         26
  C:2902H         LINE#         27
  C:2907H         LINE#         29
  C:2912H         LINE#         30
  C:2912H         LINE#         31
  C:2917H         LINE#         32
  C:291FH         LINE#         34
  -------         ENDPROC       HT1621_ALL_DISPLAY
  -------         PROC          HT1621_ALL_CLEAR
  -------         DO            
  X:0041H         SYMBOL        i
  -------         ENDDO         
  C:2920H         LINE#         36
  C:2920H         LINE#         37
  C:2920H         LINE#         38
  C:2925H         LINE#         40
  C:2930H         LINE#         41
  C:2930H         LINE#         42
  C:2935H         LINE#         43
  C:293DH         LINE#         45
  -------         ENDPROC       HT1621_ALL_CLEAR
  -------         PROC          INIT_LCD_HT1621B
  C:2812H         LINE#         47
  C:2812H         LINE#         48
  C:2812H         LINE#         49
  C:2815H         LINE#         51
  C:281AH         LINE#         52
  C:281FH         LINE#         53
  C:2824H         LINE#         54
  C:2829H         LINE#         55
  C:282EH         LINE#         56
  C:2833H         LINE#         57
  C:2836H         LINE#         58
  -------         ENDPROC       INIT_LCD_HT1621B
  -------         PROC          LCD_TURN_OFF_TIME
  C:2A3AH         LINE#         61
BL51 BANKED LINKER/LOCATER V6.22                                                      08/31/2020  19:31:42  PAGE 24


  C:2A3AH         LINE#         62
  C:2A3AH         LINE#         63
  C:2A41H         LINE#         64
  -------         ENDPROC       LCD_TURN_OFF_TIME
  -------         PROC          _LCD_DISPLAY_TIME
  X:0006H         SYMBOL        time_type
  C:227BH         LINE#         110
  C:2280H         LINE#         111
  C:2280H         LINE#         112
  C:2285H         LINE#         113
  C:228CH         LINE#         114
  C:2293H         LINE#         115
  C:22AAH         LINE#         116
  C:22AAH         LINE#         117
  C:22AAH         LINE#         118
  C:22B1H         LINE#         119
  C:22B3H         LINE#         120
  C:22B3H         LINE#         121
  C:22B5H         LINE#         122
  C:22B5H         LINE#         123
  C:22BCH         LINE#         124
  C:22BEH         LINE#         125
  C:22BEH         LINE#         126
  C:22C0H         LINE#         127
  C:22C0H         LINE#         128
  C:22C7H         LINE#         129
  C:22C9H         LINE#         130
  C:22C9H         LINE#         131
  C:22CBH         LINE#         132
  C:22CBH         LINE#         133
  C:22D2H         LINE#         134
  C:22D9H         LINE#         135
  C:22DBH         LINE#         136
  C:22DDH         LINE#         137
  C:22DDH         LINE#         138
  C:22E4H         LINE#         139
  C:22EBH         LINE#         140
  C:22EDH         LINE#         141
  C:22EFH         LINE#         142
  C:22EFH         LINE#         143
  C:22F6H         LINE#         144
  C:22FDH         LINE#         145
  C:2304H         LINE#         146
  C:2304H         LINE#         147
  C:2304H         LINE#         148
  -------         ENDPROC       _LCD_DISPLAY_TIME
  -------         PROC          _LCD_DISPLAY_GAP
  X:0006H         SYMBOL        gap
  C:1A13H         LINE#         150
  C:1A18H         LINE#         151
  C:1A18H         LINE#         152
  C:1A1DH         LINE#         153
  C:1A24H         LINE#         154
  C:1A2BH         LINE#         155
  C:1A33H         LINE#         156
  C:1A33H         LINE#         157
  C:1A39H         LINE#         158
BL51 BANKED LINKER/LOCATER V6.22                                                      08/31/2020  19:31:42  PAGE 25


  C:1A39H         LINE#         159
  C:1A3BH         LINE#         160
  C:1A3BH         LINE#         161
  C:1A3BH         LINE#         162
  C:1A3EH         LINE#         164
  C:1A3EH         LINE#         165
  C:1A3EH         LINE#         166
  C:1A3EH         LINE#         167
  C:1A3EH         LINE#         168
  C:1A3EH         LINE#         169
  C:1A41H         LINE#         170
  C:1A48H         LINE#         171
  C:1A48H         LINE#         172
  C:1A4AH         LINE#         173
  C:1A4CH         LINE#         174
  C:1A53H         LINE#         175
  C:1A53H         LINE#         176
  C:1A5AH         LINE#         177
  C:1A5CH         LINE#         178
  C:1A5EH         LINE#         179
  C:1A65H         LINE#         180
  C:1A65H         LINE#         181
  C:1A6CH         LINE#         182
  C:1A6EH         LINE#         183
  C:1A70H         LINE#         184
  C:1A77H         LINE#         185
  C:1A77H         LINE#         186
  C:1A7EH         LINE#         187
  C:1A80H         LINE#         188
  C:1A82H         LINE#         189
  C:1A89H         LINE#         190
  C:1A89H         LINE#         191
  C:1A90H         LINE#         192
  C:1A92H         LINE#         193
  C:1A94H         LINE#         194
  C:1A9BH         LINE#         195
  C:1A9BH         LINE#         196
  C:1AA2H         LINE#         197
  C:1AA4H         LINE#         198
  C:1AA6H         LINE#         199
  C:1AADH         LINE#         200
  C:1AADH         LINE#         201
  C:1AB1H         LINE#         202
  C:1AB3H         LINE#         203
  C:1ABAH         LINE#         204
  C:1ABAH         LINE#         205
  C:1AC1H         LINE#         206
  C:1AC5H         LINE#         207
  C:1AC7H         LINE#         208
  C:1ACEH         LINE#         209
  C:1ACEH         LINE#         210
  C:1AD5H         LINE#         211
  C:1AD9H         LINE#         212
  C:1ADBH         LINE#         213
  C:1AE2H         LINE#         214
  C:1AE2H         LINE#         215
  C:1AE8H         LINE#         216
BL51 BANKED LINKER/LOCATER V6.22                                                      08/31/2020  19:31:42  PAGE 26


  C:1AE8H         LINE#         217
  C:1AEFH         LINE#         218
  C:1AF6H         LINE#         219
  C:1AFCH         LINE#         220
  C:1AFDH         LINE#         222
  C:1AFDH         LINE#         223
  C:1B02H         LINE#         224
  C:1B08H         LINE#         225
  C:1B0FH         LINE#         226
  C:1B0FH         LINE#         227
  C:1B0FH         LINE#         229
  -------         ENDPROC       _LCD_DISPLAY_GAP
  -------         ENDMOD        LCD_DISPLAY

  -------         MODULE        UART
  C:0000H         SYMBOL        _ICE_DUMMY_
  D:0080H         PUBLIC        P0
  D:0090H         PUBLIC        P1
  D:00A0H         PUBLIC        P2
  D:00B0H         PUBLIC        P3
  C:25B0H         PUBLIC        UART1_Rpt
  D:00A8H         PUBLIC        IE
  C:28E3H         PUBLIC        _producte_send_cmd
  D:00F8H         PUBLIC        RSTFR
  C:2768H         SYMBOL        _producte_com_send_data
  B:0098H.1       PUBLIC        TI
  X:0071H         PUBLIC        usart_rx_cnt
  D:0099H         PUBLIC        SBUF
  C:2A55H         PUBLIC        _hal_uart_putchar
  D:0098H         PUBLIC        SCON
  D:0088H         PUBLIC        TCON
  X:0072H         PUBLIC        temper_val
  D:00B8H         PUBLIC        IE1
  D:00D8H         PUBLIC        IE2
  B:00A8H.4       PUBLIC        ES1
  D:00CEH         PUBLIC        TH4
  D:00CDH         PUBLIC        TL4
  C:27C1H         PUBLIC        uart_init
  X:0073H         PUBLIC        usart_rx_buffer
  C:2A99H         SYMBOL        _producte_com_send_one_bit
  D:009EH         PUBLIC        SCON2
  D:00CCH         PUBLIC        T4CON
  X:0091H         PUBLIC        usart_rx_flag
  D:00D0H         PUBLIC        PSW
  C:2A82H         PUBLIC        _putchar
  -------         PROC          UART_INIT
  C:27C1H         LINE#         28
  C:27C1H         LINE#         29
  C:27C1H         LINE#         31
  C:27C7H         LINE#         32
  C:27CDH         LINE#         33
  C:27D3H         LINE#         34
  C:27D8H         LINE#         48
  C:27DBH         LINE#         49
  C:27DEH         LINE#         50
  C:27E1H         LINE#         51
  C:27E4H         LINE#         52
BL51 BANKED LINKER/LOCATER V6.22                                                      08/31/2020  19:31:42  PAGE 27


  C:27E7H         LINE#         53
  C:27E9H         LINE#         55
  -------         ENDPROC       UART_INIT
  -------         PROC          _HAL_UART_PUTCHAR
  D:0007H         SYMBOL        Char
  C:2A55H         LINE#         59
  C:2A55H         LINE#         60
  C:2A55H         LINE#         61
  C:2A57H         LINE#         62
  C:2A59H         LINE#         63
  C:2A5CH         LINE#         64
  C:2A5EH         LINE#         65
  C:2A60H         LINE#         68
  -------         ENDPROC       _HAL_UART_PUTCHAR
  -------         PROC          _PRODUCTE_COM_SEND_ONE_BIT
  D:0007H         SYMBOL        Data
  C:2A99H         LINE#         75
  C:2A99H         LINE#         76
  C:2A99H         LINE#         77
  -------         ENDPROC       _PRODUCTE_COM_SEND_ONE_BIT
  -------         PROC          _PRODUCTE_COM_SEND_DATA
  X:000DH         SYMBOL        Data
  D:0005H         SYMBOL        len
  -------         DO            
  D:0006H         SYMBOL        i
  -------         ENDDO         
  C:2768H         LINE#         84
  C:2773H         LINE#         85
  C:2773H         LINE#         87
  C:277AH         LINE#         88
  C:277AH         LINE#         89
  C:2791H         LINE#         90
  C:2794H         LINE#         91
  -------         ENDPROC       _PRODUCTE_COM_SEND_DATA
  -------         PROC          _PRODUCTE_SEND_CMD
  D:0007H         SYMBOL        funcode
  D:0005H         SYMBOL        Data
  -------         DO            
  X:0008H         SYMBOL        cmd_t
  -------         ENDDO         
  C:28E3H         LINE#         98
  C:28E3H         LINE#         99
  C:28E3H         LINE#         101
  C:28E9H         LINE#         102
  C:28ECH         LINE#         103
  C:28EFH         LINE#         104
  C:28F3H         LINE#         105
  C:28F7H         LINE#         106
  -------         ENDPROC       _PRODUCTE_SEND_CMD
  -------         PROC          _PUTCHAR
  D:0006H         SYMBOL        c
  C:2A82H         LINE#         111
  C:2A84H         LINE#         112
  C:2A84H         LINE#         113
  C:2A87H         LINE#         114
  C:2A87H         LINE#         115
  -------         ENDPROC       _PUTCHAR
BL51 BANKED LINKER/LOCATER V6.22                                                      08/31/2020  19:31:42  PAGE 28


  -------         PROC          UART1_RPT
  -------         DO            
  D:0007H         SYMBOL        Data
  -------         ENDDO         
  C:25B0H         LINE#         118
  C:25BDH         LINE#         120
  C:25BDH         LINE#         121
  C:25C2H         LINE#         122
  C:25C2H         LINE#         123
  C:25C4H         LINE#         125
  C:25C7H         LINE#         127
  C:25D1H         LINE#         128
  C:25D1H         LINE#         129
  C:25D1H         LINE#         130
  C:25D5H         LINE#         131
  C:25D5H         LINE#         132
  C:25D9H         LINE#         133
  C:25DFH         LINE#         135
  C:25E5H         LINE#         139
  C:25E5H         LINE#         140
  C:25E7H         LINE#         141
  C:25E7H         LINE#         143
  C:25ECH         LINE#         145
  C:25F2H         LINE#         147
  C:25F2H         LINE#         149
  C:25F2H         LINE#         152
  C:25F2H         LINE#         153
  -------         ENDPROC       UART1_RPT
  -------         ENDMOD        UART

  -------         MODULE        KEY
  C:0000H         SYMBOL        _ICE_DUMMY_
  D:0080H         PUBLIC        P0
  D:0090H         PUBLIC        P1
  D:00A0H         PUBLIC        P2
  D:00B0H         PUBLIC        P3
  C:1FE1H         SYMBOL        Calibration_key_driver
  D:00A8H         PUBLIC        IE
  D:00F8H         PUBLIC        RSTFR
  B:00A0H.5       PUBLIC        P2_5
  B:00B0H.5       PUBLIC        P3_5
  B:00A0H.6       PUBLIC        P2_6
  D:0098H         PUBLIC        SCON
  D:0088H         PUBLIC        TCON
  C:1F2AH         SYMBOL        key_driver
  X:00E3H         PUBLIC        calibration_std
  D:00B8H         PUBLIC        IE1
  D:00D8H         PUBLIC        IE2
  C:238FH         PUBLIC        key_scan
  C:000EH         PUBLIC        key_init
  D:00D0H         PUBLIC        PSW
  -------         PROC          KEY_INIT
  C:000EH         LINE#         7
  C:000EH         LINE#         8
  C:000EH         LINE#         9
  C:0014H         LINE#         10
  C:0018H         LINE#         11
BL51 BANKED LINKER/LOCATER V6.22                                                      08/31/2020  19:31:42  PAGE 29


  C:001CH         LINE#         12
  C:0020H         LINE#         13
  -------         ENDPROC       KEY_INIT
  -------         PROC          KEY_DRIVER
  -------         DO            
  X:00DAH         SYMBOL        key_state
  X:00DBH         SYMBOL        key_time
  X:0001H         SYMBOL        key_press
  X:0002H         SYMBOL        key_return
  -------         ENDDO         
  C:1F2AH         LINE#         16
  C:1F2AH         LINE#         17
  C:1F2AH         LINE#         22
  C:1F2FH         LINE#         24
  C:1F36H         LINE#         25
  C:1F4DH         LINE#         26
  C:1F4DH         LINE#         27
  C:1F4DH         LINE#         28
  C:1F56H         LINE#         29
  C:1F56H         LINE#         30
  C:1F5CH         LINE#         31
  C:1F61H         LINE#         32
  C:1F61H         LINE#         33
  C:1F63H         LINE#         35
  C:1F63H         LINE#         36
  C:1F69H         LINE#         37
  C:1F69H         LINE#         38
  C:1F77H         LINE#         39
  C:1F86H         LINE#         40
  C:1F86H         LINE#         41
  C:1F8CH         LINE#         42
  C:1F8CH         LINE#         43
  C:1F8CH         LINE#         44
  C:1F8EH         LINE#         48
  C:1F8EH         LINE#         49
  C:1F95H         LINE#         50
  C:1F95H         LINE#         51
  C:1F99H         LINE#         52
  C:1F99H         LINE#         53
  C:1F9BH         LINE#         55
  C:1F9BH         LINE#         56
  C:1FA9H         LINE#         58
  C:1FB8H         LINE#         59
  C:1FB8H         LINE#         60
  C:1FBEH         LINE#         61
  C:1FC4H         LINE#         62
  C:1FC4H         LINE#         63
  C:1FCBH         LINE#         64
  C:1FCBH         LINE#         65
  C:1FCDH         LINE#         67
  C:1FCDH         LINE#         68
  C:1FD4H         LINE#         69
  C:1FD4H         LINE#         70
  C:1FD4H         LINE#         71
  C:1FD4H         LINE#         72
  C:1FD6H         LINE#         74
  C:1FD6H         LINE#         75
BL51 BANKED LINKER/LOCATER V6.22                                                      08/31/2020  19:31:42  PAGE 30


  C:1FDBH         LINE#         76
  C:1FDBH         LINE#         77
  C:1FDBH         LINE#         79
  C:1FE0H         LINE#         81
  -------         ENDPROC       KEY_DRIVER
  -------         PROC          CALIBRATION_KEY_DRIVER
  -------         DO            
  X:00DDH         SYMBOL        key_state
  X:00DEH         SYMBOL        key_time
  X:0001H         SYMBOL        key_press
  X:0002H         SYMBOL        key_return
  -------         ENDDO         
  C:1FE1H         LINE#         82
  C:1FE1H         LINE#         83
  C:1FE1H         LINE#         88
  C:1FE6H         LINE#         90
  C:1FEDH         LINE#         91
  C:2004H         LINE#         92
  C:2004H         LINE#         93
  C:2004H         LINE#         94
  C:200DH         LINE#         95
  C:200DH         LINE#         96
  C:2013H         LINE#         97
  C:2018H         LINE#         98
  C:2018H         LINE#         99
  C:201AH         LINE#         101
  C:201AH         LINE#         102
  C:2020H         LINE#         103
  C:2020H         LINE#         104
  C:202EH         LINE#         105
  C:203DH         LINE#         106
  C:203DH         LINE#         107
  C:2043H         LINE#         108
  C:2043H         LINE#         109
  C:2043H         LINE#         110
  C:2045H         LINE#         114
  C:2045H         LINE#         115
  C:204CH         LINE#         116
  C:204CH         LINE#         117
  C:2050H         LINE#         118
  C:2050H         LINE#         119
  C:2052H         LINE#         121
  C:2052H         LINE#         122
  C:2060H         LINE#         124
  C:206FH         LINE#         125
  C:206FH         LINE#         126
  C:2075H         LINE#         127
  C:207BH         LINE#         128
  C:207BH         LINE#         129
  C:2082H         LINE#         130
  C:2082H         LINE#         131
  C:2084H         LINE#         133
  C:2084H         LINE#         134
  C:208BH         LINE#         135
  C:208BH         LINE#         136
  C:208BH         LINE#         137
  C:208BH         LINE#         138
BL51 BANKED LINKER/LOCATER V6.22                                                      08/31/2020  19:31:42  PAGE 31


  C:208DH         LINE#         140
  C:208DH         LINE#         141
  C:2092H         LINE#         142
  C:2092H         LINE#         143
  C:2092H         LINE#         145
  C:2097H         LINE#         147
  -------         ENDPROC       CALIBRATION_KEY_DRIVER
  -------         PROC          KEY_SCAN
  -------         DO            
  X:00E0H         SYMBOL        key_up
  X:00E1H         SYMBOL        key_pres_time
  -------         ENDDO         
  C:238FH         LINE#         149
  C:238FH         LINE#         150
  C:238FH         LINE#         155
  C:2395H         LINE#         156
  C:2395H         LINE#         157
  C:2398H         LINE#         158
  C:2398H         LINE#         159
  C:239EH         LINE#         160
  C:239EH         LINE#         161
  C:23AAH         LINE#         162
  C:23AAH         LINE#         163
  C:23AFH         LINE#         164
  C:23B3H         LINE#         165
  C:23B6H         LINE#         166
  C:23B8H         LINE#         168
  C:23B8H         LINE#         169
  C:23BDH         LINE#         170
  C:23BDH         LINE#         171
  C:23BFH         LINE#         172
  C:23D1H         LINE#         173
  C:23D1H         LINE#         174
  C:23D7H         LINE#         175
  C:23DCH         LINE#         176
  C:23DFH         LINE#         177
  C:23E2H         LINE#         178
  C:23E5H         LINE#         179
  C:23E8H         LINE#         180
  C:23EEH         LINE#         181
  C:23F4H         LINE#         183
  C:2406H         LINE#         184
  C:240AH         LINE#         185
  C:240CH         LINE#         186
  -------         ENDPROC       KEY_SCAN
  -------         ENDMOD        KEY

  -------         MODULE        TIMER
  C:0000H         SYMBOL        _ICE_DUMMY_
  D:0080H         PUBLIC        P0
  D:0090H         PUBLIC        P1
  D:00A0H         PUBLIC        P2
  D:00B0H         PUBLIC        P3
  C:2559H         SYMBOL        set_correct_Value
  B:00A8H.7       PUBLIC        EA
  X:00BFH         PUBLIC        correct_time
  X:00C1H         PUBLIC        over_rang_time_std
BL51 BANKED LINKER/LOCATER V6.22                                                      08/31/2020  19:31:42  PAGE 32


  D:00A8H         PUBLIC        IE
  D:00F8H         PUBLIC        RSTFR
  C:24EFH         PUBLIC        time_Print
  C:293EH         PUBLIC        _set_time_sec_val
  X:00C2H         PUBLIC        Gap_protect_std
  D:0098H         PUBLIC        SCON
  D:0089H         PUBLIC        TMOD
  D:0088H         PUBLIC        TCON
  X:00C3H         PUBLIC        time_heat
  C:240DH         PUBLIC        _set_correct_time
  D:00B8H         PUBLIC        IE1
  D:00D8H         PUBLIC        IE2
  X:00C5H         PUBLIC        Heat_start_std
  X:00C6H         PUBLIC        one_heat
  B:00A8H.1       PUBLIC        ET0
  X:00C7H         PUBLIC        temp_time
  B:0088H.5       PUBLIC        TF0
  C:17FEH         PUBLIC        TIMER0_Rpt
  D:008CH         PUBLIC        TH0
  X:00C9H         PUBLIC        time_sec
  D:008AH         PUBLIC        TL0
  B:0088H.4       PUBLIC        TR0
  X:00CBH         PUBLIC        time_cnt
  X:00CCH         PUBLIC        Open_Heat_Value
  X:00CDH         PUBLIC        cnt_heat_time
  X:00CFH         PUBLIC        On_stay
  C:26F9H         SYMBOL        set_heat_val
  C:29DAH         PUBLIC        time0_init
  D:00D0H         PUBLIC        PSW
  C:2305H         PUBLIC        set_time_sec
  -------         PROC          _SET_TIME_SEC_VAL
  D:0006H         SYMBOL        sec
  C:293EH         LINE#         20
  C:293EH         LINE#         21
  C:293EH         LINE#         22
  C:2946H         LINE#         23
  C:2949H         LINE#         24
  -------         ENDPROC       _SET_TIME_SEC_VAL
  -------         PROC          _SET_CORRECT_TIME
  D:0007H         SYMBOL        gap
  C:240DH         LINE#         26
  C:240DH         LINE#         27
  C:240DH         LINE#         29
  C:2438H         LINE#         30
  C:2438H         LINE#         31
  C:2438H         LINE#         32
  C:2441H         LINE#         33
  C:2442H         LINE#         34
  C:2442H         LINE#         35
  C:2442H         LINE#         36
  C:2444H         LINE#         37
  C:2444H         LINE#         38
  C:2444H         LINE#         39
  C:2446H         LINE#         40
  C:2446H         LINE#         41
  C:244FH         LINE#         42
  C:2450H         LINE#         43
BL51 BANKED LINKER/LOCATER V6.22                                                      08/31/2020  19:31:42  PAGE 33


  C:2450H         LINE#         44
  C:2459H         LINE#         45
  C:245AH         LINE#         46
  C:245AH         LINE#         47
  C:2463H         LINE#         48
  C:2464H         LINE#         49
  C:2464H         LINE#         50
  C:246DH         LINE#         51
  C:246EH         LINE#         52
  C:246EH         LINE#         53
  C:2477H         LINE#         54
  C:2478H         LINE#         55
  C:2478H         LINE#         56
  C:2478H         LINE#         57
  C:2478H         LINE#         58
  C:2481H         LINE#         60
  C:2481H         LINE#         62
  C:2481H         LINE#         63
  -------         ENDPROC       _SET_CORRECT_TIME
  -------         PROC          SET_CORRECT_VALUE
[...]
  C:29EBH         LINE#         190
  C:29EDH         LINE#         191
  C:29EFH         LINE#         192
  -------         ENDPROC       TIME0_INIT
  -------         PROC          TIMER0_RPT
  C:17FEH         LINE#         197
  C:181BH         LINE#         199
  C:1824H         LINE#         200
  C:1824H         LINE#         201
  C:182AH         LINE#         202
  C:1833H         LINE#         203
  C:1833H         LINE#         204
  C:1836H         LINE#         206
  C:183DH         LINE#         207
  C:183DH         LINE#         208
  C:184BH         LINE#         209
  C:185AH         LINE#         210
  C:185AH         LINE#         211
  C:185FH         LINE#         212
  C:1865H         LINE#         213
  C:186AH         LINE#         215
  C:186AH         LINE#         217
  C:186AH         LINE#         218
  C:1879H         LINE#         219
  C:1879H         LINE#         221
  C:1885H         LINE#         222
  C:188DH         LINE#         223
  C:188DH         LINE#         225
  C:189BH         LINE#         228
  C:18AAH         LINE#         229
  C:18AAH         LINE#         230
  C:18B0H         LINE#         231
  C:18B3H         LINE#         232
  C:18B9H         LINE#         233
  C:18BFH         LINE#         234
  C:18BFH         LINE#         235
  C:18BFH         LINE#         236
  C:18C1H         LINE#         238
  C:18C1H         LINE#         239
  C:18C7H         LINE#         240
  C:18C7H         LINE#         241
  C:18CCH         LINE#         242
  C:18D3H         LINE#         243
  C:18D9H         LINE#         244
  C:18DDH         LINE#         245
  C:18E1H         LINE#         246
  C:18E4H         LINE#         247
  C:18EDH         LINE#         248
  C:18EDH         LINE#         249
  C:18EDH         LINE#         251
BL51 BANKED LINKER/LOCATER V6.22                                                      08/31/2020  19:31:42  PAGE 36


  C:18F2H         LINE#         252
  C:18F2H         LINE#         253
  C:18F2H         LINE#         254
  -------         ENDPROC       TIMER0_RPT
  -------         PROC          TIME_PRINT
  C:24EFH         LINE#         256
  C:24EFH         LINE#         257
  C:24EFH         LINE#         258
  C:2519H         LINE#         259
  C:2519H         LINE#         260
  C:2519H         LINE#         261
  C:251FH         LINE#         262
  C:251FH         LINE#         263
  C:2521H         LINE#         264
  C:2521H         LINE#         265
  C:2527H         LINE#         266
  C:2527H         LINE#         267
  C:2529H         LINE#         268
  C:2529H         LINE#         269
  C:252FH         LINE#         270
  C:252FH         LINE#         271
  C:2531H         LINE#         272
  C:2531H         LINE#         273
  C:2537H         LINE#         274
  C:2537H         LINE#         275
  C:2539H         LINE#         276
  C:2539H         LINE#         277
  C:2551H         LINE#         278
  C:2558H         LINE#         279
  C:2558H         LINE#         280
  C:2558H         LINE#         281
  -------         ENDPROC       TIME_PRINT
  -------         ENDMOD        TIMER

  -------         MODULE        PWM
  C:0000H         SYMBOL        _ICE_DUMMY_
  D:0080H         PUBLIC        P0
  D:0090H         PUBLIC        P1
  D:00A0H         PUBLIC        P2
  D:00B0H         PUBLIC        P3
  C:29ABH         PUBLIC        _set_pwm
  D:00A8H         PUBLIC        IE
  D:00F8H         PUBLIC        RSTFR
  D:0098H         PUBLIC        SCON
  D:0088H         PUBLIC        TCON
  X:00EBH         PUBLIC        pwm_period
  D:00B8H         PUBLIC        IE1
  D:00D8H         PUBLIC        IE2
  D:00DDH         PUBLIC        PWM3C
  C:2881H         PUBLIC        _pwm_init
  D:00DFH         PUBLIC        PWM3D
  D:00DEH         PUBLIC        PWM3P
  D:00D0H         PUBLIC        PSW
  -------         PROC          _SET_PWM
  D:0007H         SYMBOL        duty
  -------         DO            
  D:0004H         SYMBOL        tep
BL51 BANKED LINKER/LOCATER V6.22                                                      08/31/2020  19:31:42  PAGE 37


  -------         ENDDO         
  C:29ABH         LINE#         4
  C:29ABH         LINE#         5
  C:29ABH         LINE#         6
  C:29C0H         LINE#         7
  C:29C2H         LINE#         8
  -------         ENDPROC       _SET_PWM
  -------         PROC          _PWM_INIT
  D:0006H         SYMBOL        hz
  C:2881H         LINE#         10
  C:2881H         LINE#         11
  C:2881H         LINE#         12
  C:2887H         LINE#         13
  C:288CH         LINE#         21
  C:289DH         LINE#         22
  C:289FH         LINE#         24
  C:28A2H         LINE#         25
  -------         ENDPROC       _PWM_INIT
  -------         ENDMOD        PWM

  -------         MODULE        ADC
  C:0000H         SYMBOL        _ICE_DUMMY_
  D:0080H         PUBLIC        P0
  D:0090H         PUBLIC        P1
  D:00A0H         PUBLIC        P2
  D:00B0H         PUBLIC        P3
  D:00A8H         PUBLIC        IE
  D:00F8H         PUBLIC        RSTFR
  C:16D2H         PUBLIC        _get_voltage
  D:00B6H         PUBLIC        ADCR
  C:2A06H         PUBLIC        get_adc_val_ch
  D:0098H         PUBLIC        SCON
  D:0088H         PUBLIC        TCON
  D:00B4H         PUBLIC        ADCC0
  D:00B5H         PUBLIC        ADCC1
  D:00B8H         PUBLIC        IE1
  C:2990H         PUBLIC        adc_init
  D:00D8H         PUBLIC        IE2
  C:29F0H         PUBLIC        get_adc_val
  D:00D0H         PUBLIC        PSW
  -------         PROC          ADC_INIT
  C:2990H         LINE#         5
  C:2990H         LINE#         6
  C:2990H         LINE#         7
  C:2996H         LINE#         8
  C:299AH         LINE#         9
  C:299DH         LINE#         17
  C:29A4H         LINE#         20
  C:29AAH         LINE#         21
  -------         ENDPROC       ADC_INIT
  -------         PROC          GET_ADC_VAL
  -------         DO            
  D:0006H         SYMBOL        adc_val
  -------         ENDDO         
  C:29F0H         LINE#         23
  C:29F0H         LINE#         24
  C:29F0H         LINE#         25
BL51 BANKED LINKER/LOCATER V6.22                                                      08/31/2020  19:31:42  PAGE 38


  C:29F3H         LINE#         26
  C:29F6H         LINE#         28
  C:29F9H         LINE#         29
  C:29FEH         LINE#         30
  C:2A01H         LINE#         31
  C:2A05H         LINE#         35
  C:2A05H         LINE#         36
  -------         ENDPROC       GET_ADC_VAL
  -------         PROC          GET_ADC_VAL_CH
  -------         DO            
  D:0006H         SYMBOL        adc_val_ch
  -------         ENDDO         
  C:2A06H         LINE#         38
  C:2A06H         LINE#         39
  C:2A06H         LINE#         40
  C:2A09H         LINE#         41
  C:2A0CH         LINE#         43
  C:2A0FH         LINE#         44
  C:2A14H         LINE#         45
  C:2A17H         LINE#         46
  C:2A1BH         LINE#         49
  C:2A1BH         LINE#         50
  -------         ENDPROC       GET_ADC_VAL_CH
  -------         PROC          _GET_VOLTAGE
  X:0006H         SYMBOL        u1_voltage
  X:0009H         SYMBOL        u3_voltage
  -------         DO            
  X:000CH         SYMBOL        temp
  X:0010H         SYMBOL        i
  -------         ENDDO         
  C:16D2H         LINE#         54
  C:16DDH         LINE#         55
  C:16DDH         LINE#         56
  C:16E7H         LINE#         57
  C:16ECH         LINE#         58
  C:16EDH         LINE#         59
  C:16EDH         LINE#         60
  C:1713H         LINE#         61
  C:171FH         LINE#         62
  C:173CH         LINE#         63
  C:176EH         LINE#         64
  C:1778H         LINE#         65
  C:177DH         LINE#         66
  C:177DH         LINE#         67
  C:17A3H         LINE#         68
  C:17AFH         LINE#         69
  C:17CCH         LINE#         70
  -------         ENDPROC       _GET_VOLTAGE
  -------         ENDMOD        ADC

  -------         MODULE        WDT
  C:0000H         SYMBOL        _ICE_DUMMY_
  D:0080H         PUBLIC        P0
  D:0090H         PUBLIC        P1
  D:00A0H         PUBLIC        P2
  D:00B0H         PUBLIC        P3
  D:00A8H         PUBLIC        IE
BL51 BANKED LINKER/LOCATER V6.22                                                      08/31/2020  19:31:42  PAGE 39


  D:00F8H         PUBLIC        RSTFR
  D:00BDH         PUBLIC        WDTC
  D:0098H         PUBLIC        SCON
  D:0088H         PUBLIC        TCON
  C:2A92H         PUBLIC        clear_wdt
  D:00B8H         PUBLIC        IE1
  D:00D8H         PUBLIC        IE2
  C:2A48H         PUBLIC        _wdt_init
  D:00D0H         PUBLIC        PSW
  -------         PROC          _WDT_INIT
  D:0007H         SYMBOL        time
  C:2A48H         LINE#         4
  C:2A48H         LINE#         5
  C:2A48H         LINE#         6
  C:2A4BH         LINE#         12
  C:2A54H         LINE#         14
  -------         ENDPROC       _WDT_INIT
  -------         PROC          CLEAR_WDT
  C:2A92H         LINE#         16
  C:2A92H         LINE#         17
  C:2A92H         LINE#         18
  C:2A95H         LINE#         19
  -------         ENDPROC       CLEAR_WDT
  -------         ENDMOD        WDT

  -------         MODULE        PID
  C:0000H         SYMBOL        _ICE_DUMMY_
  D:0080H         PUBLIC        P0
  D:0090H         PUBLIC        P1
  D:00A0H         PUBLIC        P2
  D:00B0H         PUBLIC        P3
  D:00A8H         PUBLIC        IE
  D:00F8H         PUBLIC        RSTFR
  X:0092H         PUBLIC        spid
  D:0098H         PUBLIC        SCON
  D:0088H         PUBLIC        TCON
  D:00B8H         PUBLIC        IE1
  D:00D8H         PUBLIC        IE2
  C:2A61H         SYMBOL        _?ix1000
  C:28C3H         PUBLIC        PID_Init
  X:00AAH         PUBLIC        PID_RunFlag
  C:0E01H         PUBLIC        PID_Operation
  D:00D0H         PUBLIC        PSW
  -------         PROC          PID_INIT
  C:28C3H         LINE#         14
  C:28C3H         LINE#         15
  C:28C3H         LINE#         16
  C:28CAH         LINE#         17
  C:28D0H         LINE#         18
  C:28D4H         LINE#         20
  C:28D9H         LINE#         21
  C:28DDH         LINE#         22
  C:28E2H         LINE#         23
  -------         ENDPROC       PID_INIT
  -------         PROC          PID_OPERATION
  -------         DO            
  X:00ABH         SYMBOL        temp
BL51 BANKED LINKER/LOCATER V6.22                                                      08/31/2020  19:31:42  PAGE 40


  X:00B7H         SYMBOL        PostSum
  X:00BBH         SYMBOL        NegSum
  -------         ENDDO         
  C:0E01H         LINE#         33
  C:0E01H         LINE#         34
  C:0E01H         LINE#         35
  C:0E14H         LINE#         36
  C:0E1EH         LINE#         37
  C:0E28H         LINE#         38
  C:0E41H         LINE#         39
  C:0E41H         LINE#         40
  C:0E50H         LINE#         41
  C:0E50H         LINE#         42
  C:0E50H         LINE#         43
  C:0E53H         LINE#         45
  C:0E53H         LINE#         46
  C:0E5CH         LINE#         47
  C:0E61H         LINE#         49
  C:0E73H         LINE#         50
  C:0E85H         LINE#         51
  C:0E99H         LINE#         53
  C:0EBBH         LINE#         54
  C:0EBBH         LINE#         55
  C:0EE7H         LINE#         56
  C:0EECH         LINE#         57
  C:0EEEH         LINE#         59
  C:0EEEH         LINE#         60
  C:0F19H         LINE#         61
  C:0F1FH         LINE#         62
  C:0F1FH         LINE#         64
  C:0F3CH         LINE#         65
  C:0F76H         LINE#         66
  C:0F76H         LINE#         67
  C:0FBAH         LINE#         68
  C:0FBFH         LINE#         69
  C:0FC1H         LINE#         71
  C:0FC1H         LINE#         72
  C:1018H         LINE#         73
  C:101EH         LINE#         74
  C:101EH         LINE#         76
  C:103EH         LINE#         77
  C:105EH         LINE#         78
  C:107EH         LINE#         81
  C:1084H         LINE#         82
  C:1084H         LINE#         83
  C:10AFH         LINE#         84
  C:10B1H         LINE#         86
  C:10B1H         LINE#         87
  C:10DFH         LINE#         88
  C:10DFH         LINE#         90
  C:10E5H         LINE#         91
  C:10E5H         LINE#         92
  C:1113H         LINE#         93
  C:1113H         LINE#         96
  C:1119H         LINE#         97
  C:1119H         LINE#         98
  C:1142H         LINE#         99
BL51 BANKED LINKER/LOCATER V6.22                                                      08/31/2020  19:31:42  PAGE 41


  C:1144H         LINE#         101
  C:1144H         LINE#         102
  C:1172H         LINE#         103
  C:1172H         LINE#         105
  C:119DH         LINE#         106
  C:11BFH         LINE#         107
  C:11BFH         LINE#         108
  C:11EBH         LINE#         109
  C:1205H         LINE#         110
  C:1205H         LINE#         111
  C:1216H         LINE#         112
  C:1217H         LINE#         114
  C:1217H         LINE#         115
  C:1220H         LINE#         116
  C:1220H         LINE#         117
  C:1221H         LINE#         126
  C:1221H         LINE#         127
  C:1228H         LINE#         128
  C:1228H         LINE#         129
  -------         ENDPROC       PID_OPERATION
  -------         ENDMOD        PID

  -------         MODULE        ?C?FPADD
  C:002DH         PUBLIC        ?C?FPADD
  C:0029H         PUBLIC        ?C?FPSUB
  -------         ENDMOD        ?C?FPADD

  -------         MODULE        ?C?FPMUL
  C:011EH         PUBLIC        ?C?FPMUL
  -------         ENDMOD        ?C?FPMUL

  -------         MODULE        ?C?FPDIV
  C:0227H         PUBLIC        ?C?FPDIV
  -------         ENDMOD        ?C?FPDIV

  -------         MODULE        ?C?FPCMP
  C:02C6H         PUBLIC        ?C?FPCMP
  C:02C4H         PUBLIC        ?C?FPCMP3
  -------         ENDMOD        ?C?FPCMP

  -------         MODULE        ?C?FCAST
  C:0347H         PUBLIC        ?C?FCASTC
  C:0342H         PUBLIC        ?C?FCASTI
  C:033DH         PUBLIC        ?C?FCASTL
  -------         ENDMOD        ?C?FCAST

  -------         MODULE        PRINTF
  X:0041H         PUBLIC        ?_PRINTF?BYTE
  X:0041H         PUBLIC        ?_SPRINTF?BYTE
  C:09E9H         PUBLIC        _PRINTF
  C:09E3H         PUBLIC        _SPRINTF
  -------         ENDMOD        PRINTF

  -------         MODULE        ?C?FPROUND
  C:03C5H         PUBLIC        ?C?FPROUND
  -------         ENDMOD        ?C?FPROUND

BL51 BANKED LINKER/LOCATER V6.22                                                      08/31/2020  19:31:42  PAGE 42


  -------         MODULE        ?C?FPCONVERT
  C:0402H         PUBLIC        ?C?FPCONVERT
  -------         ENDMOD        ?C?FPCONVERT

  -------         MODULE        ?C?FTNPWR
  C:0537H         PUBLIC        ?C?FTNPWR
  -------         ENDMOD        ?C?FTNPWR

  -------         MODULE        ?C?COPY
  C:0647H         PUBLIC        ?C?COPY
  -------         ENDMOD        ?C?COPY

  -------         MODULE        ?C?CLDPTR
  C:066DH         PUBLIC        ?C?CLDPTR
  -------         ENDMOD        ?C?CLDPTR

  -------         MODULE        ?C?CLDOPTR
  C:0686H         PUBLIC        ?C?CLDOPTR
  -------         ENDMOD        ?C?CLDOPTR

  -------         MODULE        ?C?CSTPTR
  C:06B3H         PUBLIC        ?C?CSTPTR
  -------         ENDMOD        ?C?CSTPTR

  -------         MODULE        ?C?UIDIV
  C:06C5H         PUBLIC        ?C?UIDIV
  -------         ENDMOD        ?C?UIDIV

  -------         MODULE        ?C?IILDX
  C:071AH         PUBLIC        ?C?IILDX
  -------         ENDMOD        ?C?IILDX

  -------         MODULE        ?C?ILDIX
  C:0730H         PUBLIC        ?C?ILDIX
  -------         ENDMOD        ?C?ILDIX

  -------         MODULE        ?C?ISTPTR
  C:0746H         PUBLIC        ?C?ISTPTR
  -------         ENDMOD        ?C?ISTPTR

  -------         MODULE        ?C?LMUL
  C:0765H         PUBLIC        ?C?LMUL
  -------         ENDMOD        ?C?LMUL

  -------         MODULE        ?C?ULDIV
  C:07F0H         PUBLIC        ?C?ULDIV
  -------         ENDMOD        ?C?ULDIV

  -------         MODULE        ?C?LNEG
  C:0882H         PUBLIC        ?C?LNEG
  -------         ENDMOD        ?C?LNEG

  -------         MODULE        ?C?ULCMP
  C:0890H         PUBLIC        ?C?ULCMP
  -------         ENDMOD        ?C?ULCMP

  -------         MODULE        ?C?LSTXDATA
BL51 BANKED LINKER/LOCATER V6.22                                                      08/31/2020  19:31:42  PAGE 43


  C:08A1H         PUBLIC        ?C?LSTXDATA
  -------         ENDMOD        ?C?LSTXDATA

  -------         MODULE        ?C?LSTKXDATA
  C:08ADH         PUBLIC        ?C?LSTKXDATA
  -------         ENDMOD        ?C?LSTKXDATA

  -------         MODULE        ?C?PLDIXDATA
  C:08DEH         PUBLIC        ?C?PLDIXDATA
  -------         ENDMOD        ?C?PLDIXDATA

  -------         MODULE        ?C?PSTXDATA
  C:08F5H         PUBLIC        ?C?PSTXDATA
  -------         ENDMOD        ?C?PSTXDATA

  -------         MODULE        ?C?CCASE
  C:08FEH         PUBLIC        ?C?CCASE
  -------         ENDMOD        ?C?CCASE

  -------         MODULE        ?C?ICASE
  C:0924H         PUBLIC        ?C?ICASE
  -------         ENDMOD        ?C?ICASE

  -------         MODULE        ?C?LIMUL
  C:0951H         PUBLIC        ?C?LIMUL
  -------         ENDMOD        ?C?LIMUL

*** WARNING L16: UNCALLED SEGMENT, IGNORED FOR OVERLAY PROCESS
    SEGMENT: ?PR?PROTECT?MAIN

*** WARNING L16: UNCALLED SEGMENT, IGNORED FOR OVERLAY PROCESS
    SEGMENT: ?PR?RELEASE_HT1621B_PIN?HT1621B

*** WARNING L16: UNCALLED SEGMENT, IGNORED FOR OVERLAY PROCESS
    SEGMENT: ?PR?LCD_HT1621B_ON?LCD_DISPLAY

*** WARNING L16: UNCALLED SEGMENT, IGNORED FOR OVERLAY PROCESS
    SEGMENT: ?PR?LCD_HT1621B_OFF?LCD_DISPLAY

*** WARNING L16: UNCALLED SEGMENT, IGNORED FOR OVERLAY PROCESS
    SEGMENT: ?PR?LCD_TURN_OFF_TIME?LCD_DISPLAY

*** WARNING L16: UNCALLED SEGMENT, IGNORED FOR OVERLAY PROCESS
    SEGMENT: ?PR?_SET_TIME_SEC_VAL?TIMER

*** WARNING L16: UNCALLED SEGMENT, IGNORED FOR OVERLAY PROCESS
    SEGMENT: ?PR?TIME_PRINT?TIMER

*** WARNING L16: UNCALLED SEGMENT, IGNORED FOR OVERLAY PROCESS
    SEGMENT: ?PR?PID_OPERATION?PID

*** WARNING L15: MULTIPLE CALL TO SEGMENT
    SEGMENT: ?PR?PRINTF?PRINTF
    CALLER1: ?C_C51STARTUP
    CALLER2: ?PR?TIMER0_RPT?TIMER

*** WARNING L15: MULTIPLE CALL TO SEGMENT
BL51 BANKED LINKER/LOCATER V6.22                                                      08/31/2020  19:31:42  PAGE 44


    SEGMENT: ?PR?HT1621_ALL_CLEAR?LCD_DISPLAY
    CALLER1: ?C_C51STARTUP
    CALLER2: ?PR?TIMER0_RPT?TIMER

*** WARNING L15: MULTIPLE CALL TO SEGMENT
    SEGMENT: ?PR?_HT1621_WRITE_BYTE?HT1621B
    CALLER1: ?C_C51STARTUP
    CALLER2: ?PR?TIMER0_RPT?TIMER

*** WARNING L15: MULTIPLE CALL TO SEGMENT
    SEGMENT: ?PR?_HT1621_SENDBIT_HIGHT?HT1621B
    CALLER1: ?C_C51STARTUP
    CALLER2: ?PR?TIMER0_RPT?TIMER

*** WARNING L15: MULTIPLE CALL TO SEGMENT
    SEGMENT: ?PR?_HT1621_SENDBIT_LOW?HT1621B
    CALLER1: ?C_C51STARTUP
    CALLER2: ?PR?TIMER0_RPT?TIMER

Program Size: data=21.2 xdata=297 code=10906
LINK/LOCATE RUN COMPLETE.  13 WARNING(S),  0 ERROR(S)
