BL51 BANKED LINKER/LOCATER V6.22                                                        09/16/2020  15:12:21  PAGE 1


BL51 BANKED LINKER/LOCATER V6.22, INVOKED BY:
C:\PROGRAM_LIST\KEIL\C51\BIN\BL51.EXE .\output\STARTUP.obj, .\output\main.obj, .\output\flash.obj, .\output\delay.obj, .
>> \output\ht1621b.obj, .\output\lcd_display.obj, .\output\uart.obj, .\output\key.obj, .\output\timer.obj, .\output\pwm.
>> obj, .\output\adc.obj, .\output\wdt.obj, .\output\PID.obj TO .\output\K9029 PRINT (.\Listings\K9029.m51) RAMSIZE (256
>> ) CODE (0X0000-0X3FFF) XDATA (0X0000-0X01FF)


MEMORY MODEL: LARGE WITH FLOATING POINT ARITHMETIC


INPUT MODULES INCLUDED:
  .\output\STARTUP.obj (?C_STARTUP)
  .\output\main.obj (MAIN)
  .\output\flash.obj (FLASH)
  .\output\delay.obj (DELAY)
  .\output\ht1621b.obj (HT1621B)
  .\output\lcd_display.obj (LCD_DISPLAY)
  .\output\uart.obj (UART)
  .\output\key.obj (KEY)
  .\output\timer.obj (TIMER)
  .\output\pwm.obj (PWM)
  .\output\adc.obj (ADC)
  .\output\wdt.obj (WDT)
  .\output\PID.obj (PID)
  C:\PROGRAM_LIST\KEIL\C51\LIB\C51FPL.LIB (?C?FPADD)
  C:\PROGRAM_LIST\KEIL\C51\LIB\C51FPL.LIB (?C?FPMUL)
  C:\PROGRAM_LIST\KEIL\C51\LIB\C51FPL.LIB (?C?FPDIV)
  C:\PROGRAM_LIST\KEIL\C51\LIB\C51FPL.LIB (?C?FPCMP)
  C:\PROGRAM_LIST\KEIL\C51\LIB\C51FPL.LIB (?C?FCAST)
  C:\PROGRAM_LIST\KEIL\C51\LIB\C51FPL.LIB (PRINTF)
  C:\PROGRAM_LIST\KEIL\C51\LIB\C51FPL.LIB (?C?FPGETOPN)
  C:\PROGRAM_LIST\KEIL\C51\LIB\C51FPL.LIB (?C?FPROUND)
  C:\PROGRAM_LIST\KEIL\C51\LIB\C51FPL.LIB (?C?FPCONVERT)
  C:\PROGRAM_LIST\KEIL\C51\LIB\C51FPL.LIB (?C?FTNPWR)
  C:\PROGRAM_LIST\KEIL\C51\LIB\C51L.LIB (?C_INIT)
  C:\PROGRAM_LIST\KEIL\C51\LIB\C51L.LIB (?C?COPY)
  C:\PROGRAM_LIST\KEIL\C51\LIB\C51L.LIB (?C?CLDPTR)
  C:\PROGRAM_LIST\KEIL\C51\LIB\C51L.LIB (?C?CLDOPTR)
  C:\PROGRAM_LIST\KEIL\C51\LIB\C51L.LIB (?C?CSTPTR)
  C:\PROGRAM_LIST\KEIL\C51\LIB\C51L.LIB (?C?UIDIV)
  C:\PROGRAM_LIST\KEIL\C51\LIB\C51L.LIB (?C?IILDX)
  C:\PROGRAM_LIST\KEIL\C51\LIB\C51L.LIB (?C?ILDIX)
  C:\PROGRAM_LIST\KEIL\C51\LIB\C51L.LIB (?C?ISTPTR)
  C:\PROGRAM_LIST\KEIL\C51\LIB\C51L.LIB (?C?LMUL)
  C:\PROGRAM_LIST\KEIL\C51\LIB\C51L.LIB (?C?ULDIV)
  C:\PROGRAM_LIST\KEIL\C51\LIB\C51L.LIB (?C?LNEG)
  C:\PROGRAM_LIST\KEIL\C51\LIB\C51L.LIB (?C?ULCMP)
  C:\PROGRAM_LIST\KEIL\C51\LIB\C51L.LIB (?C?LSTXDATA)
  C:\PROGRAM_LIST\KEIL\C51\LIB\C51L.LIB (?C?LSTKXDATA)
  C:\PROGRAM_LIST\KEIL\C51\LIB\C51L.LIB (?C?PLDIXDATA)
  C:\PROGRAM_LIST\KEIL\C51\LIB\C51L.LIB (?C?PSTXDATA)
  C:\PROGRAM_LIST\KEIL\C51\LIB\C51L.LIB (?C?CCASE)
  C:\PROGRAM_LIST\KEIL\C51\LIB\C51L.LIB (?C?ICASE)
  C:\PROGRAM_LIST\KEIL\C51\LIB\C51L.LIB (?C?LIMUL)


LINK MAP OF MODULE:  .\output\K9029 (?C_STARTUP)

BL51 BANKED LINKER/LOCATER V6.22                                                      09/16/2020  15:12:21  PAGE 2



            TYPE    BASE      LENGTH    RELOCATION   SEGMENT NAME
            -----------------------------------------------------

            * * * * * * *   D A T A   M E M O R Y   * * * * * * *
            REG     0000H     0008H     ABSOLUTE     "REG BANK 0"
            DATA    0008H     000AH     UNIT         _DATA_GROUP_
                    0012H     000EH                  *** GAP ***
            BIT     0020H.0   0002H.2   UNIT         _BIT_GROUP_
                    0022H.2   0000H.6                *** GAP ***
            IDATA   0023H     0001H     UNIT         ?STACK

            * * * * * * *  X D A T A   M E M O R Y  * * * * * * *
            XDATA   0000H     0071H     UNIT         _XDATA_GROUP_
            XDATA   0071H     0021H     UNIT         ?XD?UART
            XDATA   0092H     0019H     UNIT         ?XD?PID
            XDATA   00ABH     0014H     UNIT         ?XD?PID_OPERATION?PID
            XDATA   00BFH     0013H     UNIT         ?XD?TIMER
            XDATA   00D2H     000AH     UNIT         ?XD?FLASH
            XDATA   00DCH     000AH     UNIT         ?XD?KEY
            XDATA   00E6H     0005H     UNIT         ?XD?MAIN
            XDATA   00EBH     0002H     UNIT         ?XD?LCD_DISPLAY
            XDATA   00EDH     0001H     UNIT         ?XD?PWM
                    00EEH     FD86H                  *** GAP ***
            XDATA   FE74H     0001H     ABSOLUTE     
            XDATA   FE75H     0001H     ABSOLUTE     
            XDATA   FE76H     0001H     ABSOLUTE     
            XDATA   FE77H     0001H     ABSOLUTE     
                    FE78H     0008H                  *** GAP ***
            XDATA   FE80H     0001H     ABSOLUTE     
                    FE81H     0010H                  *** GAP ***
            XDATA   FE91H     0001H     ABSOLUTE     
            XDATA   FE92H     0001H     ABSOLUTE     
            XDATA   FE93H     0001H     ABSOLUTE     
                    FE94H     0001H                  *** GAP ***
            XDATA   FE95H     0001H     ABSOLUTE     
                    FE96H     0005H                  *** GAP ***
            XDATA   FE9BH     0001H     ABSOLUTE     
                    FE9CH     0004H                  *** GAP ***
            XDATA   FEA0H     0001H     ABSOLUTE     
                    FEA1H     0003H                  *** GAP ***
            XDATA   FEA4H     0001H     ABSOLUTE     
            XDATA   FEA5H     0001H     ABSOLUTE     
                    FEA6H     0004H                  *** GAP ***
            XDATA   FEAAH     0001H     ABSOLUTE     
                    FEABH     0005H                  *** GAP ***
            XDATA   FEB0H     0001H     ABSOLUTE     
                    FEB1H     0003H                  *** GAP ***
            XDATA   FEB4H     0001H     ABSOLUTE     
                    FEB5H     0005H                  *** GAP ***
            XDATA   FEBAH     0001H     ABSOLUTE     
                    FEBBH     0002H                  *** GAP ***
            XDATA   FEBDH     0001H     ABSOLUTE     
            XDATA   FEBEH     0001H     ABSOLUTE     
                    FEBFH     0041H                  *** GAP ***
            XDATA   FF00H     0001H     ABSOLUTE     
            XDATA   FF01H     0001H     ABSOLUTE     
BL51 BANKED LINKER/LOCATER V6.22                                                      09/16/2020  15:12:21  PAGE 3


            XDATA   FF02H     0001H     ABSOLUTE     
            XDATA   FF03H     0001H     ABSOLUTE     
            XDATA   FF04H     0001H     ABSOLUTE     
            XDATA   FF05H     0001H     ABSOLUTE     
            XDATA   FF06H     0001H     ABSOLUTE     
            XDATA   FF07H     0001H     ABSOLUTE     
            XDATA   FF08H     0001H     ABSOLUTE     
            XDATA   FF09H     0001H     ABSOLUTE     
            XDATA   FF0AH     0001H     ABSOLUTE     
            XDATA   FF0BH     0001H     ABSOLUTE     
            XDATA   FF0CH     0001H     ABSOLUTE     
            XDATA   FF0DH     0001H     ABSOLUTE     
            XDATA   FF0EH     0001H     ABSOLUTE     
            XDATA   FF0FH     0001H     ABSOLUTE     
            XDATA   FF10H     0001H     ABSOLUTE     
            XDATA   FF11H     0001H     ABSOLUTE     
            XDATA   FF12H     0001H     ABSOLUTE     
            XDATA   FF13H     0001H     ABSOLUTE     
            XDATA   FF14H     0001H     ABSOLUTE     
            XDATA   FF15H     0001H     ABSOLUTE     
            XDATA   FF16H     0001H     ABSOLUTE     
            XDATA   FF17H     0001H     ABSOLUTE     
                    FF18H     0004H                  *** GAP ***
            XDATA   FF1CH     0001H     ABSOLUTE     
            XDATA   FF1DH     0001H     ABSOLUTE     
                    FF1EH     0062H                  *** GAP ***
            XDATA   FF80H     0001H     ABSOLUTE     
            XDATA   FF81H     0001H     ABSOLUTE     
                    FF82H     0001H                  *** GAP ***
            XDATA   FF83H     0001H     ABSOLUTE     
            XDATA   FF84H     0001H     ABSOLUTE     
                    FF85H     000AH                  *** GAP ***
            XDATA   FF8FH     0001H     ABSOLUTE     
            XDATA   FF90H     0001H     ABSOLUTE     
            XDATA   FF91H     0001H     ABSOLUTE     
                    FF92H     000AH                  *** GAP ***
            XDATA   FF9CH     0001H     ABSOLUTE     
                    FF9DH     0003H                  *** GAP ***
            XDATA   FFA0H     0001H     ABSOLUTE     
            XDATA   FFA1H     0001H     ABSOLUTE     
            XDATA   FFA2H     0001H     ABSOLUTE     
            XDATA   FFA3H     0001H     ABSOLUTE     
            XDATA   FFA4H     0001H     ABSOLUTE     
            XDATA   FFA5H     0001H     ABSOLUTE     
            XDATA   FFA6H     0001H     ABSOLUTE     
            XDATA   FFA7H     0001H     ABSOLUTE     

            * * * * * * *   C O D E   M E M O R Y   * * * * * * *
            CODE    0000H     0003H     ABSOLUTE     
            CODE    0003H     0008H     UNIT         ?PR?_FLASH_READ_ADDR?FLASH
            CODE    000BH     0003H     ABSOLUTE     
            CODE    000EH     0013H     UNIT         ?PR?KEY_INIT?KEY
                    0021H     0002H                  *** GAP ***
            CODE    0023H     0003H     ABSOLUTE     
            CODE    0026H     0958H     UNIT         ?C?LIB_CODE
            CODE    097EH     0483H     UNIT         ?PR?PRINTF?PRINTF
            CODE    0E01H     0428H     UNIT         ?PR?PID_OPERATION?PID
BL51 BANKED LINKER/LOCATER V6.22                                                      09/16/2020  15:12:21  PAGE 4


            CODE    1229H     021DH     UNIT         ?PR?_TEMP_CALC?MAIN
            CODE    1446H     013FH     UNIT         ?PR?FLASH_INIT?FLASH
            CODE    1585H     0138H     UNIT         ?PR?TIMER0_RPT?TIMER
            CODE    16BDH     0132H     UNIT         ?PR?TEMPERATURE_HANDLE?MAIN
            CODE    17EFH     012CH     UNIT         ?PR?_GET_VOLTAGE?ADC
            CODE    191BH     0106H     UNIT         ?CO?FLASH
            CODE    1A21H     00FDH     UNIT         ?PR?_LCD_DISPLAY_GAP?LCD_DISPLAY
            CODE    1B1EH     00F4H     UNIT         ?PR?KEY_HANDLE?MAIN
            CODE    1C12H     00DEH     UNIT         ?CO?TIMER
            CODE    1CF0H     00C9H     UNIT         ?PR?_SET_TEMP?MAIN
            CODE    1DB9H     00BBH     UNIT         ?PR?_CALIBRATION_TEMPERATURE?MAIN
            CODE    1E74H     00B7H     UNIT         ?C_INITSEG
            CODE    1F2BH     00B7H     UNIT         ?PR?KEY_DRIVER?KEY
            CODE    1FE2H     00B7H     UNIT         ?PR?CALIBRATION_KEY_DRIVER?KEY
            CODE    2099H     00B3H     UNIT         ?CO?MAIN
            CODE    214CH     00A5H     UNIT         ?PR?MAIN?MAIN
            CODE    21F1H     008CH     UNIT         ?C_C51STARTUP
            CODE    227DH     008AH     UNIT         ?PR?_LCD_DISPLAY_TIME?LCD_DISPLAY
            CODE    2307H     008AH     UNIT         ?PR?SET_TIME_SEC?TIMER
            CODE    2391H     0081H     UNIT         ?PR?_SET_CORRECT_TIME?TIMER
            CODE    2412H     007EH     UNIT         ?PR?KEY_SCAN?KEY
            CODE    2490H     006DH     UNIT         ?PR?_FLASH_WRITEARR?FLASH
            CODE    24FDH     006AH     UNIT         ?PR?TIME_PRINT?TIMER
            CODE    2567H     004DH     UNIT         ?PR?UART1_RPT?UART
            CODE    25B4H     0042H     UNIT         ?PR?SET_CORRECT_VALUE?TIMER
            CODE    25F6H     0040H     UNIT         ?PR?_FLASH_READARR?FLASH
            CODE    2636H     003FH     UNIT         ?PR?_HT1621_SENDBIT_HIGHT?HT1621B
            CODE    2675H     003FH     UNIT         ?PR?_HT1621_SENDBIT_LOW?HT1621B
            CODE    26B4H     003EH     UNIT         ?PR?_CONTROLL_HEAT?MAIN
            CODE    26F2H     003CH     UNIT         ?PR?SET_HEAT_VAL?TIMER
            CODE    272EH     0033H     UNIT         ?PR?CHECK_FLASH?FLASH
            CODE    2761H     002DH     UNIT         ?PR?_PRODUCTE_COM_SEND_DATA?UART
            CODE    278EH     002CH     UNIT         ?PR?_HT1621_WRITE_BYTE?HT1621B
            CODE    27BAH     0029H     UNIT         ?PR?UART_INIT?UART
            CODE    27E3H     0028H     UNIT         ?PR?_FLASH_WRITEDATA?FLASH
            CODE    280BH     0027H     UNIT         ?PR?INIT_LCD_HT1621B?LCD_DISPLAY
            CODE    2832H     0026H     UNIT         ?PR?FLAH_SAVE_DATA?FLASH
            CODE    2858H     0022H     UNIT         ?PR?_FLASH_ERASEBLOCK?FLASH
            CODE    287AH     0022H     UNIT         ?PR?_PWM_INIT?PWM
            CODE    289CH     0020H     UNIT         ?PR?PROTECT?MAIN
            CODE    28BCH     0020H     UNIT         ?PR?PID_INIT?PID
            CODE    28DCH     001FH     UNIT         ?PR?_PRODUCTE_SEND_CMD?UART
            CODE    28FBH     001EH     UNIT         ?PR?HT1621_ALL_DISPLAY?LCD_DISPLAY
            CODE    2919H     001EH     UNIT         ?PR?HT1621_ALL_CLEAR?LCD_DISPLAY
            CODE    2937H     001CH     UNIT         ?PR?_SET_TIME_SEC_VAL?TIMER
            CODE    2953H     001BH     UNIT         ?PR?HT1621_INIT_PIN?HT1621B
            CODE    296EH     001BH     UNIT         ?PR?_HT1621_SEND_CMD?HT1621B
            CODE    2989H     001BH     UNIT         ?PR?ADC_INIT?ADC
            CODE    29A4H     0018H     UNIT         ?PR?_SET_PWM?PWM
            CODE    29BCH     0017H     UNIT         ?PR?_DELAY_MS?DELAY
            CODE    29D3H     0016H     UNIT         ?PR?TIME0_INIT?TIMER
            CODE    29E9H     0016H     UNIT         ?PR?GET_ADC_VAL?ADC
            CODE    29FFH     0016H     UNIT         ?PR?GET_ADC_VAL_CH?ADC
            CODE    2A15H     0010H     UNIT         ?PR?DEVICE_INIT?MAIN
            CODE    2A25H     000EH     UNIT         ?PR?_DELAY_US?DELAY
            CODE    2A33H     000EH     UNIT         ?PR?LCD_TURN_OFF_TIME?LCD_DISPLAY
            CODE    2A41H     000DH     UNIT         ?PR?_WDT_INIT?WDT
BL51 BANKED LINKER/LOCATER V6.22                                                      09/16/2020  15:12:21  PAGE 5


            CODE    2A4EH     000CH     UNIT         ?PR?_HAL_UART_PUTCHAR?UART
            CODE    2A5AH     000CH     UNIT         ?CO?PID
            CODE    2A66H     0009H     UNIT         ?PR?RELEASE_HT1621B_PIN?HT1621B
            CODE    2A6FH     0006H     UNIT         ?PR?GET_DEVICE_STATE?FLASH
            CODE    2A75H     0006H     UNIT         ?PR?_SET_DEVICE_STATE?FLASH
            CODE    2A7BH     0006H     UNIT         ?PR?_PUTCHAR?UART
            CODE    2A81H     0005H     UNIT         ?PR?LCD_HT1621B_ON?LCD_DISPLAY
            CODE    2A86H     0005H     UNIT         ?PR?LCD_HT1621B_OFF?LCD_DISPLAY
            CODE    2A8BH     0004H     UNIT         ?PR?CLEAR_WDT?WDT
            CODE    2A8FH     0003H     UNIT         ?PR?_LCD_DELAY_US?DELAY
            CODE    2A92H     0003H     UNIT         ?PR?_PRODUCTE_COM_SEND_ONE_BIT?UART



OVERLAY MAP OF MODULE:   .\output\K9029 (?C_STARTUP)


SEGMENT                                        BIT_GROUP          DATA_GROUP          XDATA_GROUP
  +--> CALLED SEGMENT                       START    LENGTH     START    LENGTH     START    LENGTH
---------------------------------------------------------------------------------------------------
?C_C51STARTUP                               -----    -----      -----    -----      -----    -----
  +--> ?PR?MAIN?MAIN
  +--> ?C_INITSEG

?PR?MAIN?MAIN                               -----    -----      -----    -----      -----    -----
  +--> ?PR?DEVICE_INIT?MAIN
  +--> ?PR?UART_INIT?UART
  +--> ?PR?ADC_INIT?ADC
  +--> ?PR?KEY_INIT?KEY
  +--> ?PR?TIME0_INIT?TIMER
  +--> ?PR?FLASH_INIT?FLASH
  +--> ?PR?_PWM_INIT?PWM
  +--> ?PR?INIT_LCD_HT1621B?LCD_DISPLAY
  +--> ?PR?_DELAY_MS?DELAY
  +--> ?PR?_WDT_INIT?WDT
  +--> ?PR?PID_INIT?PID
  +--> ?PR?_SET_PWM?PWM
  +--> ?CO?MAIN
  +--> ?PR?PRINTF?PRINTF
  +--> ?PR?KEY_HANDLE?MAIN
  +--> ?PR?TEMPERATURE_HANDLE?MAIN
  +--> ?PR?CLEAR_WDT?WDT

?PR?ADC_INIT?ADC                            -----    -----      -----    -----      -----    -----
  +--> ?PR?_DELAY_US?DELAY

?PR?FLASH_INIT?FLASH                        -----    -----      -----    -----      0000H    0001H
  +--> ?PR?CHECK_FLASH?FLASH
  +--> ?CO?FLASH
  +--> ?PR?PRINTF?PRINTF
  +--> ?PR?_FLASH_READARR?FLASH
  +--> ?PR?_FLASH_ERASEBLOCK?FLASH
  +--> ?PR?_FLASH_WRITEARR?FLASH

?PR?CHECK_FLASH?FLASH                       -----    -----      -----    -----      -----    -----
  +--> ?PR?_FLASH_READ_ADDR?FLASH

BL51 BANKED LINKER/LOCATER V6.22                                                      09/16/2020  15:12:21  PAGE 6


?PR?PRINTF?PRINTF                           0021H.1  0001H.1    000DH    0005H      0041H    0030H
  +--> ?PR?_PUTCHAR?UART

?PR?_PUTCHAR?UART                           -----    -----      -----    -----      -----    -----
  +--> ?PR?_HAL_UART_PUTCHAR?UART

?PR?_FLASH_READARR?FLASH                    -----    -----      -----    -----      0008H    0005H

?PR?_FLASH_WRITEARR?FLASH                   -----    -----      -----    -----      0008H    0007H
  +--> ?PR?_FLASH_WRITEDATA?FLASH

?PR?INIT_LCD_HT1621B?LCD_DISPLAY            -----    -----      -----    -----      -----    -----
  +--> ?PR?HT1621_INIT_PIN?HT1621B
  +--> ?PR?_HT1621_SEND_CMD?HT1621B
  +--> ?PR?HT1621_ALL_CLEAR?LCD_DISPLAY
  +--> ?PR?HT1621_ALL_DISPLAY?LCD_DISPLAY

?PR?_HT1621_SEND_CMD?HT1621B                -----    -----      -----    -----      0007H    0001H
  +--> ?PR?_HT1621_SENDBIT_HIGHT?HT1621B

?PR?_HT1621_SENDBIT_HIGHT?HT1621B           -----    -----      -----    -----      0044H    0003H
  +--> ?PR?_LCD_DELAY_US?DELAY

?PR?_LCD_DELAY_US?DELAY                     -----    -----      -----    -----      -----    -----
  +--> ?PR?_DELAY_US?DELAY

?PR?HT1621_ALL_CLEAR?LCD_DISPLAY            -----    -----      -----    -----      0041H    0001H
  +--> ?PR?_HT1621_WRITE_BYTE?HT1621B

?PR?_HT1621_WRITE_BYTE?HT1621B              -----    -----      -----    -----      0042H    0002H
  +--> ?PR?_HT1621_SENDBIT_HIGHT?HT1621B
  +--> ?PR?_HT1621_SENDBIT_LOW?HT1621B

?PR?_HT1621_SENDBIT_LOW?HT1621B             -----    -----      -----    -----      0044H    0003H
  +--> ?PR?_LCD_DELAY_US?DELAY

?PR?HT1621_ALL_DISPLAY?LCD_DISPLAY          -----    -----      -----    -----      0000H    0001H
  +--> ?PR?_HT1621_WRITE_BYTE?HT1621B

?PR?KEY_HANDLE?MAIN                         -----    -----      -----    -----      0000H    0001H
  +--> ?PR?KEY_SCAN?KEY
  +--> ?CO?MAIN
  +--> ?PR?PRINTF?PRINTF
  +--> ?PR?GET_DEVICE_STATE?FLASH
  +--> ?PR?_SET_DEVICE_STATE?FLASH
  +--> ?PR?HT1621_ALL_CLEAR?LCD_DISPLAY
  +--> ?PR?_SET_PWM?PWM
  +--> ?PR?SET_TIME_SEC?TIMER
  +--> ?PR?_SET_CORRECT_TIME?TIMER
  +--> ?PR?_LCD_DISPLAY_GAP?LCD_DISPLAY
  +--> ?PR?_LCD_DISPLAY_TIME?LCD_DISPLAY
  +--> ?PR?FLAH_SAVE_DATA?FLASH

?PR?KEY_SCAN?KEY                            -----    -----      -----    -----      -----    -----
  +--> ?PR?KEY_DRIVER?KEY
  +--> ?PR?CALIBRATION_KEY_DRIVER?KEY
  +--> ?PR?GET_DEVICE_STATE?FLASH
BL51 BANKED LINKER/LOCATER V6.22                                                      09/16/2020  15:12:21  PAGE 7


  +--> ?PR?FLAH_SAVE_DATA?FLASH
  +--> ?PR?_DELAY_MS?DELAY

?PR?KEY_DRIVER?KEY                          -----    -----      -----    -----      0001H    0002H
  +--> ?PR?_DELAY_MS?DELAY

?PR?CALIBRATION_KEY_DRIVER?KEY              -----    -----      -----    -----      0001H    0002H
  +--> ?PR?_DELAY_MS?DELAY

?PR?FLAH_SAVE_DATA?FLASH                    -----    -----      -----    -----      -----    -----
  +--> ?PR?_FLASH_ERASEBLOCK?FLASH
  +--> ?PR?_FLASH_WRITEARR?FLASH
  +--> ?PR?_FLASH_READARR?FLASH

?PR?SET_TIME_SEC?TIMER                      -----    -----      -----    -----      -----    -----
  +--> ?CO?TIMER
  +--> ?PR?PRINTF?PRINTF

?PR?_LCD_DISPLAY_GAP?LCD_DISPLAY            -----    -----      -----    -----      0006H    0001H
  +--> ?PR?_HT1621_SEND_CMD?HT1621B
  +--> ?PR?_HT1621_WRITE_BYTE?HT1621B

?PR?_LCD_DISPLAY_TIME?LCD_DISPLAY           -----    -----      -----    -----      0006H    0001H
  +--> ?PR?_HT1621_SEND_CMD?HT1621B
  +--> ?PR?_HT1621_WRITE_BYTE?HT1621B

?PR?TEMPERATURE_HANDLE?MAIN                 -----    -----      -----    -----      0000H    0006H
  +--> ?PR?_GET_VOLTAGE?ADC
  +--> ?PR?_TEMP_CALC?MAIN
  +--> ?PR?_CALIBRATION_TEMPERATURE?MAIN
  +--> ?CO?MAIN
  +--> ?PR?PRINTF?PRINTF
  +--> ?PR?GET_DEVICE_STATE?FLASH
  +--> ?PR?_LCD_DISPLAY_TIME?LCD_DISPLAY
  +--> ?PR?_LCD_DISPLAY_GAP?LCD_DISPLAY
  +--> ?PR?_SET_TEMP?MAIN
  +--> ?PR?_SET_PWM?PWM
  +--> ?PR?HT1621_ALL_CLEAR?LCD_DISPLAY
  +--> ?PR?_HT1621_SEND_CMD?HT1621B

?PR?_GET_VOLTAGE?ADC                        -----    -----      -----    -----      0006H    000BH
  +--> ?PR?GET_ADC_VAL?ADC
  +--> ?PR?GET_ADC_VAL_CH?ADC

?PR?_TEMP_CALC?MAIN                         -----    -----      -----    -----      0006H    000BH
  +--> ?CO?MAIN
  +--> ?PR?PRINTF?PRINTF

?PR?_CALIBRATION_TEMPERATURE?MAIN           -----    -----      -----    -----      0006H    0002H
  +--> ?PR?_HAL_UART_PUTCHAR?UART
  +--> ?PR?FLAH_SAVE_DATA?FLASH
  +--> ?PR?_PRODUCTE_SEND_CMD?UART

?PR?_PRODUCTE_SEND_CMD?UART                 -----    -----      -----    -----      0008H    0005H
  +--> ?PR?_PRODUCTE_COM_SEND_DATA?UART

?PR?_PRODUCTE_COM_SEND_DATA?UART            -----    -----      -----    -----      000DH    0003H
BL51 BANKED LINKER/LOCATER V6.22                                                      09/16/2020  15:12:21  PAGE 8


  +--> ?PR?_PRODUCTE_COM_SEND_ONE_BIT?UART

?PR?_PRODUCTE_COM_SEND_ONE_BIT?UART         -----    -----      -----    -----      -----    -----
  +--> ?PR?_HAL_UART_PUTCHAR?UART

?PR?_SET_TEMP?MAIN                          -----    -----      -----    -----      0006H    0002H
  +--> ?PR?_CONTROLL_HEAT?MAIN

?PR?_CONTROLL_HEAT?MAIN                     -----    -----      -----    -----      0008H    0004H
  +--> ?PR?_SET_PWM?PWM

*** NEW ROOT ***************************************************

?PR?TIMER0_RPT?TIMER                        -----    -----      -----    -----      -----    -----
  +--> ?PR?GET_DEVICE_STATE?FLASH
  +--> ?PR?SET_HEAT_VAL?TIMER
  +--> ?CO?TIMER
  +--> ?PR?_SET_DEVICE_STATE?FLASH
  +--> ?PR?HT1621_ALL_CLEAR?LCD_DISPLAY
  +--> ?PR?PRINTF?PRINTF

?PR?SET_HEAT_VAL?TIMER                      -----    -----      -----    -----      -----    -----
  +--> ?CO?TIMER
  +--> ?PR?PRINTF?PRINTF
  +--> ?PR?SET_CORRECT_VALUE?TIMER



SYMBOL TABLE OF MODULE:  .\output\K9029 (?C_STARTUP)

  VALUE           TYPE          NAME
  ----------------------------------

  -------         MODULE        ?C_STARTUP
  C:21F1H         SEGMENT       ?C_C51STARTUP
  I:0023H         SEGMENT       ?STACK
  C:0000H         PUBLIC        ?C_STARTUP
  D:00E0H         SYMBOL        ACC
  D:00F0H         SYMBOL        B
  D:0083H         SYMBOL        DPH
  D:0082H         SYMBOL        DPL
  N:0000H         SYMBOL        IBPSTACK
  N:0100H         SYMBOL        IBPSTACKTOP
  N:0080H         SYMBOL        IDATALEN
  C:21F4H         SYMBOL        IDATALOOP
  N:0000H         SYMBOL        PBPSTACK
  N:0100H         SYMBOL        PBPSTACKTOP
  N:0000H         SYMBOL        PDATALEN
  N:0000H         SYMBOL        PDATASTART
  N:0000H         SYMBOL        PPAGE
  N:0000H         SYMBOL        PPAGEENABLE
  D:00A0H         SYMBOL        PPAGE_SFR
  D:0081H         SYMBOL        SP
  C:21F1H         SYMBOL        STARTUP1
  N:0000H         SYMBOL        XBPSTACK
  N:0000H         SYMBOL        XBPSTACKTOP
  N:0000H         SYMBOL        XDATALEN
BL51 BANKED LINKER/LOCATER V6.22                                                      09/16/2020  15:12:21  PAGE 9


  N:0000H         SYMBOL        XDATASTART
  C:0000H         LINE#         126
  C:21F1H         LINE#         133
  C:21F3H         LINE#         134
  C:21F4H         LINE#         135
  C:21F5H         LINE#         136
  C:21F7H         LINE#         185
  C:21FAH         LINE#         196
  -------         ENDMOD        ?C_STARTUP

  -------         MODULE        MAIN
  C:0000H         SYMBOL        _ICE_DUMMY_
  X:FF08H         PUBLIC        P1M0
  X:FF01H         PUBLIC        P0M1
  X:FF10H         PUBLIC        P2M0
  X:FF09H         PUBLIC        P1M1
  X:FF02H         PUBLIC        P0M2
  D:0080H         PUBLIC        P0
  X:FF11H         PUBLIC        P2M1
  X:FF0AH         PUBLIC        P1M2
  X:FF03H         PUBLIC        P0M3
  D:0090H         PUBLIC        P1
  X:FF12H         PUBLIC        P2M2
  X:FF0BH         PUBLIC        P1M3
  X:FF04H         PUBLIC        P0M4
  D:00A0H         PUBLIC        P2
  X:FF13H         PUBLIC        P2M3
  X:FF0CH         PUBLIC        P1M4
  X:FF05H         PUBLIC        P0M5
  D:00B0H         PUBLIC        P3
  X:FF14H         PUBLIC        P2M4
  X:FF0DH         PUBLIC        P1M5
  X:FF06H         PUBLIC        P0M6
  X:FF1CH         PUBLIC        P3M4
  X:FF15H         PUBLIC        P2M5
  X:FF0EH         PUBLIC        P1M6
  X:FF07H         PUBLIC        P0M7
  X:FF1DH         PUBLIC        P3M5
  X:FF16H         PUBLIC        P2M6
  X:FF0FH         PUBLIC        P1M7
  B:00A8H.7       PUBLIC        EA
  C:16BDH         PUBLIC        temperature_handle
  X:FF17H         PUBLIC        P2M7
  X:FEBDH         PUBLIC        TRMEN
  C:2A15H         PUBLIC        device_init
  X:FE75H         PUBLIC        CTKVS
  D:00A8H         PUBLIC        IE
  D:00F8H         PUBLIC        RSTFR
  X:FF91H         PUBLIC        PWM01_MAP
  X:FFA3H         PUBLIC        SDA_MAP
  C:1B1EH         SYMBOL        key_handle
  X:FFA5H         PUBLIC        SCK_MAP
  X:FFA2H         PUBLIC        SCL_MAP
  C:1CF0H         PUBLIC        _Set_Temp
  C:214CH         PUBLIC        main
  C:1DB9H         PUBLIC        _calibration_temperature
  X:FEA4H         PUBLIC        BORC
BL51 BANKED LINKER/LOCATER V6.22                                                      09/16/2020  15:12:21  PAGE 10


  X:FE77H         PUBLIC        DSCR
  C:1229H         PUBLIC        _temp_calc
  X:FFA1H         PUBLIC        RXD_MAP
  X:FEA5H         PUBLIC        BORDBC
  X:FFA0H         PUBLIC        TXD_MAP
  X:FEBAH         PUBLIC        PINTE2
  D:0098H         PUBLIC        SCON
  D:0088H         PUBLIC        TCON
  C:26B4H         PUBLIC        _Controll_Heat
  X:FE95H         PUBLIC        SPOV_RSTEN
  X:FE74H         PUBLIC        RBCSEL
  X:FE9BH         PUBLIC        ADCC2
  X:FE76H         PUBLIC        CTKCLK
  X:FE91H         PUBLIC        CLKDIV
  D:00B8H         PUBLIC        IE1
  D:00D8H         PUBLIC        IE2
  X:FF80H         PUBLIC        T0_MAP
  X:FF81H         PUBLIC        T1_MAP
  X:FEAAH         PUBLIC        RSTDBC
  X:FF83H         PUBLIC        T3_MAP
  X:FF84H         PUBLIC        T4_MAP
  X:FEA0H         PUBLIC        WDTCCR
  X:FEBEH         PUBLIC        TRMV
  X:00E7H         PUBLIC        fault_std
  X:00E8H         PUBLIC        adc_cnt
  X:FE93H         PUBLIC        CLKOUT
  D:008EH         PUBLIC        CLKSWR
  X:00EAH         PUBLIC        first_heat_std
  X:FF90H         PUBLIC        PWM0_MAP
  C:289CH         PUBLIC        Protect
  X:FFA4H         PUBLIC        SS_MAP
  X:FE80H         PUBLIC        TCON1
  X:FF9CH         PUBLIC        PWM3_MAP
  X:FF8FH         PUBLIC        CLKO_MAP
  X:FE92H         PUBLIC        FREQ_CLK
  X:FEB0H         PUBLIC        PITS0
  X:FEB4H         PUBLIC        PITS4
  X:FFA7H         PUBLIC        MISO_MAP
  X:FFA6H         PUBLIC        MOSI_MAP
  D:00D0H         PUBLIC        PSW
  X:FF00H         PUBLIC        P0M0
  -------         PROC          DEVICE_INIT
  C:2A15H         LINE#         25
  C:2A15H         LINE#         26
  C:2A15H         LINE#         29
  C:2A18H         LINE#         30
  C:2A1EH         LINE#         31
  C:2A24H         LINE#         32
  -------         ENDPROC       DEVICE_INIT
  -------         PROC          KEY_HANDLE
  -------         DO            
  X:0000H         SYMBOL        key_val
  -------         ENDDO         
  C:1B1EH         LINE#         35
  C:1B1EH         LINE#         36
  C:1B1EH         LINE#         37
  C:1B23H         LINE#         38
BL51 BANKED LINKER/LOCATER V6.22                                                      09/16/2020  15:12:21  PAGE 11


  C:1B29H         LINE#         39
  C:1B29H         LINE#         40
  C:1B31H         LINE#         41
  C:1B33H         LINE#         43
  C:1B33H         LINE#         44
  C:1B38H         LINE#         45
  C:1B38H         LINE#         46
  C:1B46H         LINE#         47
  C:1B46H         LINE#         48
  C:1B4FH         LINE#         50
  C:1B55H         LINE#         51
  C:1B55H         LINE#         53
  C:1B5AH         LINE#         54
  C:1B5DH         LINE#         55
  C:1B62H         LINE#         56
  C:1B62H         LINE#         58
  C:1B62H         LINE#         59
  C:1B67H         LINE#         60
  C:1B6AH         LINE#         62
  C:1B70H         LINE#         63
  C:1B78H         LINE#         64
  C:1B80H         LINE#         65
  C:1B88H         LINE#         67
  C:1B88H         LINE#         68
  C:1B88H         LINE#         69
  C:1B91H         LINE#         70
  C:1B91H         LINE#         74
  C:1B99H         LINE#         75
  C:1B99H         LINE#         77
  C:1BA2H         LINE#         78
  C:1BABH         LINE#         79
  C:1BABH         LINE#         80
  C:1BAEH         LINE#         82
  C:1BB0H         LINE#         84
  C:1BB0H         LINE#         85
  C:1BB6H         LINE#         86
  C:1BB6H         LINE#         87
  C:1BC0H         LINE#         88
  C:1BC0H         LINE#         89
  C:1BC5H         LINE#         90
  C:1BC5H         LINE#         91
  C:1BC8H         LINE#         92
  C:1BCAH         LINE#         93
  C:1BD0H         LINE#         94
  C:1BD0H         LINE#         95
  C:1BD6H         LINE#         96
  C:1BD6H         LINE#         97
  C:1BD6H         LINE#         99
  C:1BDCH         LINE#         100
  C:1BDFH         LINE#         101
  C:1BE7H         LINE#         103
  C:1BE7H         LINE#         104
  C:1BE9H         LINE#         105
  C:1BF0H         LINE#         106
  C:1BF0H         LINE#         108
  C:1BF9H         LINE#         109
  C:1BF9H         LINE#         110
BL51 BANKED LINKER/LOCATER V6.22                                                      09/16/2020  15:12:21  PAGE 12


  C:1BFCH         LINE#         111
  C:1BFEH         LINE#         113
  C:1BFEH         LINE#         114
  C:1C03H         LINE#         115
  C:1C03H         LINE#         118
  C:1C0BH         LINE#         119
  C:1C0EH         LINE#         120
  C:1C11H         LINE#         121
  C:1C11H         LINE#         122
  C:1C11H         LINE#         123
  -------         ENDPROC       KEY_HANDLE
  -------         PROC          _CALIBRATION_TEMPERATURE
  X:0006H         SYMBOL        temper
  -------         DO            
  D:0007H         SYMBOL        temp1
  -------         ENDDO         
  C:1DB9H         LINE#         126
  C:1DC1H         LINE#         127
  C:1DC1H         LINE#         128
  C:1DC1H         LINE#         129
  C:1DD1H         LINE#         130
  C:1DD1H         LINE#         131
  C:1DD7H         LINE#         132
  C:1DDCH         LINE#         133
  C:1DE1H         LINE#         135
  C:1DEBH         LINE#         136
  C:1DEBH         LINE#         137
  C:1DF0H         LINE#         138
  C:1DF0H         LINE#         139
  C:1DF6H         LINE#         140
  C:1DFAH         LINE#         141
  C:1DFCH         LINE#         143
  C:1DFCH         LINE#         144
  C:1E09H         LINE#         146
  C:1E0CH         LINE#         147
  C:1E12H         LINE#         148
  C:1E12H         LINE#         149
  C:1E22H         LINE#         150
  C:1E22H         LINE#         151
  C:1E27H         LINE#         152
  C:1E29H         LINE#         153
  C:1E29H         LINE#         154
  C:1E2CH         LINE#         155
  C:1E33H         LINE#         156
  C:1E33H         LINE#         157
  C:1E33H         LINE#         158
  C:1E3BH         LINE#         159
  C:1E3BH         LINE#         160
  C:1E4FH         LINE#         161
  C:1E4FH         LINE#         162
  C:1E53H         LINE#         163
  C:1E53H         LINE#         164
  C:1E6BH         LINE#         165
  C:1E6BH         LINE#         166
  C:1E73H         LINE#         168
  -------         ENDPROC       _CALIBRATION_TEMPERATURE
  -------         PROC          _TEMP_CALC
BL51 BANKED LINKER/LOCATER V6.22                                                      09/16/2020  15:12:21  PAGE 13


  X:0006H         SYMBOL        uR510
  X:0008H         SYMBOL        uRw
  -------         DO            
  X:000AH         SYMBOL        i
  X:000BH         SYMBOL        basi_tmp
  X:000CH         SYMBOL        k
  X:000DH         SYMBOL        u1
  -------         ENDDO         
  C:1229H         LINE#         172
  C:123BH         LINE#         173
  C:123BH         LINE#         174
  C:1240H         LINE#         175
  C:1244H         LINE#         176
  C:1248H         LINE#         177
  C:1250H         LINE#         179
  C:126FH         LINE#         180
  C:126FH         LINE#         181
  C:1272H         LINE#         182
  C:1272H         LINE#         185
  C:12EAH         LINE#         186
  C:1302H         LINE#         187
  C:1302H         LINE#         188
  C:1307H         LINE#         189
  C:1307H         LINE#         190
  C:1324H         LINE#         191
  C:1341H         LINE#         192
  C:135BH         LINE#         193
  C:135BH         LINE#         194
  C:135FH         LINE#         195
  C:135FH         LINE#         197
  C:137EH         LINE#         199
  C:13A4H         LINE#         200
  C:13A4H         LINE#         201
  C:13A4H         LINE#         202
  C:13A4H         LINE#         203
  C:13C3H         LINE#         204
  C:13C9H         LINE#         205
  C:13E5H         LINE#         206
  C:13E5H         LINE#         207
  C:13E5H         LINE#         208
  C:13E5H         LINE#         212
  C:13EEH         LINE#         214
  C:13F0H         LINE#         216
  C:13F0H         LINE#         217
  C:13F0H         LINE#         218
  C:13F0H         LINE#         219
  C:140FH         LINE#         220
  C:1415H         LINE#         221
  C:142FH         LINE#         222
  C:142FH         LINE#         223
  C:142FH         LINE#         224
  C:142FH         LINE#         229
  C:143EH         LINE#         232
  C:143EH         LINE#         235
  C:1445H         LINE#         236
  -------         ENDPROC       _TEMP_CALC
  -------         PROC          TEMPERATURE_HANDLE
BL51 BANKED LINKER/LOCATER V6.22                                                      09/16/2020  15:12:21  PAGE 14


  -------         DO            
  X:0000H         SYMBOL        temp
  X:0002H         SYMBOL        adc_val1
  X:0004H         SYMBOL        adc_val3
  X:00E6H         SYMBOL        error_std
  -------         ENDDO         
  C:16BDH         LINE#         240
  C:16BDH         LINE#         241
  C:16BDH         LINE#         242
  C:16C4H         LINE#         243
  C:16CCH         LINE#         245
  C:16DAH         LINE#         247
  C:16ECH         LINE#         248
  C:16ECH         LINE#         249
  C:16F0H         LINE#         250
  C:1706H         LINE#         253
  C:171FH         LINE#         255
  C:172AH         LINE#         256
  C:173BH         LINE#         258
  C:174DH         LINE#         259
  C:174DH         LINE#         260
  C:1753H         LINE#         261
  C:1753H         LINE#         262
  C:175AH         LINE#         263
  C:175AH         LINE#         264
  C:175CH         LINE#         265
  C:1770H         LINE#         266
  C:1770H         LINE#         267
  C:1770H         LINE#         268
  C:1770H         LINE#         269
  C:1772H         LINE#         271
  C:1772H         LINE#         272
  C:1773H         LINE#         273
  C:1778H         LINE#         274
  C:177CH         LINE#         275
  C:177CH         LINE#         276
  C:177CH         LINE#         278
  C:1784H         LINE#         279
  C:178CH         LINE#         280
  C:1797H         LINE#         281
  C:1799H         LINE#         283
  C:1799H         LINE#         284
  C:17A0H         LINE#         285
  C:17A0H         LINE#         286
  C:17A5H         LINE#         287
  C:17A8H         LINE#         288
  C:17B0H         LINE#         289
  C:17B6H         LINE#         290
  C:17B8H         LINE#         292
  C:17B8H         LINE#         293
  C:17BDH         LINE#         294
  C:17C2H         LINE#         295
  C:17C7H         LINE#         296
  C:17C7H         LINE#         297
  C:17C7H         LINE#         298
  C:17CCH         LINE#         299
  C:17CDH         LINE#         301
BL51 BANKED LINKER/LOCATER V6.22                                                      09/16/2020  15:12:21  PAGE 15


  C:17CDH         LINE#         302
  C:17D2H         LINE#         303
  C:17D6H         LINE#         304
  C:17D9H         LINE#         305
  C:17DEH         LINE#         306
  C:17E4H         LINE#         307
  C:17E8H         LINE#         308
  C:17EEH         LINE#         309
  C:17EEH         LINE#         311
  C:17EEH         LINE#         314
  -------         ENDPROC       TEMPERATURE_HANDLE
  -------         PROC          MAIN
  C:214CH         LINE#         319
  C:214CH         LINE#         320
  C:214CH         LINE#         321
  C:214FH         LINE#         323
  C:2152H         LINE#         324
  C:2155H         LINE#         325
  C:2157H         LINE#         326
  C:215AH         LINE#         327
  C:215DH         LINE#         328
  C:2160H         LINE#         329
  C:2167H         LINE#         330
  C:216AH         LINE#         331
  C:2171H         LINE#         332
  C:2176H         LINE#         333
  C:2179H         LINE#         334
  C:217EH         LINE#         335
  C:2187H         LINE#         336
  C:219AH         LINE#         337
  C:21B1H         LINE#         338
  C:21C7H         LINE#         339
  C:21DDH         LINE#         340
  C:21E6H         LINE#         342
  C:21E6H         LINE#         343
  C:21E6H         LINE#         344
  C:21E9H         LINE#         345
  C:21ECH         LINE#         348
  C:21EFH         LINE#         350
  -------         ENDPROC       MAIN
  -------         PROC          _CONTROLL_HEAT
  X:0008H         SYMBOL        temp_set
  X:000AH         SYMBOL        temp_now
  C:26B4H         LINE#         354
  C:26C2H         LINE#         355
  C:26C2H         LINE#         357
  C:26C8H         LINE#         358
  C:26C8H         LINE#         361
  C:26CAH         LINE#         362
  C:26CCH         LINE#         363
  C:26ECH         LINE#         364
  C:26ECH         LINE#         366
  C:26F1H         LINE#         367
  C:26F1H         LINE#         368
  -------         ENDPROC       _CONTROLL_HEAT
  -------         PROC          _SET_TEMP
  X:0006H         SYMBOL        temp
BL51 BANKED LINKER/LOCATER V6.22                                                      09/16/2020  15:12:21  PAGE 16


  C:1CF0H         LINE#         370
  C:1CF8H         LINE#         371
  C:1CF8H         LINE#         372
  C:1CFFH         LINE#         373
  C:1CFFH         LINE#         375
  C:1D09H         LINE#         376
  C:1D0CH         LINE#         378
  C:1D0CH         LINE#         380
  C:1D3DH         LINE#         381
  C:1D3DH         LINE#         382
  C:1D3DH         LINE#         383
  C:1D47H         LINE#         384
  C:1D49H         LINE#         385
  C:1D49H         LINE#         386
  C:1D53H         LINE#         387
  C:1D55H         LINE#         388
  C:1D55H         LINE#         389
  C:1D5FH         LINE#         390
  C:1D61H         LINE#         391
  C:1D61H         LINE#         392
  C:1D6BH         LINE#         393
  C:1D6DH         LINE#         394
  C:1D6DH         LINE#         395
  C:1D77H         LINE#         396
  C:1D79H         LINE#         397
  C:1D79H         LINE#         398
  C:1D83H         LINE#         399
  C:1D85H         LINE#         400
  C:1D85H         LINE#         401
  C:1D8FH         LINE#         402
  C:1D91H         LINE#         403
  C:1D91H         LINE#         404
  C:1D9BH         LINE#         405
  C:1D9DH         LINE#         406
  C:1D9DH         LINE#         407
  C:1DA7H         LINE#         408
  C:1DA9H         LINE#         409
  C:1DA9H         LINE#         410
  C:1DB8H         LINE#         411
  C:1DB8H         LINE#         413
  C:1DB8H         LINE#         414
  C:1DB8H         LINE#         415
  -------         ENDPROC       _SET_TEMP
  -------         PROC          PROTECT
  C:289CH         LINE#         420
  C:289CH         LINE#         421
  C:289CH         LINE#         422
  C:28A3H         LINE#         423
  C:28A3H         LINE#         424
  C:28ACH         LINE#         425
  C:28ACH         LINE#         426
  C:28AFH         LINE#         427
  C:28B3H         LINE#         428
  C:28B6H         LINE#         429
  C:28BBH         LINE#         430
  C:28BBH         LINE#         431
  C:28BBH         LINE#         432
BL51 BANKED LINKER/LOCATER V6.22                                                      09/16/2020  15:12:21  PAGE 17


  -------         ENDPROC       PROTECT
  -------         ENDMOD        MAIN

  -------         MODULE        FLASH
  C:0000H         SYMBOL        _ICE_DUMMY_
  D:0080H         PUBLIC        P0
  D:0090H         PUBLIC        P1
  D:00A0H         PUBLIC        P2
  D:00B0H         PUBLIC        P3
  B:00A8H.7       PUBLIC        EA
  C:249CH         PUBLIC        _Flash_WriteArr
  C:0003H         PUBLIC        _flash_read_addr
  D:00A8H         PUBLIC        IE
  D:00FCH         PUBLIC        IAP_CMD
  D:00F8H         PUBLIC        RSTFR
  C:2A6FH         PUBLIC        get_device_state
  X:00D2H         PUBLIC        flash_info
  C:2A75H         PUBLIC        _set_device_state
  C:1446H         PUBLIC        flash_init
  C:2832H         PUBLIC        flah_save_data
  C:2858H         PUBLIC        _Flash_EraseBlock
  D:0098H         PUBLIC        SCON
  D:0088H         PUBLIC        TCON
  D:00B8H         PUBLIC        IE1
  D:00D8H         PUBLIC        IE2
  D:00FBH         PUBLIC        IAP_DATA
  D:00F9H         PUBLIC        IAP_ADDR
  C:27E3H         PUBLIC        _FLASH_WriteData
  C:272EH         SYMBOL        check_flash
  X:00D7H         PUBLIC        flash_check
  C:25F6H         PUBLIC        _Flash_ReadArr
  X:00DBH         PUBLIC        device_state
  D:00D0H         PUBLIC        PSW
  -------         PROC          GET_DEVICE_STATE
  C:2A6FH         LINE#         9
  C:2A6FH         LINE#         10
  C:2A6FH         LINE#         11
  C:2A74H         LINE#         12
  -------         ENDPROC       GET_DEVICE_STATE
  -------         PROC          _SET_DEVICE_STATE
  D:0007H         SYMBOL        state
  C:2A75H         LINE#         14
  C:2A75H         LINE#         15
  C:2A75H         LINE#         16
  C:2A7AH         LINE#         17
  -------         ENDPROC       _SET_DEVICE_STATE
  -------         PROC          _FLASH_ERASEBLOCK
  D:0006H         SYMBOL        addr
  C:2858H         LINE#         27
  C:285FH         LINE#         28
  C:285FH         LINE#         29
  C:2865H         LINE#         30
  C:2869H         LINE#         31
  C:286FH         LINE#         32
  C:2875H         LINE#         33
  -------         ENDPROC       _FLASH_ERASEBLOCK
  -------         PROC          _FLASH_WRITEDATA
BL51 BANKED LINKER/LOCATER V6.22                                                      09/16/2020  15:12:21  PAGE 18


  D:0007H         SYMBOL        fuc_SaveData
  D:0004H         SYMBOL        addr
  C:27E3H         LINE#         43
  C:27EAH         LINE#         44
  C:27EAH         LINE#         45
  C:27ECH         LINE#         46
  C:27F2H         LINE#         47
  C:27FAH         LINE#         48
  C:2800H         LINE#         49
  C:2806H         LINE#         50
  -------         ENDPROC       _FLASH_WRITEDATA
  -------         PROC          L?0030
  -------         ENDPROC       L?0030
  -------         PROC          _FLASH_WRITEARR
  X:0008H         SYMBOL        fui_Address
  X:000AH         SYMBOL        len
  X:000BH         SYMBOL        fucp_SaveArr
  -------         DO            
  X:000EH         SYMBOL        i
  -------         ENDDO         
  C:249CH         LINE#         62
  C:24B7H         LINE#         63
  C:24B7H         LINE#         64
  C:24BAH         LINE#         66
  C:24BCH         LINE#         67
  C:24CAH         LINE#         68
  C:24CAH         LINE#         69
  C:24EEH         LINE#         70
  C:24F6H         LINE#         71
  C:24F8H         LINE#         72
  -------         ENDPROC       _FLASH_WRITEARR
  -------         PROC          _FLASH_READ_ADDR
  D:0082H         SYMBOL        address
  -------         DO            
  D:0007H         SYMBOL        val
  -------         ENDDO         
  C:0003H         LINE#         74
  C:0007H         LINE#         75
  C:0007H         LINE#         76
  C:0008H         LINE#         77
  C:000AH         LINE#         78
  C:000AH         LINE#         79
  -------         ENDPROC       _FLASH_READ_ADDR
  -------         PROC          _FLASH_READARR
  X:0008H         SYMBOL        fui_Address
  D:0005H         SYMBOL        fuc_Length
  X:000AH         SYMBOL        fucp_SaveArr
  C:25F6H         LINE#         91
  C:2607H         LINE#         92
  C:2607H         LINE#         93
  C:260DH         LINE#         94
  C:2635H         LINE#         95
  -------         ENDPROC       _FLASH_READARR
  -------         PROC          CHECK_FLASH
  -------         DO            
  D:0005H         SYMBOL        i
  D:0004H         SYMBOL        cnt
BL51 BANKED LINKER/LOCATER V6.22                                                      09/16/2020  15:12:21  PAGE 19


  -------         ENDDO         
  C:272EH         LINE#         97
  C:272EH         LINE#         98
  C:272EH         LINE#         99
  C:2731H         LINE#         101
  C:2731H         LINE#         102
  C:2731H         LINE#         103
  C:274AH         LINE#         104
  C:274AH         LINE#         105
  C:274BH         LINE#         106
  C:274DH         LINE#         107
  C:2750H         LINE#         108
  C:2755H         LINE#         109
  C:275BH         LINE#         110
  C:275EH         LINE#         111
  C:2760H         LINE#         112
  -------         ENDPROC       CHECK_FLASH
  -------         PROC          FLASH_INIT
  -------         DO            
  X:0000H         SYMBOL        init_flag
  -------         ENDDO         
  C:1446H         LINE#         115
  C:1446H         LINE#         116
  C:1446H         LINE#         117
  C:144BH         LINE#         120
  C:1451H         LINE#         122
  C:1457H         LINE#         123
  C:1457H         LINE#         124
  C:145CH         LINE#         125
  C:145EH         LINE#         127
  C:145EH         LINE#         128
  C:1467H         LINE#         129
  C:1476H         LINE#         130
  C:1499H         LINE#         131
  C:14BCH         LINE#         132
  C:14C5H         LINE#         133
  C:14D4H         LINE#         134
  C:14DAH         LINE#         135
  C:14DAH         LINE#         136
  C:14E5H         LINE#         137
  C:14E5H         LINE#         138
  C:14EEH         LINE#         139
  C:14F4H         LINE#         140
  C:14F8H         LINE#         141
  C:14FFH         LINE#         142
  C:150AH         LINE#         143
  C:150DH         LINE#         144
  C:151CH         LINE#         145
  C:1559H         LINE#         146
  C:1562H         LINE#         147
  C:1562H         LINE#         148
  -------         ENDPROC       FLASH_INIT
  -------         PROC          FLAH_SAVE_DATA
  C:2832H         LINE#         152
  C:2832H         LINE#         153
  C:2832H         LINE#         155
  C:2839H         LINE#         156
BL51 BANKED LINKER/LOCATER V6.22                                                      09/16/2020  15:12:21  PAGE 20


  C:2846H         LINE#         157
  C:2849H         LINE#         158
  -------         ENDPROC       FLAH_SAVE_DATA
  -------         ENDMOD        FLASH

  -------         MODULE        DELAY
  C:0000H         SYMBOL        _ICE_DUMMY_
  D:0080H         PUBLIC        P0
  D:0090H         PUBLIC        P1
  D:00A0H         PUBLIC        P2
  D:00B0H         PUBLIC        P3
  D:00A8H         PUBLIC        IE
  D:00F8H         PUBLIC        RSTFR
  D:0098H         PUBLIC        SCON
  D:0088H         PUBLIC        TCON
  D:00B8H         PUBLIC        IE1
  D:00D8H         PUBLIC        IE2
  C:29BCH         PUBLIC        _delay_ms
  C:2A25H         PUBLIC        _delay_us
  C:2A8FH         PUBLIC        _lcd_delay_us
  D:00D0H         PUBLIC        PSW
  -------         PROC          _DELAY_US
  D:0006H         SYMBOL        us
  C:2A25H         LINE#         4
  C:2A25H         LINE#         5
  C:2A25H         LINE#         6
  C:2A2EH         LINE#         7
  C:2A2EH         LINE#         8
  C:2A30H         LINE#         9
  C:2A32H         LINE#         10
  -------         ENDPROC       _DELAY_US
  -------         PROC          _DELAY_MS
  D:0006H         SYMBOL        ms
  -------         DO            
  D:0004H         SYMBOL        i
  -------         ENDDO         
  C:29BCH         LINE#         12
  C:29BCH         LINE#         13
  C:29BCH         LINE#         15
  C:29BCH         LINE#         16
  C:29C0H         LINE#         17
  C:29C9H         LINE#         18
  C:29D2H         LINE#         19
  -------         ENDPROC       _DELAY_MS
  -------         PROC          _LCD_DELAY_US
  D:0006H         SYMBOL        time
  C:2A8FH         LINE#         21
  C:2A8FH         LINE#         22
  C:2A8FH         LINE#         23
  -------         ENDPROC       _LCD_DELAY_US
  -------         ENDMOD        DELAY

  -------         MODULE        HT1621B
  C:0000H         SYMBOL        _ICE_DUMMY_
  D:0080H         PUBLIC        P0
  D:0090H         PUBLIC        P1
  D:00A0H         PUBLIC        P2
BL51 BANKED LINKER/LOCATER V6.22                                                      09/16/2020  15:12:21  PAGE 21


  D:00B0H         PUBLIC        P3
  D:00A8H         PUBLIC        IE
  B:0090H.0       PUBLIC        P1_0
  B:0090H.1       PUBLIC        P1_1
  D:00F8H         PUBLIC        RSTFR
  B:0080H.6       PUBLIC        P0_6
  B:0080H.7       PUBLIC        P0_7
  C:2675H         PUBLIC        _ht1621_sendbit_low
  D:0098H         PUBLIC        SCON
  D:0088H         PUBLIC        TCON
  D:00B8H         PUBLIC        IE1
  D:00D8H         PUBLIC        IE2
  C:296EH         PUBLIC        _ht1621_send_cmd
  C:278EH         PUBLIC        _ht1621_write_byte
  C:2953H         PUBLIC        ht1621_init_pin
  C:2636H         PUBLIC        _ht1621_sendbit_hight
  C:2A66H         PUBLIC        release_ht1621b_pin
  D:00D0H         PUBLIC        PSW
  -------         PROC          HT1621_INIT_PIN
  C:2953H         LINE#         6
  C:2953H         LINE#         7
  C:2953H         LINE#         8
  C:2959H         LINE#         9
  C:295DH         LINE#         10
  C:2961H         LINE#         11
  C:2965H         LINE#         13
  C:2967H         LINE#         14
  C:2969H         LINE#         15
  C:296BH         LINE#         16
  C:296DH         LINE#         17
  -------         ENDPROC       HT1621_INIT_PIN
  -------         PROC          _HT1621_SENDBIT_HIGHT
  X:0044H         SYMBOL        dat
  X:0045H         SYMBOL        cnt
  -------         DO            
  X:0046H         SYMBOL        i
  -------         ENDDO         
  C:2636H         LINE#         20
  C:263EH         LINE#         21
  C:263EH         LINE#         22
  C:2641H         LINE#         24
  C:264DH         LINE#         25
  C:264DH         LINE#         26
  C:264FH         LINE#         27
  C:2656H         LINE#         28
  C:265AH         LINE#         30
  C:265CH         LINE#         31
  C:265EH         LINE#         32
  C:2665H         LINE#         33
  C:266CH         LINE#         34
  C:2674H         LINE#         35
  -------         ENDPROC       _HT1621_SENDBIT_HIGHT
  -------         PROC          _HT1621_SENDBIT_LOW
  X:0044H         SYMBOL        dat
  X:0045H         SYMBOL        cnt
  -------         DO            
  X:0046H         SYMBOL        i
BL51 BANKED LINKER/LOCATER V6.22                                                      09/16/2020  15:12:21  PAGE 22


  -------         ENDDO         
  C:2675H         LINE#         37
  C:267DH         LINE#         38
  C:267DH         LINE#         39
  C:2680H         LINE#         41
  C:268CH         LINE#         42
  C:268CH         LINE#         43
  C:268EH         LINE#         44
  C:2695H         LINE#         45
  C:2699H         LINE#         47
  C:269BH         LINE#         48
  C:269DH         LINE#         49
  C:26A4H         LINE#         50
  C:26ABH         LINE#         51
  C:26B3H         LINE#         52
  -------         ENDPROC       _HT1621_SENDBIT_LOW
  -------         PROC          _HT1621_SEND_CMD
  X:0007H         SYMBOL        command
  C:296EH         LINE#         55
  C:2973H         LINE#         56
  C:2973H         LINE#         57
  C:2975H         LINE#         58
  C:297CH         LINE#         59
  C:2986H         LINE#         60
  C:2988H         LINE#         61
  -------         ENDPROC       _HT1621_SEND_CMD
  -------         PROC          _HT1621_WRITE_BYTE
  X:0042H         SYMBOL        addr
  X:0043H         SYMBOL        dat
  C:278EH         LINE#         63
  C:2796H         LINE#         64
  C:2796H         LINE#         65
  C:2798H         LINE#         66
  C:279FH         LINE#         67
  C:27ADH         LINE#         68
  C:27B7H         LINE#         69
  C:27B9H         LINE#         70
  -------         ENDPROC       _HT1621_WRITE_BYTE
  -------         PROC          RELEASE_HT1621B_PIN
  C:2A66H         LINE#         72
  C:2A66H         LINE#         73
  C:2A66H         LINE#         74
  C:2A68H         LINE#         75
  C:2A6AH         LINE#         76
  C:2A6CH         LINE#         77
  C:2A6EH         LINE#         78
  -------         ENDPROC       RELEASE_HT1621B_PIN
  -------         ENDMOD        HT1621B

  -------         MODULE        LCD_DISPLAY
  C:0000H         SYMBOL        _ICE_DUMMY_
  D:0080H         PUBLIC        P0
  D:0090H         PUBLIC        P1
  D:00A0H         PUBLIC        P2
  D:00B0H         PUBLIC        P3
  D:00A8H         PUBLIC        IE
  C:2A33H         PUBLIC        lcd_turn_off_time
BL51 BANKED LINKER/LOCATER V6.22                                                      09/16/2020  15:12:21  PAGE 23


  D:00F8H         PUBLIC        RSTFR
  C:28FBH         PUBLIC        ht1621_all_display
  X:00EBH         PUBLIC        Blink_std
  C:227DH         PUBLIC        _lcd_display_time
  X:00ECH         PUBLIC        cali_display_std
  C:1A21H         PUBLIC        _lcd_display_gap
  C:2919H         PUBLIC        ht1621_all_clear
  D:0098H         PUBLIC        SCON
  D:0088H         PUBLIC        TCON
  C:280BH         PUBLIC        init_lcd_ht1621b
  C:2A86H         PUBLIC        lcd_ht1621b_off
  D:00B8H         PUBLIC        IE1
  D:00D8H         PUBLIC        IE2
  C:2A81H         PUBLIC        lcd_ht1621b_on
  D:00D0H         PUBLIC        PSW
  -------         PROC          LCD_HT1621B_ON
  C:2A81H         LINE#         15
  C:2A81H         LINE#         16
  C:2A81H         LINE#         17
  -------         ENDPROC       LCD_HT1621B_ON
  -------         PROC          LCD_HT1621B_OFF
  C:2A86H         LINE#         20
  C:2A86H         LINE#         21
  C:2A86H         LINE#         22
  -------         ENDPROC       LCD_HT1621B_OFF
  -------         PROC          HT1621_ALL_DISPLAY
  -------         DO            
  X:0000H         SYMBOL        i
  -------         ENDDO         
  C:28FBH         LINE#         25
  C:28FBH         LINE#         26
  C:28FBH         LINE#         27
  C:2900H         LINE#         29
  C:290BH         LINE#         30
  C:290BH         LINE#         31
  C:2910H         LINE#         32
  C:2918H         LINE#         34
  -------         ENDPROC       HT1621_ALL_DISPLAY
  -------         PROC          HT1621_ALL_CLEAR
  -------         DO            
  X:0041H         SYMBOL        i
  -------         ENDDO         
  C:2919H         LINE#         36
  C:2919H         LINE#         37
  C:2919H         LINE#         38
  C:291EH         LINE#         40
  C:2929H         LINE#         41
  C:2929H         LINE#         42
  C:292EH         LINE#         43
  C:2936H         LINE#         45
  -------         ENDPROC       HT1621_ALL_CLEAR
  -------         PROC          INIT_LCD_HT1621B
  C:280BH         LINE#         47
  C:280BH         LINE#         48
  C:280BH         LINE#         49
  C:280EH         LINE#         51
  C:2813H         LINE#         52
BL51 BANKED LINKER/LOCATER V6.22                                                      09/16/2020  15:12:21  PAGE 24


  C:2818H         LINE#         53
  C:281DH         LINE#         54
  C:2822H         LINE#         55
  C:2827H         LINE#         56
  C:282CH         LINE#         57
  C:282FH         LINE#         58
  -------         ENDPROC       INIT_LCD_HT1621B
  -------         PROC          LCD_TURN_OFF_TIME
  C:2A33H         LINE#         61
  C:2A33H         LINE#         62
  C:2A33H         LINE#         63
  C:2A3AH         LINE#         64
  -------         ENDPROC       LCD_TURN_OFF_TIME
  -------         PROC          _LCD_DISPLAY_TIME
  X:0006H         SYMBOL        time_type
  C:227DH         LINE#         110
  C:2282H         LINE#         111
  C:2282H         LINE#         112
  C:2287H         LINE#         113
  C:228EH         LINE#         114
  C:2295H         LINE#         115
  C:22ACH         LINE#         116
  C:22ACH         LINE#         117
  C:22ACH         LINE#         118
  C:22B3H         LINE#         119
  C:22B5H         LINE#         120
  C:22B5H         LINE#         121
  C:22B7H         LINE#         122
  C:22B7H         LINE#         123
  C:22BEH         LINE#         124
  C:22C0H         LINE#         125
  C:22C0H         LINE#         126
  C:22C2H         LINE#         127
  C:22C2H         LINE#         128
  C:22C9H         LINE#         129
  C:22CBH         LINE#         130
  C:22CBH         LINE#         131
  C:22CDH         LINE#         132
  C:22CDH         LINE#         133
  C:22D4H         LINE#         134
  C:22DBH         LINE#         135
  C:22DDH         LINE#         136
  C:22DFH         LINE#         137
  C:22DFH         LINE#         138
  C:22E6H         LINE#         139
  C:22EDH         LINE#         140
  C:22EFH         LINE#         141
  C:22F1H         LINE#         142
  C:22F1H         LINE#         143
  C:22F8H         LINE#         144
  C:22FFH         LINE#         145
  C:2306H         LINE#         146
  C:2306H         LINE#         147
  C:2306H         LINE#         148
  -------         ENDPROC       _LCD_DISPLAY_TIME
  -------         PROC          _LCD_DISPLAY_GAP
  X:0006H         SYMBOL        gap
BL51 BANKED LINKER/LOCATER V6.22                                                      09/16/2020  15:12:21  PAGE 25


  C:1A21H         LINE#         150
  C:1A26H         LINE#         151
  C:1A26H         LINE#         152
  C:1A2BH         LINE#         153
  C:1A32H         LINE#         154
  C:1A39H         LINE#         155
  C:1A41H         LINE#         156
  C:1A41H         LINE#         157
  C:1A47H         LINE#         158
  C:1A47H         LINE#         159
  C:1A49H         LINE#         160
  C:1A49H         LINE#         161
  C:1A49H         LINE#         162
  C:1A4CH         LINE#         164
  C:1A4CH         LINE#         165
  C:1A4CH         LINE#         166
  C:1A4CH         LINE#         167
  C:1A4CH         LINE#         168
  C:1A4CH         LINE#         169
  C:1A4FH         LINE#         170
  C:1A56H         LINE#         171
  C:1A56H         LINE#         172
  C:1A58H         LINE#         173
  C:1A5AH         LINE#         174
  C:1A61H         LINE#         175
  C:1A61H         LINE#         176
  C:1A68H         LINE#         177
  C:1A6AH         LINE#         178
  C:1A6CH         LINE#         179
  C:1A73H         LINE#         180
  C:1A73H         LINE#         181
  C:1A7AH         LINE#         182
  C:1A7CH         LINE#         183
  C:1A7EH         LINE#         184
  C:1A85H         LINE#         185
  C:1A85H         LINE#         186
  C:1A8CH         LINE#         187
  C:1A8EH         LINE#         188
  C:1A90H         LINE#         189
  C:1A97H         LINE#         190
  C:1A97H         LINE#         191
  C:1A9EH         LINE#         192
  C:1AA0H         LINE#         193
  C:1AA2H         LINE#         194
  C:1AA9H         LINE#         195
  C:1AA9H         LINE#         196
  C:1AB0H         LINE#         197
  C:1AB2H         LINE#         198
  C:1AB4H         LINE#         199
  C:1ABBH         LINE#         200
  C:1ABBH         LINE#         201
  C:1ABFH         LINE#         202
  C:1AC1H         LINE#         203
  C:1AC8H         LINE#         204
  C:1AC8H         LINE#         205
  C:1ACFH         LINE#         206
  C:1AD3H         LINE#         207
BL51 BANKED LINKER/LOCATER V6.22                                                      09/16/2020  15:12:21  PAGE 26


  C:1AD5H         LINE#         208
  C:1ADCH         LINE#         209
  C:1ADCH         LINE#         210
  C:1AE3H         LINE#         211
  C:1AE7H         LINE#         212
  C:1AE9H         LINE#         213
  C:1AF0H         LINE#         214
  C:1AF0H         LINE#         215
  C:1AF6H         LINE#         216
  C:1AF6H         LINE#         217
  C:1AFDH         LINE#         218
  C:1B04H         LINE#         219
  C:1B0AH         LINE#         220
  C:1B0BH         LINE#         222
  C:1B0BH         LINE#         223
  C:1B10H         LINE#         224
  C:1B16H         LINE#         225
  C:1B1DH         LINE#         226
  C:1B1DH         LINE#         227
  C:1B1DH         LINE#         229
  -------         ENDPROC       _LCD_DISPLAY_GAP
  -------         ENDMOD        LCD_DISPLAY

  -------         MODULE        UART
  C:0000H         SYMBOL        _ICE_DUMMY_
  D:0080H         PUBLIC        P0
  D:0090H         PUBLIC        P1
  D:00A0H         PUBLIC        P2
  D:00B0H         PUBLIC        P3
  C:2567H         PUBLIC        UART1_Rpt
  D:00A8H         PUBLIC        IE
  C:28DCH         PUBLIC        _producte_send_cmd
  D:00F8H         PUBLIC        RSTFR
  C:2761H         SYMBOL        _producte_com_send_data
  B:0098H.1       PUBLIC        TI
  X:0071H         PUBLIC        usart_rx_cnt
  D:0099H         PUBLIC        SBUF
  C:2A4EH         PUBLIC        _hal_uart_putchar
  D:0098H         PUBLIC        SCON
  D:0088H         PUBLIC        TCON
  X:0072H         PUBLIC        temper_val
  D:00B8H         PUBLIC        IE1
  D:00D8H         PUBLIC        IE2
  B:00A8H.4       PUBLIC        ES1
  D:00CEH         PUBLIC        TH4
  D:00CDH         PUBLIC        TL4
  C:27BAH         PUBLIC        uart_init
  X:0073H         PUBLIC        usart_rx_buffer
  C:2A92H         SYMBOL        _producte_com_send_one_bit
  D:009EH         PUBLIC        SCON2
  D:00CCH         PUBLIC        T4CON
  X:0091H         PUBLIC        usart_rx_flag
  D:00D0H         PUBLIC        PSW
  C:2A7BH         PUBLIC        _putchar
  -------         PROC          UART_INIT
  C:27BAH         LINE#         28
  C:27BAH         LINE#         29
BL51 BANKED LINKER/LOCATER V6.22                                                      09/16/2020  15:12:21  PAGE 27


  C:27BAH         LINE#         31
  C:27C0H         LINE#         32
  C:27C6H         LINE#         33
  C:27CCH         LINE#         34
  C:27D1H         LINE#         48
  C:27D4H         LINE#         49
  C:27D7H         LINE#         50
  C:27DAH         LINE#         51
  C:27DDH         LINE#         52
  C:27E0H         LINE#         53
  C:27E2H         LINE#         55
  -------         ENDPROC       UART_INIT
  -------         PROC          _HAL_UART_PUTCHAR
  D:0007H         SYMBOL        Char
  C:2A4EH         LINE#         59
  C:2A4EH         LINE#         60
  C:2A4EH         LINE#         61
  C:2A50H         LINE#         62
  C:2A52H         LINE#         63
  C:2A55H         LINE#         64
  C:2A57H         LINE#         65
  C:2A59H         LINE#         68
  -------         ENDPROC       _HAL_UART_PUTCHAR
  -------         PROC          _PRODUCTE_COM_SEND_ONE_BIT
  D:0007H         SYMBOL        Data
  C:2A92H         LINE#         75
  C:2A92H         LINE#         76
  C:2A92H         LINE#         77
  -------         ENDPROC       _PRODUCTE_COM_SEND_ONE_BIT
  -------         PROC          _PRODUCTE_COM_SEND_DATA
  X:000DH         SYMBOL        Data
  D:0005H         SYMBOL        len
  -------         DO            
  D:0006H         SYMBOL        i
  -------         ENDDO         
  C:2761H         LINE#         84
  C:276CH         LINE#         85
  C:276CH         LINE#         87
  C:2773H         LINE#         88
  C:2773H         LINE#         89
  C:278AH         LINE#         90
  C:278DH         LINE#         91
  -------         ENDPROC       _PRODUCTE_COM_SEND_DATA
  -------         PROC          _PRODUCTE_SEND_CMD
  D:0007H         SYMBOL        funcode
  D:0005H         SYMBOL        Data
  -------         DO            
  X:0008H         SYMBOL        cmd_t
  -------         ENDDO         
  C:28DCH         LINE#         98
  C:28DCH         LINE#         99
  C:28DCH         LINE#         101
  C:28E2H         LINE#         102
  C:28E5H         LINE#         103
  C:28E8H         LINE#         104
  C:28ECH         LINE#         105
  C:28F0H         LINE#         106
BL51 BANKED LINKER/LOCATER V6.22                                                      09/16/2020  15:12:21  PAGE 28


  -------         ENDPROC       _PRODUCTE_SEND_CMD
  -------         PROC          _PUTCHAR
  D:0006H         SYMBOL        c
  C:2A7BH         LINE#         111
  C:2A7DH         LINE#         112
  C:2A7DH         LINE#         113
  C:2A80H         LINE#         114
  C:2A80H         LINE#         115
  -------         ENDPROC       _PUTCHAR
  -------         PROC          UART1_RPT
  -------         DO            
  D:0007H         SYMBOL        Data
  -------         ENDDO         
  C:2567H         LINE#         118
  C:2574H         LINE#         120
  C:2574H         LINE#         121
  C:2579H         LINE#         122
  C:2579H         LINE#         123
  C:257BH         LINE#         125
  C:257EH         LINE#         127
  C:2588H         LINE#         128
  C:2588H         LINE#         129
  C:2588H         LINE#         130
  C:258CH         LINE#         131
  C:258CH         LINE#         132
  C:2590H         LINE#         133
  C:2596H         LINE#         135
  C:259CH         LINE#         139
  C:259CH         LINE#         140
  C:259EH         LINE#         141
  C:259EH         LINE#         143
  C:25A3H         LINE#         145
  C:25A9H         LINE#         147
  C:25A9H         LINE#         149
  C:25A9H         LINE#         152
  C:25A9H         LINE#         153
  -------         ENDPROC       UART1_RPT
  -------         ENDMOD        UART

  -------         MODULE        KEY
  C:0000H         SYMBOL        _ICE_DUMMY_
  D:0080H         PUBLIC        P0
  D:0090H         PUBLIC        P1
  D:00A0H         PUBLIC        P2
  D:00B0H         PUBLIC        P3
  C:1FE2H         SYMBOL        Calibration_key_driver
  D:00A8H         PUBLIC        IE
  D:00F8H         PUBLIC        RSTFR
  B:00A0H.5       PUBLIC        P2_5
  B:00B0H.5       PUBLIC        P3_5
  B:00A0H.6       PUBLIC        P2_6
  D:0098H         PUBLIC        SCON
  D:0088H         PUBLIC        TCON
  C:1F2BH         SYMBOL        key_driver
  X:00E5H         PUBLIC        calibration_std
  D:00B8H         PUBLIC        IE1
  D:00D8H         PUBLIC        IE2
BL51 BANKED LINKER/LOCATER V6.22                                                      09/16/2020  15:12:21  PAGE 29


  C:2412H         PUBLIC        key_scan
  C:000EH         PUBLIC        key_init
  D:00D0H         PUBLIC        PSW
  -------         PROC          KEY_INIT
  C:000EH         LINE#         7
  C:000EH         LINE#         8
  C:000EH         LINE#         9
  C:0014H         LINE#         10
  C:0018H         LINE#         11
  C:001CH         LINE#         12
  C:0020H         LINE#         13
  -------         ENDPROC       KEY_INIT
  -------         PROC          KEY_DRIVER
  -------         DO            
  X:00DCH         SYMBOL        key_state
  X:00DDH         SYMBOL        key_time
  X:0001H         SYMBOL        key_press
  X:0002H         SYMBOL        key_return
  -------         ENDDO         
  C:1F2BH         LINE#         16
  C:1F2BH         LINE#         17
  C:1F2BH         LINE#         22
  C:1F30H         LINE#         24
  C:1F37H         LINE#         25
  C:1F4EH         LINE#         26
  C:1F4EH         LINE#         27
  C:1F4EH         LINE#         28
  C:1F57H         LINE#         29
  C:1F57H         LINE#         30
  C:1F5DH         LINE#         31
  C:1F62H         LINE#         32
  C:1F62H         LINE#         33
  C:1F64H         LINE#         35
  C:1F64H         LINE#         36
  C:1F6AH         LINE#         37
  C:1F6AH         LINE#         38
  C:1F78H         LINE#         39
  C:1F87H         LINE#         40
  C:1F87H         LINE#         41
  C:1F8DH         LINE#         42
  C:1F8DH         LINE#         43
  C:1F8DH         LINE#         44
  C:1F8FH         LINE#         48
  C:1F8FH         LINE#         49
  C:1F96H         LINE#         50
  C:1F96H         LINE#         51
  C:1F9AH         LINE#         52
  C:1F9AH         LINE#         53
  C:1F9CH         LINE#         55
  C:1F9CH         LINE#         56
  C:1FAAH         LINE#         58
  C:1FB9H         LINE#         59
  C:1FB9H         LINE#         60
  C:1FBFH         LINE#         61
  C:1FC5H         LINE#         62
  C:1FC5H         LINE#         63
  C:1FCCH         LINE#         64
BL51 BANKED LINKER/LOCATER V6.22                                                      09/16/2020  15:12:21  PAGE 30


  C:1FCCH         LINE#         65
  C:1FCEH         LINE#         67
  C:1FCEH         LINE#         68
  C:1FD5H         LINE#         69
  C:1FD5H         LINE#         70
  C:1FD5H         LINE#         71
  C:1FD5H         LINE#         72
  C:1FD7H         LINE#         74
  C:1FD7H         LINE#         75
  C:1FDCH         LINE#         76
  C:1FDCH         LINE#         77
  C:1FDCH         LINE#         79
  C:1FE1H         LINE#         81
  -------         ENDPROC       KEY_DRIVER
  -------         PROC          CALIBRATION_KEY_DRIVER
  -------         DO            
  X:00DFH         SYMBOL        key_state
  X:00E0H         SYMBOL        key_time
  X:0001H         SYMBOL        key_press
  X:0002H         SYMBOL        key_return
  -------         ENDDO         
  C:1FE2H         LINE#         82
  C:1FE2H         LINE#         83
  C:1FE2H         LINE#         88
  C:1FE7H         LINE#         90
  C:1FEEH         LINE#         91
  C:2005H         LINE#         92
  C:2005H         LINE#         93
  C:2005H         LINE#         94
  C:200EH         LINE#         95
  C:200EH         LINE#         96
  C:2014H         LINE#         97
  C:2019H         LINE#         98
  C:2019H         LINE#         99
  C:201BH         LINE#         101
  C:201BH         LINE#         102
  C:2021H         LINE#         103
  C:2021H         LINE#         104
  C:202FH         LINE#         105
  C:203EH         LINE#         106
  C:203EH         LINE#         107
  C:2044H         LINE#         108
  C:2044H         LINE#         109
  C:2044H         LINE#         110
  C:2046H         LINE#         114
  C:2046H         LINE#         115
  C:204DH         LINE#         116
  C:204DH         LINE#         117
  C:2051H         LINE#         118
  C:2051H         LINE#         119
  C:2053H         LINE#         121
  C:2053H         LINE#         122
  C:2061H         LINE#         124
  C:2070H         LINE#         125
  C:2070H         LINE#         126
  C:2076H         LINE#         127
  C:207CH         LINE#         128
BL51 BANKED LINKER/LOCATER V6.22                                                      09/16/2020  15:12:21  PAGE 31


  C:207CH         LINE#         129
  C:2083H         LINE#         130
  C:2083H         LINE#         131
  C:2085H         LINE#         133
  C:2085H         LINE#         134
  C:208CH         LINE#         135
  C:208CH         LINE#         136
  C:208CH         LINE#         137
  C:208CH         LINE#         138
  C:208EH         LINE#         140
  C:208EH         LINE#         141
  C:2093H         LINE#         142
  C:2093H         LINE#         143
  C:2093H         LINE#         145
  C:2098H         LINE#         147
  -------         ENDPROC       CALIBRATION_KEY_DRIVER
  -------         PROC          KEY_SCAN
  -------         DO            
  X:00E2H         SYMBOL        key_up
  X:00E3H         SYMBOL        key_pres_time
  -------         ENDDO         
  C:2412H         LINE#         149
  C:2412H         LINE#         150
  C:2412H         LINE#         155
  C:2418H         LINE#         156
  C:2418H         LINE#         157
  C:241BH         LINE#         158
  C:241BH         LINE#         159
  C:2421H         LINE#         160
  C:2421H         LINE#         161
  C:242DH         LINE#         162
  C:242DH         LINE#         163
  C:2432H         LINE#         164
  C:2436H         LINE#         165
  C:2439H         LINE#         166
  C:243BH         LINE#         168
  C:243BH         LINE#         169
  C:2440H         LINE#         170
  C:2440H         LINE#         171
  C:2442H         LINE#         172
  C:2454H         LINE#         173
  C:2454H         LINE#         174
  C:245AH         LINE#         175
  C:245FH         LINE#         176
  C:2462H         LINE#         177
  C:2465H         LINE#         178
  C:2468H         LINE#         179
  C:246BH         LINE#         180
  C:2471H         LINE#         181
  C:2477H         LINE#         183
  C:2489H         LINE#         184
  C:248DH         LINE#         185
  C:248FH         LINE#         186
  -------         ENDPROC       KEY_SCAN
  -------         ENDMOD        KEY

  -------         MODULE        TIMER
BL51 BANKED LINKER/LOCATER V6.22                                                      09/16/2020  15:12:21  PAGE 32


  C:0000H         SYMBOL        _ICE_DUMMY_
  D:0080H         PUBLIC        P0
  D:0090H         PUBLIC        P1
  D:00A0H         PUBLIC        P2
  D:00B0H         PUBLIC        P3
  C:25B4H         SYMBOL        set_correct_Value
  B:00A8H.7       PUBLIC        EA
  X:00BFH         PUBLIC        correct_time
  X:00C1H         PUBLIC        over_rang_time_std
  D:00A8H         PUBLIC        IE
  D:00F8H         PUBLIC        RSTFR
  C:24FDH         PUBLIC        time_Print
  C:2937H         PUBLIC        _set_time_sec_val
  X:00C2H         PUBLIC        Gap_protect_std
  D:0098H         PUBLIC        SCON
  D:0089H         PUBLIC        TMOD
  D:0088H         PUBLIC        TCON
  X:00C3H         PUBLIC        time_heat
  C:2391H         PUBLIC        _set_correct_time
  D:00B8H         PUBLIC        IE1
  D:00D8H         PUBLIC        IE2
  X:00C5H         PUBLIC        Heat_start_std
  X:00C6H         PUBLIC        one_heat
  B:00A8H.1       PUBLIC        ET0
  X:00C7H         PUBLIC        temp_time
  B:0088H.5       PUBLIC        TF0
  C:1585H         PUBLIC        TIMER0_Rpt
  D:008CH         PUBLIC        TH0
  X:00C9H         PUBLIC        time_sec
  D:008AH         PUBLIC        TL0
  B:0088H.4       PUBLIC        TR0
  X:00CBH         PUBLIC        time_cnt
  X:00CCH         PUBLIC        Open_Heat_Value
  X:00CDH         PUBLIC        cnt_heat_time
  X:00CFH         PUBLIC        exti_cail_cnt
  X:00D1H         PUBLIC        On_stay
  C:26F2H         SYMBOL        set_heat_val
  C:29D3H         PUBLIC        time0_init
  D:00D0H         PUBLIC        PSW
  C:2307H         PUBLIC        set_time_sec
  -------         PROC          _SET_TIME_SEC_VAL
  D:0006H         SYMBOL        sec
  C:2937H         LINE#         21
  C:2937H         LINE#         22
  C:2937H         LINE#         23
  C:293FH         LINE#         24
  C:2942H         LINE#         25
  -------         ENDPROC       _SET_TIME_SEC_VAL
  -------         PROC          _SET_CORRECT_TIME
  D:0007H         SYMBOL        gap
  C:2391H         LINE#         27
  C:2391H         LINE#         28
  C:2391H         LINE#         30
  C:23BCH         LINE#         31
  C:23BCH         LINE#         32
  C:23BCH         LINE#         33
  C:23C5H         LINE#         34
BL51 BANKED LINKER/LOCATER V6.22                                                      09/16/2020  15:12:21  PAGE 33


  C:23C6H         LINE#         35
  C:23C6H         LINE#         36
  C:23C6H         LINE#         37
  C:23C8H         LINE#         38
  C:23C8H         LINE#         39
  C:23D1H         LINE#         40
  C:23D2H         LINE#         41
  C:23D2H         LINE#         42
  C:23DBH         LINE#         43
  C:23DCH         LINE#         44
  C:23DCH         LINE#         45
  C:23E5H         LINE#         46
  C:23E6H         LINE#         47
  C:23E6H         LINE#         48
  C:23F0H         LINE#         49
  C:23F1H         LINE#         50
  C:23F1H         LINE#         51
  C:23FBH         LINE#         52
  C:23FCH         LINE#         53
  C:23FCH         LINE#         54
[...]
  C:15ABH         LINE#         201
  C:15ABH         LINE#         202
  C:15B1H         LINE#         203
  C:15BAH         LINE#         204
  C:15BAH         LINE#         205
  C:15BDH         LINE#         207
  C:15C4H         LINE#         208
  C:15C4H         LINE#         209
  C:15D2H         LINE#         210
  C:15E1H         LINE#         211
  C:15E1H         LINE#         212
  C:15E6H         LINE#         213
  C:15ECH         LINE#         214
  C:15F1H         LINE#         216
  C:15F1H         LINE#         218
  C:15F1H         LINE#         219
  C:1600H         LINE#         220
  C:1600H         LINE#         222
  C:160CH         LINE#         223
  C:1614H         LINE#         224
  C:1614H         LINE#         226
  C:1622H         LINE#         229
  C:1631H         LINE#         230
  C:1631H         LINE#         231
  C:1637H         LINE#         232
  C:163AH         LINE#         233
  C:1640H         LINE#         234
  C:1646H         LINE#         235
  C:1646H         LINE#         236
  C:1646H         LINE#         237
  C:1648H         LINE#         239
  C:1648H         LINE#         240
  C:164EH         LINE#         241
  C:164EH         LINE#         242
  C:1653H         LINE#         243
  C:165AH         LINE#         244
  C:1660H         LINE#         245
  C:1664H         LINE#         246
  C:1668H         LINE#         247
BL51 BANKED LINKER/LOCATER V6.22                                                      09/16/2020  15:12:21  PAGE 36


  C:166BH         LINE#         248
  C:1674H         LINE#         249
  C:1674H         LINE#         250
  C:1674H         LINE#         252
  C:1679H         LINE#         253
  C:1679H         LINE#         254
  C:167BH         LINE#         256
  C:1682H         LINE#         257
  C:1682H         LINE#         258
  C:1697H         LINE#         259
  C:1697H         LINE#         260
  C:169CH         LINE#         261
  C:16A2H         LINE#         262
  C:16A2H         LINE#         263
  C:16A2H         LINE#         264
  -------         ENDPROC       TIMER0_RPT
  -------         PROC          TIME_PRINT
  C:24FDH         LINE#         266
  C:24FDH         LINE#         267
  C:24FDH         LINE#         268
  C:2527H         LINE#         269
  C:2527H         LINE#         270
  C:2527H         LINE#         271
  C:252DH         LINE#         272
  C:252DH         LINE#         273
  C:252FH         LINE#         274
  C:252FH         LINE#         275
  C:2535H         LINE#         276
  C:2535H         LINE#         277
  C:2537H         LINE#         278
  C:2537H         LINE#         279
  C:253DH         LINE#         280
  C:253DH         LINE#         281
  C:253FH         LINE#         282
  C:253FH         LINE#         283
  C:2545H         LINE#         284
  C:2545H         LINE#         285
  C:2547H         LINE#         286
  C:2547H         LINE#         287
  C:255FH         LINE#         288
  C:2566H         LINE#         289
  C:2566H         LINE#         290
  C:2566H         LINE#         291
  -------         ENDPROC       TIME_PRINT
  -------         ENDMOD        TIMER

  -------         MODULE        PWM
  C:0000H         SYMBOL        _ICE_DUMMY_
  D:0080H         PUBLIC        P0
  D:0090H         PUBLIC        P1
  D:00A0H         PUBLIC        P2
  D:00B0H         PUBLIC        P3
  C:29A4H         PUBLIC        _set_pwm
  D:00A8H         PUBLIC        IE
  D:00F8H         PUBLIC        RSTFR
  D:0098H         PUBLIC        SCON
  D:0088H         PUBLIC        TCON
BL51 BANKED LINKER/LOCATER V6.22                                                      09/16/2020  15:12:21  PAGE 37


  X:00EDH         PUBLIC        pwm_period
  D:00B8H         PUBLIC        IE1
  D:00D8H         PUBLIC        IE2
  D:00DDH         PUBLIC        PWM3C
  C:287AH         PUBLIC        _pwm_init
  D:00DFH         PUBLIC        PWM3D
  D:00DEH         PUBLIC        PWM3P
  D:00D0H         PUBLIC        PSW
  -------         PROC          _SET_PWM
  D:0007H         SYMBOL        duty
  -------         DO            
  D:0004H         SYMBOL        tep
  -------         ENDDO         
  C:29A4H         LINE#         4
  C:29A4H         LINE#         5
  C:29A4H         LINE#         6
  C:29B9H         LINE#         7
  C:29BBH         LINE#         8
  -------         ENDPROC       _SET_PWM
  -------         PROC          _PWM_INIT
  D:0006H         SYMBOL        hz
  C:287AH         LINE#         10
  C:287AH         LINE#         11
  C:287AH         LINE#         12
  C:2880H         LINE#         13
  C:2885H         LINE#         21
  C:2896H         LINE#         22
  C:2898H         LINE#         24
  C:289BH         LINE#         25
  -------         ENDPROC       _PWM_INIT
  -------         ENDMOD        PWM

  -------         MODULE        ADC
  C:0000H         SYMBOL        _ICE_DUMMY_
  D:0080H         PUBLIC        P0
  D:0090H         PUBLIC        P1
  D:00A0H         PUBLIC        P2
  D:00B0H         PUBLIC        P3
  D:00A8H         PUBLIC        IE
  D:00F8H         PUBLIC        RSTFR
  C:17EFH         PUBLIC        _get_voltage
  D:00B6H         PUBLIC        ADCR
  C:29FFH         PUBLIC        get_adc_val_ch
  D:0098H         PUBLIC        SCON
  D:0088H         PUBLIC        TCON
  D:00B4H         PUBLIC        ADCC0
  D:00B5H         PUBLIC        ADCC1
  D:00B8H         PUBLIC        IE1
  C:2989H         PUBLIC        adc_init
  D:00D8H         PUBLIC        IE2
  C:29E9H         PUBLIC        get_adc_val
  D:00D0H         PUBLIC        PSW
  -------         PROC          ADC_INIT
  C:2989H         LINE#         5
  C:2989H         LINE#         6
  C:2989H         LINE#         7
  C:298FH         LINE#         8
BL51 BANKED LINKER/LOCATER V6.22                                                      09/16/2020  15:12:21  PAGE 38


  C:2993H         LINE#         9
  C:2996H         LINE#         17
  C:299DH         LINE#         20
  C:29A3H         LINE#         21
  -------         ENDPROC       ADC_INIT
  -------         PROC          GET_ADC_VAL
  -------         DO            
  D:0006H         SYMBOL        adc_val
  -------         ENDDO         
  C:29E9H         LINE#         23
  C:29E9H         LINE#         24
  C:29E9H         LINE#         25
  C:29ECH         LINE#         26
  C:29EFH         LINE#         28
  C:29F2H         LINE#         29
  C:29F7H         LINE#         30
  C:29FAH         LINE#         31
  C:29FEH         LINE#         35
  C:29FEH         LINE#         36
  -------         ENDPROC       GET_ADC_VAL
  -------         PROC          GET_ADC_VAL_CH
  -------         DO            
  D:0006H         SYMBOL        adc_val_ch
  -------         ENDDO         
  C:29FFH         LINE#         38
  C:29FFH         LINE#         39
  C:29FFH         LINE#         40
  C:2A02H         LINE#         41
  C:2A05H         LINE#         43
  C:2A08H         LINE#         44
  C:2A0DH         LINE#         45
  C:2A10H         LINE#         46
  C:2A14H         LINE#         49
  C:2A14H         LINE#         50
  -------         ENDPROC       GET_ADC_VAL_CH
  -------         PROC          _GET_VOLTAGE
  X:0006H         SYMBOL        u1_voltage
  X:0009H         SYMBOL        u3_voltage
  -------         DO            
  X:000CH         SYMBOL        temp
  X:0010H         SYMBOL        i
  -------         ENDDO         
  C:17EFH         LINE#         54
  C:17FAH         LINE#         55
  C:17FAH         LINE#         56
  C:1804H         LINE#         57
  C:1809H         LINE#         58
  C:180AH         LINE#         59
  C:180AH         LINE#         60
  C:1830H         LINE#         61
  C:183CH         LINE#         62
  C:1859H         LINE#         63
  C:188BH         LINE#         64
  C:1895H         LINE#         65
  C:189AH         LINE#         66
  C:189AH         LINE#         67
  C:18C0H         LINE#         68
BL51 BANKED LINKER/LOCATER V6.22                                                      09/16/2020  15:12:21  PAGE 39


  C:18CCH         LINE#         69
  C:18E9H         LINE#         70
  -------         ENDPROC       _GET_VOLTAGE
  -------         ENDMOD        ADC

  -------         MODULE        WDT
  C:0000H         SYMBOL        _ICE_DUMMY_
  D:0080H         PUBLIC        P0
  D:0090H         PUBLIC        P1
  D:00A0H         PUBLIC        P2
  D:00B0H         PUBLIC        P3
  D:00A8H         PUBLIC        IE
  D:00F8H         PUBLIC        RSTFR
  D:00BDH         PUBLIC        WDTC
  D:0098H         PUBLIC        SCON
  D:0088H         PUBLIC        TCON
  C:2A8BH         PUBLIC        clear_wdt
  D:00B8H         PUBLIC        IE1
  D:00D8H         PUBLIC        IE2
  C:2A41H         PUBLIC        _wdt_init
  D:00D0H         PUBLIC        PSW
  -------         PROC          _WDT_INIT
  D:0007H         SYMBOL        time
  C:2A41H         LINE#         4
  C:2A41H         LINE#         5
  C:2A41H         LINE#         6
  C:2A44H         LINE#         12
  C:2A4DH         LINE#         14
  -------         ENDPROC       _WDT_INIT
  -------         PROC          CLEAR_WDT
  C:2A8BH         LINE#         16
  C:2A8BH         LINE#         17
  C:2A8BH         LINE#         18
  C:2A8EH         LINE#         19
  -------         ENDPROC       CLEAR_WDT
  -------         ENDMOD        WDT

  -------         MODULE        PID
  C:0000H         SYMBOL        _ICE_DUMMY_
  D:0080H         PUBLIC        P0
  D:0090H         PUBLIC        P1
  D:00A0H         PUBLIC        P2
  D:00B0H         PUBLIC        P3
  D:00A8H         PUBLIC        IE
  D:00F8H         PUBLIC        RSTFR
  X:0092H         PUBLIC        spid
  D:0098H         PUBLIC        SCON
  D:0088H         PUBLIC        TCON
  D:00B8H         PUBLIC        IE1
  D:00D8H         PUBLIC        IE2
  C:2A5AH         SYMBOL        _?ix1000
  C:28BCH         PUBLIC        PID_Init
  X:00AAH         PUBLIC        PID_RunFlag
  C:0E01H         PUBLIC        PID_Operation
  D:00D0H         PUBLIC        PSW
  -------         PROC          PID_INIT
  C:28BCH         LINE#         14
BL51 BANKED LINKER/LOCATER V6.22                                                      09/16/2020  15:12:21  PAGE 40


  C:28BCH         LINE#         15
  C:28BCH         LINE#         16
  C:28C3H         LINE#         17
  C:28C9H         LINE#         18
  C:28CDH         LINE#         20
  C:28D2H         LINE#         21
  C:28D6H         LINE#         22
  C:28DBH         LINE#         23
  -------         ENDPROC       PID_INIT
  -------         PROC          PID_OPERATION
  -------         DO            
  X:00ABH         SYMBOL        temp
  X:00B7H         SYMBOL        PostSum
  X:00BBH         SYMBOL        NegSum
  -------         ENDDO         
  C:0E01H         LINE#         33
  C:0E01H         LINE#         34
  C:0E01H         LINE#         35
  C:0E14H         LINE#         36
  C:0E1EH         LINE#         37
  C:0E28H         LINE#         38
  C:0E41H         LINE#         39
  C:0E41H         LINE#         40
  C:0E50H         LINE#         41
  C:0E50H         LINE#         42
  C:0E50H         LINE#         43
  C:0E53H         LINE#         45
  C:0E53H         LINE#         46
  C:0E5CH         LINE#         47
  C:0E61H         LINE#         49
  C:0E73H         LINE#         50
  C:0E85H         LINE#         51
  C:0E99H         LINE#         53
  C:0EBBH         LINE#         54
  C:0EBBH         LINE#         55
  C:0EE7H         LINE#         56
  C:0EECH         LINE#         57
  C:0EEEH         LINE#         59
  C:0EEEH         LINE#         60
  C:0F19H         LINE#         61
  C:0F1FH         LINE#         62
  C:0F1FH         LINE#         64
  C:0F3CH         LINE#         65
  C:0F76H         LINE#         66
  C:0F76H         LINE#         67
  C:0FBAH         LINE#         68
  C:0FBFH         LINE#         69
  C:0FC1H         LINE#         71
  C:0FC1H         LINE#         72
  C:1018H         LINE#         73
  C:101EH         LINE#         74
  C:101EH         LINE#         76
  C:103EH         LINE#         77
  C:105EH         LINE#         78
  C:107EH         LINE#         81
  C:1084H         LINE#         82
  C:1084H         LINE#         83
BL51 BANKED LINKER/LOCATER V6.22                                                      09/16/2020  15:12:21  PAGE 41


  C:10AFH         LINE#         84
  C:10B1H         LINE#         86
  C:10B1H         LINE#         87
  C:10DFH         LINE#         88
  C:10DFH         LINE#         90
  C:10E5H         LINE#         91
  C:10E5H         LINE#         92
  C:1113H         LINE#         93
  C:1113H         LINE#         96
  C:1119H         LINE#         97
  C:1119H         LINE#         98
  C:1142H         LINE#         99
  C:1144H         LINE#         101
  C:1144H         LINE#         102
  C:1172H         LINE#         103
  C:1172H         LINE#         105
  C:119DH         LINE#         106
  C:11BFH         LINE#         107
  C:11BFH         LINE#         108
  C:11EBH         LINE#         109
  C:1205H         LINE#         110
  C:1205H         LINE#         111
  C:1216H         LINE#         112
  C:1217H         LINE#         114
  C:1217H         LINE#         115
  C:1220H         LINE#         116
  C:1220H         LINE#         117
  C:1221H         LINE#         126
  C:1221H         LINE#         127
  C:1228H         LINE#         128
  C:1228H         LINE#         129
  -------         ENDPROC       PID_OPERATION
  -------         ENDMOD        PID

  -------         MODULE        ?C?FPADD
  C:002DH         PUBLIC        ?C?FPADD
  C:0029H         PUBLIC        ?C?FPSUB
  -------         ENDMOD        ?C?FPADD

  -------         MODULE        ?C?FPMUL
  C:011EH         PUBLIC        ?C?FPMUL
  -------         ENDMOD        ?C?FPMUL

  -------         MODULE        ?C?FPDIV
  C:0227H         PUBLIC        ?C?FPDIV
  -------         ENDMOD        ?C?FPDIV

  -------         MODULE        ?C?FPCMP
  C:02C6H         PUBLIC        ?C?FPCMP
  C:02C4H         PUBLIC        ?C?FPCMP3
  -------         ENDMOD        ?C?FPCMP

  -------         MODULE        ?C?FCAST
  C:0347H         PUBLIC        ?C?FCASTC
  C:0342H         PUBLIC        ?C?FCASTI
  C:033DH         PUBLIC        ?C?FCASTL
  -------         ENDMOD        ?C?FCAST
BL51 BANKED LINKER/LOCATER V6.22                                                      09/16/2020  15:12:21  PAGE 42



  -------         MODULE        PRINTF
  X:0041H         PUBLIC        ?_PRINTF?BYTE
  X:0041H         PUBLIC        ?_SPRINTF?BYTE
  C:09E9H         PUBLIC        _PRINTF
  C:09E3H         PUBLIC        _SPRINTF
  -------         ENDMOD        PRINTF

  -------         MODULE        ?C?FPROUND
  C:03C5H         PUBLIC        ?C?FPROUND
  -------         ENDMOD        ?C?FPROUND

  -------         MODULE        ?C?FPCONVERT
  C:0402H         PUBLIC        ?C?FPCONVERT
  -------         ENDMOD        ?C?FPCONVERT

  -------         MODULE        ?C?FTNPWR
  C:0537H         PUBLIC        ?C?FTNPWR
  -------         ENDMOD        ?C?FTNPWR

  -------         MODULE        ?C?COPY
  C:0647H         PUBLIC        ?C?COPY
  -------         ENDMOD        ?C?COPY

  -------         MODULE        ?C?CLDPTR
  C:066DH         PUBLIC        ?C?CLDPTR
  -------         ENDMOD        ?C?CLDPTR

  -------         MODULE        ?C?CLDOPTR
  C:0686H         PUBLIC        ?C?CLDOPTR
  -------         ENDMOD        ?C?CLDOPTR

  -------         MODULE        ?C?CSTPTR
  C:06B3H         PUBLIC        ?C?CSTPTR
  -------         ENDMOD        ?C?CSTPTR

  -------         MODULE        ?C?UIDIV
  C:06C5H         PUBLIC        ?C?UIDIV
  -------         ENDMOD        ?C?UIDIV

  -------         MODULE        ?C?IILDX
  C:071AH         PUBLIC        ?C?IILDX
  -------         ENDMOD        ?C?IILDX

  -------         MODULE        ?C?ILDIX
  C:0730H         PUBLIC        ?C?ILDIX
  -------         ENDMOD        ?C?ILDIX

  -------         MODULE        ?C?ISTPTR
  C:0746H         PUBLIC        ?C?ISTPTR
  -------         ENDMOD        ?C?ISTPTR

  -------         MODULE        ?C?LMUL
  C:0765H         PUBLIC        ?C?LMUL
  -------         ENDMOD        ?C?LMUL

  -------         MODULE        ?C?ULDIV
BL51 BANKED LINKER/LOCATER V6.22                                                      09/16/2020  15:12:21  PAGE 43


  C:07F0H         PUBLIC        ?C?ULDIV
  -------         ENDMOD        ?C?ULDIV

  -------         MODULE        ?C?LNEG
  C:0882H         PUBLIC        ?C?LNEG
  -------         ENDMOD        ?C?LNEG

  -------         MODULE        ?C?ULCMP
  C:0890H         PUBLIC        ?C?ULCMP
  -------         ENDMOD        ?C?ULCMP

  -------         MODULE        ?C?LSTXDATA
  C:08A1H         PUBLIC        ?C?LSTXDATA
  -------         ENDMOD        ?C?LSTXDATA

  -------         MODULE        ?C?LSTKXDATA
  C:08ADH         PUBLIC        ?C?LSTKXDATA
  -------         ENDMOD        ?C?LSTKXDATA

  -------         MODULE        ?C?PLDIXDATA
  C:08DEH         PUBLIC        ?C?PLDIXDATA
  -------         ENDMOD        ?C?PLDIXDATA

  -------         MODULE        ?C?PSTXDATA
  C:08F5H         PUBLIC        ?C?PSTXDATA
  -------         ENDMOD        ?C?PSTXDATA

  -------         MODULE        ?C?CCASE
  C:08FEH         PUBLIC        ?C?CCASE
  -------         ENDMOD        ?C?CCASE

  -------         MODULE        ?C?ICASE
  C:0924H         PUBLIC        ?C?ICASE
  -------         ENDMOD        ?C?ICASE

  -------         MODULE        ?C?LIMUL
  C:0951H         PUBLIC        ?C?LIMUL
  -------         ENDMOD        ?C?LIMUL

*** WARNING L16: UNCALLED SEGMENT, IGNORED FOR OVERLAY PROCESS
    SEGMENT: ?PR?PROTECT?MAIN

*** WARNING L16: UNCALLED SEGMENT, IGNORED FOR OVERLAY PROCESS
    SEGMENT: ?PR?RELEASE_HT1621B_PIN?HT1621B

*** WARNING L16: UNCALLED SEGMENT, IGNORED FOR OVERLAY PROCESS
    SEGMENT: ?PR?LCD_HT1621B_ON?LCD_DISPLAY

*** WARNING L16: UNCALLED SEGMENT, IGNORED FOR OVERLAY PROCESS
    SEGMENT: ?PR?LCD_HT1621B_OFF?LCD_DISPLAY

*** WARNING L16: UNCALLED SEGMENT, IGNORED FOR OVERLAY PROCESS
    SEGMENT: ?PR?LCD_TURN_OFF_TIME?LCD_DISPLAY

*** WARNING L16: UNCALLED SEGMENT, IGNORED FOR OVERLAY PROCESS
    SEGMENT: ?PR?_SET_TIME_SEC_VAL?TIMER

BL51 BANKED LINKER/LOCATER V6.22                                                      09/16/2020  15:12:21  PAGE 44


*** WARNING L16: UNCALLED SEGMENT, IGNORED FOR OVERLAY PROCESS
    SEGMENT: ?PR?TIME_PRINT?TIMER

*** WARNING L16: UNCALLED SEGMENT, IGNORED FOR OVERLAY PROCESS
    SEGMENT: ?PR?PID_OPERATION?PID

*** WARNING L15: MULTIPLE CALL TO SEGMENT
    SEGMENT: ?PR?PRINTF?PRINTF
    CALLER1: ?C_C51STARTUP
    CALLER2: ?PR?TIMER0_RPT?TIMER

*** WARNING L15: MULTIPLE CALL TO SEGMENT
    SEGMENT: ?PR?HT1621_ALL_CLEAR?LCD_DISPLAY
    CALLER1: ?C_C51STARTUP
    CALLER2: ?PR?TIMER0_RPT?TIMER

*** WARNING L15: MULTIPLE CALL TO SEGMENT
    SEGMENT: ?PR?_HT1621_WRITE_BYTE?HT1621B
    CALLER1: ?C_C51STARTUP
    CALLER2: ?PR?TIMER0_RPT?TIMER

*** WARNING L15: MULTIPLE CALL TO SEGMENT
    SEGMENT: ?PR?_HT1621_SENDBIT_HIGHT?HT1621B
    CALLER1: ?C_C51STARTUP
    CALLER2: ?PR?TIMER0_RPT?TIMER

*** WARNING L15: MULTIPLE CALL TO SEGMENT
    SEGMENT: ?PR?_HT1621_SENDBIT_LOW?HT1621B
    CALLER1: ?C_C51STARTUP
    CALLER2: ?PR?TIMER0_RPT?TIMER

Program Size: data=21.2 xdata=299 code=10899
LINK/LOCATE RUN COMPLETE.  13 WARNING(S),  0 ERROR(S)
