BL51 BANKED LINKER/LOCATER V6.22                                                        09/10/2020  14:09:51  PAGE 1


BL51 BANKED LINKER/LOCATER V6.22, INVOKED BY:
C:\PROGRAM_LIST\KEIL\C51\BIN\BL51.EXE .\output\STARTUP.obj, .\output\main.obj, .\output\flash.obj, .\output\delay.obj, .
>> \output\ht1621b.obj, .\output\lcd_display.obj, .\output\uart.obj, .\output\key.obj, .\output\timer.obj, .\output\pwm.
>> obj, .\output\adc.obj, .\output\wdt.obj, .\output\PID.obj TO .\output\K9029 PRINT (.\Listings\K9029.m51) RAMSIZE (256
>> ) CODE (0X0000-0X3FFF) XDATA (0X0000-0X01FF)


MEMORY MODEL: LARGE WITH FLOATING POINT ARITHMETIC


INPUT MODULES INCLUDED:
  .\output\STARTUP.obj (?C_STARTUP)
  .\output\main.obj (MAIN)
  .\output\flash.obj (FLASH)
  .\output\delay.obj (DELAY)
  .\output\ht1621b.obj (HT1621B)
  .\output\lcd_display.obj (LCD_DISPLAY)
  .\output\uart.obj (UART)
  .\output\key.obj (KEY)
  .\output\timer.obj (TIMER)
  .\output\pwm.obj (PWM)
  .\output\adc.obj (ADC)
  .\output\wdt.obj (WDT)
  .\output\PID.obj (PID)
  C:\PROGRAM_LIST\KEIL\C51\LIB\C51FPL.LIB (?C?FPADD)
  C:\PROGRAM_LIST\KEIL\C51\LIB\C51FPL.LIB (?C?FPMUL)
  C:\PROGRAM_LIST\KEIL\C51\LIB\C51FPL.LIB (?C?FPDIV)
  C:\PROGRAM_LIST\KEIL\C51\LIB\C51FPL.LIB (?C?FPCMP)
  C:\PROGRAM_LIST\KEIL\C51\LIB\C51FPL.LIB (?C?FCAST)
  C:\PROGRAM_LIST\KEIL\C51\LIB\C51FPL.LIB (PRINTF)
  C:\PROGRAM_LIST\KEIL\C51\LIB\C51FPL.LIB (?C?FPGETOPN)
  C:\PROGRAM_LIST\KEIL\C51\LIB\C51FPL.LIB (?C?FPROUND)
  C:\PROGRAM_LIST\KEIL\C51\LIB\C51FPL.LIB (?C?FPCONVERT)
  C:\PROGRAM_LIST\KEIL\C51\LIB\C51FPL.LIB (?C?FTNPWR)
  C:\PROGRAM_LIST\KEIL\C51\LIB\C51L.LIB (?C_INIT)
  C:\PROGRAM_LIST\KEIL\C51\LIB\C51L.LIB (?C?COPY)
  C:\PROGRAM_LIST\KEIL\C51\LIB\C51L.LIB (?C?CLDPTR)
  C:\PROGRAM_LIST\KEIL\C51\LIB\C51L.LIB (?C?CLDOPTR)
  C:\PROGRAM_LIST\KEIL\C51\LIB\C51L.LIB (?C?CSTPTR)
  C:\PROGRAM_LIST\KEIL\C51\LIB\C51L.LIB (?C?UIDIV)
  C:\PROGRAM_LIST\KEIL\C51\LIB\C51L.LIB (?C?IILDX)
  C:\PROGRAM_LIST\KEIL\C51\LIB\C51L.LIB (?C?ILDIX)
  C:\PROGRAM_LIST\KEIL\C51\LIB\C51L.LIB (?C?ISTPTR)
  C:\PROGRAM_LIST\KEIL\C51\LIB\C51L.LIB (?C?LMUL)
  C:\PROGRAM_LIST\KEIL\C51\LIB\C51L.LIB (?C?ULDIV)
  C:\PROGRAM_LIST\KEIL\C51\LIB\C51L.LIB (?C?LNEG)
  C:\PROGRAM_LIST\KEIL\C51\LIB\C51L.LIB (?C?ULCMP)
  C:\PROGRAM_LIST\KEIL\C51\LIB\C51L.LIB (?C?LSTXDATA)
  C:\PROGRAM_LIST\KEIL\C51\LIB\C51L.LIB (?C?LSTKXDATA)
  C:\PROGRAM_LIST\KEIL\C51\LIB\C51L.LIB (?C?PLDIXDATA)
  C:\PROGRAM_LIST\KEIL\C51\LIB\C51L.LIB (?C?PSTXDATA)
  C:\PROGRAM_LIST\KEIL\C51\LIB\C51L.LIB (?C?CCASE)
  C:\PROGRAM_LIST\KEIL\C51\LIB\C51L.LIB (?C?ICASE)
  C:\PROGRAM_LIST\KEIL\C51\LIB\C51L.LIB (?C?LIMUL)


LINK MAP OF MODULE:  .\output\K9029 (?C_STARTUP)

BL51 BANKED LINKER/LOCATER V6.22                                                      09/10/2020  14:09:51  PAGE 2



            TYPE    BASE      LENGTH    RELOCATION   SEGMENT NAME
            -----------------------------------------------------

            * * * * * * *   D A T A   M E M O R Y   * * * * * * *
            REG     0000H     0008H     ABSOLUTE     "REG BANK 0"
            DATA    0008H     000AH     UNIT         _DATA_GROUP_
                    0012H     000EH                  *** GAP ***
            BIT     0020H.0   0002H.2   UNIT         _BIT_GROUP_
                    0022H.2   0000H.6                *** GAP ***
            IDATA   0023H     0001H     UNIT         ?STACK

            * * * * * * *  X D A T A   M E M O R Y  * * * * * * *
            XDATA   0000H     0071H     UNIT         _XDATA_GROUP_
            XDATA   0071H     0021H     UNIT         ?XD?UART
            XDATA   0092H     0019H     UNIT         ?XD?PID
            XDATA   00ABH     0014H     UNIT         ?XD?PID_OPERATION?PID
            XDATA   00BFH     0013H     UNIT         ?XD?TIMER
            XDATA   00D2H     000AH     UNIT         ?XD?FLASH
            XDATA   00DCH     000AH     UNIT         ?XD?KEY
            XDATA   00E6H     0005H     UNIT         ?XD?MAIN
            XDATA   00EBH     0002H     UNIT         ?XD?LCD_DISPLAY
            XDATA   00EDH     0001H     UNIT         ?XD?PWM
                    00EEH     FD86H                  *** GAP ***
            XDATA   FE74H     0001H     ABSOLUTE     
            XDATA   FE75H     0001H     ABSOLUTE     
            XDATA   FE76H     0001H     ABSOLUTE     
            XDATA   FE77H     0001H     ABSOLUTE     
                    FE78H     0008H                  *** GAP ***
            XDATA   FE80H     0001H     ABSOLUTE     
                    FE81H     0010H                  *** GAP ***
            XDATA   FE91H     0001H     ABSOLUTE     
            XDATA   FE92H     0001H     ABSOLUTE     
            XDATA   FE93H     0001H     ABSOLUTE     
                    FE94H     0001H                  *** GAP ***
            XDATA   FE95H     0001H     ABSOLUTE     
                    FE96H     0005H                  *** GAP ***
            XDATA   FE9BH     0001H     ABSOLUTE     
                    FE9CH     0004H                  *** GAP ***
            XDATA   FEA0H     0001H     ABSOLUTE     
                    FEA1H     0003H                  *** GAP ***
            XDATA   FEA4H     0001H     ABSOLUTE     
            XDATA   FEA5H     0001H     ABSOLUTE     
                    FEA6H     0004H                  *** GAP ***
            XDATA   FEAAH     0001H     ABSOLUTE     
                    FEABH     0005H                  *** GAP ***
            XDATA   FEB0H     0001H     ABSOLUTE     
                    FEB1H     0003H                  *** GAP ***
            XDATA   FEB4H     0001H     ABSOLUTE     
                    FEB5H     0005H                  *** GAP ***
            XDATA   FEBAH     0001H     ABSOLUTE     
                    FEBBH     0002H                  *** GAP ***
            XDATA   FEBDH     0001H     ABSOLUTE     
            XDATA   FEBEH     0001H     ABSOLUTE     
                    FEBFH     0041H                  *** GAP ***
            XDATA   FF00H     0001H     ABSOLUTE     
            XDATA   FF01H     0001H     ABSOLUTE     
BL51 BANKED LINKER/LOCATER V6.22                                                      09/10/2020  14:09:51  PAGE 3


            XDATA   FF02H     0001H     ABSOLUTE     
            XDATA   FF03H     0001H     ABSOLUTE     
            XDATA   FF04H     0001H     ABSOLUTE     
            XDATA   FF05H     0001H     ABSOLUTE     
            XDATA   FF06H     0001H     ABSOLUTE     
            XDATA   FF07H     0001H     ABSOLUTE     
            XDATA   FF08H     0001H     ABSOLUTE     
            XDATA   FF09H     0001H     ABSOLUTE     
            XDATA   FF0AH     0001H     ABSOLUTE     
            XDATA   FF0BH     0001H     ABSOLUTE     
            XDATA   FF0CH     0001H     ABSOLUTE     
            XDATA   FF0DH     0001H     ABSOLUTE     
            XDATA   FF0EH     0001H     ABSOLUTE     
            XDATA   FF0FH     0001H     ABSOLUTE     
            XDATA   FF10H     0001H     ABSOLUTE     
            XDATA   FF11H     0001H     ABSOLUTE     
            XDATA   FF12H     0001H     ABSOLUTE     
            XDATA   FF13H     0001H     ABSOLUTE     
            XDATA   FF14H     0001H     ABSOLUTE     
            XDATA   FF15H     0001H     ABSOLUTE     
            XDATA   FF16H     0001H     ABSOLUTE     
            XDATA   FF17H     0001H     ABSOLUTE     
                    FF18H     0004H                  *** GAP ***
            XDATA   FF1CH     0001H     ABSOLUTE     
            XDATA   FF1DH     0001H     ABSOLUTE     
                    FF1EH     0062H                  *** GAP ***
            XDATA   FF80H     0001H     ABSOLUTE     
            XDATA   FF81H     0001H     ABSOLUTE     
                    FF82H     0001H                  *** GAP ***
            XDATA   FF83H     0001H     ABSOLUTE     
            XDATA   FF84H     0001H     ABSOLUTE     
                    FF85H     000AH                  *** GAP ***
            XDATA   FF8FH     0001H     ABSOLUTE     
            XDATA   FF90H     0001H     ABSOLUTE     
            XDATA   FF91H     0001H     ABSOLUTE     
                    FF92H     000AH                  *** GAP ***
            XDATA   FF9CH     0001H     ABSOLUTE     
                    FF9DH     0003H                  *** GAP ***
            XDATA   FFA0H     0001H     ABSOLUTE     
            XDATA   FFA1H     0001H     ABSOLUTE     
            XDATA   FFA2H     0001H     ABSOLUTE     
            XDATA   FFA3H     0001H     ABSOLUTE     
            XDATA   FFA4H     0001H     ABSOLUTE     
            XDATA   FFA5H     0001H     ABSOLUTE     
            XDATA   FFA6H     0001H     ABSOLUTE     
            XDATA   FFA7H     0001H     ABSOLUTE     

            * * * * * * *   C O D E   M E M O R Y   * * * * * * *
            CODE    0000H     0003H     ABSOLUTE     
            CODE    0003H     0008H     UNIT         ?PR?_FLASH_READ_ADDR?FLASH
            CODE    000BH     0003H     ABSOLUTE     
            CODE    000EH     0013H     UNIT         ?PR?KEY_INIT?KEY
                    0021H     0002H                  *** GAP ***
            CODE    0023H     0003H     ABSOLUTE     
            CODE    0026H     0958H     UNIT         ?C?LIB_CODE
            CODE    097EH     0483H     UNIT         ?PR?PRINTF?PRINTF
            CODE    0E01H     0428H     UNIT         ?PR?PID_OPERATION?PID
BL51 BANKED LINKER/LOCATER V6.22                                                      09/10/2020  14:09:51  PAGE 4


            CODE    1229H     021DH     UNIT         ?PR?_TEMP_CALC?MAIN
            CODE    1446H     013FH     UNIT         ?PR?FLASH_INIT?FLASH
            CODE    1585H     0138H     UNIT         ?PR?TIMER0_RPT?TIMER
            CODE    16BDH     0132H     UNIT         ?PR?TEMPERATURE_HANDLE?MAIN
            CODE    17EFH     012CH     UNIT         ?PR?_GET_VOLTAGE?ADC
            CODE    191BH     0106H     UNIT         ?CO?FLASH
            CODE    1A21H     00FDH     UNIT         ?PR?_LCD_DISPLAY_GAP?LCD_DISPLAY
            CODE    1B1EH     00F4H     UNIT         ?PR?KEY_HANDLE?MAIN
            CODE    1C12H     00DEH     UNIT         ?CO?TIMER
            CODE    1CF0H     00C9H     UNIT         ?PR?_SET_TEMP?MAIN
            CODE    1DB9H     00BBH     UNIT         ?PR?_CALIBRATION_TEMPERATURE?MAIN
            CODE    1E74H     00B7H     UNIT         ?C_INITSEG
            CODE    1F2BH     00B7H     UNIT         ?PR?KEY_DRIVER?KEY
            CODE    1FE2H     00B7H     UNIT         ?PR?CALIBRATION_KEY_DRIVER?KEY
            CODE    2099H     00B3H     UNIT         ?CO?MAIN
            CODE    214CH     00A5H     UNIT         ?PR?MAIN?MAIN
            CODE    21F1H     008CH     UNIT         ?C_C51STARTUP
            CODE    227DH     008CH     UNIT         ?PR?_SET_CORRECT_TIME?TIMER
            CODE    2309H     008AH     UNIT         ?PR?_LCD_DISPLAY_TIME?LCD_DISPLAY
            CODE    2393H     008AH     UNIT         ?PR?SET_TIME_SEC?TIMER
            CODE    241DH     007EH     UNIT         ?PR?KEY_SCAN?KEY
            CODE    249BH     006DH     UNIT         ?PR?_FLASH_WRITEARR?FLASH
            CODE    2508H     006AH     UNIT         ?PR?TIME_PRINT?TIMER
            CODE    2572H     004DH     UNIT         ?PR?UART1_RPT?UART
            CODE    25BFH     0042H     UNIT         ?PR?SET_CORRECT_VALUE?TIMER
            CODE    2601H     0040H     UNIT         ?PR?_FLASH_READARR?FLASH
            CODE    2641H     003FH     UNIT         ?PR?_HT1621_SENDBIT_HIGHT?HT1621B
            CODE    2680H     003FH     UNIT         ?PR?_HT1621_SENDBIT_LOW?HT1621B
            CODE    26BFH     003EH     UNIT         ?PR?_CONTROLL_HEAT?MAIN
            CODE    26FDH     003CH     UNIT         ?PR?SET_HEAT_VAL?TIMER
            CODE    2739H     0033H     UNIT         ?PR?CHECK_FLASH?FLASH
            CODE    276CH     002DH     UNIT         ?PR?_PRODUCTE_COM_SEND_DATA?UART
            CODE    2799H     002CH     UNIT         ?PR?_HT1621_WRITE_BYTE?HT1621B
            CODE    27C5H     0029H     UNIT         ?PR?UART_INIT?UART
            CODE    27EEH     0028H     UNIT         ?PR?_FLASH_WRITEDATA?FLASH
            CODE    2816H     0027H     UNIT         ?PR?INIT_LCD_HT1621B?LCD_DISPLAY
            CODE    283DH     0026H     UNIT         ?PR?FLAH_SAVE_DATA?FLASH
            CODE    2863H     0022H     UNIT         ?PR?_FLASH_ERASEBLOCK?FLASH
            CODE    2885H     0022H     UNIT         ?PR?_PWM_INIT?PWM
            CODE    28A7H     0020H     UNIT         ?PR?PROTECT?MAIN
            CODE    28C7H     0020H     UNIT         ?PR?PID_INIT?PID
            CODE    28E7H     001FH     UNIT         ?PR?_PRODUCTE_SEND_CMD?UART
            CODE    2906H     001EH     UNIT         ?PR?HT1621_ALL_DISPLAY?LCD_DISPLAY
            CODE    2924H     001EH     UNIT         ?PR?HT1621_ALL_CLEAR?LCD_DISPLAY
            CODE    2942H     001CH     UNIT         ?PR?_SET_TIME_SEC_VAL?TIMER
            CODE    295EH     001BH     UNIT         ?PR?HT1621_INIT_PIN?HT1621B
            CODE    2979H     001BH     UNIT         ?PR?_HT1621_SEND_CMD?HT1621B
            CODE    2994H     001BH     UNIT         ?PR?ADC_INIT?ADC
            CODE    29AFH     0018H     UNIT         ?PR?_SET_PWM?PWM
            CODE    29C7H     0017H     UNIT         ?PR?_DELAY_MS?DELAY
            CODE    29DEH     0016H     UNIT         ?PR?TIME0_INIT?TIMER
            CODE    29F4H     0016H     UNIT         ?PR?GET_ADC_VAL?ADC
            CODE    2A0AH     0016H     UNIT         ?PR?GET_ADC_VAL_CH?ADC
            CODE    2A20H     0010H     UNIT         ?PR?DEVICE_INIT?MAIN
            CODE    2A30H     000EH     UNIT         ?PR?_DELAY_US?DELAY
            CODE    2A3EH     000EH     UNIT         ?PR?LCD_TURN_OFF_TIME?LCD_DISPLAY
            CODE    2A4CH     000DH     UNIT         ?PR?_WDT_INIT?WDT
BL51 BANKED LINKER/LOCATER V6.22                                                      09/10/2020  14:09:51  PAGE 5


            CODE    2A59H     000CH     UNIT         ?PR?_HAL_UART_PUTCHAR?UART
            CODE    2A65H     000CH     UNIT         ?CO?PID
            CODE    2A71H     0009H     UNIT         ?PR?RELEASE_HT1621B_PIN?HT1621B
            CODE    2A7AH     0006H     UNIT         ?PR?GET_DEVICE_STATE?FLASH
            CODE    2A80H     0006H     UNIT         ?PR?_SET_DEVICE_STATE?FLASH
            CODE    2A86H     0006H     UNIT         ?PR?_PUTCHAR?UART
            CODE    2A8CH     0005H     UNIT         ?PR?LCD_HT1621B_ON?LCD_DISPLAY
            CODE    2A91H     0005H     UNIT         ?PR?LCD_HT1621B_OFF?LCD_DISPLAY
            CODE    2A96H     0004H     UNIT         ?PR?CLEAR_WDT?WDT
            CODE    2A9AH     0003H     UNIT         ?PR?_LCD_DELAY_US?DELAY
            CODE    2A9DH     0003H     UNIT         ?PR?_PRODUCTE_COM_SEND_ONE_BIT?UART



OVERLAY MAP OF MODULE:   .\output\K9029 (?C_STARTUP)


SEGMENT                                        BIT_GROUP          DATA_GROUP          XDATA_GROUP
  +--> CALLED SEGMENT                       START    LENGTH     START    LENGTH     START    LENGTH
---------------------------------------------------------------------------------------------------
?C_C51STARTUP                               -----    -----      -----    -----      -----    -----
  +--> ?PR?MAIN?MAIN
  +--> ?C_INITSEG

?PR?MAIN?MAIN                               -----    -----      -----    -----      -----    -----
  +--> ?PR?DEVICE_INIT?MAIN
  +--> ?PR?UART_INIT?UART
  +--> ?PR?ADC_INIT?ADC
  +--> ?PR?KEY_INIT?KEY
  +--> ?PR?TIME0_INIT?TIMER
  +--> ?PR?FLASH_INIT?FLASH
  +--> ?PR?_PWM_INIT?PWM
  +--> ?PR?INIT_LCD_HT1621B?LCD_DISPLAY
  +--> ?PR?_DELAY_MS?DELAY
  +--> ?PR?_WDT_INIT?WDT
  +--> ?PR?PID_INIT?PID
  +--> ?PR?_SET_PWM?PWM
  +--> ?CO?MAIN
  +--> ?PR?PRINTF?PRINTF
  +--> ?PR?KEY_HANDLE?MAIN
  +--> ?PR?TEMPERATURE_HANDLE?MAIN
  +--> ?PR?CLEAR_WDT?WDT

?PR?ADC_INIT?ADC                            -----    -----      -----    -----      -----    -----
  +--> ?PR?_DELAY_US?DELAY

?PR?FLASH_INIT?FLASH                        -----    -----      -----    -----      0000H    0001H
  +--> ?PR?CHECK_FLASH?FLASH
  +--> ?CO?FLASH
  +--> ?PR?PRINTF?PRINTF
  +--> ?PR?_FLASH_READARR?FLASH
  +--> ?PR?_FLASH_ERASEBLOCK?FLASH
  +--> ?PR?_FLASH_WRITEARR?FLASH

?PR?CHECK_FLASH?FLASH                       -----    -----      -----    -----      -----    -----
  +--> ?PR?_FLASH_READ_ADDR?FLASH

BL51 BANKED LINKER/LOCATER V6.22                                                      09/10/2020  14:09:51  PAGE 6


?PR?PRINTF?PRINTF                           0021H.1  0001H.1    000DH    0005H      0041H    0030H
  +--> ?PR?_PUTCHAR?UART

?PR?_PUTCHAR?UART                           -----    -----      -----    -----      -----    -----
  +--> ?PR?_HAL_UART_PUTCHAR?UART

?PR?_FLASH_READARR?FLASH                    -----    -----      -----    -----      0008H    0005H

?PR?_FLASH_WRITEARR?FLASH                   -----    -----      -----    -----      0008H    0007H
  +--> ?PR?_FLASH_WRITEDATA?FLASH

?PR?INIT_LCD_HT1621B?LCD_DISPLAY            -----    -----      -----    -----      -----    -----
  +--> ?PR?HT1621_INIT_PIN?HT1621B
  +--> ?PR?_HT1621_SEND_CMD?HT1621B
  +--> ?PR?HT1621_ALL_CLEAR?LCD_DISPLAY
  +--> ?PR?HT1621_ALL_DISPLAY?LCD_DISPLAY

?PR?_HT1621_SEND_CMD?HT1621B                -----    -----      -----    -----      0007H    0001H
  +--> ?PR?_HT1621_SENDBIT_HIGHT?HT1621B

?PR?_HT1621_SENDBIT_HIGHT?HT1621B           -----    -----      -----    -----      0044H    0003H
  +--> ?PR?_LCD_DELAY_US?DELAY

?PR?_LCD_DELAY_US?DELAY                     -----    -----      -----    -----      -----    -----
  +--> ?PR?_DELAY_US?DELAY

?PR?HT1621_ALL_CLEAR?LCD_DISPLAY            -----    -----      -----    -----      0041H    0001H
  +--> ?PR?_HT1621_WRITE_BYTE?HT1621B

?PR?_HT1621_WRITE_BYTE?HT1621B              -----    -----      -----    -----      0042H    0002H
  +--> ?PR?_HT1621_SENDBIT_HIGHT?HT1621B
  +--> ?PR?_HT1621_SENDBIT_LOW?HT1621B

?PR?_HT1621_SENDBIT_LOW?HT1621B             -----    -----      -----    -----      0044H    0003H
  +--> ?PR?_LCD_DELAY_US?DELAY

?PR?HT1621_ALL_DISPLAY?LCD_DISPLAY          -----    -----      -----    -----      0000H    0001H
  +--> ?PR?_HT1621_WRITE_BYTE?HT1621B

?PR?KEY_HANDLE?MAIN                         -----    -----      -----    -----      0000H    0001H
  +--> ?PR?KEY_SCAN?KEY
  +--> ?CO?MAIN
  +--> ?PR?PRINTF?PRINTF
  +--> ?PR?GET_DEVICE_STATE?FLASH
  +--> ?PR?_SET_DEVICE_STATE?FLASH
  +--> ?PR?HT1621_ALL_CLEAR?LCD_DISPLAY
  +--> ?PR?_SET_PWM?PWM
  +--> ?PR?SET_TIME_SEC?TIMER
  +--> ?PR?_SET_CORRECT_TIME?TIMER
  +--> ?PR?_LCD_DISPLAY_GAP?LCD_DISPLAY
  +--> ?PR?_LCD_DISPLAY_TIME?LCD_DISPLAY
  +--> ?PR?FLAH_SAVE_DATA?FLASH

?PR?KEY_SCAN?KEY                            -----    -----      -----    -----      -----    -----
  +--> ?PR?KEY_DRIVER?KEY
  +--> ?PR?CALIBRATION_KEY_DRIVER?KEY
  +--> ?PR?GET_DEVICE_STATE?FLASH
BL51 BANKED LINKER/LOCATER V6.22                                                      09/10/2020  14:09:51  PAGE 7


  +--> ?PR?FLAH_SAVE_DATA?FLASH
  +--> ?PR?_DELAY_MS?DELAY

?PR?KEY_DRIVER?KEY                          -----    -----      -----    -----      0001H    0002H
  +--> ?PR?_DELAY_MS?DELAY

?PR?CALIBRATION_KEY_DRIVER?KEY              -----    -----      -----    -----      0001H    0002H
  +--> ?PR?_DELAY_MS?DELAY

?PR?FLAH_SAVE_DATA?FLASH                    -----    -----      -----    -----      -----    -----
  +--> ?PR?_FLASH_ERASEBLOCK?FLASH
  +--> ?PR?_FLASH_WRITEARR?FLASH
  +--> ?PR?_FLASH_READARR?FLASH

?PR?SET_TIME_SEC?TIMER                      -----    -----      -----    -----      -----    -----
  +--> ?CO?TIMER
  +--> ?PR?PRINTF?PRINTF

?PR?_LCD_DISPLAY_GAP?LCD_DISPLAY            -----    -----      -----    -----      0006H    0001H
  +--> ?PR?_HT1621_SEND_CMD?HT1621B
  +--> ?PR?_HT1621_WRITE_BYTE?HT1621B

?PR?_LCD_DISPLAY_TIME?LCD_DISPLAY           -----    -----      -----    -----      0006H    0001H
  +--> ?PR?_HT1621_SEND_CMD?HT1621B
  +--> ?PR?_HT1621_WRITE_BYTE?HT1621B

?PR?TEMPERATURE_HANDLE?MAIN                 -----    -----      -----    -----      0000H    0006H
  +--> ?PR?_GET_VOLTAGE?ADC
  +--> ?PR?_TEMP_CALC?MAIN
  +--> ?PR?_CALIBRATION_TEMPERATURE?MAIN
  +--> ?CO?MAIN
  +--> ?PR?PRINTF?PRINTF
  +--> ?PR?GET_DEVICE_STATE?FLASH
  +--> ?PR?_LCD_DISPLAY_TIME?LCD_DISPLAY
  +--> ?PR?_LCD_DISPLAY_GAP?LCD_DISPLAY
  +--> ?PR?_SET_TEMP?MAIN
  +--> ?PR?_SET_PWM?PWM
  +--> ?PR?HT1621_ALL_CLEAR?LCD_DISPLAY
  +--> ?PR?_HT1621_SEND_CMD?HT1621B

?PR?_GET_VOLTAGE?ADC                        -----    -----      -----    -----      0006H    000BH
  +--> ?PR?GET_ADC_VAL?ADC
  +--> ?PR?GET_ADC_VAL_CH?ADC

?PR?_TEMP_CALC?MAIN                         -----    -----      -----    -----      0006H    000BH
  +--> ?CO?MAIN
  +--> ?PR?PRINTF?PRINTF

?PR?_CALIBRATION_TEMPERATURE?MAIN           -----    -----      -----    -----      0006H    0002H
  +--> ?PR?_HAL_UART_PUTCHAR?UART
  +--> ?PR?FLAH_SAVE_DATA?FLASH
  +--> ?PR?_PRODUCTE_SEND_CMD?UART

?PR?_PRODUCTE_SEND_CMD?UART                 -----    -----      -----    -----      0008H    0005H
  +--> ?PR?_PRODUCTE_COM_SEND_DATA?UART

?PR?_PRODUCTE_COM_SEND_DATA?UART            -----    -----      -----    -----      000DH    0003H
BL51 BANKED LINKER/LOCATER V6.22                                                      09/10/2020  14:09:51  PAGE 8


  +--> ?PR?_PRODUCTE_COM_SEND_ONE_BIT?UART

?PR?_PRODUCTE_COM_SEND_ONE_BIT?UART         -----    -----      -----    -----      -----    -----
  +--> ?PR?_HAL_UART_PUTCHAR?UART

?PR?_SET_TEMP?MAIN                          -----    -----      -----    -----      0006H    0002H
  +--> ?PR?_CONTROLL_HEAT?MAIN

?PR?_CONTROLL_HEAT?MAIN                     -----    -----      -----    -----      0008H    0004H
  +--> ?PR?_SET_PWM?PWM

*** NEW ROOT ***************************************************

?PR?TIMER0_RPT?TIMER                        -----    -----      -----    -----      -----    -----
  +--> ?PR?GET_DEVICE_STATE?FLASH
  +--> ?PR?SET_HEAT_VAL?TIMER
  +--> ?CO?TIMER
  +--> ?PR?_SET_DEVICE_STATE?FLASH
  +--> ?PR?HT1621_ALL_CLEAR?LCD_DISPLAY
  +--> ?PR?PRINTF?PRINTF

?PR?SET_HEAT_VAL?TIMER                      -----    -----      -----    -----      -----    -----
  +--> ?CO?TIMER
  +--> ?PR?PRINTF?PRINTF
  +--> ?PR?SET_CORRECT_VALUE?TIMER



SYMBOL TABLE OF MODULE:  .\output\K9029 (?C_STARTUP)

  VALUE           TYPE          NAME
  ----------------------------------

  -------         MODULE        ?C_STARTUP
  C:21F1H         SEGMENT       ?C_C51STARTUP
  I:0023H         SEGMENT       ?STACK
  C:0000H         PUBLIC        ?C_STARTUP
  D:00E0H         SYMBOL        ACC
  D:00F0H         SYMBOL        B
  D:0083H         SYMBOL        DPH
  D:0082H         SYMBOL        DPL
  N:0000H         SYMBOL        IBPSTACK
  N:0100H         SYMBOL        IBPSTACKTOP
  N:0080H         SYMBOL        IDATALEN
  C:21F4H         SYMBOL        IDATALOOP
  N:0000H         SYMBOL        PBPSTACK
  N:0100H         SYMBOL        PBPSTACKTOP
  N:0000H         SYMBOL        PDATALEN
  N:0000H         SYMBOL        PDATASTART
  N:0000H         SYMBOL        PPAGE
  N:0000H         SYMBOL        PPAGEENABLE
  D:00A0H         SYMBOL        PPAGE_SFR
  D:0081H         SYMBOL        SP
  C:21F1H         SYMBOL        STARTUP1
  N:0000H         SYMBOL        XBPSTACK
  N:0000H         SYMBOL        XBPSTACKTOP
  N:0000H         SYMBOL        XDATALEN
BL51 BANKED LINKER/LOCATER V6.22                                                      09/10/2020  14:09:51  PAGE 9


  N:0000H         SYMBOL        XDATASTART
  C:0000H         LINE#         126
  C:21F1H         LINE#         133
  C:21F3H         LINE#         134
  C:21F4H         LINE#         135
  C:21F5H         LINE#         136
  C:21F7H         LINE#         185
  C:21FAH         LINE#         196
  -------         ENDMOD        ?C_STARTUP

  -------         MODULE        MAIN
  C:0000H         SYMBOL        _ICE_DUMMY_
  X:FF08H         PUBLIC        P1M0
  X:FF01H         PUBLIC        P0M1
  X:FF10H         PUBLIC        P2M0
  X:FF09H         PUBLIC        P1M1
  X:FF02H         PUBLIC        P0M2
  D:0080H         PUBLIC        P0
  X:FF11H         PUBLIC        P2M1
  X:FF0AH         PUBLIC        P1M2
  X:FF03H         PUBLIC        P0M3
  D:0090H         PUBLIC        P1
  X:FF12H         PUBLIC        P2M2
  X:FF0BH         PUBLIC        P1M3
  X:FF04H         PUBLIC        P0M4
  D:00A0H         PUBLIC        P2
  X:FF13H         PUBLIC        P2M3
  X:FF0CH         PUBLIC        P1M4
  X:FF05H         PUBLIC        P0M5
  D:00B0H         PUBLIC        P3
  X:FF14H         PUBLIC        P2M4
  X:FF0DH         PUBLIC        P1M5
  X:FF06H         PUBLIC        P0M6
  X:FF1CH         PUBLIC        P3M4
  X:FF15H         PUBLIC        P2M5
  X:FF0EH         PUBLIC        P1M6
  X:FF07H         PUBLIC        P0M7
  X:FF1DH         PUBLIC        P3M5
  X:FF16H         PUBLIC        P2M6
  X:FF0FH         PUBLIC        P1M7
  B:00A8H.7       PUBLIC        EA
  C:16BDH         PUBLIC        temperature_handle
  X:FF17H         PUBLIC        P2M7
  X:FEBDH         PUBLIC        TRMEN
  C:2A20H         PUBLIC        device_init
  X:FE75H         PUBLIC        CTKVS
  D:00A8H         PUBLIC        IE
  D:00F8H         PUBLIC        RSTFR
  X:FF91H         PUBLIC        PWM01_MAP
  X:FFA3H         PUBLIC        SDA_MAP
  C:1B1EH         SYMBOL        key_handle
  X:FFA5H         PUBLIC        SCK_MAP
  X:FFA2H         PUBLIC        SCL_MAP
  C:1CF0H         PUBLIC        _Set_Temp
  C:214CH         PUBLIC        main
  C:1DB9H         PUBLIC        _calibration_temperature
  X:FEA4H         PUBLIC        BORC
BL51 BANKED LINKER/LOCATER V6.22                                                      09/10/2020  14:09:51  PAGE 10


  X:FE77H         PUBLIC        DSCR
  C:1229H         PUBLIC        _temp_calc
  X:FFA1H         PUBLIC        RXD_MAP
  X:FEA5H         PUBLIC        BORDBC
  X:FFA0H         PUBLIC        TXD_MAP
  X:FEBAH         PUBLIC        PINTE2
  D:0098H         PUBLIC        SCON
  D:0088H         PUBLIC        TCON
  C:26BFH         PUBLIC        _Controll_Heat
  X:FE95H         PUBLIC        SPOV_RSTEN
  X:FE74H         PUBLIC        RBCSEL
  X:FE9BH         PUBLIC        ADCC2
  X:FE76H         PUBLIC        CTKCLK
  X:FE91H         PUBLIC        CLKDIV
  D:00B8H         PUBLIC        IE1
  D:00D8H         PUBLIC        IE2
  X:FF80H         PUBLIC        T0_MAP
  X:FF81H         PUBLIC        T1_MAP
  X:FEAAH         PUBLIC        RSTDBC
  X:FF83H         PUBLIC        T3_MAP
  X:FF84H         PUBLIC        T4_MAP
  X:FEA0H         PUBLIC        WDTCCR
  X:FEBEH         PUBLIC        TRMV
  X:00E7H         PUBLIC        fault_std
  X:00E8H         PUBLIC        adc_cnt
  X:FE93H         PUBLIC        CLKOUT
  D:008EH         PUBLIC        CLKSWR
  X:00EAH         PUBLIC        first_heat_std
  X:FF90H         PUBLIC        PWM0_MAP
  C:28A7H         PUBLIC        Protect
  X:FFA4H         PUBLIC        SS_MAP
  X:FE80H         PUBLIC        TCON1
  X:FF9CH         PUBLIC        PWM3_MAP
  X:FF8FH         PUBLIC        CLKO_MAP
  X:FE92H         PUBLIC        FREQ_CLK
  X:FEB0H         PUBLIC        PITS0
  X:FEB4H         PUBLIC        PITS4
  X:FFA7H         PUBLIC        MISO_MAP
  X:FFA6H         PUBLIC        MOSI_MAP
  D:00D0H         PUBLIC        PSW
  X:FF00H         PUBLIC        P0M0
  -------         PROC          DEVICE_INIT
  C:2A20H         LINE#         25
  C:2A20H         LINE#         26
  C:2A20H         LINE#         29
  C:2A23H         LINE#         30
  C:2A29H         LINE#         31
  C:2A2FH         LINE#         32
  -------         ENDPROC       DEVICE_INIT
  -------         PROC          KEY_HANDLE
  -------         DO            
  X:0000H         SYMBOL        key_val
  -------         ENDDO         
  C:1B1EH         LINE#         35
  C:1B1EH         LINE#         36
  C:1B1EH         LINE#         37
  C:1B23H         LINE#         38
BL51 BANKED LINKER/LOCATER V6.22                                                      09/10/2020  14:09:51  PAGE 11


  C:1B29H         LINE#         39
  C:1B29H         LINE#         40
  C:1B31H         LINE#         41
  C:1B33H         LINE#         43
  C:1B33H         LINE#         44
  C:1B38H         LINE#         45
  C:1B38H         LINE#         46
  C:1B46H         LINE#         47
  C:1B46H         LINE#         48
  C:1B4FH         LINE#         50
  C:1B55H         LINE#         51
  C:1B55H         LINE#         53
  C:1B5AH         LINE#         54
  C:1B5DH         LINE#         55
  C:1B62H         LINE#         56
  C:1B62H         LINE#         58
  C:1B62H         LINE#         59
  C:1B67H         LINE#         60
  C:1B6AH         LINE#         62
  C:1B70H         LINE#         63
  C:1B78H         LINE#         64
  C:1B80H         LINE#         65
  C:1B88H         LINE#         67
  C:1B88H         LINE#         68
  C:1B88H         LINE#         69
  C:1B91H         LINE#         70
  C:1B91H         LINE#         74
  C:1B99H         LINE#         75
  C:1B99H         LINE#         77
  C:1BA2H         LINE#         78
  C:1BABH         LINE#         79
  C:1BABH         LINE#         80
  C:1BAEH         LINE#         82
  C:1BB0H         LINE#         84
  C:1BB0H         LINE#         85
  C:1BB6H         LINE#         86
  C:1BB6H         LINE#         87
  C:1BC0H         LINE#         88
  C:1BC0H         LINE#         89
  C:1BC5H         LINE#         90
  C:1BC5H         LINE#         91
  C:1BC8H         LINE#         92
  C:1BCAH         LINE#         93
  C:1BD0H         LINE#         94
  C:1BD0H         LINE#         95
  C:1BD6H         LINE#         96
  C:1BD6H         LINE#         97
  C:1BD6H         LINE#         99
  C:1BDCH         LINE#         100
  C:1BDFH         LINE#         101
  C:1BE7H         LINE#         103
  C:1BE7H         LINE#         104
  C:1BE9H         LINE#         105
  C:1BF0H         LINE#         106
  C:1BF0H         LINE#         108
  C:1BF9H         LINE#         109
  C:1BF9H         LINE#         110
BL51 BANKED LINKER/LOCATER V6.22                                                      09/10/2020  14:09:51  PAGE 12


  C:1BFCH         LINE#         111
  C:1BFEH         LINE#         113
  C:1BFEH         LINE#         114
  C:1C03H         LINE#         115
  C:1C03H         LINE#         118
  C:1C0BH         LINE#         119
  C:1C0EH         LINE#         120
  C:1C11H         LINE#         121
  C:1C11H         LINE#         122
  C:1C11H         LINE#         123
  -------         ENDPROC       KEY_HANDLE
  -------         PROC          _CALIBRATION_TEMPERATURE
  X:0006H         SYMBOL        temper
  -------         DO            
  D:0007H         SYMBOL        temp1
  -------         ENDDO         
  C:1DB9H         LINE#         126
  C:1DC1H         LINE#         127
  C:1DC1H         LINE#         128
  C:1DC1H         LINE#         129
  C:1DD1H         LINE#         130
  C:1DD1H         LINE#         131
  C:1DD7H         LINE#         132
  C:1DDCH         LINE#         133
  C:1DE1H         LINE#         135
  C:1DEBH         LINE#         136
  C:1DEBH         LINE#         137
  C:1DF0H         LINE#         138
  C:1DF0H         LINE#         139
  C:1DF6H         LINE#         140
  C:1DFAH         LINE#         141
  C:1DFCH         LINE#         143
  C:1DFCH         LINE#         144
  C:1E09H         LINE#         146
  C:1E0CH         LINE#         147
  C:1E12H         LINE#         148
  C:1E12H         LINE#         149
  C:1E22H         LINE#         150
  C:1E22H         LINE#         151
  C:1E27H         LINE#         152
  C:1E29H         LINE#         153
  C:1E29H         LINE#         154
  C:1E2CH         LINE#         155
  C:1E33H         LINE#         156
  C:1E33H         LINE#         157
  C:1E33H         LINE#         158
  C:1E3BH         LINE#         159
  C:1E3BH         LINE#         160
  C:1E4FH         LINE#         161
  C:1E4FH         LINE#         162
  C:1E53H         LINE#         163
  C:1E53H         LINE#         164
  C:1E6BH         LINE#         165
  C:1E6BH         LINE#         166
  C:1E73H         LINE#         168
  -------         ENDPROC       _CALIBRATION_TEMPERATURE
  -------         PROC          _TEMP_CALC
BL51 BANKED LINKER/LOCATER V6.22                                                      09/10/2020  14:09:51  PAGE 13


  X:0006H         SYMBOL        uR510
  X:0008H         SYMBOL        uRw
  -------         DO            
  X:000AH         SYMBOL        i
  X:000BH         SYMBOL        basi_tmp
  X:000CH         SYMBOL        k
  X:000DH         SYMBOL        u1
  -------         ENDDO         
  C:1229H         LINE#         172
  C:123BH         LINE#         173
  C:123BH         LINE#         174
  C:1240H         LINE#         175
  C:1244H         LINE#         176
  C:1248H         LINE#         177
  C:1250H         LINE#         179
  C:126FH         LINE#         180
  C:126FH         LINE#         181
  C:1272H         LINE#         182
  C:1272H         LINE#         185
  C:12EAH         LINE#         186
  C:1302H         LINE#         187
  C:1302H         LINE#         188
  C:1307H         LINE#         189
  C:1307H         LINE#         190
  C:1324H         LINE#         191
  C:1341H         LINE#         192
  C:135BH         LINE#         193
  C:135BH         LINE#         194
  C:135FH         LINE#         195
  C:135FH         LINE#         197
  C:137EH         LINE#         199
  C:13A4H         LINE#         200
  C:13A4H         LINE#         201
  C:13A4H         LINE#         202
  C:13A4H         LINE#         203
  C:13C3H         LINE#         204
  C:13C9H         LINE#         205
  C:13E5H         LINE#         206
  C:13E5H         LINE#         207
  C:13E5H         LINE#         208
  C:13E5H         LINE#         212
  C:13EEH         LINE#         214
  C:13F0H         LINE#         216
  C:13F0H         LINE#         217
  C:13F0H         LINE#         218
  C:13F0H         LINE#         219
  C:140FH         LINE#         220
  C:1415H         LINE#         221
  C:142FH         LINE#         222
  C:142FH         LINE#         223
  C:142FH         LINE#         224
  C:142FH         LINE#         229
  C:143EH         LINE#         232
  C:143EH         LINE#         235
  C:1445H         LINE#         236
  -------         ENDPROC       _TEMP_CALC
  -------         PROC          TEMPERATURE_HANDLE
BL51 BANKED LINKER/LOCATER V6.22                                                      09/10/2020  14:09:51  PAGE 14


  -------         DO            
  X:0000H         SYMBOL        temp
  X:0002H         SYMBOL        adc_val1
  X:0004H         SYMBOL        adc_val3
  X:00E6H         SYMBOL        error_std
  -------         ENDDO         
  C:16BDH         LINE#         240
  C:16BDH         LINE#         241
  C:16BDH         LINE#         242
  C:16C4H         LINE#         243
  C:16CCH         LINE#         245
  C:16DAH         LINE#         247
  C:16ECH         LINE#         248
  C:16ECH         LINE#         249
  C:16F0H         LINE#         250
  C:1706H         LINE#         253
  C:171FH         LINE#         255
  C:172AH         LINE#         256
  C:173BH         LINE#         258
  C:174DH         LINE#         259
  C:174DH         LINE#         260
  C:1753H         LINE#         261
  C:1753H         LINE#         262
  C:175AH         LINE#         263
  C:175AH         LINE#         264
  C:175CH         LINE#         265
  C:1770H         LINE#         266
  C:1770H         LINE#         267
  C:1770H         LINE#         268
  C:1770H         LINE#         269
  C:1772H         LINE#         271
  C:1772H         LINE#         272
  C:1773H         LINE#         273
  C:1778H         LINE#         274
  C:177CH         LINE#         275
  C:177CH         LINE#         276
  C:177CH         LINE#         278
  C:1784H         LINE#         279
  C:178CH         LINE#         280
  C:1797H         LINE#         281
  C:1799H         LINE#         283
  C:1799H         LINE#         284
  C:17A0H         LINE#         285
  C:17A0H         LINE#         286
  C:17A5H         LINE#         287
  C:17A8H         LINE#         288
  C:17B0H         LINE#         289
  C:17B6H         LINE#         290
  C:17B8H         LINE#         292
  C:17B8H         LINE#         293
  C:17BDH         LINE#         294
  C:17C2H         LINE#         295
  C:17C7H         LINE#         296
  C:17C7H         LINE#         297
  C:17C7H         LINE#         298
  C:17CCH         LINE#         299
  C:17CDH         LINE#         301
BL51 BANKED LINKER/LOCATER V6.22                                                      09/10/2020  14:09:51  PAGE 15


  C:17CDH         LINE#         302
  C:17D2H         LINE#         303
  C:17D6H         LINE#         304
  C:17D9H         LINE#         305
  C:17DEH         LINE#         306
  C:17E4H         LINE#         307
  C:17E8H         LINE#         308
  C:17EEH         LINE#         309
  C:17EEH         LINE#         311
  C:17EEH         LINE#         314
  -------         ENDPROC       TEMPERATURE_HANDLE
  -------         PROC          MAIN
  C:214CH         LINE#         319
  C:214CH         LINE#         320
  C:214CH         LINE#         321
  C:214FH         LINE#         323
  C:2152H         LINE#         324
  C:2155H         LINE#         325
  C:2157H         LINE#         326
  C:215AH         LINE#         327
  C:215DH         LINE#         328
  C:2160H         LINE#         329
  C:2167H         LINE#         330
  C:216AH         LINE#         331
  C:2171H         LINE#         332
  C:2176H         LINE#         333
  C:2179H         LINE#         334
  C:217EH         LINE#         335
  C:2187H         LINE#         336
  C:219AH         LINE#         337
  C:21B1H         LINE#         338
  C:21C7H         LINE#         339
  C:21DDH         LINE#         340
  C:21E6H         LINE#         342
  C:21E6H         LINE#         343
  C:21E6H         LINE#         344
  C:21E9H         LINE#         345
  C:21ECH         LINE#         348
  C:21EFH         LINE#         350
  -------         ENDPROC       MAIN
  -------         PROC          _CONTROLL_HEAT
  X:0008H         SYMBOL        temp_set
  X:000AH         SYMBOL        temp_now
  C:26BFH         LINE#         354
  C:26CDH         LINE#         355
  C:26CDH         LINE#         357
  C:26D3H         LINE#         358
  C:26D3H         LINE#         361
  C:26D5H         LINE#         362
  C:26D7H         LINE#         363
  C:26F7H         LINE#         364
  C:26F7H         LINE#         366
  C:26FCH         LINE#         367
  C:26FCH         LINE#         368
  -------         ENDPROC       _CONTROLL_HEAT
  -------         PROC          _SET_TEMP
  X:0006H         SYMBOL        temp
BL51 BANKED LINKER/LOCATER V6.22                                                      09/10/2020  14:09:51  PAGE 16


  C:1CF0H         LINE#         370
  C:1CF8H         LINE#         371
  C:1CF8H         LINE#         372
  C:1CFFH         LINE#         373
  C:1CFFH         LINE#         375
  C:1D09H         LINE#         376
  C:1D0CH         LINE#         378
  C:1D0CH         LINE#         380
  C:1D3DH         LINE#         381
  C:1D3DH         LINE#         382
  C:1D3DH         LINE#         383
  C:1D47H         LINE#         384
  C:1D49H         LINE#         385
  C:1D49H         LINE#         386
  C:1D53H         LINE#         387
  C:1D55H         LINE#         388
  C:1D55H         LINE#         389
  C:1D5FH         LINE#         390
  C:1D61H         LINE#         391
  C:1D61H         LINE#         392
  C:1D6BH         LINE#         393
  C:1D6DH         LINE#         394
  C:1D6DH         LINE#         395
  C:1D77H         LINE#         396
  C:1D79H         LINE#         397
  C:1D79H         LINE#         398
  C:1D83H         LINE#         399
  C:1D85H         LINE#         400
  C:1D85H         LINE#         401
  C:1D8FH         LINE#         402
  C:1D91H         LINE#         403
  C:1D91H         LINE#         404
  C:1D9BH         LINE#         405
  C:1D9DH         LINE#         406
  C:1D9DH         LINE#         407
  C:1DA7H         LINE#         408
  C:1DA9H         LINE#         409
  C:1DA9H         LINE#         410
  C:1DB8H         LINE#         411
  C:1DB8H         LINE#         413
  C:1DB8H         LINE#         414
  C:1DB8H         LINE#         415
  -------         ENDPROC       _SET_TEMP
  -------         PROC          PROTECT
  C:28A7H         LINE#         420
  C:28A7H         LINE#         421
  C:28A7H         LINE#         422
  C:28AEH         LINE#         423
  C:28AEH         LINE#         424
  C:28B7H         LINE#         425
  C:28B7H         LINE#         426
  C:28BAH         LINE#         427
  C:28BEH         LINE#         428
  C:28C1H         LINE#         429
  C:28C6H         LINE#         430
  C:28C6H         LINE#         431
  C:28C6H         LINE#         432
BL51 BANKED LINKER/LOCATER V6.22                                                      09/10/2020  14:09:51  PAGE 17


  -------         ENDPROC       PROTECT
  -------         ENDMOD        MAIN

  -------         MODULE        FLASH
  C:0000H         SYMBOL        _ICE_DUMMY_
  D:0080H         PUBLIC        P0
  D:0090H         PUBLIC        P1
  D:00A0H         PUBLIC        P2
  D:00B0H         PUBLIC        P3
  B:00A8H.7       PUBLIC        EA
  C:24A7H         PUBLIC        _Flash_WriteArr
  C:0003H         PUBLIC        _flash_read_addr
  D:00A8H         PUBLIC        IE
  D:00FCH         PUBLIC        IAP_CMD
  D:00F8H         PUBLIC        RSTFR
  C:2A7AH         PUBLIC        get_device_state
  X:00D2H         PUBLIC        flash_info
  C:2A80H         PUBLIC        _set_device_state
  C:1446H         PUBLIC        flash_init
  C:283DH         PUBLIC        flah_save_data
  C:2863H         PUBLIC        _Flash_EraseBlock
  D:0098H         PUBLIC        SCON
  D:0088H         PUBLIC        TCON
  D:00B8H         PUBLIC        IE1
  D:00D8H         PUBLIC        IE2
  D:00FBH         PUBLIC        IAP_DATA
  D:00F9H         PUBLIC        IAP_ADDR
  C:27EEH         PUBLIC        _FLASH_WriteData
  C:2739H         SYMBOL        check_flash
  X:00D7H         PUBLIC        flash_check
  C:2601H         PUBLIC        _Flash_ReadArr
  X:00DBH         PUBLIC        device_state
  D:00D0H         PUBLIC        PSW
  -------         PROC          GET_DEVICE_STATE
  C:2A7AH         LINE#         9
  C:2A7AH         LINE#         10
  C:2A7AH         LINE#         11
  C:2A7FH         LINE#         12
  -------         ENDPROC       GET_DEVICE_STATE
  -------         PROC          _SET_DEVICE_STATE
  D:0007H         SYMBOL        state
  C:2A80H         LINE#         14
  C:2A80H         LINE#         15
  C:2A80H         LINE#         16
  C:2A85H         LINE#         17
  -------         ENDPROC       _SET_DEVICE_STATE
  -------         PROC          _FLASH_ERASEBLOCK
  D:0006H         SYMBOL        addr
  C:2863H         LINE#         27
  C:286AH         LINE#         28
  C:286AH         LINE#         29
  C:2870H         LINE#         30
  C:2874H         LINE#         31
  C:287AH         LINE#         32
  C:2880H         LINE#         33
  -------         ENDPROC       _FLASH_ERASEBLOCK
  -------         PROC          _FLASH_WRITEDATA
BL51 BANKED LINKER/LOCATER V6.22                                                      09/10/2020  14:09:51  PAGE 18


  D:0007H         SYMBOL        fuc_SaveData
  D:0004H         SYMBOL        addr
  C:27EEH         LINE#         43
  C:27F5H         LINE#         44
  C:27F5H         LINE#         45
  C:27F7H         LINE#         46
  C:27FDH         LINE#         47
  C:2805H         LINE#         48
  C:280BH         LINE#         49
  C:2811H         LINE#         50
  -------         ENDPROC       _FLASH_WRITEDATA
  -------         PROC          L?0030
  -------         ENDPROC       L?0030
  -------         PROC          _FLASH_WRITEARR
  X:0008H         SYMBOL        fui_Address
  X:000AH         SYMBOL        len
  X:000BH         SYMBOL        fucp_SaveArr
  -------         DO            
  X:000EH         SYMBOL        i
  -------         ENDDO         
  C:24A7H         LINE#         62
  C:24C2H         LINE#         63
  C:24C2H         LINE#         64
  C:24C5H         LINE#         66
  C:24C7H         LINE#         67
  C:24D5H         LINE#         68
  C:24D5H         LINE#         69
  C:24F9H         LINE#         70
  C:2501H         LINE#         71
  C:2503H         LINE#         72
  -------         ENDPROC       _FLASH_WRITEARR
  -------         PROC          _FLASH_READ_ADDR
  D:0082H         SYMBOL        address
  -------         DO            
  D:0007H         SYMBOL        val
  -------         ENDDO         
  C:0003H         LINE#         74
  C:0007H         LINE#         75
  C:0007H         LINE#         76
  C:0008H         LINE#         77
  C:000AH         LINE#         78
  C:000AH         LINE#         79
  -------         ENDPROC       _FLASH_READ_ADDR
  -------         PROC          _FLASH_READARR
  X:0008H         SYMBOL        fui_Address
  D:0005H         SYMBOL        fuc_Length
  X:000AH         SYMBOL        fucp_SaveArr
  C:2601H         LINE#         91
  C:2612H         LINE#         92
  C:2612H         LINE#         93
  C:2618H         LINE#         94
  C:2640H         LINE#         95
  -------         ENDPROC       _FLASH_READARR
  -------         PROC          CHECK_FLASH
  -------         DO            
  D:0005H         SYMBOL        i
  D:0004H         SYMBOL        cnt
BL51 BANKED LINKER/LOCATER V6.22                                                      09/10/2020  14:09:51  PAGE 19


  -------         ENDDO         
  C:2739H         LINE#         97
  C:2739H         LINE#         98
  C:2739H         LINE#         99
  C:273CH         LINE#         101
  C:273CH         LINE#         102
  C:273CH         LINE#         103
  C:2755H         LINE#         104
  C:2755H         LINE#         105
  C:2756H         LINE#         106
  C:2758H         LINE#         107
  C:275BH         LINE#         108
  C:2760H         LINE#         109
  C:2766H         LINE#         110
  C:2769H         LINE#         111
  C:276BH         LINE#         112
  -------         ENDPROC       CHECK_FLASH
  -------         PROC          FLASH_INIT
  -------         DO            
  X:0000H         SYMBOL        init_flag
  -------         ENDDO         
  C:1446H         LINE#         115
  C:1446H         LINE#         116
  C:1446H         LINE#         117
  C:144BH         LINE#         120
  C:1451H         LINE#         122
  C:1457H         LINE#         123
  C:1457H         LINE#         124
  C:145CH         LINE#         125
  C:145EH         LINE#         127
  C:145EH         LINE#         128
  C:1467H         LINE#         129
  C:1476H         LINE#         130
  C:1499H         LINE#         131
  C:14BCH         LINE#         132
  C:14C5H         LINE#         133
  C:14D4H         LINE#         134
  C:14DAH         LINE#         135
  C:14DAH         LINE#         136
  C:14E5H         LINE#         137
  C:14E5H         LINE#         138
  C:14EEH         LINE#         139
  C:14F4H         LINE#         140
  C:14F8H         LINE#         141
  C:14FFH         LINE#         142
  C:150AH         LINE#         143
  C:150DH         LINE#         144
  C:151CH         LINE#         145
  C:1559H         LINE#         146
  C:1562H         LINE#         147
  C:1562H         LINE#         148
  -------         ENDPROC       FLASH_INIT
  -------         PROC          FLAH_SAVE_DATA
  C:283DH         LINE#         152
  C:283DH         LINE#         153
  C:283DH         LINE#         155
  C:2844H         LINE#         156
BL51 BANKED LINKER/LOCATER V6.22                                                      09/10/2020  14:09:51  PAGE 20


  C:2851H         LINE#         157
  C:2854H         LINE#         158
  -------         ENDPROC       FLAH_SAVE_DATA
  -------         ENDMOD        FLASH

  -------         MODULE        DELAY
  C:0000H         SYMBOL        _ICE_DUMMY_
  D:0080H         PUBLIC        P0
  D:0090H         PUBLIC        P1
  D:00A0H         PUBLIC        P2
  D:00B0H         PUBLIC        P3
  D:00A8H         PUBLIC        IE
  D:00F8H         PUBLIC        RSTFR
  D:0098H         PUBLIC        SCON
  D:0088H         PUBLIC        TCON
  D:00B8H         PUBLIC        IE1
  D:00D8H         PUBLIC        IE2
  C:29C7H         PUBLIC        _delay_ms
  C:2A30H         PUBLIC        _delay_us
  C:2A9AH         PUBLIC        _lcd_delay_us
  D:00D0H         PUBLIC        PSW
  -------         PROC          _DELAY_US
  D:0006H         SYMBOL        us
  C:2A30H         LINE#         4
  C:2A30H         LINE#         5
  C:2A30H         LINE#         6
  C:2A39H         LINE#         7
  C:2A39H         LINE#         8
  C:2A3BH         LINE#         9
  C:2A3DH         LINE#         10
  -------         ENDPROC       _DELAY_US
  -------         PROC          _DELAY_MS
  D:0006H         SYMBOL        ms
  -------         DO            
  D:0004H         SYMBOL        i
  -------         ENDDO         
  C:29C7H         LINE#         12
  C:29C7H         LINE#         13
  C:29C7H         LINE#         15
  C:29C7H         LINE#         16
  C:29CBH         LINE#         17
  C:29D4H         LINE#         18
  C:29DDH         LINE#         19
  -------         ENDPROC       _DELAY_MS
  -------         PROC          _LCD_DELAY_US
  D:0006H         SYMBOL        time
  C:2A9AH         LINE#         21
  C:2A9AH         LINE#         22
  C:2A9AH         LINE#         23
  -------         ENDPROC       _LCD_DELAY_US
  -------         ENDMOD        DELAY

  -------         MODULE        HT1621B
  C:0000H         SYMBOL        _ICE_DUMMY_
  D:0080H         PUBLIC        P0
  D:0090H         PUBLIC        P1
  D:00A0H         PUBLIC        P2
BL51 BANKED LINKER/LOCATER V6.22                                                      09/10/2020  14:09:51  PAGE 21


  D:00B0H         PUBLIC        P3
  D:00A8H         PUBLIC        IE
  B:0090H.0       PUBLIC        P1_0
  B:0090H.1       PUBLIC        P1_1
  D:00F8H         PUBLIC        RSTFR
  B:0080H.6       PUBLIC        P0_6
  B:0080H.7       PUBLIC        P0_7
  C:2680H         PUBLIC        _ht1621_sendbit_low
  D:0098H         PUBLIC        SCON
  D:0088H         PUBLIC        TCON
  D:00B8H         PUBLIC        IE1
  D:00D8H         PUBLIC        IE2
  C:2979H         PUBLIC        _ht1621_send_cmd
  C:2799H         PUBLIC        _ht1621_write_byte
  C:295EH         PUBLIC        ht1621_init_pin
  C:2641H         PUBLIC        _ht1621_sendbit_hight
  C:2A71H         PUBLIC        release_ht1621b_pin
  D:00D0H         PUBLIC        PSW
  -------         PROC          HT1621_INIT_PIN
  C:295EH         LINE#         6
  C:295EH         LINE#         7
  C:295EH         LINE#         8
  C:2964H         LINE#         9
  C:2968H         LINE#         10
  C:296CH         LINE#         11
  C:2970H         LINE#         13
  C:2972H         LINE#         14
  C:2974H         LINE#         15
  C:2976H         LINE#         16
  C:2978H         LINE#         17
  -------         ENDPROC       HT1621_INIT_PIN
  -------         PROC          _HT1621_SENDBIT_HIGHT
  X:0044H         SYMBOL        dat
  X:0045H         SYMBOL        cnt
  -------         DO            
  X:0046H         SYMBOL        i
  -------         ENDDO         
  C:2641H         LINE#         20
  C:2649H         LINE#         21
  C:2649H         LINE#         22
  C:264CH         LINE#         24
  C:2658H         LINE#         25
  C:2658H         LINE#         26
  C:265AH         LINE#         27
  C:2661H         LINE#         28
  C:2665H         LINE#         30
  C:2667H         LINE#         31
  C:2669H         LINE#         32
  C:2670H         LINE#         33
  C:2677H         LINE#         34
  C:267FH         LINE#         35
  -------         ENDPROC       _HT1621_SENDBIT_HIGHT
  -------         PROC          _HT1621_SENDBIT_LOW
  X:0044H         SYMBOL        dat
  X:0045H         SYMBOL        cnt
  -------         DO            
  X:0046H         SYMBOL        i
BL51 BANKED LINKER/LOCATER V6.22                                                      09/10/2020  14:09:51  PAGE 22


  -------         ENDDO         
  C:2680H         LINE#         37
  C:2688H         LINE#         38
  C:2688H         LINE#         39
  C:268BH         LINE#         41
  C:2697H         LINE#         42
  C:2697H         LINE#         43
  C:2699H         LINE#         44
  C:26A0H         LINE#         45
  C:26A4H         LINE#         47
  C:26A6H         LINE#         48
  C:26A8H         LINE#         49
  C:26AFH         LINE#         50
  C:26B6H         LINE#         51
  C:26BEH         LINE#         52
  -------         ENDPROC       _HT1621_SENDBIT_LOW
  -------         PROC          _HT1621_SEND_CMD
  X:0007H         SYMBOL        command
  C:2979H         LINE#         55
  C:297EH         LINE#         56
  C:297EH         LINE#         57
  C:2980H         LINE#         58
  C:2987H         LINE#         59
  C:2991H         LINE#         60
  C:2993H         LINE#         61
  -------         ENDPROC       _HT1621_SEND_CMD
  -------         PROC          _HT1621_WRITE_BYTE
  X:0042H         SYMBOL        addr
  X:0043H         SYMBOL        dat
  C:2799H         LINE#         63
  C:27A1H         LINE#         64
  C:27A1H         LINE#         65
  C:27A3H         LINE#         66
  C:27AAH         LINE#         67
  C:27B8H         LINE#         68
  C:27C2H         LINE#         69
  C:27C4H         LINE#         70
  -------         ENDPROC       _HT1621_WRITE_BYTE
  -------         PROC          RELEASE_HT1621B_PIN
  C:2A71H         LINE#         72
  C:2A71H         LINE#         73
  C:2A71H         LINE#         74
  C:2A73H         LINE#         75
  C:2A75H         LINE#         76
  C:2A77H         LINE#         77
  C:2A79H         LINE#         78
  -------         ENDPROC       RELEASE_HT1621B_PIN
  -------         ENDMOD        HT1621B

  -------         MODULE        LCD_DISPLAY
  C:0000H         SYMBOL        _ICE_DUMMY_
  D:0080H         PUBLIC        P0
  D:0090H         PUBLIC        P1
  D:00A0H         PUBLIC        P2
  D:00B0H         PUBLIC        P3
  D:00A8H         PUBLIC        IE
  C:2A3EH         PUBLIC        lcd_turn_off_time
BL51 BANKED LINKER/LOCATER V6.22                                                      09/10/2020  14:09:51  PAGE 23


  D:00F8H         PUBLIC        RSTFR
  C:2906H         PUBLIC        ht1621_all_display
  X:00EBH         PUBLIC        Blink_std
  C:2309H         PUBLIC        _lcd_display_time
  X:00ECH         PUBLIC        cali_display_std
  C:1A21H         PUBLIC        _lcd_display_gap
  C:2924H         PUBLIC        ht1621_all_clear
  D:0098H         PUBLIC        SCON
  D:0088H         PUBLIC        TCON
  C:2816H         PUBLIC        init_lcd_ht1621b
  C:2A91H         PUBLIC        lcd_ht1621b_off
  D:00B8H         PUBLIC        IE1
  D:00D8H         PUBLIC        IE2
  C:2A8CH         PUBLIC        lcd_ht1621b_on
  D:00D0H         PUBLIC        PSW
  -------         PROC          LCD_HT1621B_ON
  C:2A8CH         LINE#         15
  C:2A8CH         LINE#         16
  C:2A8CH         LINE#         17
  -------         ENDPROC       LCD_HT1621B_ON
  -------         PROC          LCD_HT1621B_OFF
  C:2A91H         LINE#         20
  C:2A91H         LINE#         21
  C:2A91H         LINE#         22
  -------         ENDPROC       LCD_HT1621B_OFF
  -------         PROC          HT1621_ALL_DISPLAY
  -------         DO            
  X:0000H         SYMBOL        i
  -------         ENDDO         
  C:2906H         LINE#         25
  C:2906H         LINE#         26
  C:2906H         LINE#         27
  C:290BH         LINE#         29
  C:2916H         LINE#         30
  C:2916H         LINE#         31
  C:291BH         LINE#         32
  C:2923H         LINE#         34
  -------         ENDPROC       HT1621_ALL_DISPLAY
  -------         PROC          HT1621_ALL_CLEAR
  -------         DO            
  X:0041H         SYMBOL        i
  -------         ENDDO         
  C:2924H         LINE#         36
  C:2924H         LINE#         37
  C:2924H         LINE#         38
  C:2929H         LINE#         40
  C:2934H         LINE#         41
  C:2934H         LINE#         42
  C:2939H         LINE#         43
  C:2941H         LINE#         45
  -------         ENDPROC       HT1621_ALL_CLEAR
  -------         PROC          INIT_LCD_HT1621B
  C:2816H         LINE#         47
  C:2816H         LINE#         48
  C:2816H         LINE#         49
  C:2819H         LINE#         51
  C:281EH         LINE#         52
BL51 BANKED LINKER/LOCATER V6.22                                                      09/10/2020  14:09:51  PAGE 24


  C:2823H         LINE#         53
  C:2828H         LINE#         54
  C:282DH         LINE#         55
  C:2832H         LINE#         56
  C:2837H         LINE#         57
  C:283AH         LINE#         58
  -------         ENDPROC       INIT_LCD_HT1621B
  -------         PROC          LCD_TURN_OFF_TIME
  C:2A3EH         LINE#         61
  C:2A3EH         LINE#         62
  C:2A3EH         LINE#         63
  C:2A45H         LINE#         64
  -------         ENDPROC       LCD_TURN_OFF_TIME
  -------         PROC          _LCD_DISPLAY_TIME
  X:0006H         SYMBOL        time_type
  C:2309H         LINE#         110
  C:230EH         LINE#         111
  C:230EH         LINE#         112
  C:2313H         LINE#         113
  C:231AH         LINE#         114
  C:2321H         LINE#         115
  C:2338H         LINE#         116
  C:2338H         LINE#         117
  C:2338H         LINE#         118
  C:233FH         LINE#         119
  C:2341H         LINE#         120
  C:2341H         LINE#         121
  C:2343H         LINE#         122
  C:2343H         LINE#         123
  C:234AH         LINE#         124
  C:234CH         LINE#         125
  C:234CH         LINE#         126
  C:234EH         LINE#         127
  C:234EH         LINE#         128
  C:2355H         LINE#         129
  C:2357H         LINE#         130
  C:2357H         LINE#         131
  C:2359H         LINE#         132
  C:2359H         LINE#         133
  C:2360H         LINE#         134
  C:2367H         LINE#         135
  C:2369H         LINE#         136
  C:236BH         LINE#         137
  C:236BH         LINE#         138
  C:2372H         LINE#         139
  C:2379H         LINE#         140
  C:237BH         LINE#         141
  C:237DH         LINE#         142
  C:237DH         LINE#         143
  C:2384H         LINE#         144
  C:238BH         LINE#         145
  C:2392H         LINE#         146
  C:2392H         LINE#         147
  C:2392H         LINE#         148
  -------         ENDPROC       _LCD_DISPLAY_TIME
  -------         PROC          _LCD_DISPLAY_GAP
  X:0006H         SYMBOL        gap
BL51 BANKED LINKER/LOCATER V6.22                                                      09/10/2020  14:09:51  PAGE 25


  C:1A21H         LINE#         150
  C:1A26H         LINE#         151
  C:1A26H         LINE#         152
  C:1A2BH         LINE#         153
  C:1A32H         LINE#         154
  C:1A39H         LINE#         155
  C:1A41H         LINE#         156
  C:1A41H         LINE#         157
  C:1A47H         LINE#         158
  C:1A47H         LINE#         159
  C:1A49H         LINE#         160
  C:1A49H         LINE#         161
  C:1A49H         LINE#         162
  C:1A4CH         LINE#         164
  C:1A4CH         LINE#         165
  C:1A4CH         LINE#         166
  C:1A4CH         LINE#         167
  C:1A4CH         LINE#         168
  C:1A4CH         LINE#         169
  C:1A4FH         LINE#         170
  C:1A56H         LINE#         171
  C:1A56H         LINE#         172
  C:1A58H         LINE#         173
  C:1A5AH         LINE#         174
  C:1A61H         LINE#         175
  C:1A61H         LINE#         176
  C:1A68H         LINE#         177
  C:1A6AH         LINE#         178
  C:1A6CH         LINE#         179
  C:1A73H         LINE#         180
  C:1A73H         LINE#         181
  C:1A7AH         LINE#         182
  C:1A7CH         LINE#         183
  C:1A7EH         LINE#         184
  C:1A85H         LINE#         185
  C:1A85H         LINE#         186
  C:1A8CH         LINE#         187
  C:1A8EH         LINE#         188
  C:1A90H         LINE#         189
  C:1A97H         LINE#         190
  C:1A97H         LINE#         191
  C:1A9EH         LINE#         192
  C:1AA0H         LINE#         193
  C:1AA2H         LINE#         194
  C:1AA9H         LINE#         195
  C:1AA9H         LINE#         196
  C:1AB0H         LINE#         197
  C:1AB2H         LINE#         198
  C:1AB4H         LINE#         199
  C:1ABBH         LINE#         200
  C:1ABBH         LINE#         201
  C:1ABFH         LINE#         202
  C:1AC1H         LINE#         203
  C:1AC8H         LINE#         204
  C:1AC8H         LINE#         205
  C:1ACFH         LINE#         206
  C:1AD3H         LINE#         207
BL51 BANKED LINKER/LOCATER V6.22                                                      09/10/2020  14:09:51  PAGE 26


  C:1AD5H         LINE#         208
  C:1ADCH         LINE#         209
  C:1ADCH         LINE#         210
  C:1AE3H         LINE#         211
  C:1AE7H         LINE#         212
  C:1AE9H         LINE#         213
  C:1AF0H         LINE#         214
  C:1AF0H         LINE#         215
  C:1AF6H         LINE#         216
  C:1AF6H         LINE#         217
  C:1AFDH         LINE#         218
  C:1B04H         LINE#         219
  C:1B0AH         LINE#         220
  C:1B0BH         LINE#         222
  C:1B0BH         LINE#         223
  C:1B10H         LINE#         224
  C:1B16H         LINE#         225
  C:1B1DH         LINE#         226
  C:1B1DH         LINE#         227
  C:1B1DH         LINE#         229
  -------         ENDPROC       _LCD_DISPLAY_GAP
  -------         ENDMOD        LCD_DISPLAY

  -------         MODULE        UART
  C:0000H         SYMBOL        _ICE_DUMMY_
  D:0080H         PUBLIC        P0
  D:0090H         PUBLIC        P1
  D:00A0H         PUBLIC        P2
  D:00B0H         PUBLIC        P3
  C:2572H         PUBLIC        UART1_Rpt
  D:00A8H         PUBLIC        IE
  C:28E7H         PUBLIC        _producte_send_cmd
  D:00F8H         PUBLIC        RSTFR
  C:276CH         SYMBOL        _producte_com_send_data
  B:0098H.1       PUBLIC        TI
  X:0071H         PUBLIC        usart_rx_cnt
  D:0099H         PUBLIC        SBUF
  C:2A59H         PUBLIC        _hal_uart_putchar
  D:0098H         PUBLIC        SCON
  D:0088H         PUBLIC        TCON
  X:0072H         PUBLIC        temper_val
  D:00B8H         PUBLIC        IE1
  D:00D8H         PUBLIC        IE2
  B:00A8H.4       PUBLIC        ES1
  D:00CEH         PUBLIC        TH4
  D:00CDH         PUBLIC        TL4
  C:27C5H         PUBLIC        uart_init
  X:0073H         PUBLIC        usart_rx_buffer
  C:2A9DH         SYMBOL        _producte_com_send_one_bit
  D:009EH         PUBLIC        SCON2
  D:00CCH         PUBLIC        T4CON
  X:0091H         PUBLIC        usart_rx_flag
  D:00D0H         PUBLIC        PSW
  C:2A86H         PUBLIC        _putchar
  -------         PROC          UART_INIT
  C:27C5H         LINE#         28
  C:27C5H         LINE#         29
BL51 BANKED LINKER/LOCATER V6.22                                                      09/10/2020  14:09:51  PAGE 27


  C:27C5H         LINE#         31
  C:27CBH         LINE#         32
  C:27D1H         LINE#         33
  C:27D7H         LINE#         34
  C:27DCH         LINE#         48
  C:27DFH         LINE#         49
  C:27E2H         LINE#         50
  C:27E5H         LINE#         51
  C:27E8H         LINE#         52
  C:27EBH         LINE#         53
  C:27EDH         LINE#         55
  -------         ENDPROC       UART_INIT
  -------         PROC          _HAL_UART_PUTCHAR
  D:0007H         SYMBOL        Char
  C:2A59H         LINE#         59
  C:2A59H         LINE#         60
  C:2A59H         LINE#         61
  C:2A5BH         LINE#         62
  C:2A5DH         LINE#         63
  C:2A60H         LINE#         64
  C:2A62H         LINE#         65
  C:2A64H         LINE#         68
  -------         ENDPROC       _HAL_UART_PUTCHAR
  -------         PROC          _PRODUCTE_COM_SEND_ONE_BIT
  D:0007H         SYMBOL        Data
  C:2A9DH         LINE#         75
  C:2A9DH         LINE#         76
  C:2A9DH         LINE#         77
  -------         ENDPROC       _PRODUCTE_COM_SEND_ONE_BIT
  -------         PROC          _PRODUCTE_COM_SEND_DATA
  X:000DH         SYMBOL        Data
  D:0005H         SYMBOL        len
  -------         DO            
  D:0006H         SYMBOL        i
  -------         ENDDO         
  C:276CH         LINE#         84
  C:2777H         LINE#         85
  C:2777H         LINE#         87
  C:277EH         LINE#         88
  C:277EH         LINE#         89
  C:2795H         LINE#         90
  C:2798H         LINE#         91
  -------         ENDPROC       _PRODUCTE_COM_SEND_DATA
  -------         PROC          _PRODUCTE_SEND_CMD
  D:0007H         SYMBOL        funcode
  D:0005H         SYMBOL        Data
  -------         DO            
  X:0008H         SYMBOL        cmd_t
  -------         ENDDO         
  C:28E7H         LINE#         98
  C:28E7H         LINE#         99
  C:28E7H         LINE#         101
  C:28EDH         LINE#         102
  C:28F0H         LINE#         103
  C:28F3H         LINE#         104
  C:28F7H         LINE#         105
  C:28FBH         LINE#         106
BL51 BANKED LINKER/LOCATER V6.22                                                      09/10/2020  14:09:51  PAGE 28


  -------         ENDPROC       _PRODUCTE_SEND_CMD
  -------         PROC          _PUTCHAR
  D:0006H         SYMBOL        c
  C:2A86H         LINE#         111
  C:2A88H         LINE#         112
  C:2A88H         LINE#         113
  C:2A8BH         LINE#         114
  C:2A8BH         LINE#         115
  -------         ENDPROC       _PUTCHAR
  -------         PROC          UART1_RPT
  -------         DO            
  D:0007H         SYMBOL        Data
  -------         ENDDO         
  C:2572H         LINE#         118
  C:257FH         LINE#         120
  C:257FH         LINE#         121
  C:2584H         LINE#         122
  C:2584H         LINE#         123
  C:2586H         LINE#         125
  C:2589H         LINE#         127
  C:2593H         LINE#         128
  C:2593H         LINE#         129
  C:2593H         LINE#         130
  C:2597H         LINE#         131
  C:2597H         LINE#         132
  C:259BH         LINE#         133
  C:25A1H         LINE#         135
  C:25A7H         LINE#         139
  C:25A7H         LINE#         140
  C:25A9H         LINE#         141
  C:25A9H         LINE#         143
  C:25AEH         LINE#         145
  C:25B4H         LINE#         147
  C:25B4H         LINE#         149
  C:25B4H         LINE#         152
  C:25B4H         LINE#         153
  -------         ENDPROC       UART1_RPT
  -------         ENDMOD        UART

  -------         MODULE        KEY
  C:0000H         SYMBOL        _ICE_DUMMY_
  D:0080H         PUBLIC        P0
  D:0090H         PUBLIC        P1
  D:00A0H         PUBLIC        P2
  D:00B0H         PUBLIC        P3
  C:1FE2H         SYMBOL        Calibration_key_driver
  D:00A8H         PUBLIC        IE
  D:00F8H         PUBLIC        RSTFR
  B:00A0H.5       PUBLIC        P2_5
  B:00B0H.5       PUBLIC        P3_5
  B:00A0H.6       PUBLIC        P2_6
  D:0098H         PUBLIC        SCON
  D:0088H         PUBLIC        TCON
  C:1F2BH         SYMBOL        key_driver
  X:00E5H         PUBLIC        calibration_std
  D:00B8H         PUBLIC        IE1
  D:00D8H         PUBLIC        IE2
BL51 BANKED LINKER/LOCATER V6.22                                                      09/10/2020  14:09:51  PAGE 29


  C:241DH         PUBLIC        key_scan
  C:000EH         PUBLIC        key_init
  D:00D0H         PUBLIC        PSW
  -------         PROC          KEY_INIT
  C:000EH         LINE#         7
  C:000EH         LINE#         8
  C:000EH         LINE#         9
  C:0014H         LINE#         10
  C:0018H         LINE#         11
  C:001CH         LINE#         12
  C:0020H         LINE#         13
  -------         ENDPROC       KEY_INIT
  -------         PROC          KEY_DRIVER
  -------         DO            
  X:00DCH         SYMBOL        key_state
  X:00DDH         SYMBOL        key_time
  X:0001H         SYMBOL        key_press
  X:0002H         SYMBOL        key_return
  -------         ENDDO         
  C:1F2BH         LINE#         16
  C:1F2BH         LINE#         17
  C:1F2BH         LINE#         22
  C:1F30H         LINE#         24
  C:1F37H         LINE#         25
  C:1F4EH         LINE#         26
  C:1F4EH         LINE#         27
  C:1F4EH         LINE#         28
  C:1F57H         LINE#         29
  C:1F57H         LINE#         30
  C:1F5DH         LINE#         31
  C:1F62H         LINE#         32
  C:1F62H         LINE#         33
  C:1F64H         LINE#         35
  C:1F64H         LINE#         36
  C:1F6AH         LINE#         37
  C:1F6AH         LINE#         38
  C:1F78H         LINE#         39
  C:1F87H         LINE#         40
  C:1F87H         LINE#         41
  C:1F8DH         LINE#         42
  C:1F8DH         LINE#         43
  C:1F8DH         LINE#         44
  C:1F8FH         LINE#         48
  C:1F8FH         LINE#         49
  C:1F96H         LINE#         50
  C:1F96H         LINE#         51
  C:1F9AH         LINE#         52
  C:1F9AH         LINE#         53
  C:1F9CH         LINE#         55
  C:1F9CH         LINE#         56
  C:1FAAH         LINE#         58
  C:1FB9H         LINE#         59
  C:1FB9H         LINE#         60
  C:1FBFH         LINE#         61
  C:1FC5H         LINE#         62
  C:1FC5H         LINE#         63
  C:1FCCH         LINE#         64
BL51 BANKED LINKER/LOCATER V6.22                                                      09/10/2020  14:09:51  PAGE 30


  C:1FCCH         LINE#         65
  C:1FCEH         LINE#         67
  C:1FCEH         LINE#         68
  C:1FD5H         LINE#         69
  C:1FD5H         LINE#         70
  C:1FD5H         LINE#         71
  C:1FD5H         LINE#         72
  C:1FD7H         LINE#         74
  C:1FD7H         LINE#         75
  C:1FDCH         LINE#         76
  C:1FDCH         LINE#         77
  C:1FDCH         LINE#         79
  C:1FE1H         LINE#         81
  -------         ENDPROC       KEY_DRIVER
  -------         PROC          CALIBRATION_KEY_DRIVER
  -------         DO            
  X:00DFH         SYMBOL        key_state
  X:00E0H         SYMBOL        key_time
  X:0001H         SYMBOL        key_press
  X:0002H         SYMBOL        key_return
  -------         ENDDO         
  C:1FE2H         LINE#         82
  C:1FE2H         LINE#         83
  C:1FE2H         LINE#         88
  C:1FE7H         LINE#         90
  C:1FEEH         LINE#         91
  C:2005H         LINE#         92
  C:2005H         LINE#         93
  C:2005H         LINE#         94
  C:200EH         LINE#         95
  C:200EH         LINE#         96
  C:2014H         LINE#         97
  C:2019H         LINE#         98
  C:2019H         LINE#         99
  C:201BH         LINE#         101
  C:201BH         LINE#         102
  C:2021H         LINE#         103
  C:2021H         LINE#         104
  C:202FH         LINE#         105
  C:203EH         LINE#         106
  C:203EH         LINE#         107
  C:2044H         LINE#         108
  C:2044H         LINE#         109
  C:2044H         LINE#         110
  C:2046H         LINE#         114
  C:2046H         LINE#         115
  C:204DH         LINE#         116
  C:204DH         LINE#         117
  C:2051H         LINE#         118
  C:2051H         LINE#         119
  C:2053H         LINE#         121
  C:2053H         LINE#         122
  C:2061H         LINE#         124
  C:2070H         LINE#         125
  C:2070H         LINE#         126
  C:2076H         LINE#         127
  C:207CH         LINE#         128
BL51 BANKED LINKER/LOCATER V6.22                                                      09/10/2020  14:09:51  PAGE 31


  C:207CH         LINE#         129
  C:2083H         LINE#         130
  C:2083H         LINE#         131
  C:2085H         LINE#         133
  C:2085H         LINE#         134
  C:208CH         LINE#         135
  C:208CH         LINE#         136
  C:208CH         LINE#         137
  C:208CH         LINE#         138
  C:208EH         LINE#         140
  C:208EH         LINE#         141
  C:2093H         LINE#         142
  C:2093H         LINE#         143
  C:2093H         LINE#         145
  C:2098H         LINE#         147
  -------         ENDPROC       CALIBRATION_KEY_DRIVER
  -------         PROC          KEY_SCAN
  -------         DO            
  X:00E2H         SYMBOL        key_up
  X:00E3H         SYMBOL        key_pres_time
  -------         ENDDO         
  C:241DH         LINE#         149
  C:241DH         LINE#         150
  C:241DH         LINE#         155
  C:2423H         LINE#         156
  C:2423H         LINE#         157
  C:2426H         LINE#         158
  C:2426H         LINE#         159
  C:242CH         LINE#         160
  C:242CH         LINE#         161
  C:2438H         LINE#         162
  C:2438H         LINE#         163
  C:243DH         LINE#         164
  C:2441H         LINE#         165
  C:2444H         LINE#         166
  C:2446H         LINE#         168
  C:2446H         LINE#         169
  C:244BH         LINE#         170
  C:244BH         LINE#         171
  C:244DH         LINE#         172
  C:245FH         LINE#         173
  C:245FH         LINE#         174
  C:2465H         LINE#         175
  C:246AH         LINE#         176
  C:246DH         LINE#         177
  C:2470H         LINE#         178
  C:2473H         LINE#         179
  C:2476H         LINE#         180
  C:247CH         LINE#         181
  C:2482H         LINE#         183
  C:2494H         LINE#         184
  C:2498H         LINE#         185
  C:249AH         LINE#         186
  -------         ENDPROC       KEY_SCAN
  -------         ENDMOD        KEY

  -------         MODULE        TIMER
BL51 BANKED LINKER/LOCATER V6.22                                                      09/10/2020  14:09:51  PAGE 32


  C:0000H         SYMBOL        _ICE_DUMMY_
  D:0080H         PUBLIC        P0
  D:0090H         PUBLIC        P1
  D:00A0H         PUBLIC        P2
  D:00B0H         PUBLIC        P3
  C:25BFH         SYMBOL        set_correct_Value
  B:00A8H.7       PUBLIC        EA
  X:00BFH         PUBLIC        correct_time
  X:00C1H         PUBLIC        over_rang_time_std
  D:00A8H         PUBLIC        IE
  D:00F8H         PUBLIC        RSTFR
  C:2508H         PUBLIC        time_Print
  C:2942H         PUBLIC        _set_time_sec_val
  X:00C2H         PUBLIC        Gap_protect_std
  D:0098H         PUBLIC        SCON
  D:0089H         PUBLIC        TMOD
  D:0088H         PUBLIC        TCON
  X:00C3H         PUBLIC        time_heat
  C:227DH         PUBLIC        _set_correct_time
  D:00B8H         PUBLIC        IE1
  D:00D8H         PUBLIC        IE2
  X:00C5H         PUBLIC        Heat_start_std
  X:00C6H         PUBLIC        one_heat
  B:00A8H.1       PUBLIC        ET0
  X:00C7H         PUBLIC        temp_time
  B:0088H.5       PUBLIC        TF0
  C:1585H         PUBLIC        TIMER0_Rpt
  D:008CH         PUBLIC        TH0
  X:00C9H         PUBLIC        time_sec
  D:008AH         PUBLIC        TL0
  B:0088H.4       PUBLIC        TR0
  X:00CBH         PUBLIC        time_cnt
  X:00CCH         PUBLIC        Open_Heat_Value
  X:00CDH         PUBLIC        cnt_heat_time
  X:00CFH         PUBLIC        exti_cail_cnt
  X:00D1H         PUBLIC        On_stay
  C:26FDH         SYMBOL        set_heat_val
  C:29DEH         PUBLIC        time0_init
  D:00D0H         PUBLIC        PSW
  C:2393H         PUBLIC        set_time_sec
  -------         PROC          _SET_TIME_SEC_VAL
  D:0006H         SYMBOL        sec
  C:2942H         LINE#         21
  C:2942H         LINE#         22
  C:2942H         LINE#         23
  C:294AH         LINE#         24
  C:294DH         LINE#         25
  -------         ENDPROC       _SET_TIME_SEC_VAL
  -------         PROC          _SET_CORRECT_TIME
  D:0007H         SYMBOL        gap
  C:227DH         LINE#         27
  C:227DH         LINE#         28
  C:227DH         LINE#         30
  C:22ABH         LINE#         31
  C:22ABH         LINE#         32
  C:22ABH         LINE#         33
  C:22B4H         LINE#         34
BL51 BANKED LINKER/LOCATER V6.22                                                      09/10/2020  14:09:51  PAGE 33


  C:22B5H         LINE#         35
  C:22B5H         LINE#         36
  C:22BEH         LINE#         37
  C:22BFH         LINE#         38
  C:22BFH         LINE#         39
  C:22C8H         LINE#         40
  C:22C9H         LINE#         41
  C:22C9H         LINE#         42
  C:22D2H         LINE#         43
  C:22D3H         LINE#         44
  C:22D3H         LINE#         45
  C:22DCH         LINE#         46
  C:22DDH         LINE#         47
  C:22DDH         LINE#         48
  C:22E7H         LINE#         49
  C:22E8H         LINE#         50
  C:22E8H         LINE#         51
  C:22F2H         LINE#         52
  C:22F3H         LINE#         53
  C:22F3H         LINE#         54
[...]
  C:15ABH         LINE#         201
  C:15ABH         LINE#         202
  C:15B1H         LINE#         203
  C:15BAH         LINE#         204
  C:15BAH         LINE#         205
  C:15BDH         LINE#         207
  C:15C4H         LINE#         208
  C:15C4H         LINE#         209
  C:15D2H         LINE#         210
  C:15E1H         LINE#         211
  C:15E1H         LINE#         212
  C:15E6H         LINE#         213
  C:15ECH         LINE#         214
  C:15F1H         LINE#         216
  C:15F1H         LINE#         218
  C:15F1H         LINE#         219
  C:1600H         LINE#         220
  C:1600H         LINE#         222
  C:160CH         LINE#         223
  C:1614H         LINE#         224
  C:1614H         LINE#         226
  C:1622H         LINE#         229
  C:1631H         LINE#         230
  C:1631H         LINE#         231
  C:1637H         LINE#         232
  C:163AH         LINE#         233
  C:1640H         LINE#         234
  C:1646H         LINE#         235
  C:1646H         LINE#         236
  C:1646H         LINE#         237
  C:1648H         LINE#         239
  C:1648H         LINE#         240
  C:164EH         LINE#         241
  C:164EH         LINE#         242
  C:1653H         LINE#         243
  C:165AH         LINE#         244
  C:1660H         LINE#         245
  C:1664H         LINE#         246
  C:1668H         LINE#         247
BL51 BANKED LINKER/LOCATER V6.22                                                      09/10/2020  14:09:51  PAGE 36


  C:166BH         LINE#         248
  C:1674H         LINE#         249
  C:1674H         LINE#         250
  C:1674H         LINE#         252
  C:1679H         LINE#         253
  C:1679H         LINE#         254
  C:167BH         LINE#         256
  C:1682H         LINE#         257
  C:1682H         LINE#         258
  C:1697H         LINE#         259
  C:1697H         LINE#         260
  C:169CH         LINE#         261
  C:16A2H         LINE#         262
  C:16A2H         LINE#         263
  C:16A2H         LINE#         264
  -------         ENDPROC       TIMER0_RPT
  -------         PROC          TIME_PRINT
  C:2508H         LINE#         266
  C:2508H         LINE#         267
  C:2508H         LINE#         268
  C:2532H         LINE#         269
  C:2532H         LINE#         270
  C:2532H         LINE#         271
  C:2538H         LINE#         272
  C:2538H         LINE#         273
  C:253AH         LINE#         274
  C:253AH         LINE#         275
  C:2540H         LINE#         276
  C:2540H         LINE#         277
  C:2542H         LINE#         278
  C:2542H         LINE#         279
  C:2548H         LINE#         280
  C:2548H         LINE#         281
  C:254AH         LINE#         282
  C:254AH         LINE#         283
  C:2550H         LINE#         284
  C:2550H         LINE#         285
  C:2552H         LINE#         286
  C:2552H         LINE#         287
  C:256AH         LINE#         288
  C:2571H         LINE#         289
  C:2571H         LINE#         290
  C:2571H         LINE#         291
  -------         ENDPROC       TIME_PRINT
  -------         ENDMOD        TIMER

  -------         MODULE        PWM
  C:0000H         SYMBOL        _ICE_DUMMY_
  D:0080H         PUBLIC        P0
  D:0090H         PUBLIC        P1
  D:00A0H         PUBLIC        P2
  D:00B0H         PUBLIC        P3
  C:29AFH         PUBLIC        _set_pwm
  D:00A8H         PUBLIC        IE
  D:00F8H         PUBLIC        RSTFR
  D:0098H         PUBLIC        SCON
  D:0088H         PUBLIC        TCON
BL51 BANKED LINKER/LOCATER V6.22                                                      09/10/2020  14:09:51  PAGE 37


  X:00EDH         PUBLIC        pwm_period
  D:00B8H         PUBLIC        IE1
  D:00D8H         PUBLIC        IE2
  D:00DDH         PUBLIC        PWM3C
  C:2885H         PUBLIC        _pwm_init
  D:00DFH         PUBLIC        PWM3D
  D:00DEH         PUBLIC        PWM3P
  D:00D0H         PUBLIC        PSW
  -------         PROC          _SET_PWM
  D:0007H         SYMBOL        duty
  -------         DO            
  D:0004H         SYMBOL        tep
  -------         ENDDO         
  C:29AFH         LINE#         4
  C:29AFH         LINE#         5
  C:29AFH         LINE#         6
  C:29C4H         LINE#         7
  C:29C6H         LINE#         8
  -------         ENDPROC       _SET_PWM
  -------         PROC          _PWM_INIT
  D:0006H         SYMBOL        hz
  C:2885H         LINE#         10
  C:2885H         LINE#         11
  C:2885H         LINE#         12
  C:288BH         LINE#         13
  C:2890H         LINE#         21
  C:28A1H         LINE#         22
  C:28A3H         LINE#         24
  C:28A6H         LINE#         25
  -------         ENDPROC       _PWM_INIT
  -------         ENDMOD        PWM

  -------         MODULE        ADC
  C:0000H         SYMBOL        _ICE_DUMMY_
  D:0080H         PUBLIC        P0
  D:0090H         PUBLIC        P1
  D:00A0H         PUBLIC        P2
  D:00B0H         PUBLIC        P3
  D:00A8H         PUBLIC        IE
  D:00F8H         PUBLIC        RSTFR
  C:17EFH         PUBLIC        _get_voltage
  D:00B6H         PUBLIC        ADCR
  C:2A0AH         PUBLIC        get_adc_val_ch
  D:0098H         PUBLIC        SCON
  D:0088H         PUBLIC        TCON
  D:00B4H         PUBLIC        ADCC0
  D:00B5H         PUBLIC        ADCC1
  D:00B8H         PUBLIC        IE1
  C:2994H         PUBLIC        adc_init
  D:00D8H         PUBLIC        IE2
  C:29F4H         PUBLIC        get_adc_val
  D:00D0H         PUBLIC        PSW
  -------         PROC          ADC_INIT
  C:2994H         LINE#         5
  C:2994H         LINE#         6
  C:2994H         LINE#         7
  C:299AH         LINE#         8
BL51 BANKED LINKER/LOCATER V6.22                                                      09/10/2020  14:09:51  PAGE 38


  C:299EH         LINE#         9
  C:29A1H         LINE#         17
  C:29A8H         LINE#         20
  C:29AEH         LINE#         21
  -------         ENDPROC       ADC_INIT
  -------         PROC          GET_ADC_VAL
  -------         DO            
  D:0006H         SYMBOL        adc_val
  -------         ENDDO         
  C:29F4H         LINE#         23
  C:29F4H         LINE#         24
  C:29F4H         LINE#         25
  C:29F7H         LINE#         26
  C:29FAH         LINE#         28
  C:29FDH         LINE#         29
  C:2A02H         LINE#         30
  C:2A05H         LINE#         31
  C:2A09H         LINE#         35
  C:2A09H         LINE#         36
  -------         ENDPROC       GET_ADC_VAL
  -------         PROC          GET_ADC_VAL_CH
  -------         DO            
  D:0006H         SYMBOL        adc_val_ch
  -------         ENDDO         
  C:2A0AH         LINE#         38
  C:2A0AH         LINE#         39
  C:2A0AH         LINE#         40
  C:2A0DH         LINE#         41
  C:2A10H         LINE#         43
  C:2A13H         LINE#         44
  C:2A18H         LINE#         45
  C:2A1BH         LINE#         46
  C:2A1FH         LINE#         49
  C:2A1FH         LINE#         50
  -------         ENDPROC       GET_ADC_VAL_CH
  -------         PROC          _GET_VOLTAGE
  X:0006H         SYMBOL        u1_voltage
  X:0009H         SYMBOL        u3_voltage
  -------         DO            
  X:000CH         SYMBOL        temp
  X:0010H         SYMBOL        i
  -------         ENDDO         
  C:17EFH         LINE#         54
  C:17FAH         LINE#         55
  C:17FAH         LINE#         56
  C:1804H         LINE#         57
  C:1809H         LINE#         58
  C:180AH         LINE#         59
  C:180AH         LINE#         60
  C:1830H         LINE#         61
  C:183CH         LINE#         62
  C:1859H         LINE#         63
  C:188BH         LINE#         64
  C:1895H         LINE#         65
  C:189AH         LINE#         66
  C:189AH         LINE#         67
  C:18C0H         LINE#         68
BL51 BANKED LINKER/LOCATER V6.22                                                      09/10/2020  14:09:51  PAGE 39


  C:18CCH         LINE#         69
  C:18E9H         LINE#         70
  -------         ENDPROC       _GET_VOLTAGE
  -------         ENDMOD        ADC

  -------         MODULE        WDT
  C:0000H         SYMBOL        _ICE_DUMMY_
  D:0080H         PUBLIC        P0
  D:0090H         PUBLIC        P1
  D:00A0H         PUBLIC        P2
  D:00B0H         PUBLIC        P3
  D:00A8H         PUBLIC        IE
  D:00F8H         PUBLIC        RSTFR
  D:00BDH         PUBLIC        WDTC
  D:0098H         PUBLIC        SCON
  D:0088H         PUBLIC        TCON
  C:2A96H         PUBLIC        clear_wdt
  D:00B8H         PUBLIC        IE1
  D:00D8H         PUBLIC        IE2
  C:2A4CH         PUBLIC        _wdt_init
  D:00D0H         PUBLIC        PSW
  -------         PROC          _WDT_INIT
  D:0007H         SYMBOL        time
  C:2A4CH         LINE#         4
  C:2A4CH         LINE#         5
  C:2A4CH         LINE#         6
  C:2A4FH         LINE#         12
  C:2A58H         LINE#         14
  -------         ENDPROC       _WDT_INIT
  -------         PROC          CLEAR_WDT
  C:2A96H         LINE#         16
  C:2A96H         LINE#         17
  C:2A96H         LINE#         18
  C:2A99H         LINE#         19
  -------         ENDPROC       CLEAR_WDT
  -------         ENDMOD        WDT

  -------         MODULE        PID
  C:0000H         SYMBOL        _ICE_DUMMY_
  D:0080H         PUBLIC        P0
  D:0090H         PUBLIC        P1
  D:00A0H         PUBLIC        P2
  D:00B0H         PUBLIC        P3
  D:00A8H         PUBLIC        IE
  D:00F8H         PUBLIC        RSTFR
  X:0092H         PUBLIC        spid
  D:0098H         PUBLIC        SCON
  D:0088H         PUBLIC        TCON
  D:00B8H         PUBLIC        IE1
  D:00D8H         PUBLIC        IE2
  C:2A65H         SYMBOL        _?ix1000
  C:28C7H         PUBLIC        PID_Init
  X:00AAH         PUBLIC        PID_RunFlag
  C:0E01H         PUBLIC        PID_Operation
  D:00D0H         PUBLIC        PSW
  -------         PROC          PID_INIT
  C:28C7H         LINE#         14
BL51 BANKED LINKER/LOCATER V6.22                                                      09/10/2020  14:09:51  PAGE 40


  C:28C7H         LINE#         15
  C:28C7H         LINE#         16
  C:28CEH         LINE#         17
  C:28D4H         LINE#         18
  C:28D8H         LINE#         20
  C:28DDH         LINE#         21
  C:28E1H         LINE#         22
  C:28E6H         LINE#         23
  -------         ENDPROC       PID_INIT
  -------         PROC          PID_OPERATION
  -------         DO            
  X:00ABH         SYMBOL        temp
  X:00B7H         SYMBOL        PostSum
  X:00BBH         SYMBOL        NegSum
  -------         ENDDO         
  C:0E01H         LINE#         33
  C:0E01H         LINE#         34
  C:0E01H         LINE#         35
  C:0E14H         LINE#         36
  C:0E1EH         LINE#         37
  C:0E28H         LINE#         38
  C:0E41H         LINE#         39
  C:0E41H         LINE#         40
  C:0E50H         LINE#         41
  C:0E50H         LINE#         42
  C:0E50H         LINE#         43
  C:0E53H         LINE#         45
  C:0E53H         LINE#         46
  C:0E5CH         LINE#         47
  C:0E61H         LINE#         49
  C:0E73H         LINE#         50
  C:0E85H         LINE#         51
  C:0E99H         LINE#         53
  C:0EBBH         LINE#         54
  C:0EBBH         LINE#         55
  C:0EE7H         LINE#         56
  C:0EECH         LINE#         57
  C:0EEEH         LINE#         59
  C:0EEEH         LINE#         60
  C:0F19H         LINE#         61
  C:0F1FH         LINE#         62
  C:0F1FH         LINE#         64
  C:0F3CH         LINE#         65
  C:0F76H         LINE#         66
  C:0F76H         LINE#         67
  C:0FBAH         LINE#         68
  C:0FBFH         LINE#         69
  C:0FC1H         LINE#         71
  C:0FC1H         LINE#         72
  C:1018H         LINE#         73
  C:101EH         LINE#         74
  C:101EH         LINE#         76
  C:103EH         LINE#         77
  C:105EH         LINE#         78
  C:107EH         LINE#         81
  C:1084H         LINE#         82
  C:1084H         LINE#         83
BL51 BANKED LINKER/LOCATER V6.22                                                      09/10/2020  14:09:51  PAGE 41


  C:10AFH         LINE#         84
  C:10B1H         LINE#         86
  C:10B1H         LINE#         87
  C:10DFH         LINE#         88
  C:10DFH         LINE#         90
  C:10E5H         LINE#         91
  C:10E5H         LINE#         92
  C:1113H         LINE#         93
  C:1113H         LINE#         96
  C:1119H         LINE#         97
  C:1119H         LINE#         98
  C:1142H         LINE#         99
  C:1144H         LINE#         101
  C:1144H         LINE#         102
  C:1172H         LINE#         103
  C:1172H         LINE#         105
  C:119DH         LINE#         106
  C:11BFH         LINE#         107
  C:11BFH         LINE#         108
  C:11EBH         LINE#         109
  C:1205H         LINE#         110
  C:1205H         LINE#         111
  C:1216H         LINE#         112
  C:1217H         LINE#         114
  C:1217H         LINE#         115
  C:1220H         LINE#         116
  C:1220H         LINE#         117
  C:1221H         LINE#         126
  C:1221H         LINE#         127
  C:1228H         LINE#         128
  C:1228H         LINE#         129
  -------         ENDPROC       PID_OPERATION
  -------         ENDMOD        PID

  -------         MODULE        ?C?FPADD
  C:002DH         PUBLIC        ?C?FPADD
  C:0029H         PUBLIC        ?C?FPSUB
  -------         ENDMOD        ?C?FPADD

  -------         MODULE        ?C?FPMUL
  C:011EH         PUBLIC        ?C?FPMUL
  -------         ENDMOD        ?C?FPMUL

  -------         MODULE        ?C?FPDIV
  C:0227H         PUBLIC        ?C?FPDIV
  -------         ENDMOD        ?C?FPDIV

  -------         MODULE        ?C?FPCMP
  C:02C6H         PUBLIC        ?C?FPCMP
  C:02C4H         PUBLIC        ?C?FPCMP3
  -------         ENDMOD        ?C?FPCMP

  -------         MODULE        ?C?FCAST
  C:0347H         PUBLIC        ?C?FCASTC
  C:0342H         PUBLIC        ?C?FCASTI
  C:033DH         PUBLIC        ?C?FCASTL
  -------         ENDMOD        ?C?FCAST
BL51 BANKED LINKER/LOCATER V6.22                                                      09/10/2020  14:09:51  PAGE 42



  -------         MODULE        PRINTF
  X:0041H         PUBLIC        ?_PRINTF?BYTE
  X:0041H         PUBLIC        ?_SPRINTF?BYTE
  C:09E9H         PUBLIC        _PRINTF
  C:09E3H         PUBLIC        _SPRINTF
  -------         ENDMOD        PRINTF

  -------         MODULE        ?C?FPROUND
  C:03C5H         PUBLIC        ?C?FPROUND
  -------         ENDMOD        ?C?FPROUND

  -------         MODULE        ?C?FPCONVERT
  C:0402H         PUBLIC        ?C?FPCONVERT
  -------         ENDMOD        ?C?FPCONVERT

  -------         MODULE        ?C?FTNPWR
  C:0537H         PUBLIC        ?C?FTNPWR
  -------         ENDMOD        ?C?FTNPWR

  -------         MODULE        ?C?COPY
  C:0647H         PUBLIC        ?C?COPY
  -------         ENDMOD        ?C?COPY

  -------         MODULE        ?C?CLDPTR
  C:066DH         PUBLIC        ?C?CLDPTR
  -------         ENDMOD        ?C?CLDPTR

  -------         MODULE        ?C?CLDOPTR
  C:0686H         PUBLIC        ?C?CLDOPTR
  -------         ENDMOD        ?C?CLDOPTR

  -------         MODULE        ?C?CSTPTR
  C:06B3H         PUBLIC        ?C?CSTPTR
  -------         ENDMOD        ?C?CSTPTR

  -------         MODULE        ?C?UIDIV
  C:06C5H         PUBLIC        ?C?UIDIV
  -------         ENDMOD        ?C?UIDIV

  -------         MODULE        ?C?IILDX
  C:071AH         PUBLIC        ?C?IILDX
  -------         ENDMOD        ?C?IILDX

  -------         MODULE        ?C?ILDIX
  C:0730H         PUBLIC        ?C?ILDIX
  -------         ENDMOD        ?C?ILDIX

  -------         MODULE        ?C?ISTPTR
  C:0746H         PUBLIC        ?C?ISTPTR
  -------         ENDMOD        ?C?ISTPTR

  -------         MODULE        ?C?LMUL
  C:0765H         PUBLIC        ?C?LMUL
  -------         ENDMOD        ?C?LMUL

  -------         MODULE        ?C?ULDIV
BL51 BANKED LINKER/LOCATER V6.22                                                      09/10/2020  14:09:51  PAGE 43


  C:07F0H         PUBLIC        ?C?ULDIV
  -------         ENDMOD        ?C?ULDIV

  -------         MODULE        ?C?LNEG
  C:0882H         PUBLIC        ?C?LNEG
  -------         ENDMOD        ?C?LNEG

  -------         MODULE        ?C?ULCMP
  C:0890H         PUBLIC        ?C?ULCMP
  -------         ENDMOD        ?C?ULCMP

  -------         MODULE        ?C?LSTXDATA
  C:08A1H         PUBLIC        ?C?LSTXDATA
  -------         ENDMOD        ?C?LSTXDATA

  -------         MODULE        ?C?LSTKXDATA
  C:08ADH         PUBLIC        ?C?LSTKXDATA
  -------         ENDMOD        ?C?LSTKXDATA

  -------         MODULE        ?C?PLDIXDATA
  C:08DEH         PUBLIC        ?C?PLDIXDATA
  -------         ENDMOD        ?C?PLDIXDATA

  -------         MODULE        ?C?PSTXDATA
  C:08F5H         PUBLIC        ?C?PSTXDATA
  -------         ENDMOD        ?C?PSTXDATA

  -------         MODULE        ?C?CCASE
  C:08FEH         PUBLIC        ?C?CCASE
  -------         ENDMOD        ?C?CCASE

  -------         MODULE        ?C?ICASE
  C:0924H         PUBLIC        ?C?ICASE
  -------         ENDMOD        ?C?ICASE

  -------         MODULE        ?C?LIMUL
  C:0951H         PUBLIC        ?C?LIMUL
  -------         ENDMOD        ?C?LIMUL

*** WARNING L16: UNCALLED SEGMENT, IGNORED FOR OVERLAY PROCESS
    SEGMENT: ?PR?PROTECT?MAIN

*** WARNING L16: UNCALLED SEGMENT, IGNORED FOR OVERLAY PROCESS
    SEGMENT: ?PR?RELEASE_HT1621B_PIN?HT1621B

*** WARNING L16: UNCALLED SEGMENT, IGNORED FOR OVERLAY PROCESS
    SEGMENT: ?PR?LCD_HT1621B_ON?LCD_DISPLAY

*** WARNING L16: UNCALLED SEGMENT, IGNORED FOR OVERLAY PROCESS
    SEGMENT: ?PR?LCD_HT1621B_OFF?LCD_DISPLAY

*** WARNING L16: UNCALLED SEGMENT, IGNORED FOR OVERLAY PROCESS
    SEGMENT: ?PR?LCD_TURN_OFF_TIME?LCD_DISPLAY

*** WARNING L16: UNCALLED SEGMENT, IGNORED FOR OVERLAY PROCESS
    SEGMENT: ?PR?_SET_TIME_SEC_VAL?TIMER

BL51 BANKED LINKER/LOCATER V6.22                                                      09/10/2020  14:09:51  PAGE 44


*** WARNING L16: UNCALLED SEGMENT, IGNORED FOR OVERLAY PROCESS
    SEGMENT: ?PR?TIME_PRINT?TIMER

*** WARNING L16: UNCALLED SEGMENT, IGNORED FOR OVERLAY PROCESS
    SEGMENT: ?PR?PID_OPERATION?PID

*** WARNING L15: MULTIPLE CALL TO SEGMENT
    SEGMENT: ?PR?PRINTF?PRINTF
    CALLER1: ?C_C51STARTUP
    CALLER2: ?PR?TIMER0_RPT?TIMER

*** WARNING L15: MULTIPLE CALL TO SEGMENT
    SEGMENT: ?PR?HT1621_ALL_CLEAR?LCD_DISPLAY
    CALLER1: ?C_C51STARTUP
    CALLER2: ?PR?TIMER0_RPT?TIMER

*** WARNING L15: MULTIPLE CALL TO SEGMENT
    SEGMENT: ?PR?_HT1621_WRITE_BYTE?HT1621B
    CALLER1: ?C_C51STARTUP
    CALLER2: ?PR?TIMER0_RPT?TIMER

*** WARNING L15: MULTIPLE CALL TO SEGMENT
    SEGMENT: ?PR?_HT1621_SENDBIT_HIGHT?HT1621B
    CALLER1: ?C_C51STARTUP
    CALLER2: ?PR?TIMER0_RPT?TIMER

*** WARNING L15: MULTIPLE CALL TO SEGMENT
    SEGMENT: ?PR?_HT1621_SENDBIT_LOW?HT1621B
    CALLER1: ?C_C51STARTUP
    CALLER2: ?PR?TIMER0_RPT?TIMER

Program Size: data=21.2 xdata=299 code=10910
LINK/LOCATE RUN COMPLETE.  13 WARNING(S),  0 ERROR(S)
