BL51 BANKED LINKER/LOCATER V6.22                                                        09/07/2020  10:03:38  PAGE 1


BL51 BANKED LINKER/LOCATER V6.22, INVOKED BY:
C:\PROGRAM_LIST\KEIL\C51\BIN\BL51.EXE .\output\STARTUP.obj, .\output\main.obj, .\output\flash.obj, .\output\delay.obj, .
>> \output\ht1621b.obj, .\output\lcd_display.obj, .\output\uart.obj, .\output\key.obj, .\output\timer.obj, .\output\pwm.
>> obj, .\output\adc.obj, .\output\wdt.obj, .\output\PID.obj TO .\output\K9029 PRINT (.\Listings\K9029.m51) RAMSIZE (256
>> ) CODE (0X0000-0X3FFF) XDATA (0X0000-0X01FF)


MEMORY MODEL: LARGE WITH FLOATING POINT ARITHMETIC


INPUT MODULES INCLUDED:
  .\output\STARTUP.obj (?C_STARTUP)
  .\output\main.obj (MAIN)
  .\output\flash.obj (FLASH)
  .\output\delay.obj (DELAY)
  .\output\ht1621b.obj (HT1621B)
  .\output\lcd_display.obj (LCD_DISPLAY)
  .\output\uart.obj (UART)
  .\output\key.obj (KEY)
  .\output\timer.obj (TIMER)
  .\output\pwm.obj (PWM)
  .\output\adc.obj (ADC)
  .\output\wdt.obj (WDT)
  .\output\PID.obj (PID)
  C:\PROGRAM_LIST\KEIL\C51\LIB\C51FPL.LIB (?C?FPADD)
  C:\PROGRAM_LIST\KEIL\C51\LIB\C51FPL.LIB (?C?FPMUL)
  C:\PROGRAM_LIST\KEIL\C51\LIB\C51FPL.LIB (?C?FPDIV)
  C:\PROGRAM_LIST\KEIL\C51\LIB\C51FPL.LIB (?C?FPCMP)
  C:\PROGRAM_LIST\KEIL\C51\LIB\C51FPL.LIB (?C?FCAST)
  C:\PROGRAM_LIST\KEIL\C51\LIB\C51FPL.LIB (PRINTF)
  C:\PROGRAM_LIST\KEIL\C51\LIB\C51FPL.LIB (?C?FPGETOPN)
  C:\PROGRAM_LIST\KEIL\C51\LIB\C51FPL.LIB (?C?FPROUND)
  C:\PROGRAM_LIST\KEIL\C51\LIB\C51FPL.LIB (?C?FPCONVERT)
  C:\PROGRAM_LIST\KEIL\C51\LIB\C51FPL.LIB (?C?FTNPWR)
  C:\PROGRAM_LIST\KEIL\C51\LIB\C51L.LIB (?C_INIT)
  C:\PROGRAM_LIST\KEIL\C51\LIB\C51L.LIB (?C?COPY)
  C:\PROGRAM_LIST\KEIL\C51\LIB\C51L.LIB (?C?CLDPTR)
  C:\PROGRAM_LIST\KEIL\C51\LIB\C51L.LIB (?C?CLDOPTR)
  C:\PROGRAM_LIST\KEIL\C51\LIB\C51L.LIB (?C?CSTPTR)
  C:\PROGRAM_LIST\KEIL\C51\LIB\C51L.LIB (?C?IMUL)
  C:\PROGRAM_LIST\KEIL\C51\LIB\C51L.LIB (?C?UIDIV)
  C:\PROGRAM_LIST\KEIL\C51\LIB\C51L.LIB (?C?IILDX)
  C:\PROGRAM_LIST\KEIL\C51\LIB\C51L.LIB (?C?ILDIX)
  C:\PROGRAM_LIST\KEIL\C51\LIB\C51L.LIB (?C?ISTPTR)
  C:\PROGRAM_LIST\KEIL\C51\LIB\C51L.LIB (?C?LMUL)
  C:\PROGRAM_LIST\KEIL\C51\LIB\C51L.LIB (?C?ULDIV)
  C:\PROGRAM_LIST\KEIL\C51\LIB\C51L.LIB (?C?LNEG)
  C:\PROGRAM_LIST\KEIL\C51\LIB\C51L.LIB (?C?ULCMP)
  C:\PROGRAM_LIST\KEIL\C51\LIB\C51L.LIB (?C?LSTXDATA)
  C:\PROGRAM_LIST\KEIL\C51\LIB\C51L.LIB (?C?LSTKXDATA)
  C:\PROGRAM_LIST\KEIL\C51\LIB\C51L.LIB (?C?PLDIXDATA)
  C:\PROGRAM_LIST\KEIL\C51\LIB\C51L.LIB (?C?PSTXDATA)
  C:\PROGRAM_LIST\KEIL\C51\LIB\C51L.LIB (?C?CCASE)
  C:\PROGRAM_LIST\KEIL\C51\LIB\C51L.LIB (?C?ICASE)
  C:\PROGRAM_LIST\KEIL\C51\LIB\C51L.LIB (?C?LIMUL)


LINK MAP OF MODULE:  .\output\K9029 (?C_STARTUP)
BL51 BANKED LINKER/LOCATER V6.22                                                      09/07/2020  10:03:38  PAGE 2




            TYPE    BASE      LENGTH    RELOCATION   SEGMENT NAME
            -----------------------------------------------------

            * * * * * * *   D A T A   M E M O R Y   * * * * * * *
            REG     0000H     0008H     ABSOLUTE     "REG BANK 0"
            DATA    0008H     000AH     UNIT         _DATA_GROUP_
                    0012H     000EH                  *** GAP ***
            BIT     0020H.0   0002H.2   UNIT         _BIT_GROUP_
                    0022H.2   0000H.6                *** GAP ***
            IDATA   0023H     0001H     UNIT         ?STACK

            * * * * * * *  X D A T A   M E M O R Y  * * * * * * *
            XDATA   0000H     0066H     UNIT         _XDATA_GROUP_
            XDATA   0066H     0021H     UNIT         ?XD?UART
            XDATA   0087H     0019H     UNIT         ?XD?PID
            XDATA   00A0H     0015H     UNIT         ?XD?TIMER
            XDATA   00B5H     000AH     UNIT         ?XD?FLASH
            XDATA   00BFH     000AH     UNIT         ?XD?KEY
            XDATA   00C9H     0005H     UNIT         ?XD?MAIN
            XDATA   00CEH     0002H     UNIT         ?XD?LCD_DISPLAY
            XDATA   00D0H     0001H     UNIT         ?XD?PWM
                    00D1H     FDA3H                  *** GAP ***
            XDATA   FE74H     0001H     ABSOLUTE     
            XDATA   FE75H     0001H     ABSOLUTE     
            XDATA   FE76H     0001H     ABSOLUTE     
            XDATA   FE77H     0001H     ABSOLUTE     
                    FE78H     0008H                  *** GAP ***
            XDATA   FE80H     0001H     ABSOLUTE     
                    FE81H     0010H                  *** GAP ***
            XDATA   FE91H     0001H     ABSOLUTE     
            XDATA   FE92H     0001H     ABSOLUTE     
            XDATA   FE93H     0001H     ABSOLUTE     
                    FE94H     0001H                  *** GAP ***
            XDATA   FE95H     0001H     ABSOLUTE     
                    FE96H     0005H                  *** GAP ***
            XDATA   FE9BH     0001H     ABSOLUTE     
                    FE9CH     0004H                  *** GAP ***
            XDATA   FEA0H     0001H     ABSOLUTE     
                    FEA1H     0003H                  *** GAP ***
            XDATA   FEA4H     0001H     ABSOLUTE     
            XDATA   FEA5H     0001H     ABSOLUTE     
                    FEA6H     0004H                  *** GAP ***
            XDATA   FEAAH     0001H     ABSOLUTE     
                    FEABH     0005H                  *** GAP ***
            XDATA   FEB0H     0001H     ABSOLUTE     
                    FEB1H     0003H                  *** GAP ***
            XDATA   FEB4H     0001H     ABSOLUTE     
                    FEB5H     0005H                  *** GAP ***
            XDATA   FEBAH     0001H     ABSOLUTE     
                    FEBBH     0002H                  *** GAP ***
            XDATA   FEBDH     0001H     ABSOLUTE     
            XDATA   FEBEH     0001H     ABSOLUTE     
                    FEBFH     0041H                  *** GAP ***
            XDATA   FF00H     0001H     ABSOLUTE     
            XDATA   FF01H     0001H     ABSOLUTE     
BL51 BANKED LINKER/LOCATER V6.22                                                      09/07/2020  10:03:38  PAGE 3


            XDATA   FF02H     0001H     ABSOLUTE     
            XDATA   FF03H     0001H     ABSOLUTE     
            XDATA   FF04H     0001H     ABSOLUTE     
            XDATA   FF05H     0001H     ABSOLUTE     
            XDATA   FF06H     0001H     ABSOLUTE     
            XDATA   FF07H     0001H     ABSOLUTE     
            XDATA   FF08H     0001H     ABSOLUTE     
            XDATA   FF09H     0001H     ABSOLUTE     
            XDATA   FF0AH     0001H     ABSOLUTE     
            XDATA   FF0BH     0001H     ABSOLUTE     
            XDATA   FF0CH     0001H     ABSOLUTE     
            XDATA   FF0DH     0001H     ABSOLUTE     
            XDATA   FF0EH     0001H     ABSOLUTE     
            XDATA   FF0FH     0001H     ABSOLUTE     
            XDATA   FF10H     0001H     ABSOLUTE     
            XDATA   FF11H     0001H     ABSOLUTE     
            XDATA   FF12H     0001H     ABSOLUTE     
            XDATA   FF13H     0001H     ABSOLUTE     
            XDATA   FF14H     0001H     ABSOLUTE     
            XDATA   FF15H     0001H     ABSOLUTE     
            XDATA   FF16H     0001H     ABSOLUTE     
            XDATA   FF17H     0001H     ABSOLUTE     
                    FF18H     0004H                  *** GAP ***
            XDATA   FF1CH     0001H     ABSOLUTE     
            XDATA   FF1DH     0001H     ABSOLUTE     
                    FF1EH     0062H                  *** GAP ***
            XDATA   FF80H     0001H     ABSOLUTE     
            XDATA   FF81H     0001H     ABSOLUTE     
                    FF82H     0001H                  *** GAP ***
            XDATA   FF83H     0001H     ABSOLUTE     
            XDATA   FF84H     0001H     ABSOLUTE     
                    FF85H     000AH                  *** GAP ***
            XDATA   FF8FH     0001H     ABSOLUTE     
            XDATA   FF90H     0001H     ABSOLUTE     
            XDATA   FF91H     0001H     ABSOLUTE     
                    FF92H     000AH                  *** GAP ***
            XDATA   FF9CH     0001H     ABSOLUTE     
                    FF9DH     0003H                  *** GAP ***
            XDATA   FFA0H     0001H     ABSOLUTE     
            XDATA   FFA1H     0001H     ABSOLUTE     
            XDATA   FFA2H     0001H     ABSOLUTE     
            XDATA   FFA3H     0001H     ABSOLUTE     
            XDATA   FFA4H     0001H     ABSOLUTE     
            XDATA   FFA5H     0001H     ABSOLUTE     
            XDATA   FFA6H     0001H     ABSOLUTE     
            XDATA   FFA7H     0001H     ABSOLUTE     

            * * * * * * *   C O D E   M E M O R Y   * * * * * * *
            CODE    0000H     0003H     ABSOLUTE     
            CODE    0003H     0008H     UNIT         ?PR?_FLASH_READ_ADDR?FLASH
            CODE    000BH     0003H     ABSOLUTE     
            CODE    000EH     0013H     UNIT         ?PR?KEY_INIT?KEY
                    0021H     0002H                  *** GAP ***
            CODE    0023H     0003H     ABSOLUTE     
            CODE    0026H     096AH     UNIT         ?C?LIB_CODE
            CODE    0990H     0483H     UNIT         ?PR?PRINTF?PRINTF
            CODE    0E13H     0428H     UNIT         ?PR?PID_OPERATION?PID
BL51 BANKED LINKER/LOCATER V6.22                                                      09/07/2020  10:03:38  PAGE 4


            CODE    123BH     0200H     UNIT         ?PR?_TEMP_CALC?MAIN
            CODE    143BH     0166H     UNIT         ?PR?TEMPERATURE_HANDLE?MAIN
            CODE    15A1H     0143H     UNIT         ?PR?TIMER0_RPT?TIMER
            CODE    16E4H     013FH     UNIT         ?PR?FLASH_INIT?FLASH
            CODE    1823H     012CH     UNIT         ?PR?_GET_VOLTAGE?ADC
            CODE    194FH     0106H     UNIT         ?CO?FLASH
            CODE    1A55H     00FDH     UNIT         ?PR?_LCD_DISPLAY_GAP?LCD_DISPLAY
            CODE    1B52H     00F2H     UNIT         ?PR?KEY_HANDLE?MAIN
            CODE    1C44H     00DEH     UNIT         ?CO?TIMER
            CODE    1D22H     00BCH     UNIT         ?C_INITSEG
            CODE    1DDEH     00BBH     UNIT         ?PR?_CALIBRATION_TEMPERATURE?MAIN
            CODE    1E99H     00B7H     UNIT         ?PR?KEY_DRIVER?KEY
            CODE    1F50H     00B7H     UNIT         ?PR?CALIBRATION_KEY_DRIVER?KEY
            CODE    2007H     00A5H     UNIT         ?PR?MAIN?MAIN
            CODE    20ACH     0091H     UNIT         ?PR?_SET_TEMP?MAIN
            CODE    213DH     008EH     UNIT         ?CO?MAIN
            CODE    21CBH     008CH     UNIT         ?C_C51STARTUP
            CODE    2257H     008AH     UNIT         ?PR?_LCD_DISPLAY_TIME?LCD_DISPLAY
            CODE    22E1H     008AH     UNIT         ?PR?SET_TIME_SEC?TIMER
            CODE    236BH     007EH     UNIT         ?PR?KEY_SCAN?KEY
            CODE    23E9H     006DH     UNIT         ?PR?_FLASH_WRITEARR?FLASH
            CODE    2456H     006AH     UNIT         ?PR?TIME_PRINT?TIMER
            CODE    24C0H     0057H     UNIT         ?PR?SET_CORRECT_VALUE?TIMER
            CODE    2517H     004DH     UNIT         ?PR?UART1_RPT?UART
            CODE    2564H     0041H     UNIT         ?PR?_SET_CORRECT_TIME?TIMER
            CODE    25A5H     0040H     UNIT         ?PR?_FLASH_READARR?FLASH
            CODE    25E5H     003FH     UNIT         ?PR?_HT1621_SENDBIT_HIGHT?HT1621B
            CODE    2624H     003FH     UNIT         ?PR?_HT1621_SENDBIT_LOW?HT1621B
            CODE    2663H     003EH     UNIT         ?PR?_CONTROLL_HEAT?TIMER
            CODE    26A1H     003DH     UNIT         ?PR?_HEAT_OPERATION?TIMER
            CODE    26DEH     003CH     UNIT         ?PR?SET_HEAT_VAL?TIMER
            CODE    271AH     0033H     UNIT         ?PR?CHECK_FLASH?FLASH
            CODE    274DH     002DH     UNIT         ?PR?_PRODUCTE_COM_SEND_DATA?UART
            CODE    277AH     002CH     UNIT         ?PR?_HT1621_WRITE_BYTE?HT1621B
            CODE    27A6H     0029H     UNIT         ?PR?UART_INIT?UART
            CODE    27CFH     0028H     UNIT         ?PR?_FLASH_WRITEDATA?FLASH
            CODE    27F7H     0027H     UNIT         ?PR?INIT_LCD_HT1621B?LCD_DISPLAY
            CODE    281EH     0026H     UNIT         ?PR?FLAH_SAVE_DATA?FLASH
            CODE    2844H     0022H     UNIT         ?PR?_FLASH_ERASEBLOCK?FLASH
            CODE    2866H     0022H     UNIT         ?PR?_PWM_INIT?PWM
            CODE    2888H     0020H     UNIT         ?PR?PROTECT?MAIN
            CODE    28A8H     0020H     UNIT         ?PR?PID_INIT?PID
            CODE    28C8H     001FH     UNIT         ?PR?_PRODUCTE_SEND_CMD?UART
            CODE    28E7H     001EH     UNIT         ?PR?HT1621_ALL_DISPLAY?LCD_DISPLAY
            CODE    2905H     001EH     UNIT         ?PR?HT1621_ALL_CLEAR?LCD_DISPLAY
            CODE    2923H     001CH     UNIT         ?PR?_SET_TIME_SEC_VAL?TIMER
            CODE    293FH     001BH     UNIT         ?PR?HT1621_INIT_PIN?HT1621B
            CODE    295AH     001BH     UNIT         ?PR?_HT1621_SEND_CMD?HT1621B
            CODE    2975H     001BH     UNIT         ?PR?ADC_INIT?ADC
            CODE    2990H     0018H     UNIT         ?PR?_SET_PWM?PWM
            CODE    29A8H     0017H     UNIT         ?PR?_DELAY_MS?DELAY
            CODE    29BFH     0016H     UNIT         ?PR?TIME0_INIT?TIMER
            CODE    29D5H     0016H     UNIT         ?PR?GET_ADC_VAL?ADC
            CODE    29EBH     0016H     UNIT         ?PR?GET_ADC_VAL_CH?ADC
            CODE    2A01H     0010H     UNIT         ?PR?DEVICE_INIT?MAIN
            CODE    2A11H     000EH     UNIT         ?PR?_DELAY_US?DELAY
            CODE    2A1FH     000EH     UNIT         ?PR?LCD_TURN_OFF_TIME?LCD_DISPLAY
BL51 BANKED LINKER/LOCATER V6.22                                                      09/07/2020  10:03:38  PAGE 5


            CODE    2A2DH     000DH     UNIT         ?PR?_WDT_INIT?WDT
            CODE    2A3AH     000CH     UNIT         ?PR?_HAL_UART_PUTCHAR?UART
            CODE    2A46H     000CH     UNIT         ?CO?PID
            CODE    2A52H     0009H     UNIT         ?PR?RELEASE_HT1621B_PIN?HT1621B
            CODE    2A5BH     0006H     UNIT         ?PR?GET_DEVICE_STATE?FLASH
            CODE    2A61H     0006H     UNIT         ?PR?_SET_DEVICE_STATE?FLASH
            CODE    2A67H     0006H     UNIT         ?PR?_PUTCHAR?UART
            CODE    2A6DH     0005H     UNIT         ?PR?LCD_HT1621B_ON?LCD_DISPLAY
            CODE    2A72H     0005H     UNIT         ?PR?LCD_HT1621B_OFF?LCD_DISPLAY
            CODE    2A77H     0004H     UNIT         ?PR?CLEAR_WDT?WDT
            CODE    2A7BH     0003H     UNIT         ?PR?_LCD_DELAY_US?DELAY
            CODE    2A7EH     0003H     UNIT         ?PR?_PRODUCTE_COM_SEND_ONE_BIT?UART



OVERLAY MAP OF MODULE:   .\output\K9029 (?C_STARTUP)


SEGMENT                                        BIT_GROUP          DATA_GROUP          XDATA_GROUP
  +--> CALLED SEGMENT                       START    LENGTH     START    LENGTH     START    LENGTH
---------------------------------------------------------------------------------------------------
?C_C51STARTUP                               -----    -----      -----    -----      -----    -----
  +--> ?PR?MAIN?MAIN
  +--> ?C_INITSEG

?PR?MAIN?MAIN                               -----    -----      -----    -----      -----    -----
  +--> ?PR?DEVICE_INIT?MAIN
  +--> ?PR?UART_INIT?UART
  +--> ?PR?ADC_INIT?ADC
  +--> ?PR?KEY_INIT?KEY
  +--> ?PR?TIME0_INIT?TIMER
  +--> ?PR?FLASH_INIT?FLASH
  +--> ?PR?_PWM_INIT?PWM
  +--> ?PR?INIT_LCD_HT1621B?LCD_DISPLAY
  +--> ?PR?_DELAY_MS?DELAY
  +--> ?PR?_WDT_INIT?WDT
  +--> ?PR?PID_INIT?PID
  +--> ?PR?_SET_PWM?PWM
  +--> ?CO?MAIN
  +--> ?PR?PRINTF?PRINTF
  +--> ?PR?KEY_HANDLE?MAIN
  +--> ?PR?TEMPERATURE_HANDLE?MAIN
  +--> ?PR?CLEAR_WDT?WDT

?PR?ADC_INIT?ADC                            -----    -----      -----    -----      -----    -----
  +--> ?PR?_DELAY_US?DELAY

?PR?FLASH_INIT?FLASH                        -----    -----      -----    -----      0000H    0001H
  +--> ?PR?CHECK_FLASH?FLASH
  +--> ?CO?FLASH
  +--> ?PR?PRINTF?PRINTF
  +--> ?PR?_FLASH_READARR?FLASH
  +--> ?PR?_FLASH_ERASEBLOCK?FLASH
  +--> ?PR?_FLASH_WRITEARR?FLASH

?PR?CHECK_FLASH?FLASH                       -----    -----      -----    -----      -----    -----
  +--> ?PR?_FLASH_READ_ADDR?FLASH
BL51 BANKED LINKER/LOCATER V6.22                                                      09/07/2020  10:03:38  PAGE 6



?PR?PRINTF?PRINTF                           0021H.1  0001H.1    000DH    0005H      0036H    0030H
  +--> ?PR?_PUTCHAR?UART

?PR?_PUTCHAR?UART                           -----    -----      -----    -----      -----    -----
  +--> ?PR?_HAL_UART_PUTCHAR?UART

?PR?_FLASH_READARR?FLASH                    -----    -----      -----    -----      0008H    0005H

?PR?_FLASH_WRITEARR?FLASH                   -----    -----      -----    -----      0008H    0007H
  +--> ?PR?_FLASH_WRITEDATA?FLASH

?PR?INIT_LCD_HT1621B?LCD_DISPLAY            -----    -----      -----    -----      -----    -----
  +--> ?PR?HT1621_INIT_PIN?HT1621B
  +--> ?PR?_HT1621_SEND_CMD?HT1621B
  +--> ?PR?HT1621_ALL_CLEAR?LCD_DISPLAY
  +--> ?PR?HT1621_ALL_DISPLAY?LCD_DISPLAY

?PR?_HT1621_SEND_CMD?HT1621B                -----    -----      -----    -----      0007H    0001H
  +--> ?PR?_HT1621_SENDBIT_HIGHT?HT1621B

?PR?_HT1621_SENDBIT_HIGHT?HT1621B           -----    -----      -----    -----      0039H    0003H
  +--> ?PR?_LCD_DELAY_US?DELAY

?PR?_LCD_DELAY_US?DELAY                     -----    -----      -----    -----      -----    -----
  +--> ?PR?_DELAY_US?DELAY

?PR?HT1621_ALL_CLEAR?LCD_DISPLAY            -----    -----      -----    -----      0036H    0001H
  +--> ?PR?_HT1621_WRITE_BYTE?HT1621B

?PR?_HT1621_WRITE_BYTE?HT1621B              -----    -----      -----    -----      0037H    0002H
  +--> ?PR?_HT1621_SENDBIT_HIGHT?HT1621B
  +--> ?PR?_HT1621_SENDBIT_LOW?HT1621B

?PR?_HT1621_SENDBIT_LOW?HT1621B             -----    -----      -----    -----      0039H    0003H
  +--> ?PR?_LCD_DELAY_US?DELAY

?PR?HT1621_ALL_DISPLAY?LCD_DISPLAY          -----    -----      -----    -----      0000H    0001H
  +--> ?PR?_HT1621_WRITE_BYTE?HT1621B

?PR?KEY_HANDLE?MAIN                         -----    -----      -----    -----      0000H    0001H
  +--> ?PR?KEY_SCAN?KEY
  +--> ?PR?GET_DEVICE_STATE?FLASH
  +--> ?PR?_SET_DEVICE_STATE?FLASH
  +--> ?PR?HT1621_ALL_CLEAR?LCD_DISPLAY
  +--> ?PR?_SET_PWM?PWM
  +--> ?PR?SET_TIME_SEC?TIMER
  +--> ?PR?_SET_CORRECT_TIME?TIMER
  +--> ?PR?_SET_TEMP?MAIN
  +--> ?PR?_LCD_DISPLAY_GAP?LCD_DISPLAY
  +--> ?PR?_LCD_DISPLAY_TIME?LCD_DISPLAY
  +--> ?PR?FLAH_SAVE_DATA?FLASH

?PR?KEY_SCAN?KEY                            -----    -----      -----    -----      -----    -----
  +--> ?PR?KEY_DRIVER?KEY
  +--> ?PR?CALIBRATION_KEY_DRIVER?KEY
  +--> ?PR?GET_DEVICE_STATE?FLASH
BL51 BANKED LINKER/LOCATER V6.22                                                      09/07/2020  10:03:38  PAGE 7


  +--> ?PR?FLAH_SAVE_DATA?FLASH
  +--> ?PR?_DELAY_MS?DELAY

?PR?KEY_DRIVER?KEY                          -----    -----      -----    -----      0001H    0002H
  +--> ?PR?_DELAY_MS?DELAY

?PR?CALIBRATION_KEY_DRIVER?KEY              -----    -----      -----    -----      0001H    0002H
  +--> ?PR?_DELAY_MS?DELAY

?PR?FLAH_SAVE_DATA?FLASH                    -----    -----      -----    -----      -----    -----
  +--> ?PR?_FLASH_ERASEBLOCK?FLASH
  +--> ?PR?_FLASH_WRITEARR?FLASH
  +--> ?PR?_FLASH_READARR?FLASH

?PR?SET_TIME_SEC?TIMER                      -----    -----      -----    -----      -----    -----
  +--> ?CO?TIMER
  +--> ?PR?PRINTF?PRINTF

?PR?_LCD_DISPLAY_GAP?LCD_DISPLAY            -----    -----      -----    -----      0006H    0001H
  +--> ?PR?_HT1621_SEND_CMD?HT1621B
  +--> ?PR?_HT1621_WRITE_BYTE?HT1621B

?PR?_LCD_DISPLAY_TIME?LCD_DISPLAY           -----    -----      -----    -----      0006H    0001H
  +--> ?PR?_HT1621_SEND_CMD?HT1621B
  +--> ?PR?_HT1621_WRITE_BYTE?HT1621B

?PR?TEMPERATURE_HANDLE?MAIN                 -----    -----      -----    -----      0000H    0006H
  +--> ?PR?_GET_VOLTAGE?ADC
  +--> ?PR?_TEMP_CALC?MAIN
  +--> ?PR?_CALIBRATION_TEMPERATURE?MAIN
  +--> ?CO?MAIN
  +--> ?PR?PRINTF?PRINTF
  +--> ?PR?GET_DEVICE_STATE?FLASH
  +--> ?PR?PID_OPERATION?PID
  +--> ?PR?_CONTROLL_HEAT?TIMER
  +--> ?PR?_LCD_DISPLAY_TIME?LCD_DISPLAY
  +--> ?PR?_LCD_DISPLAY_GAP?LCD_DISPLAY
  +--> ?PR?_SET_PWM?PWM
  +--> ?PR?HT1621_ALL_CLEAR?LCD_DISPLAY
  +--> ?PR?_HT1621_SEND_CMD?HT1621B

?PR?_GET_VOLTAGE?ADC                        -----    -----      -----    -----      0006H    000BH
  +--> ?PR?GET_ADC_VAL?ADC
  +--> ?PR?GET_ADC_VAL_CH?ADC

?PR?_TEMP_CALC?MAIN                         -----    -----      -----    -----      0006H    000BH

?PR?_CALIBRATION_TEMPERATURE?MAIN           -----    -----      -----    -----      0006H    0002H
  +--> ?PR?_HAL_UART_PUTCHAR?UART
  +--> ?PR?FLAH_SAVE_DATA?FLASH
  +--> ?PR?_PRODUCTE_SEND_CMD?UART

?PR?_PRODUCTE_SEND_CMD?UART                 -----    -----      -----    -----      0008H    0005H
  +--> ?PR?_PRODUCTE_COM_SEND_DATA?UART

?PR?_PRODUCTE_COM_SEND_DATA?UART            -----    -----      -----    -----      000DH    0003H
  +--> ?PR?_PRODUCTE_COM_SEND_ONE_BIT?UART
BL51 BANKED LINKER/LOCATER V6.22                                                      09/07/2020  10:03:38  PAGE 8



?PR?_PRODUCTE_COM_SEND_ONE_BIT?UART         -----    -----      -----    -----      -----    -----
  +--> ?PR?_HAL_UART_PUTCHAR?UART

?PR?PID_OPERATION?PID                       -----    -----      -----    -----      0006H    0014H
  +--> ?CO?PID

?PR?_CONTROLL_HEAT?TIMER                    -----    -----      -----    -----      0006H    0004H
  +--> ?PR?_SET_PWM?PWM

*** NEW ROOT ***************************************************

?PR?TIMER0_RPT?TIMER                        -----    -----      -----    -----      -----    -----
  +--> ?PR?GET_DEVICE_STATE?FLASH
  +--> ?PR?SET_HEAT_VAL?TIMER
  +--> ?CO?TIMER
  +--> ?PR?_SET_DEVICE_STATE?FLASH
  +--> ?PR?HT1621_ALL_CLEAR?LCD_DISPLAY
  +--> ?PR?PRINTF?PRINTF
  +--> ?PR?_HEAT_OPERATION?TIMER

?PR?SET_HEAT_VAL?TIMER                      -----    -----      -----    -----      -----    -----
  +--> ?CO?TIMER
  +--> ?PR?PRINTF?PRINTF
  +--> ?PR?SET_CORRECT_VALUE?TIMER

?PR?_HEAT_OPERATION?TIMER                   -----    -----      -----    -----      -----    -----
  +--> ?PR?_SET_PWM?PWM



SYMBOL TABLE OF MODULE:  .\output\K9029 (?C_STARTUP)

  VALUE           TYPE          NAME
  ----------------------------------

  -------         MODULE        ?C_STARTUP
  C:21CBH         SEGMENT       ?C_C51STARTUP
  I:0023H         SEGMENT       ?STACK
  C:0000H         PUBLIC        ?C_STARTUP
  D:00E0H         SYMBOL        ACC
  D:00F0H         SYMBOL        B
  D:0083H         SYMBOL        DPH
  D:0082H         SYMBOL        DPL
  N:0000H         SYMBOL        IBPSTACK
  N:0100H         SYMBOL        IBPSTACKTOP
  N:0080H         SYMBOL        IDATALEN
  C:21CEH         SYMBOL        IDATALOOP
  N:0000H         SYMBOL        PBPSTACK
  N:0100H         SYMBOL        PBPSTACKTOP
  N:0000H         SYMBOL        PDATALEN
  N:0000H         SYMBOL        PDATASTART
  N:0000H         SYMBOL        PPAGE
  N:0000H         SYMBOL        PPAGEENABLE
  D:00A0H         SYMBOL        PPAGE_SFR
  D:0081H         SYMBOL        SP
  C:21CBH         SYMBOL        STARTUP1
BL51 BANKED LINKER/LOCATER V6.22                                                      09/07/2020  10:03:38  PAGE 9


  N:0000H         SYMBOL        XBPSTACK
  N:0000H         SYMBOL        XBPSTACKTOP
  N:0000H         SYMBOL        XDATALEN
  N:0000H         SYMBOL        XDATASTART
  C:0000H         LINE#         126
  C:21CBH         LINE#         133
  C:21CDH         LINE#         134
  C:21CEH         LINE#         135
  C:21CFH         LINE#         136
  C:21D1H         LINE#         185
  C:21D4H         LINE#         196
  -------         ENDMOD        ?C_STARTUP

  -------         MODULE        MAIN
  C:0000H         SYMBOL        _ICE_DUMMY_
  X:FF08H         PUBLIC        P1M0
  X:FF01H         PUBLIC        P0M1
  X:FF10H         PUBLIC        P2M0
  X:FF09H         PUBLIC        P1M1
  X:FF02H         PUBLIC        P0M2
  D:0080H         PUBLIC        P0
  X:FF11H         PUBLIC        P2M1
  X:FF0AH         PUBLIC        P1M2
  X:FF03H         PUBLIC        P0M3
  D:0090H         PUBLIC        P1
  X:FF12H         PUBLIC        P2M2
  X:FF0BH         PUBLIC        P1M3
  X:FF04H         PUBLIC        P0M4
  D:00A0H         PUBLIC        P2
  X:FF13H         PUBLIC        P2M3
  X:FF0CH         PUBLIC        P1M4
  X:FF05H         PUBLIC        P0M5
  D:00B0H         PUBLIC        P3
  X:FF14H         PUBLIC        P2M4
  X:FF0DH         PUBLIC        P1M5
  X:FF06H         PUBLIC        P0M6
  X:FF1CH         PUBLIC        P3M4
  X:FF15H         PUBLIC        P2M5
  X:FF0EH         PUBLIC        P1M6
  X:FF07H         PUBLIC        P0M7
  X:FF1DH         PUBLIC        P3M5
  X:FF16H         PUBLIC        P2M6
  X:FF0FH         PUBLIC        P1M7
  B:00A8H.7       PUBLIC        EA
  C:143BH         PUBLIC        temperature_handle
  X:FF17H         PUBLIC        P2M7
  X:FEBDH         PUBLIC        TRMEN
  C:2A01H         PUBLIC        device_init
  X:FE75H         PUBLIC        CTKVS
  D:00A8H         PUBLIC        IE
  D:00F8H         PUBLIC        RSTFR
  X:FF91H         PUBLIC        PWM01_MAP
  X:FFA3H         PUBLIC        SDA_MAP
  C:1B52H         SYMBOL        key_handle
  X:FFA5H         PUBLIC        SCK_MAP
  X:FFA2H         PUBLIC        SCL_MAP
  C:20ACH         PUBLIC        _Set_Temp
BL51 BANKED LINKER/LOCATER V6.22                                                      09/07/2020  10:03:38  PAGE 10


  C:2007H         PUBLIC        main
  C:1DDEH         PUBLIC        _calibration_temperature
  X:FEA4H         PUBLIC        BORC
  X:FE77H         PUBLIC        DSCR
  C:123BH         PUBLIC        _temp_calc
  X:FFA1H         PUBLIC        RXD_MAP
  X:FEA5H         PUBLIC        BORDBC
  X:FFA0H         PUBLIC        TXD_MAP
  X:FEBAH         PUBLIC        PINTE2
  D:0098H         PUBLIC        SCON
  D:0088H         PUBLIC        TCON
  X:FE95H         PUBLIC        SPOV_RSTEN
  X:FE74H         PUBLIC        RBCSEL
  X:FE9BH         PUBLIC        ADCC2
  X:FE76H         PUBLIC        CTKCLK
  X:FE91H         PUBLIC        CLKDIV
  D:00B8H         PUBLIC        IE1
  D:00D8H         PUBLIC        IE2
  X:FF80H         PUBLIC        T0_MAP
  X:FF81H         PUBLIC        T1_MAP
  X:FEAAH         PUBLIC        RSTDBC
  X:FF83H         PUBLIC        T3_MAP
  X:FF84H         PUBLIC        T4_MAP
  X:FEA0H         PUBLIC        WDTCCR
  X:FEBEH         PUBLIC        TRMV
  X:00CAH         PUBLIC        fault_std
  X:00CBH         PUBLIC        adc_cnt
  X:FE93H         PUBLIC        CLKOUT
  D:008EH         PUBLIC        CLKSWR
  X:00CDH         PUBLIC        first_heat_std
  X:FF90H         PUBLIC        PWM0_MAP
  C:2888H         PUBLIC        Protect
  X:FFA4H         PUBLIC        SS_MAP
  X:FE80H         PUBLIC        TCON1
  X:FF9CH         PUBLIC        PWM3_MAP
  X:FF8FH         PUBLIC        CLKO_MAP
  X:FE92H         PUBLIC        FREQ_CLK
  X:FEB0H         PUBLIC        PITS0
  X:FEB4H         PUBLIC        PITS4
  X:FFA7H         PUBLIC        MISO_MAP
  X:FFA6H         PUBLIC        MOSI_MAP
  D:00D0H         PUBLIC        PSW
  X:FF00H         PUBLIC        P0M0
  -------         PROC          DEVICE_INIT
  C:2A01H         LINE#         25
  C:2A01H         LINE#         26
  C:2A01H         LINE#         29
  C:2A04H         LINE#         30
  C:2A0AH         LINE#         31
  C:2A10H         LINE#         32
  -------         ENDPROC       DEVICE_INIT
  -------         PROC          KEY_HANDLE
  -------         DO            
  X:0000H         SYMBOL        key_val
  -------         ENDDO         
  C:1B52H         LINE#         35
  C:1B52H         LINE#         36
BL51 BANKED LINKER/LOCATER V6.22                                                      09/07/2020  10:03:38  PAGE 11


  C:1B52H         LINE#         37
  C:1B57H         LINE#         38
  C:1B5DH         LINE#         39
  C:1B5DH         LINE#         40
  C:1B65H         LINE#         41
  C:1B67H         LINE#         43
  C:1B67H         LINE#         44
  C:1B6CH         LINE#         45
  C:1B6CH         LINE#         46
  C:1B7AH         LINE#         47
  C:1B7AH         LINE#         49
  C:1B80H         LINE#         50
  C:1B80H         LINE#         52
  C:1B85H         LINE#         53
  C:1B88H         LINE#         54
  C:1B8DH         LINE#         55
  C:1B8DH         LINE#         57
  C:1B8DH         LINE#         58
  C:1B92H         LINE#         59
  C:1B95H         LINE#         61
  C:1B9BH         LINE#         62
  C:1BA3H         LINE#         63
  C:1BABH         LINE#         64
  C:1BB3H         LINE#         65
  C:1BBBH         LINE#         67
  C:1BBBH         LINE#         68
  C:1BBBH         LINE#         69
  C:1BC4H         LINE#         70
  C:1BC4H         LINE#         74
  C:1BCCH         LINE#         75
  C:1BCCH         LINE#         78
  C:1BD5H         LINE#         79
  C:1BD5H         LINE#         80
  C:1BD8H         LINE#         82
  C:1BDAH         LINE#         84
  C:1BDAH         LINE#         85
  C:1BE0H         LINE#         86
  C:1BE0H         LINE#         87
  C:1BEAH         LINE#         88
  C:1BEAH         LINE#         89
  C:1BEFH         LINE#         90
  C:1BEFH         LINE#         91
  C:1BF2H         LINE#         92
  C:1BF4H         LINE#         93
  C:1BFAH         LINE#         94
  C:1BFAH         LINE#         95
  C:1C00H         LINE#         96
  C:1C00H         LINE#         97
  C:1C00H         LINE#         99
  C:1C06H         LINE#         100
  C:1C09H         LINE#         101
  C:1C11H         LINE#         102
  C:1C19H         LINE#         104
  C:1C19H         LINE#         105
  C:1C1BH         LINE#         106
  C:1C22H         LINE#         107
  C:1C22H         LINE#         109
BL51 BANKED LINKER/LOCATER V6.22                                                      09/07/2020  10:03:38  PAGE 12


  C:1C2BH         LINE#         110
  C:1C2BH         LINE#         111
  C:1C2EH         LINE#         112
  C:1C30H         LINE#         114
  C:1C30H         LINE#         115
  C:1C35H         LINE#         116
  C:1C35H         LINE#         119
  C:1C3DH         LINE#         120
  C:1C40H         LINE#         121
  C:1C43H         LINE#         122
  C:1C43H         LINE#         123
  C:1C43H         LINE#         124
  -------         ENDPROC       KEY_HANDLE
  -------         PROC          _CALIBRATION_TEMPERATURE
  X:0006H         SYMBOL        temper
  -------         DO            
  D:0007H         SYMBOL        temp1
  -------         ENDDO         
  C:1DDEH         LINE#         127
  C:1DE6H         LINE#         128
  C:1DE6H         LINE#         129
  C:1DE6H         LINE#         130
  C:1DF6H         LINE#         131
  C:1DF6H         LINE#         132
  C:1DFCH         LINE#         133
  C:1E01H         LINE#         134
  C:1E06H         LINE#         136
  C:1E10H         LINE#         137
  C:1E10H         LINE#         138
  C:1E15H         LINE#         139
  C:1E15H         LINE#         140
  C:1E1BH         LINE#         141
  C:1E1FH         LINE#         142
  C:1E21H         LINE#         144
  C:1E21H         LINE#         145
  C:1E2EH         LINE#         147
  C:1E31H         LINE#         148
  C:1E37H         LINE#         149
  C:1E37H         LINE#         150
  C:1E47H         LINE#         151
  C:1E47H         LINE#         152
  C:1E4CH         LINE#         153
  C:1E4EH         LINE#         154
  C:1E4EH         LINE#         155
  C:1E51H         LINE#         156
  C:1E58H         LINE#         157
  C:1E58H         LINE#         158
  C:1E58H         LINE#         159
  C:1E60H         LINE#         160
  C:1E60H         LINE#         161
  C:1E74H         LINE#         162
  C:1E74H         LINE#         163
  C:1E78H         LINE#         164
  C:1E78H         LINE#         165
  C:1E90H         LINE#         166
  C:1E90H         LINE#         167
  C:1E98H         LINE#         169
BL51 BANKED LINKER/LOCATER V6.22                                                      09/07/2020  10:03:38  PAGE 13


  -------         ENDPROC       _CALIBRATION_TEMPERATURE
  -------         PROC          _TEMP_CALC
  X:0006H         SYMBOL        uR510
  X:0008H         SYMBOL        uRw
  -------         DO            
  X:000AH         SYMBOL        i
  X:000BH         SYMBOL        basi_tmp
  X:000CH         SYMBOL        k
  X:000DH         SYMBOL        u1
  -------         ENDDO         
  C:123BH         LINE#         173
  C:124DH         LINE#         174
  C:124DH         LINE#         175
  C:1252H         LINE#         176
  C:1256H         LINE#         177
  C:125AH         LINE#         178
  C:1262H         LINE#         180
  C:1281H         LINE#         181
  C:1281H         LINE#         182
  C:1284H         LINE#         183
  C:1284H         LINE#         186
  C:12FCH         LINE#         187
  C:1314H         LINE#         188
  C:1314H         LINE#         189
  C:1319H         LINE#         190
  C:1319H         LINE#         192
  C:1336H         LINE#         193
  C:1350H         LINE#         194
  C:1350H         LINE#         195
  C:1354H         LINE#         196
  C:1354H         LINE#         198
  C:1373H         LINE#         200
  C:1399H         LINE#         201
  C:1399H         LINE#         202
  C:1399H         LINE#         203
  C:1399H         LINE#         204
  C:13B8H         LINE#         205
  C:13BEH         LINE#         206
  C:13DAH         LINE#         207
  C:13DAH         LINE#         208
  C:13DAH         LINE#         209
  C:13DAH         LINE#         213
  C:13E3H         LINE#         215
  C:13E5H         LINE#         217
  C:13E5H         LINE#         218
  C:13E5H         LINE#         219
  C:13E5H         LINE#         220
  C:1404H         LINE#         221
  C:140AH         LINE#         222
  C:1424H         LINE#         223
  C:1424H         LINE#         224
  C:1424H         LINE#         225
  C:1424H         LINE#         230
  C:1433H         LINE#         231
  C:1433H         LINE#         234
  C:143AH         LINE#         235
  -------         ENDPROC       _TEMP_CALC
BL51 BANKED LINKER/LOCATER V6.22                                                      09/07/2020  10:03:38  PAGE 14


  -------         PROC          TEMPERATURE_HANDLE
  -------         DO            
  X:0000H         SYMBOL        temp
  X:0002H         SYMBOL        adc_val1
  X:0004H         SYMBOL        adc_val3
  X:00C9H         SYMBOL        error_std
  -------         ENDDO         
  C:143BH         LINE#         239
  C:143BH         LINE#         240
  C:143BH         LINE#         241
  C:1442H         LINE#         242
  C:144AH         LINE#         244
  C:1458H         LINE#         246
  C:146AH         LINE#         247
  C:146AH         LINE#         248
  C:146EH         LINE#         249
  C:1484H         LINE#         252
  C:149DH         LINE#         254
  C:14A8H         LINE#         255
  C:14B9H         LINE#         257
  C:14CBH         LINE#         258
  C:14CBH         LINE#         259
  C:14D1H         LINE#         260
  C:14D1H         LINE#         261
  C:14D8H         LINE#         262
  C:14D8H         LINE#         263
  C:14DAH         LINE#         264
  C:14EEH         LINE#         265
  C:14EEH         LINE#         266
  C:14EFH         LINE#         267
  C:14F5H         LINE#         268
  C:14F7H         LINE#         270
  C:14F7H         LINE#         271
  C:14F8H         LINE#         272
  C:14FDH         LINE#         273
  C:1501H         LINE#         274
  C:1501H         LINE#         275
  C:1501H         LINE#         277
  C:1507H         LINE#         278
  C:1507H         LINE#         279
  C:151EH         LINE#         280
  C:1521H         LINE#         281
  C:1523H         LINE#         282
  C:152AH         LINE#         283
  C:152AH         LINE#         284
  C:1539H         LINE#         285
  C:1539H         LINE#         286
  C:1541H         LINE#         287
  C:1549H         LINE#         289
  C:154BH         LINE#         291
  C:154BH         LINE#         292
  C:1552H         LINE#         293
  C:1552H         LINE#         294
  C:1557H         LINE#         295
  C:155AH         LINE#         296
  C:1562H         LINE#         297
  C:1568H         LINE#         298
BL51 BANKED LINKER/LOCATER V6.22                                                      09/07/2020  10:03:38  PAGE 15


  C:156AH         LINE#         300
  C:156AH         LINE#         301
  C:156FH         LINE#         302
  C:1574H         LINE#         303
  C:1579H         LINE#         304
  C:1579H         LINE#         305
  C:1579H         LINE#         306
  C:157EH         LINE#         307
  C:157FH         LINE#         309
  C:157FH         LINE#         310
  C:1584H         LINE#         311
  C:1588H         LINE#         312
  C:158BH         LINE#         313
  C:1590H         LINE#         314
  C:1596H         LINE#         315
  C:159AH         LINE#         316
  C:15A0H         LINE#         317
  C:15A0H         LINE#         319
  C:15A0H         LINE#         322
  -------         ENDPROC       TEMPERATURE_HANDLE
  -------         PROC          MAIN
  C:2007H         LINE#         327
  C:2007H         LINE#         328
  C:2007H         LINE#         329
  C:200AH         LINE#         331
  C:200DH         LINE#         332
  C:2010H         LINE#         333
  C:2012H         LINE#         334
  C:2015H         LINE#         335
  C:2018H         LINE#         336
  C:201BH         LINE#         337
  C:2022H         LINE#         338
  C:2025H         LINE#         339
  C:202CH         LINE#         340
  C:2031H         LINE#         341
  C:2034H         LINE#         342
  C:2039H         LINE#         343
  C:2042H         LINE#         344
  C:2055H         LINE#         345
  C:206CH         LINE#         346
  C:2082H         LINE#         347
  C:2098H         LINE#         348
  C:20A1H         LINE#         350
  C:20A1H         LINE#         351
  C:20A1H         LINE#         352
  C:20A4H         LINE#         353
  C:20A7H         LINE#         356
  C:20AAH         LINE#         358
  -------         ENDPROC       MAIN
  -------         PROC          _SET_TEMP
  D:0007H         SYMBOL        gap
  C:20ACH         LINE#         363
  C:20ACH         LINE#         364
  C:20ACH         LINE#         366
  C:20DAH         LINE#         367
  C:20DAH         LINE#         368
  C:20DAH         LINE#         369
BL51 BANKED LINKER/LOCATER V6.22                                                      09/07/2020  10:03:38  PAGE 16


  C:20E4H         LINE#         370
  C:20E5H         LINE#         371
  C:20E5H         LINE#         372
  C:20EFH         LINE#         373
  C:20F0H         LINE#         374
  C:20F0H         LINE#         375
  C:20FAH         LINE#         376
  C:20FBH         LINE#         377
  C:20FBH         LINE#         378
  C:2105H         LINE#         379
  C:2106H         LINE#         380
  C:2106H         LINE#         381
  C:2110H         LINE#         382
  C:2111H         LINE#         383
  C:2111H         LINE#         384
  C:211BH         LINE#         385
  C:211CH         LINE#         386
  C:211CH         LINE#         387
  C:2126H         LINE#         388
  C:2127H         LINE#         389
  C:2127H         LINE#         390
  C:2127H         LINE#         391
  C:2127H         LINE#         392
  C:2131H         LINE#         394
  C:2132H         LINE#         395
  C:2132H         LINE#         396
  C:213CH         LINE#         397
  C:213CH         LINE#         398
  C:213CH         LINE#         399
  -------         ENDPROC       _SET_TEMP
  -------         PROC          PROTECT
  C:2888H         LINE#         404
  C:2888H         LINE#         405
  C:2888H         LINE#         406
  C:288FH         LINE#         407
  C:288FH         LINE#         408
  C:2898H         LINE#         409
  C:2898H         LINE#         410
  C:289BH         LINE#         411
  C:289FH         LINE#         412
  C:28A2H         LINE#         413
  C:28A7H         LINE#         414
  C:28A7H         LINE#         415
  C:28A7H         LINE#         416
  -------         ENDPROC       PROTECT
  -------         ENDMOD        MAIN

  -------         MODULE        FLASH
  C:0000H         SYMBOL        _ICE_DUMMY_
  D:0080H         PUBLIC        P0
  D:0090H         PUBLIC        P1
  D:00A0H         PUBLIC        P2
  D:00B0H         PUBLIC        P3
  B:00A8H.7       PUBLIC        EA
  C:23F5H         PUBLIC        _Flash_WriteArr
  C:0003H         PUBLIC        _flash_read_addr
  D:00A8H         PUBLIC        IE
BL51 BANKED LINKER/LOCATER V6.22                                                      09/07/2020  10:03:38  PAGE 17


  D:00FCH         PUBLIC        IAP_CMD
  D:00F8H         PUBLIC        RSTFR
  C:2A5BH         PUBLIC        get_device_state
  X:00B5H         PUBLIC        flash_info
  C:2A61H         PUBLIC        _set_device_state
  C:16E4H         PUBLIC        flash_init
  C:281EH         PUBLIC        flah_save_data
  C:2844H         PUBLIC        _Flash_EraseBlock
  D:0098H         PUBLIC        SCON
  D:0088H         PUBLIC        TCON
  D:00B8H         PUBLIC        IE1
  D:00D8H         PUBLIC        IE2
  D:00FBH         PUBLIC        IAP_DATA
  D:00F9H         PUBLIC        IAP_ADDR
  C:27CFH         PUBLIC        _FLASH_WriteData
  C:271AH         SYMBOL        check_flash
  X:00BAH         PUBLIC        flash_check
  C:25A5H         PUBLIC        _Flash_ReadArr
  X:00BEH         PUBLIC        device_state
  D:00D0H         PUBLIC        PSW
  -------         PROC          GET_DEVICE_STATE
  C:2A5BH         LINE#         9
  C:2A5BH         LINE#         10
  C:2A5BH         LINE#         11
  C:2A60H         LINE#         12
  -------         ENDPROC       GET_DEVICE_STATE
  -------         PROC          _SET_DEVICE_STATE
  D:0007H         SYMBOL        state
  C:2A61H         LINE#         14
  C:2A61H         LINE#         15
  C:2A61H         LINE#         16
  C:2A66H         LINE#         17
  -------         ENDPROC       _SET_DEVICE_STATE
  -------         PROC          _FLASH_ERASEBLOCK
  D:0006H         SYMBOL        addr
  C:2844H         LINE#         27
  C:284BH         LINE#         28
  C:284BH         LINE#         29
  C:2851H         LINE#         30
  C:2855H         LINE#         31
  C:285BH         LINE#         32
  C:2861H         LINE#         33
  -------         ENDPROC       _FLASH_ERASEBLOCK
  -------         PROC          _FLASH_WRITEDATA
  D:0007H         SYMBOL        fuc_SaveData
  D:0004H         SYMBOL        addr
  C:27CFH         LINE#         43
  C:27D6H         LINE#         44
  C:27D6H         LINE#         45
  C:27D8H         LINE#         46
  C:27DEH         LINE#         47
  C:27E6H         LINE#         48
  C:27ECH         LINE#         49
  C:27F2H         LINE#         50
  -------         ENDPROC       _FLASH_WRITEDATA
  -------         PROC          L?0030
  -------         ENDPROC       L?0030
BL51 BANKED LINKER/LOCATER V6.22                                                      09/07/2020  10:03:38  PAGE 18


  -------         PROC          _FLASH_WRITEARR
  X:0008H         SYMBOL        fui_Address
  X:000AH         SYMBOL        len
  X:000BH         SYMBOL        fucp_SaveArr
  -------         DO            
  X:000EH         SYMBOL        i
  -------         ENDDO         
  C:23F5H         LINE#         62
  C:2410H         LINE#         63
  C:2410H         LINE#         64
  C:2413H         LINE#         66
  C:2415H         LINE#         67
  C:2423H         LINE#         68
  C:2423H         LINE#         69
  C:2447H         LINE#         70
  C:244FH         LINE#         71
  C:2451H         LINE#         72
  -------         ENDPROC       _FLASH_WRITEARR
  -------         PROC          _FLASH_READ_ADDR
  D:0082H         SYMBOL        address
  -------         DO            
  D:0007H         SYMBOL        val
  -------         ENDDO         
  C:0003H         LINE#         74
  C:0007H         LINE#         75
  C:0007H         LINE#         76
  C:0008H         LINE#         77
  C:000AH         LINE#         78
  C:000AH         LINE#         79
  -------         ENDPROC       _FLASH_READ_ADDR
  -------         PROC          _FLASH_READARR
  X:0008H         SYMBOL        fui_Address
  D:0005H         SYMBOL        fuc_Length
  X:000AH         SYMBOL        fucp_SaveArr
  C:25A5H         LINE#         91
  C:25B6H         LINE#         92
  C:25B6H         LINE#         93
  C:25BCH         LINE#         94
  C:25BCH         LINE#         95
  C:25E2H         LINE#         96
  C:25E4H         LINE#         97
  -------         ENDPROC       _FLASH_READARR
  -------         PROC          CHECK_FLASH
  -------         DO            
  D:0005H         SYMBOL        i
  D:0004H         SYMBOL        cnt
  -------         ENDDO         
  C:271AH         LINE#         99
  C:271AH         LINE#         100
  C:271AH         LINE#         101
  C:271DH         LINE#         103
  C:271DH         LINE#         104
  C:271DH         LINE#         105
  C:2736H         LINE#         106
  C:2736H         LINE#         107
  C:2737H         LINE#         108
  C:2739H         LINE#         110
BL51 BANKED LINKER/LOCATER V6.22                                                      09/07/2020  10:03:38  PAGE 19


  C:2739H         LINE#         111
  C:273CH         LINE#         112
  C:273CH         LINE#         113
  C:2741H         LINE#         114
  C:2747H         LINE#         115
  C:2747H         LINE#         116
  C:274AH         LINE#         117
  C:274AH         LINE#         118
  C:274CH         LINE#         119
  -------         ENDPROC       CHECK_FLASH
  -------         PROC          FLASH_INIT
  -------         DO            
  X:0000H         SYMBOL        init_flag
  -------         ENDDO         
  C:16E4H         LINE#         122
  C:16E4H         LINE#         123
  C:16E4H         LINE#         124
  C:16E9H         LINE#         127
  C:16EFH         LINE#         129
  C:16F5H         LINE#         130
  C:16F5H         LINE#         131
  C:16FAH         LINE#         132
  C:16FCH         LINE#         134
  C:16FCH         LINE#         135
  C:1705H         LINE#         136
  C:1714H         LINE#         137
  C:1737H         LINE#         138
  C:175AH         LINE#         139
  C:1763H         LINE#         140
  C:1772H         LINE#         141
  C:1772H         LINE#         142
  C:1778H         LINE#         143
  C:1778H         LINE#         144
  C:1778H         LINE#         145
  C:1783H         LINE#         146
  C:1783H         LINE#         147
  C:178CH         LINE#         148
  C:1792H         LINE#         149
  C:1796H         LINE#         150
  C:179DH         LINE#         151
  C:17A8H         LINE#         152
  C:17ABH         LINE#         153
  C:17BAH         LINE#         154
  C:17F7H         LINE#         155
  C:1800H         LINE#         156
  C:1800H         LINE#         157
  -------         ENDPROC       FLASH_INIT
  -------         PROC          FLAH_SAVE_DATA
  C:281EH         LINE#         161
  C:281EH         LINE#         162
  C:281EH         LINE#         164
  C:2825H         LINE#         165
  C:2832H         LINE#         166
  C:2835H         LINE#         167
  -------         ENDPROC       FLAH_SAVE_DATA
  -------         ENDMOD        FLASH

BL51 BANKED LINKER/LOCATER V6.22                                                      09/07/2020  10:03:38  PAGE 20


  -------         MODULE        DELAY
  C:0000H         SYMBOL        _ICE_DUMMY_
  D:0080H         PUBLIC        P0
  D:0090H         PUBLIC        P1
  D:00A0H         PUBLIC        P2
  D:00B0H         PUBLIC        P3
  D:00A8H         PUBLIC        IE
  D:00F8H         PUBLIC        RSTFR
  D:0098H         PUBLIC        SCON
  D:0088H         PUBLIC        TCON
  D:00B8H         PUBLIC        IE1
  D:00D8H         PUBLIC        IE2
  C:29A8H         PUBLIC        _delay_ms
  C:2A11H         PUBLIC        _delay_us
  C:2A7BH         PUBLIC        _lcd_delay_us
  D:00D0H         PUBLIC        PSW
  -------         PROC          _DELAY_US
  D:0006H         SYMBOL        us
  C:2A11H         LINE#         4
  C:2A11H         LINE#         5
  C:2A11H         LINE#         6
  C:2A1AH         LINE#         7
  C:2A1AH         LINE#         8
  C:2A1CH         LINE#         9
  C:2A1EH         LINE#         10
  -------         ENDPROC       _DELAY_US
  -------         PROC          _DELAY_MS
  D:0006H         SYMBOL        ms
  -------         DO            
  D:0004H         SYMBOL        i
  -------         ENDDO         
  C:29A8H         LINE#         12
  C:29A8H         LINE#         13
  C:29A8H         LINE#         15
  C:29A8H         LINE#         16
  C:29ACH         LINE#         17
  C:29B5H         LINE#         18
  C:29BEH         LINE#         19
  -------         ENDPROC       _DELAY_MS
  -------         PROC          _LCD_DELAY_US
  D:0006H         SYMBOL        time
  C:2A7BH         LINE#         21
  C:2A7BH         LINE#         22
  C:2A7BH         LINE#         23
  -------         ENDPROC       _LCD_DELAY_US
  -------         ENDMOD        DELAY

  -------         MODULE        HT1621B
  C:0000H         SYMBOL        _ICE_DUMMY_
  D:0080H         PUBLIC        P0
  D:0090H         PUBLIC        P1
  D:00A0H         PUBLIC        P2
  D:00B0H         PUBLIC        P3
  D:00A8H         PUBLIC        IE
  B:0090H.0       PUBLIC        P1_0
  B:0090H.1       PUBLIC        P1_1
  D:00F8H         PUBLIC        RSTFR
BL51 BANKED LINKER/LOCATER V6.22                                                      09/07/2020  10:03:38  PAGE 21


  B:0080H.6       PUBLIC        P0_6
  B:0080H.7       PUBLIC        P0_7
  C:2624H         PUBLIC        _ht1621_sendbit_low
  D:0098H         PUBLIC        SCON
  D:0088H         PUBLIC        TCON
  D:00B8H         PUBLIC        IE1
  D:00D8H         PUBLIC        IE2
  C:295AH         PUBLIC        _ht1621_send_cmd
  C:277AH         PUBLIC        _ht1621_write_byte
  C:293FH         PUBLIC        ht1621_init_pin
  C:25E5H         PUBLIC        _ht1621_sendbit_hight
  C:2A52H         PUBLIC        release_ht1621b_pin
  D:00D0H         PUBLIC        PSW
  -------         PROC          HT1621_INIT_PIN
  C:293FH         LINE#         6
  C:293FH         LINE#         7
  C:293FH         LINE#         8
  C:2945H         LINE#         9
  C:2949H         LINE#         10
  C:294DH         LINE#         11
  C:2951H         LINE#         13
  C:2953H         LINE#         14
  C:2955H         LINE#         15
  C:2957H         LINE#         16
  C:2959H         LINE#         17
  -------         ENDPROC       HT1621_INIT_PIN
  -------         PROC          _HT1621_SENDBIT_HIGHT
  X:0039H         SYMBOL        dat
  X:003AH         SYMBOL        cnt
  -------         DO            
  X:003BH         SYMBOL        i
  -------         ENDDO         
  C:25E5H         LINE#         20
  C:25EDH         LINE#         21
  C:25EDH         LINE#         22
  C:25F0H         LINE#         24
  C:25FCH         LINE#         25
  C:25FCH         LINE#         26
  C:25FEH         LINE#         27
  C:2605H         LINE#         28
  C:2609H         LINE#         30
  C:260BH         LINE#         31
  C:260DH         LINE#         32
  C:2614H         LINE#         33
  C:261BH         LINE#         34
  C:2623H         LINE#         35
  -------         ENDPROC       _HT1621_SENDBIT_HIGHT
  -------         PROC          _HT1621_SENDBIT_LOW
  X:0039H         SYMBOL        dat
  X:003AH         SYMBOL        cnt
  -------         DO            
  X:003BH         SYMBOL        i
  -------         ENDDO         
  C:2624H         LINE#         37
  C:262CH         LINE#         38
  C:262CH         LINE#         39
  C:262FH         LINE#         41
BL51 BANKED LINKER/LOCATER V6.22                                                      09/07/2020  10:03:38  PAGE 22


  C:263BH         LINE#         42
  C:263BH         LINE#         43
  C:263DH         LINE#         44
  C:2644H         LINE#         45
  C:2648H         LINE#         47
  C:264AH         LINE#         48
  C:264CH         LINE#         49
  C:2653H         LINE#         50
  C:265AH         LINE#         51
  C:2662H         LINE#         52
  -------         ENDPROC       _HT1621_SENDBIT_LOW
  -------         PROC          _HT1621_SEND_CMD
  X:0007H         SYMBOL        command
  C:295AH         LINE#         55
  C:295FH         LINE#         56
  C:295FH         LINE#         57
  C:2961H         LINE#         58
  C:2968H         LINE#         59
  C:2972H         LINE#         60
  C:2974H         LINE#         61
  -------         ENDPROC       _HT1621_SEND_CMD
  -------         PROC          _HT1621_WRITE_BYTE
  X:0037H         SYMBOL        addr
  X:0038H         SYMBOL        dat
  C:277AH         LINE#         63
  C:2782H         LINE#         64
  C:2782H         LINE#         65
  C:2784H         LINE#         66
  C:278BH         LINE#         67
  C:2799H         LINE#         68
  C:27A3H         LINE#         69
  C:27A5H         LINE#         70
  -------         ENDPROC       _HT1621_WRITE_BYTE
  -------         PROC          RELEASE_HT1621B_PIN
  C:2A52H         LINE#         72
  C:2A52H         LINE#         73
  C:2A52H         LINE#         74
  C:2A54H         LINE#         75
  C:2A56H         LINE#         76
  C:2A58H         LINE#         77
  C:2A5AH         LINE#         78
  -------         ENDPROC       RELEASE_HT1621B_PIN
  -------         ENDMOD        HT1621B

  -------         MODULE        LCD_DISPLAY
  C:0000H         SYMBOL        _ICE_DUMMY_
  D:0080H         PUBLIC        P0
  D:0090H         PUBLIC        P1
  D:00A0H         PUBLIC        P2
  D:00B0H         PUBLIC        P3
  D:00A8H         PUBLIC        IE
  C:2A1FH         PUBLIC        lcd_turn_off_time
  D:00F8H         PUBLIC        RSTFR
  C:28E7H         PUBLIC        ht1621_all_display
  X:00CEH         PUBLIC        Blink_std
  C:2257H         PUBLIC        _lcd_display_time
  X:00CFH         PUBLIC        cali_display_std
BL51 BANKED LINKER/LOCATER V6.22                                                      09/07/2020  10:03:38  PAGE 23


  C:1A55H         PUBLIC        _lcd_display_gap
  C:2905H         PUBLIC        ht1621_all_clear
  D:0098H         PUBLIC        SCON
  D:0088H         PUBLIC        TCON
  C:27F7H         PUBLIC        init_lcd_ht1621b
  C:2A72H         PUBLIC        lcd_ht1621b_off
  D:00B8H         PUBLIC        IE1
  D:00D8H         PUBLIC        IE2
  C:2A6DH         PUBLIC        lcd_ht1621b_on
  D:00D0H         PUBLIC        PSW
  -------         PROC          LCD_HT1621B_ON
  C:2A6DH         LINE#         15
  C:2A6DH         LINE#         16
  C:2A6DH         LINE#         17
  -------         ENDPROC       LCD_HT1621B_ON
  -------         PROC          LCD_HT1621B_OFF
  C:2A72H         LINE#         20
  C:2A72H         LINE#         21
  C:2A72H         LINE#         22
  -------         ENDPROC       LCD_HT1621B_OFF
  -------         PROC          HT1621_ALL_DISPLAY
  -------         DO            
  X:0000H         SYMBOL        i
  -------         ENDDO         
  C:28E7H         LINE#         25
  C:28E7H         LINE#         26
  C:28E7H         LINE#         27
  C:28ECH         LINE#         29
  C:28F7H         LINE#         30
  C:28F7H         LINE#         31
  C:28FCH         LINE#         32
  C:2904H         LINE#         34
  -------         ENDPROC       HT1621_ALL_DISPLAY
  -------         PROC          HT1621_ALL_CLEAR
  -------         DO            
  X:0036H         SYMBOL        i
  -------         ENDDO         
  C:2905H         LINE#         36
  C:2905H         LINE#         37
  C:2905H         LINE#         38
  C:290AH         LINE#         40
  C:2915H         LINE#         41
  C:2915H         LINE#         42
  C:291AH         LINE#         43
  C:2922H         LINE#         45
  -------         ENDPROC       HT1621_ALL_CLEAR
  -------         PROC          INIT_LCD_HT1621B
  C:27F7H         LINE#         47
  C:27F7H         LINE#         48
  C:27F7H         LINE#         49
  C:27FAH         LINE#         51
  C:27FFH         LINE#         52
  C:2804H         LINE#         53
  C:2809H         LINE#         54
  C:280EH         LINE#         55
  C:2813H         LINE#         56
  C:2818H         LINE#         57
BL51 BANKED LINKER/LOCATER V6.22                                                      09/07/2020  10:03:38  PAGE 24


  C:281BH         LINE#         58
  -------         ENDPROC       INIT_LCD_HT1621B
  -------         PROC          LCD_TURN_OFF_TIME
  C:2A1FH         LINE#         61
  C:2A1FH         LINE#         62
  C:2A1FH         LINE#         63
  C:2A26H         LINE#         64
  -------         ENDPROC       LCD_TURN_OFF_TIME
  -------         PROC          _LCD_DISPLAY_TIME
  X:0006H         SYMBOL        time_type
  C:2257H         LINE#         110
  C:225CH         LINE#         111
  C:225CH         LINE#         112
  C:2261H         LINE#         113
  C:2268H         LINE#         114
  C:226FH         LINE#         115
  C:2286H         LINE#         116
  C:2286H         LINE#         117
  C:2286H         LINE#         118
  C:228DH         LINE#         119
  C:228FH         LINE#         120
  C:228FH         LINE#         121
  C:2291H         LINE#         122
  C:2291H         LINE#         123
  C:2298H         LINE#         124
  C:229AH         LINE#         125
  C:229AH         LINE#         126
  C:229CH         LINE#         127
  C:229CH         LINE#         128
  C:22A3H         LINE#         129
  C:22A5H         LINE#         130
  C:22A5H         LINE#         131
  C:22A7H         LINE#         132
  C:22A7H         LINE#         133
  C:22AEH         LINE#         134
  C:22B5H         LINE#         135
  C:22B7H         LINE#         136
  C:22B9H         LINE#         137
  C:22B9H         LINE#         138
  C:22C0H         LINE#         139
  C:22C7H         LINE#         140
  C:22C9H         LINE#         141
  C:22CBH         LINE#         142
  C:22CBH         LINE#         143
  C:22D2H         LINE#         144
  C:22D9H         LINE#         145
  C:22E0H         LINE#         146
  C:22E0H         LINE#         147
  C:22E0H         LINE#         148
  -------         ENDPROC       _LCD_DISPLAY_TIME
  -------         PROC          _LCD_DISPLAY_GAP
  X:0006H         SYMBOL        gap
  C:1A55H         LINE#         150
  C:1A5AH         LINE#         151
  C:1A5AH         LINE#         152
  C:1A5FH         LINE#         153
  C:1A66H         LINE#         154
BL51 BANKED LINKER/LOCATER V6.22                                                      09/07/2020  10:03:38  PAGE 25


  C:1A6DH         LINE#         155
  C:1A75H         LINE#         156
  C:1A75H         LINE#         157
  C:1A7BH         LINE#         158
  C:1A7BH         LINE#         159
  C:1A7DH         LINE#         160
  C:1A7DH         LINE#         161
  C:1A7DH         LINE#         162
  C:1A80H         LINE#         164
  C:1A80H         LINE#         165
  C:1A80H         LINE#         166
  C:1A80H         LINE#         167
  C:1A80H         LINE#         168
  C:1A80H         LINE#         169
  C:1A83H         LINE#         170
  C:1A8AH         LINE#         171
  C:1A8AH         LINE#         172
  C:1A8CH         LINE#         173
  C:1A8EH         LINE#         174
  C:1A95H         LINE#         175
  C:1A95H         LINE#         176
  C:1A9CH         LINE#         177
  C:1A9EH         LINE#         178
  C:1AA0H         LINE#         179
  C:1AA7H         LINE#         180
  C:1AA7H         LINE#         181
  C:1AAEH         LINE#         182
  C:1AB0H         LINE#         183
  C:1AB2H         LINE#         184
  C:1AB9H         LINE#         185
  C:1AB9H         LINE#         186
  C:1AC0H         LINE#         187
  C:1AC2H         LINE#         188
  C:1AC4H         LINE#         189
  C:1ACBH         LINE#         190
  C:1ACBH         LINE#         191
  C:1AD2H         LINE#         192
  C:1AD4H         LINE#         193
  C:1AD6H         LINE#         194
  C:1ADDH         LINE#         195
  C:1ADDH         LINE#         196
  C:1AE4H         LINE#         197
  C:1AE6H         LINE#         198
  C:1AE8H         LINE#         199
  C:1AEFH         LINE#         200
  C:1AEFH         LINE#         201
  C:1AF3H         LINE#         202
  C:1AF5H         LINE#         203
  C:1AFCH         LINE#         204
  C:1AFCH         LINE#         205
  C:1B03H         LINE#         206
  C:1B07H         LINE#         207
  C:1B09H         LINE#         208
  C:1B10H         LINE#         209
  C:1B10H         LINE#         210
  C:1B17H         LINE#         211
  C:1B1BH         LINE#         212
BL51 BANKED LINKER/LOCATER V6.22                                                      09/07/2020  10:03:38  PAGE 26


  C:1B1DH         LINE#         213
  C:1B24H         LINE#         214
  C:1B24H         LINE#         215
  C:1B2AH         LINE#         216
  C:1B2AH         LINE#         217
  C:1B31H         LINE#         218
  C:1B38H         LINE#         219
  C:1B3EH         LINE#         220
  C:1B3FH         LINE#         222
  C:1B3FH         LINE#         223
  C:1B44H         LINE#         224
  C:1B4AH         LINE#         225
  C:1B51H         LINE#         226
  C:1B51H         LINE#         227
  C:1B51H         LINE#         229
  -------         ENDPROC       _LCD_DISPLAY_GAP
  -------         ENDMOD        LCD_DISPLAY

  -------         MODULE        UART
  C:0000H         SYMBOL        _ICE_DUMMY_
  D:0080H         PUBLIC        P0
  D:0090H         PUBLIC        P1
  D:00A0H         PUBLIC        P2
  D:00B0H         PUBLIC        P3
  C:2517H         PUBLIC        UART1_Rpt
  D:00A8H         PUBLIC        IE
  C:28C8H         PUBLIC        _producte_send_cmd
  D:00F8H         PUBLIC        RSTFR
  C:274DH         SYMBOL        _producte_com_send_data
  B:0098H.1       PUBLIC        TI
  X:0066H         PUBLIC        usart_rx_cnt
  D:0099H         PUBLIC        SBUF
  C:2A3AH         PUBLIC        _hal_uart_putchar
  D:0098H         PUBLIC        SCON
  D:0088H         PUBLIC        TCON
  X:0067H         PUBLIC        temper_val
  D:00B8H         PUBLIC        IE1
  D:00D8H         PUBLIC        IE2
  B:00A8H.4       PUBLIC        ES1
  D:00CEH         PUBLIC        TH4
  D:00CDH         PUBLIC        TL4
  C:27A6H         PUBLIC        uart_init
  X:0068H         PUBLIC        usart_rx_buffer
  C:2A7EH         SYMBOL        _producte_com_send_one_bit
  D:009EH         PUBLIC        SCON2
  D:00CCH         PUBLIC        T4CON
  X:0086H         PUBLIC        usart_rx_flag
  D:00D0H         PUBLIC        PSW
  C:2A67H         PUBLIC        _putchar
  -------         PROC          UART_INIT
  C:27A6H         LINE#         28
  C:27A6H         LINE#         29
  C:27A6H         LINE#         31
  C:27ACH         LINE#         32
  C:27B2H         LINE#         33
  C:27B8H         LINE#         34
  C:27BDH         LINE#         48
BL51 BANKED LINKER/LOCATER V6.22                                                      09/07/2020  10:03:38  PAGE 27


  C:27C0H         LINE#         49
  C:27C3H         LINE#         50
  C:27C6H         LINE#         51
  C:27C9H         LINE#         52
  C:27CCH         LINE#         53
  C:27CEH         LINE#         55
  -------         ENDPROC       UART_INIT
  -------         PROC          _HAL_UART_PUTCHAR
  D:0007H         SYMBOL        Char
  C:2A3AH         LINE#         59
  C:2A3AH         LINE#         60
  C:2A3AH         LINE#         61
  C:2A3CH         LINE#         62
  C:2A3EH         LINE#         63
  C:2A41H         LINE#         64
  C:2A43H         LINE#         65
  C:2A45H         LINE#         68
  -------         ENDPROC       _HAL_UART_PUTCHAR
  -------         PROC          _PRODUCTE_COM_SEND_ONE_BIT
  D:0007H         SYMBOL        Data
  C:2A7EH         LINE#         75
  C:2A7EH         LINE#         76
  C:2A7EH         LINE#         77
  -------         ENDPROC       _PRODUCTE_COM_SEND_ONE_BIT
  -------         PROC          _PRODUCTE_COM_SEND_DATA
  X:000DH         SYMBOL        Data
  D:0005H         SYMBOL        len
  -------         DO            
  D:0006H         SYMBOL        i
  -------         ENDDO         
  C:274DH         LINE#         84
  C:2758H         LINE#         85
  C:2758H         LINE#         87
  C:275FH         LINE#         88
  C:275FH         LINE#         89
  C:2776H         LINE#         90
  C:2779H         LINE#         91
  -------         ENDPROC       _PRODUCTE_COM_SEND_DATA
  -------         PROC          _PRODUCTE_SEND_CMD
  D:0007H         SYMBOL        funcode
  D:0005H         SYMBOL        Data
  -------         DO            
  X:0008H         SYMBOL        cmd_t
  -------         ENDDO         
  C:28C8H         LINE#         98
  C:28C8H         LINE#         99
  C:28C8H         LINE#         101
  C:28CEH         LINE#         102
  C:28D1H         LINE#         103
  C:28D4H         LINE#         104
  C:28D8H         LINE#         105
  C:28DCH         LINE#         106
  -------         ENDPROC       _PRODUCTE_SEND_CMD
  -------         PROC          _PUTCHAR
  D:0006H         SYMBOL        c
  C:2A67H         LINE#         111
  C:2A69H         LINE#         112
BL51 BANKED LINKER/LOCATER V6.22                                                      09/07/2020  10:03:38  PAGE 28


  C:2A69H         LINE#         113
  C:2A6CH         LINE#         114
  C:2A6CH         LINE#         115
  -------         ENDPROC       _PUTCHAR
  -------         PROC          UART1_RPT
  -------         DO            
  D:0007H         SYMBOL        Data
  -------         ENDDO         
  C:2517H         LINE#         118
  C:2524H         LINE#         120
  C:2524H         LINE#         121
  C:2529H         LINE#         122
  C:2529H         LINE#         123
  C:252BH         LINE#         125
  C:252EH         LINE#         127
  C:2538H         LINE#         128
  C:2538H         LINE#         129
  C:2538H         LINE#         130
  C:253CH         LINE#         131
  C:253CH         LINE#         132
  C:2540H         LINE#         133
  C:2546H         LINE#         135
  C:254CH         LINE#         139
  C:254CH         LINE#         140
  C:254EH         LINE#         141
  C:254EH         LINE#         143
  C:2553H         LINE#         145
  C:2559H         LINE#         147
  C:2559H         LINE#         149
  C:2559H         LINE#         152
  C:2559H         LINE#         153
  -------         ENDPROC       UART1_RPT
  -------         ENDMOD        UART

  -------         MODULE        KEY
  C:0000H         SYMBOL        _ICE_DUMMY_
  D:0080H         PUBLIC        P0
  D:0090H         PUBLIC        P1
  D:00A0H         PUBLIC        P2
  D:00B0H         PUBLIC        P3
  C:1F50H         SYMBOL        Calibration_key_driver
  D:00A8H         PUBLIC        IE
  D:00F8H         PUBLIC        RSTFR
  B:00A0H.5       PUBLIC        P2_5
  B:00B0H.5       PUBLIC        P3_5
  B:00A0H.6       PUBLIC        P2_6
  D:0098H         PUBLIC        SCON
  D:0088H         PUBLIC        TCON
  C:1E99H         SYMBOL        key_driver
  X:00C8H         PUBLIC        calibration_std
  D:00B8H         PUBLIC        IE1
  D:00D8H         PUBLIC        IE2
  C:236BH         PUBLIC        key_scan
  C:000EH         PUBLIC        key_init
  D:00D0H         PUBLIC        PSW
  -------         PROC          KEY_INIT
  C:000EH         LINE#         7
BL51 BANKED LINKER/LOCATER V6.22                                                      09/07/2020  10:03:38  PAGE 29


  C:000EH         LINE#         8
  C:000EH         LINE#         9
  C:0014H         LINE#         10
  C:0018H         LINE#         11
  C:001CH         LINE#         12
  C:0020H         LINE#         13
  -------         ENDPROC       KEY_INIT
  -------         PROC          KEY_DRIVER
  -------         DO            
  X:00BFH         SYMBOL        key_state
  X:00C0H         SYMBOL        key_time
  X:0001H         SYMBOL        key_press
  X:0002H         SYMBOL        key_return
  -------         ENDDO         
  C:1E99H         LINE#         16
  C:1E99H         LINE#         17
  C:1E99H         LINE#         22
  C:1E9EH         LINE#         24
  C:1EA5H         LINE#         25
  C:1EBCH         LINE#         26
  C:1EBCH         LINE#         27
  C:1EBCH         LINE#         28
  C:1EC5H         LINE#         29
  C:1EC5H         LINE#         30
  C:1ECBH         LINE#         31
  C:1ED0H         LINE#         32
  C:1ED0H         LINE#         33
  C:1ED2H         LINE#         35
  C:1ED2H         LINE#         36
  C:1ED8H         LINE#         37
  C:1ED8H         LINE#         38
  C:1EE6H         LINE#         39
  C:1EF5H         LINE#         40
  C:1EF5H         LINE#         41
  C:1EFBH         LINE#         42
  C:1EFBH         LINE#         43
  C:1EFBH         LINE#         44
  C:1EFDH         LINE#         48
  C:1EFDH         LINE#         49
  C:1F04H         LINE#         50
  C:1F04H         LINE#         51
  C:1F08H         LINE#         52
  C:1F08H         LINE#         53
  C:1F0AH         LINE#         55
  C:1F0AH         LINE#         56
  C:1F18H         LINE#         58
  C:1F27H         LINE#         59
  C:1F27H         LINE#         60
  C:1F2DH         LINE#         61
  C:1F33H         LINE#         62
  C:1F33H         LINE#         63
  C:1F3AH         LINE#         64
  C:1F3AH         LINE#         65
  C:1F3CH         LINE#         67
  C:1F3CH         LINE#         68
  C:1F43H         LINE#         69
  C:1F43H         LINE#         70
BL51 BANKED LINKER/LOCATER V6.22                                                      09/07/2020  10:03:38  PAGE 30


  C:1F43H         LINE#         71
  C:1F43H         LINE#         72
  C:1F45H         LINE#         74
  C:1F45H         LINE#         75
  C:1F4AH         LINE#         76
  C:1F4AH         LINE#         77
  C:1F4AH         LINE#         79
  C:1F4FH         LINE#         81
  -------         ENDPROC       KEY_DRIVER
  -------         PROC          CALIBRATION_KEY_DRIVER
  -------         DO            
  X:00C2H         SYMBOL        key_state
  X:00C3H         SYMBOL        key_time
  X:0001H         SYMBOL        key_press
  X:0002H         SYMBOL        key_return
  -------         ENDDO         
  C:1F50H         LINE#         82
  C:1F50H         LINE#         83
  C:1F50H         LINE#         88
  C:1F55H         LINE#         90
  C:1F5CH         LINE#         91
  C:1F73H         LINE#         92
  C:1F73H         LINE#         93
  C:1F73H         LINE#         94
  C:1F7CH         LINE#         95
  C:1F7CH         LINE#         96
  C:1F82H         LINE#         97
  C:1F87H         LINE#         98
  C:1F87H         LINE#         99
  C:1F89H         LINE#         101
  C:1F89H         LINE#         102
  C:1F8FH         LINE#         103
  C:1F8FH         LINE#         104
  C:1F9DH         LINE#         105
  C:1FACH         LINE#         106
  C:1FACH         LINE#         107
  C:1FB2H         LINE#         108
  C:1FB2H         LINE#         109
  C:1FB2H         LINE#         110
  C:1FB4H         LINE#         114
  C:1FB4H         LINE#         115
  C:1FBBH         LINE#         116
  C:1FBBH         LINE#         117
  C:1FBFH         LINE#         118
  C:1FBFH         LINE#         119
  C:1FC1H         LINE#         121
  C:1FC1H         LINE#         122
  C:1FCFH         LINE#         124
  C:1FDEH         LINE#         125
  C:1FDEH         LINE#         126
  C:1FE4H         LINE#         127
  C:1FEAH         LINE#         128
  C:1FEAH         LINE#         129
  C:1FF1H         LINE#         130
  C:1FF1H         LINE#         131
  C:1FF3H         LINE#         133
  C:1FF3H         LINE#         134
BL51 BANKED LINKER/LOCATER V6.22                                                      09/07/2020  10:03:38  PAGE 31


  C:1FFAH         LINE#         135
  C:1FFAH         LINE#         136
  C:1FFAH         LINE#         137
  C:1FFAH         LINE#         138
  C:1FFCH         LINE#         140
  C:1FFCH         LINE#         141
  C:2001H         LINE#         142
  C:2001H         LINE#         143
  C:2001H         LINE#         145
  C:2006H         LINE#         147
  -------         ENDPROC       CALIBRATION_KEY_DRIVER
  -------         PROC          KEY_SCAN
  -------         DO            
  X:00C5H         SYMBOL        key_up
  X:00C6H         SYMBOL        key_pres_time
  -------         ENDDO         
  C:236BH         LINE#         149
  C:236BH         LINE#         150
  C:236BH         LINE#         155
  C:2371H         LINE#         156
  C:2371H         LINE#         157
  C:2374H         LINE#         158
  C:2374H         LINE#         159
  C:237AH         LINE#         160
  C:237AH         LINE#         161
  C:2386H         LINE#         162
  C:2386H         LINE#         163
  C:238BH         LINE#         164
  C:238FH         LINE#         165
  C:2392H         LINE#         166
  C:2394H         LINE#         168
  C:2394H         LINE#         169
  C:2399H         LINE#         170
  C:2399H         LINE#         171
  C:239BH         LINE#         172
  C:23ADH         LINE#         173
  C:23ADH         LINE#         174
  C:23B3H         LINE#         175
  C:23B8H         LINE#         176
  C:23BBH         LINE#         177
  C:23BEH         LINE#         178
  C:23C1H         LINE#         179
  C:23C4H         LINE#         180
  C:23CAH         LINE#         181
  C:23D0H         LINE#         183
  C:23E2H         LINE#         184
  C:23E6H         LINE#         185
  C:23E8H         LINE#         186
  -------         ENDPROC       KEY_SCAN
  -------         ENDMOD        KEY

  -------         MODULE        TIMER
  C:0000H         SYMBOL        _ICE_DUMMY_
  D:0080H         PUBLIC        P0
  D:0090H         PUBLIC        P1
  D:00A0H         PUBLIC        P2
  D:00B0H         PUBLIC        P3
BL51 BANKED LINKER/LOCATER V6.22                                                      09/07/2020  10:03:38  PAGE 32


  C:24C0H         SYMBOL        set_correct_Value
  B:00A8H.7       PUBLIC        EA
  X:00A0H         PUBLIC        correct_time
  X:00A2H         PUBLIC        over_rang_time_std
  D:00A8H         PUBLIC        IE
  D:00F8H         PUBLIC        RSTFR
  C:26A1H         PUBLIC        _Heat_Operation
  C:2456H         PUBLIC        time_Print
  C:2923H         PUBLIC        _set_time_sec_val
  X:00A3H         PUBLIC        Gap_protect_std
  D:0098H         PUBLIC        SCON
  D:0089H         PUBLIC        TMOD
  D:0088H         PUBLIC        TCON
  X:00A4H         PUBLIC        time_heat
  C:2663H         PUBLIC        _Controll_Heat
  C:2564H         PUBLIC        _set_correct_time
  D:00B8H         PUBLIC        IE1
  D:00D8H         PUBLIC        IE2
  X:00A6H         PUBLIC        Heat_start_std
  X:00A7H         PUBLIC        one_heat
  B:00A8H.1       PUBLIC        ET0
  X:00A8H         PUBLIC        temp_time
  B:0088H.5       PUBLIC        TF0
  C:15A1H         PUBLIC        TIMER0_Rpt
  D:008CH         PUBLIC        TH0
  X:00AAH         PUBLIC        time_sec
  D:008AH         PUBLIC        TL0
  B:0088H.4       PUBLIC        TR0
  X:00ACH         PUBLIC        time_cnt
  X:00ADH         PUBLIC        Open_Heat_Value
  X:00AEH         PUBLIC        pwm_jishu
  X:00B0H         PUBLIC        cnt_heat_time
  X:00B2H         PUBLIC        exti_cail_cnt
  X:00B4H         PUBLIC        On_stay
  C:26DEH         SYMBOL        set_heat_val
  C:29BFH         PUBLIC        time0_init
  D:00D0H         PUBLIC        PSW
  C:22E1H         PUBLIC        set_time_sec
  -------         PROC          _CONTROLL_HEAT
  X:0006H         SYMBOL        temp_set
  X:0008H         SYMBOL        temp_now
  C:2663H         LINE#         24
  C:2671H         LINE#         25
  C:2671H         LINE#         27
  C:2677H         LINE#         28
  C:2677H         LINE#         30
  C:2679H         LINE#         31
  C:267BH         LINE#         32
  C:269BH         LINE#         33
  C:269BH         LINE#         35
  C:26A0H         LINE#         36
  C:26A0H         LINE#         37
  -------         ENDPROC       _CONTROLL_HEAT
  -------         PROC          _HEAT_OPERATION
  D:0006H         SYMBOL        temp
  C:26A1H         LINE#         42
  C:26A1H         LINE#         43
BL51 BANKED LINKER/LOCATER V6.22                                                      09/07/2020  10:03:38  PAGE 33


  C:26A1H         LINE#         44
  C:26A7H         LINE#         45
  C:26A7H         LINE#         46
  C:26B5H         LINE#         47
  C:26C2H         LINE#         48
  C:26C2H         LINE#         49
  C:26C4H         LINE#         51
  C:26C6H         LINE#         53
  C:26C6H         LINE#         54
  C:26CBH         LINE#         56
  C:26CBH         LINE#         57
  C:26D7H         LINE#         58
  C:26D7H         LINE#         59
  C:26DDH         LINE#         60
  C:26DDH         LINE#         61
  C:26DDH         LINE#         62
  -------         ENDPROC       _HEAT_OPERATION
  -------         PROC          _SET_TIME_SEC_VAL
[...]
  C:15D9H         LINE#         241
  C:15E0H         LINE#         242
  C:15E0H         LINE#         243
  C:15EEH         LINE#         244
  C:15FDH         LINE#         245
  C:15FDH         LINE#         246
BL51 BANKED LINKER/LOCATER V6.22                                                      09/07/2020  10:03:38  PAGE 36


  C:1602H         LINE#         247
  C:1608H         LINE#         248
  C:160DH         LINE#         250
  C:160DH         LINE#         252
  C:160DH         LINE#         253
  C:161CH         LINE#         254
  C:161CH         LINE#         256
  C:1628H         LINE#         257
  C:1630H         LINE#         258
  C:1630H         LINE#         260
  C:163EH         LINE#         263
  C:164DH         LINE#         264
  C:164DH         LINE#         265
  C:1653H         LINE#         266
  C:1656H         LINE#         267
  C:165CH         LINE#         268
  C:1662H         LINE#         269
  C:1662H         LINE#         270
  C:1662H         LINE#         271
  C:1664H         LINE#         273
  C:1664H         LINE#         274
  C:166AH         LINE#         275
  C:166AH         LINE#         276
  C:166FH         LINE#         277
  C:1676H         LINE#         278
  C:167CH         LINE#         279
  C:1680H         LINE#         280
  C:1684H         LINE#         281
  C:1687H         LINE#         282
  C:1690H         LINE#         283
  C:1690H         LINE#         284
  C:1690H         LINE#         286
  C:1695H         LINE#         287
  C:1695H         LINE#         288
  C:16A0H         LINE#         289
  C:16A2H         LINE#         290
  C:16A9H         LINE#         291
  C:16A9H         LINE#         292
  C:16BEH         LINE#         293
  C:16BEH         LINE#         294
  C:16C3H         LINE#         295
  C:16C9H         LINE#         296
  C:16C9H         LINE#         297
  C:16C9H         LINE#         298
  -------         ENDPROC       TIMER0_RPT
  -------         PROC          TIME_PRINT
  C:2456H         LINE#         300
  C:2456H         LINE#         301
  C:2456H         LINE#         302
  C:2480H         LINE#         303
  C:2480H         LINE#         304
  C:2480H         LINE#         305
  C:2486H         LINE#         306
  C:2486H         LINE#         307
  C:2488H         LINE#         308
  C:2488H         LINE#         309
  C:248EH         LINE#         310
BL51 BANKED LINKER/LOCATER V6.22                                                      09/07/2020  10:03:38  PAGE 37


  C:248EH         LINE#         311
  C:2490H         LINE#         312
  C:2490H         LINE#         313
  C:2496H         LINE#         314
  C:2496H         LINE#         315
  C:2498H         LINE#         316
  C:2498H         LINE#         317
  C:249EH         LINE#         318
  C:249EH         LINE#         319
  C:24A0H         LINE#         320
  C:24A0H         LINE#         321
  C:24B8H         LINE#         322
  C:24BFH         LINE#         323
  C:24BFH         LINE#         324
  C:24BFH         LINE#         325
  -------         ENDPROC       TIME_PRINT
  -------         ENDMOD        TIMER

  -------         MODULE        PWM
  C:0000H         SYMBOL        _ICE_DUMMY_
  D:0080H         PUBLIC        P0
  D:0090H         PUBLIC        P1
  D:00A0H         PUBLIC        P2
  D:00B0H         PUBLIC        P3
  C:2990H         PUBLIC        _set_pwm
  D:00A8H         PUBLIC        IE
  D:00F8H         PUBLIC        RSTFR
  D:0098H         PUBLIC        SCON
  D:0088H         PUBLIC        TCON
  X:00D0H         PUBLIC        pwm_period
  D:00B8H         PUBLIC        IE1
  D:00D8H         PUBLIC        IE2
  D:00DDH         PUBLIC        PWM3C
  C:2866H         PUBLIC        _pwm_init
  D:00DFH         PUBLIC        PWM3D
  D:00DEH         PUBLIC        PWM3P
  D:00D0H         PUBLIC        PSW
  -------         PROC          _SET_PWM
  D:0007H         SYMBOL        duty
  -------         DO            
  D:0004H         SYMBOL        tep
  -------         ENDDO         
  C:2990H         LINE#         4
  C:2990H         LINE#         5
  C:2990H         LINE#         6
  C:29A5H         LINE#         7
  C:29A7H         LINE#         8
  -------         ENDPROC       _SET_PWM
  -------         PROC          _PWM_INIT
  D:0006H         SYMBOL        hz
  C:2866H         LINE#         10
  C:2866H         LINE#         11
  C:2866H         LINE#         12
  C:286CH         LINE#         13
  C:2871H         LINE#         21
  C:2882H         LINE#         22
  C:2884H         LINE#         24
BL51 BANKED LINKER/LOCATER V6.22                                                      09/07/2020  10:03:38  PAGE 38


  C:2887H         LINE#         25
  -------         ENDPROC       _PWM_INIT
  -------         ENDMOD        PWM

  -------         MODULE        ADC
  C:0000H         SYMBOL        _ICE_DUMMY_
  D:0080H         PUBLIC        P0
  D:0090H         PUBLIC        P1
  D:00A0H         PUBLIC        P2
  D:00B0H         PUBLIC        P3
  D:00A8H         PUBLIC        IE
  D:00F8H         PUBLIC        RSTFR
  C:1823H         PUBLIC        _get_voltage
  D:00B6H         PUBLIC        ADCR
  C:29EBH         PUBLIC        get_adc_val_ch
  D:0098H         PUBLIC        SCON
  D:0088H         PUBLIC        TCON
  D:00B4H         PUBLIC        ADCC0
  D:00B5H         PUBLIC        ADCC1
  D:00B8H         PUBLIC        IE1
  C:2975H         PUBLIC        adc_init
  D:00D8H         PUBLIC        IE2
  C:29D5H         PUBLIC        get_adc_val
  D:00D0H         PUBLIC        PSW
  -------         PROC          ADC_INIT
  C:2975H         LINE#         5
  C:2975H         LINE#         6
  C:2975H         LINE#         7
  C:297BH         LINE#         8
  C:297FH         LINE#         9
  C:2982H         LINE#         17
  C:2989H         LINE#         20
  C:298FH         LINE#         21
  -------         ENDPROC       ADC_INIT
  -------         PROC          GET_ADC_VAL
  -------         DO            
  D:0006H         SYMBOL        adc_val
  -------         ENDDO         
  C:29D5H         LINE#         23
  C:29D5H         LINE#         24
  C:29D5H         LINE#         25
  C:29D8H         LINE#         26
  C:29DBH         LINE#         28
  C:29DEH         LINE#         29
  C:29E3H         LINE#         30
  C:29E6H         LINE#         31
  C:29EAH         LINE#         35
  C:29EAH         LINE#         36
  -------         ENDPROC       GET_ADC_VAL
  -------         PROC          GET_ADC_VAL_CH
  -------         DO            
  D:0006H         SYMBOL        adc_val_ch
  -------         ENDDO         
  C:29EBH         LINE#         38
  C:29EBH         LINE#         39
  C:29EBH         LINE#         40
  C:29EEH         LINE#         41
BL51 BANKED LINKER/LOCATER V6.22                                                      09/07/2020  10:03:38  PAGE 39


  C:29F1H         LINE#         43
  C:29F4H         LINE#         44
  C:29F9H         LINE#         45
  C:29FCH         LINE#         46
  C:2A00H         LINE#         49
  C:2A00H         LINE#         50
  -------         ENDPROC       GET_ADC_VAL_CH
  -------         PROC          _GET_VOLTAGE
  X:0006H         SYMBOL        u1_voltage
  X:0009H         SYMBOL        u3_voltage
  -------         DO            
  X:000CH         SYMBOL        temp
  X:0010H         SYMBOL        i
  -------         ENDDO         
  C:1823H         LINE#         54
  C:182EH         LINE#         55
  C:182EH         LINE#         56
  C:1838H         LINE#         57
  C:183DH         LINE#         58
  C:183EH         LINE#         59
  C:183EH         LINE#         60
  C:1864H         LINE#         61
  C:1870H         LINE#         62
  C:188DH         LINE#         63
  C:18BFH         LINE#         64
  C:18C9H         LINE#         65
  C:18CEH         LINE#         66
  C:18CEH         LINE#         67
  C:18F4H         LINE#         68
  C:1900H         LINE#         69
  C:191DH         LINE#         70
  -------         ENDPROC       _GET_VOLTAGE
  -------         ENDMOD        ADC

  -------         MODULE        WDT
  C:0000H         SYMBOL        _ICE_DUMMY_
  D:0080H         PUBLIC        P0
  D:0090H         PUBLIC        P1
  D:00A0H         PUBLIC        P2
  D:00B0H         PUBLIC        P3
  D:00A8H         PUBLIC        IE
  D:00F8H         PUBLIC        RSTFR
  D:00BDH         PUBLIC        WDTC
  D:0098H         PUBLIC        SCON
  D:0088H         PUBLIC        TCON
  C:2A77H         PUBLIC        clear_wdt
  D:00B8H         PUBLIC        IE1
  D:00D8H         PUBLIC        IE2
  C:2A2DH         PUBLIC        _wdt_init
  D:00D0H         PUBLIC        PSW
  -------         PROC          _WDT_INIT
  D:0007H         SYMBOL        time
  C:2A2DH         LINE#         4
  C:2A2DH         LINE#         5
  C:2A2DH         LINE#         6
  C:2A30H         LINE#         12
  C:2A39H         LINE#         14
BL51 BANKED LINKER/LOCATER V6.22                                                      09/07/2020  10:03:38  PAGE 40


  -------         ENDPROC       _WDT_INIT
  -------         PROC          CLEAR_WDT
  C:2A77H         LINE#         16
  C:2A77H         LINE#         17
  C:2A77H         LINE#         18
  C:2A7AH         LINE#         19
  -------         ENDPROC       CLEAR_WDT
  -------         ENDMOD        WDT

  -------         MODULE        PID
  C:0000H         SYMBOL        _ICE_DUMMY_
  D:0080H         PUBLIC        P0
  D:0090H         PUBLIC        P1
  D:00A0H         PUBLIC        P2
  D:00B0H         PUBLIC        P3
  D:00A8H         PUBLIC        IE
  D:00F8H         PUBLIC        RSTFR
  X:0087H         PUBLIC        spid
  D:0098H         PUBLIC        SCON
  D:0088H         PUBLIC        TCON
  D:00B8H         PUBLIC        IE1
  D:00D8H         PUBLIC        IE2
  C:2A46H         SYMBOL        _?ix1000
  C:28A8H         PUBLIC        PID_Init
  X:009FH         PUBLIC        PID_RunFlag
  C:0E13H         PUBLIC        PID_Operation
  D:00D0H         PUBLIC        PSW
  -------         PROC          PID_INIT
  C:28A8H         LINE#         14
  C:28A8H         LINE#         15
  C:28A8H         LINE#         16
  C:28AFH         LINE#         17
  C:28B5H         LINE#         18
  C:28B9H         LINE#         20
  C:28BEH         LINE#         21
  C:28C2H         LINE#         22
  C:28C7H         LINE#         23
  -------         ENDPROC       PID_INIT
  -------         PROC          PID_OPERATION
  -------         DO            
  X:0006H         SYMBOL        temp
  X:0012H         SYMBOL        PostSum
  X:0016H         SYMBOL        NegSum
  -------         ENDDO         
  C:0E13H         LINE#         33
  C:0E13H         LINE#         34
  C:0E13H         LINE#         35
  C:0E26H         LINE#         36
  C:0E30H         LINE#         37
  C:0E3AH         LINE#         38
  C:0E53H         LINE#         39
  C:0E53H         LINE#         40
  C:0E62H         LINE#         41
  C:0E62H         LINE#         42
  C:0E62H         LINE#         43
  C:0E65H         LINE#         45
  C:0E65H         LINE#         46
BL51 BANKED LINKER/LOCATER V6.22                                                      09/07/2020  10:03:38  PAGE 41


  C:0E6EH         LINE#         47
  C:0E73H         LINE#         49
  C:0E85H         LINE#         50
  C:0E97H         LINE#         51
  C:0EABH         LINE#         53
  C:0ECDH         LINE#         54
  C:0ECDH         LINE#         55
  C:0EF9H         LINE#         56
  C:0EFEH         LINE#         57
  C:0F00H         LINE#         59
  C:0F00H         LINE#         60
  C:0F2BH         LINE#         61
  C:0F31H         LINE#         62
  C:0F31H         LINE#         64
  C:0F4EH         LINE#         65
  C:0F88H         LINE#         66
  C:0F88H         LINE#         67
  C:0FCCH         LINE#         68
  C:0FD1H         LINE#         69
  C:0FD3H         LINE#         71
  C:0FD3H         LINE#         72
  C:102AH         LINE#         73
  C:1030H         LINE#         74
  C:1030H         LINE#         76
  C:1050H         LINE#         77
  C:1070H         LINE#         78
  C:1090H         LINE#         81
  C:1096H         LINE#         82
  C:1096H         LINE#         83
  C:10C1H         LINE#         84
  C:10C3H         LINE#         86
  C:10C3H         LINE#         87
  C:10F1H         LINE#         88
  C:10F1H         LINE#         90
  C:10F7H         LINE#         91
  C:10F7H         LINE#         92
  C:1125H         LINE#         93
  C:1125H         LINE#         96
  C:112BH         LINE#         97
  C:112BH         LINE#         98
  C:1154H         LINE#         99
  C:1156H         LINE#         101
  C:1156H         LINE#         102
  C:1184H         LINE#         103
  C:1184H         LINE#         105
  C:11AFH         LINE#         106
  C:11D1H         LINE#         107
  C:11D1H         LINE#         108
  C:11FDH         LINE#         109
  C:1217H         LINE#         110
  C:1217H         LINE#         111
  C:1228H         LINE#         112
  C:1229H         LINE#         114
  C:1229H         LINE#         115
  C:1232H         LINE#         116
  C:1232H         LINE#         117
  C:1233H         LINE#         126
BL51 BANKED LINKER/LOCATER V6.22                                                      09/07/2020  10:03:38  PAGE 42


  C:1233H         LINE#         127
  C:123AH         LINE#         128
  C:123AH         LINE#         129
  -------         ENDPROC       PID_OPERATION
  -------         ENDMOD        PID

  -------         MODULE        ?C?FPADD
  C:002DH         PUBLIC        ?C?FPADD
  C:0029H         PUBLIC        ?C?FPSUB
  -------         ENDMOD        ?C?FPADD

  -------         MODULE        ?C?FPMUL
  C:011EH         PUBLIC        ?C?FPMUL
  -------         ENDMOD        ?C?FPMUL

  -------         MODULE        ?C?FPDIV
  C:0227H         PUBLIC        ?C?FPDIV
  -------         ENDMOD        ?C?FPDIV

  -------         MODULE        ?C?FPCMP
  C:02C6H         PUBLIC        ?C?FPCMP
  C:02C4H         PUBLIC        ?C?FPCMP3
  -------         ENDMOD        ?C?FPCMP

  -------         MODULE        ?C?FCAST
  C:0347H         PUBLIC        ?C?FCASTC
  C:0342H         PUBLIC        ?C?FCASTI
  C:033DH         PUBLIC        ?C?FCASTL
  -------         ENDMOD        ?C?FCAST

  -------         MODULE        PRINTF
  X:0036H         PUBLIC        ?_PRINTF?BYTE
  X:0036H         PUBLIC        ?_SPRINTF?BYTE
  C:09FBH         PUBLIC        _PRINTF
  C:09F5H         PUBLIC        _SPRINTF
  -------         ENDMOD        PRINTF

  -------         MODULE        ?C?FPROUND
  C:03C5H         PUBLIC        ?C?FPROUND
  -------         ENDMOD        ?C?FPROUND

  -------         MODULE        ?C?FPCONVERT
  C:0402H         PUBLIC        ?C?FPCONVERT
  -------         ENDMOD        ?C?FPCONVERT

  -------         MODULE        ?C?FTNPWR
  C:0537H         PUBLIC        ?C?FTNPWR
  -------         ENDMOD        ?C?FTNPWR

  -------         MODULE        ?C?COPY
  C:0647H         PUBLIC        ?C?COPY
  -------         ENDMOD        ?C?COPY

  -------         MODULE        ?C?CLDPTR
  C:066DH         PUBLIC        ?C?CLDPTR
  -------         ENDMOD        ?C?CLDPTR

BL51 BANKED LINKER/LOCATER V6.22                                                      09/07/2020  10:03:38  PAGE 43


  -------         MODULE        ?C?CLDOPTR
  C:0686H         PUBLIC        ?C?CLDOPTR
  -------         ENDMOD        ?C?CLDOPTR

  -------         MODULE        ?C?CSTPTR
  C:06B3H         PUBLIC        ?C?CSTPTR
  -------         ENDMOD        ?C?CSTPTR

  -------         MODULE        ?C?IMUL
  C:06C5H         PUBLIC        ?C?IMUL
  -------         ENDMOD        ?C?IMUL

  -------         MODULE        ?C?UIDIV
  C:06D7H         PUBLIC        ?C?UIDIV
  -------         ENDMOD        ?C?UIDIV

  -------         MODULE        ?C?IILDX
  C:072CH         PUBLIC        ?C?IILDX
  -------         ENDMOD        ?C?IILDX

  -------         MODULE        ?C?ILDIX
  C:0742H         PUBLIC        ?C?ILDIX
  -------         ENDMOD        ?C?ILDIX

  -------         MODULE        ?C?ISTPTR
  C:0758H         PUBLIC        ?C?ISTPTR
  -------         ENDMOD        ?C?ISTPTR

  -------         MODULE        ?C?LMUL
  C:0777H         PUBLIC        ?C?LMUL
  -------         ENDMOD        ?C?LMUL

  -------         MODULE        ?C?ULDIV
  C:0802H         PUBLIC        ?C?ULDIV
  -------         ENDMOD        ?C?ULDIV

  -------         MODULE        ?C?LNEG
  C:0894H         PUBLIC        ?C?LNEG
  -------         ENDMOD        ?C?LNEG

  -------         MODULE        ?C?ULCMP
  C:08A2H         PUBLIC        ?C?ULCMP
  -------         ENDMOD        ?C?ULCMP

  -------         MODULE        ?C?LSTXDATA
  C:08B3H         PUBLIC        ?C?LSTXDATA
  -------         ENDMOD        ?C?LSTXDATA

  -------         MODULE        ?C?LSTKXDATA
  C:08BFH         PUBLIC        ?C?LSTKXDATA
  -------         ENDMOD        ?C?LSTKXDATA

  -------         MODULE        ?C?PLDIXDATA
  C:08F0H         PUBLIC        ?C?PLDIXDATA
  -------         ENDMOD        ?C?PLDIXDATA

  -------         MODULE        ?C?PSTXDATA
BL51 BANKED LINKER/LOCATER V6.22                                                      09/07/2020  10:03:38  PAGE 44


  C:0907H         PUBLIC        ?C?PSTXDATA
  -------         ENDMOD        ?C?PSTXDATA

  -------         MODULE        ?C?CCASE
  C:0910H         PUBLIC        ?C?CCASE
  -------         ENDMOD        ?C?CCASE

  -------         MODULE        ?C?ICASE
  C:0936H         PUBLIC        ?C?ICASE
  -------         ENDMOD        ?C?ICASE

  -------         MODULE        ?C?LIMUL
  C:0963H         PUBLIC        ?C?LIMUL
  -------         ENDMOD        ?C?LIMUL

*** WARNING L16: UNCALLED SEGMENT, IGNORED FOR OVERLAY PROCESS
    SEGMENT: ?PR?PROTECT?MAIN

*** WARNING L16: UNCALLED SEGMENT, IGNORED FOR OVERLAY PROCESS
    SEGMENT: ?PR?RELEASE_HT1621B_PIN?HT1621B

*** WARNING L16: UNCALLED SEGMENT, IGNORED FOR OVERLAY PROCESS
    SEGMENT: ?PR?LCD_HT1621B_ON?LCD_DISPLAY

*** WARNING L16: UNCALLED SEGMENT, IGNORED FOR OVERLAY PROCESS
    SEGMENT: ?PR?LCD_HT1621B_OFF?LCD_DISPLAY

*** WARNING L16: UNCALLED SEGMENT, IGNORED FOR OVERLAY PROCESS
    SEGMENT: ?PR?LCD_TURN_OFF_TIME?LCD_DISPLAY

*** WARNING L16: UNCALLED SEGMENT, IGNORED FOR OVERLAY PROCESS
    SEGMENT: ?PR?_SET_TIME_SEC_VAL?TIMER

*** WARNING L16: UNCALLED SEGMENT, IGNORED FOR OVERLAY PROCESS
    SEGMENT: ?PR?TIME_PRINT?TIMER

*** WARNING L15: MULTIPLE CALL TO SEGMENT
    SEGMENT: ?PR?PRINTF?PRINTF
    CALLER1: ?C_C51STARTUP
    CALLER2: ?PR?TIMER0_RPT?TIMER

*** WARNING L15: MULTIPLE CALL TO SEGMENT
    SEGMENT: ?PR?HT1621_ALL_CLEAR?LCD_DISPLAY
    CALLER1: ?C_C51STARTUP
    CALLER2: ?PR?TIMER0_RPT?TIMER

*** WARNING L15: MULTIPLE CALL TO SEGMENT
    SEGMENT: ?PR?_HT1621_WRITE_BYTE?HT1621B
    CALLER1: ?C_C51STARTUP
    CALLER2: ?PR?TIMER0_RPT?TIMER

*** WARNING L15: MULTIPLE CALL TO SEGMENT
    SEGMENT: ?PR?_HT1621_SENDBIT_HIGHT?HT1621B
    CALLER1: ?C_C51STARTUP
    CALLER2: ?PR?TIMER0_RPT?TIMER

*** WARNING L15: MULTIPLE CALL TO SEGMENT
BL51 BANKED LINKER/LOCATER V6.22                                                      09/07/2020  10:03:38  PAGE 45


    SEGMENT: ?PR?_HT1621_SENDBIT_LOW?HT1621B
    CALLER1: ?C_C51STARTUP
    CALLER2: ?PR?TIMER0_RPT?TIMER

Program Size: data=21.2 xdata=270 code=10879
LINK/LOCATE RUN COMPLETE.  12 WARNING(S),  0 ERROR(S)
